06-12 17:20:40.584  5340  5340 I gle.android.tt:   at void com.android.internal.os.ZygoteInit.main(java.lang.String[]) (ZygoteInit.java:870)
06-12 17:20:40.584  5340  5340 I gle.android.tt: Caused by: java.lang.ClassNotFoundException: Didn't find class "com.google.android.wearable.compat.WearableActivityController$AmbientCallback" on path: DexPathList[[zip file "/data/app/com.google.android.tts-1duj0fqU8ZNelECt_dgJRQ==/base.apk"],nativeLibraryDirectories=[/data/app/com.google.android.tts-1duj0fqU8ZNelECt_dgJRQ==/lib/arm, /data/app/com.google.android.tts-1duj0fqU8ZNelECt_dgJRQ==/base.apk!/lib/armeabi-v7a, /system/lib, /vendor/lib]]
06-12 17:20:40.584  5340  5340 I gle.android.tt:   at java.lang.Class dalvik.system.BaseDexClassLoader.findClass(java.lang.String) (BaseDexClassLoader.java:134)
06-12 17:20:40.584  5340  5340 I gle.android.tt:   at java.lang.Class java.lang.ClassLoader.loadClass(java.lang.String, boolean) (ClassLoader.java:379)
06-12 17:20:40.584  5340  5340 I gle.android.tt:   at java.lang.Class java.lang.ClassLoader.loadClass(java.lang.String) (ClassLoader.java:312)
06-12 17:20:40.584  5340  5340 I gle.android.tt:   at void gbu.d(java.lang.Runnable, java.util.concurrent.Executor) (PG:3)
06-12 17:20:40.584  5340  5340 I gle.android.tt:   at void chm.<init>(gbt, gbv) (PG:3)
06-12 17:20:40.584  5340  5340 I gle.android.tt:   at gbv cho.b(java.lang.Runnable, long, java.util.concurrent.TimeUnit) (PG:4)
06-12 17:20:40.584  5340  5340 I gle.android.tt:   at gbv cia.b(java.lang.Runnable, long, java.util.concurrent.TimeUnit) (PG:1)
06-12 17:20:40.584  5340  5340 I gle.android.tt:   at void eyy.b(boolean) (PG:7)
06-12 17:20:40.584  5340  5340 I gle.android.tt:   at void eyy.aa() (PG:4)
06-12 17:20:40.584  5340  5340 I gle.android.tt:   at void dmw.c(java.util.Map) (PG:3)
06-12 17:20:40.584  5340  5340 I gle.android.tt:   at void dog.a() (PG:6)
06-12 17:20:40.584  5340  5340 I gle.android.tt:   at void dnz.a() (PG:5)
06-12 17:20:40.584  5340  5340 I gle.android.tt:   at void ezf.onCreate() (PG:22)
06-12 17:20:40.584  5340  5340 I gle.android.tt:   at void bts.onCreate() (PG:1)
06-12 17:20:40.584  5340  5340 I gle.android.tt:   at void bqg.onCreate() (PG:4)
06-12 17:20:40.584  5340  5340 I gle.android.tt:   at void com.google.android.apps.speech.tts.googletts.GoogleTTSRoot_Application.onCreate() (PG:12)
06-12 17:20:40.584  5340  5340 I gle.android.tt:   at void android.app.Instrumentation.callApplicationOnCreate(android.app.Application) (Instrumentation.java:1176)
06-12 17:20:40.584  5340  5340 I gle.android.tt:   at void android.app.ActivityThread.handleBindApplication(android.app.ActivityThread$AppBindData) (ActivityThread.java:6118)
06-12 17:20:40.584  5340  5340 I gle.android.tt:   at void android.app.ActivityThread.access$1200(android.app.ActivityThread, android.app.ActivityThread$AppBindData) (ActivityThread.java:213)
06-12 17:20:40.584  5340  5340 I gle.android.tt:   at void android.app.ActivityThread$H.handleMessage(android.os.Message) (ActivityThread.java:1807)
06-12 17:20:40.584  5340  5340 I gle.android.tt:   at void android.os.Handler.dispatchMessage(android.os.Message) (Handler.java:106)
06-12 17:20:40.584  5340  5340 I gle.android.tt:   at void android.os.Looper.loop() (Looper.java:193)
06-12 17:20:40.584  5340  5340 I gle.android.tt:   at void android.app.ActivityThread.main(java.lang.String[]) (ActivityThread.java:6923)
06-12 17:20:40.584  5340  5340 I gle.android.tt:   at java.lang.Object java.lang.reflect.Method.invoke(java.lang.Object, java.lang.Object[]) (Method.java:-2)
06-12 17:20:40.584  5340  5340 I gle.android.tt:   at void com.android.internal.os.RuntimeInit$MethodAndArgsCaller.run() (RuntimeInit.java:493)
06-12 17:20:40.584  5340  5340 I gle.android.tt:   at void com.android.internal.os.ZygoteInit.main(java.lang.String[]) (ZygoteInit.java:870)
06-12 17:20:40.584  5340  5340 I gle.android.tt: 
06-12 17:20:40.585  5340  5340 I gle.android.tt: Rejecting re-init on previously-failed class java.lang.Class<androidx.wear.ambient.WearableControllerProvider$1>: java.lang.NoClassDefFoundError: Failed resolution of: Lcom/google/android/wearable/compat/WearableActivityController$AmbientCallback;
06-12 17:20:40.585  5340  5340 I gle.android.tt:   at void gbu.d(java.lang.Runnable, java.util.concurrent.Executor) (PG:3)
06-12 17:20:40.585  5340  5340 I gle.android.tt:   at void chm.<init>(gbt, gbv) (PG:3)
06-12 17:20:40.585  5340  5340 I gle.android.tt:   at gbv cho.b(java.lang.Runnable, long, java.util.concurrent.TimeUnit) (PG:4)
06-12 17:20:40.585  5340  5340 I gle.android.tt:   at gbv cia.b(java.lang.Runnable, long, java.util.concurrent.TimeUnit) (PG:1)
06-12 17:20:40.585  5340  5340 I gle.android.tt:   at void eyy.b(boolean) (PG:7)
06-12 17:20:40.585  5340  5340 I gle.android.tt:   at void eyy.aa() (PG:4)
06-12 17:20:40.585  5340  5340 I gle.android.tt:   at void dmw.c(java.util.Map) (PG:3)
06-12 17:20:40.585  5340  5340 I gle.android.tt:   at void dog.a() (PG:6)
06-12 17:20:40.585  5340  5340 I gle.android.tt:   at void dnz.a() (PG:5)
06-12 17:20:40.585  5340  5340 I gle.android.tt:   at void ezf.onCreate() (PG:22)
06-12 17:20:40.585  5340  5340 I gle.android.tt:   at void bts.onCreate() (PG:1)
06-12 17:20:40.585  5340  5340 I gle.android.tt:   at void bqg.onCreate() (PG:4)
06-12 17:20:40.585  5340  5340 I gle.android.tt:   at void com.google.android.apps.speech.tts.googletts.GoogleTTSRoot_Application.onCreate() (PG:12)
06-12 17:20:40.585  5340  5340 I gle.android.tt:   at void android.app.Instrumentation.callApplicationOnCreate(android.app.Application) (Instrumentation.java:1176)
06-12 17:20:40.585  5340  5340 I gle.android.tt:   at void android.app.ActivityThread.handleBindApplication(android.app.ActivityThread$AppBindData) (ActivityThread.java:6118)
06-12 17:20:40.585  5340  5340 I gle.android.tt:   at void android.app.ActivityThread.access$1200(android.app.ActivityThread, android.app.ActivityThread$AppBindData) (ActivityThread.java:213)
06-12 17:20:40.585  5340  5340 I gle.android.tt:   at void android.app.ActivityThread$H.handleMessage(android.os.Message) (ActivityThread.java:1807)
06-12 17:20:40.585  5340  5340 I gle.android.tt:   at void android.os.Handler.dispatchMessage(android.os.Message) (Handler.java:106)
06-12 17:20:40.585  5340  5340 I gle.android.tt:   at void android.os.Looper.loop() (Looper.java:193)
06-12 17:20:40.585  5340  5340 I gle.android.tt:   at void android.app.ActivityThread.main(java.lang.String[]) (ActivityThread.java:6923)
06-12 17:20:40.585  5340  5340 I gle.android.tt:   at java.lang.Object java.lang.reflect.Method.invoke(java.lang.Object, java.lang.Object[]) (Method.java:-2)
06-12 17:20:40.585  5340  5340 I gle.android.tt:   at void com.android.internal.os.RuntimeInit$MethodAndArgsCaller.run() (RuntimeInit.java:493)
06-12 17:20:40.585  5340  5340 I gle.android.tt:   at void com.android.internal.os.ZygoteInit.main(java.lang.String[]) (ZygoteInit.java:870)
06-12 17:20:40.585  5340  5340 I gle.android.tt: Caused by: java.lang.ClassNotFoundException: Didn't find class "com.google.android.wearable.compat.WearableActivityController$AmbientCallback" on path: DexPathList[[zip file "/data/app/com.google.android.tts-1duj0fqU8ZNelECt_dgJRQ==/base.apk"],nativeLibraryDirectories=[/data/app/com.google.android.tts-1duj0fqU8ZNelECt_dgJRQ==/lib/arm, /data/app/com.google.android.tts-1duj0fqU8ZNelECt_dgJRQ==/base.apk!/lib/armeabi-v7a, /system/lib, /vendor/lib]]
06-12 17:20:40.585  5340  5340 I gle.android.tt:   at java.lang.Class dalvik.system.BaseDexClassLoader.findClass(java.lang.String) (BaseDexClassLoader.java:134)
06-12 17:20:40.585  5340  5340 I gle.android.tt:   at java.lang.Class java.lang.ClassLoader.loadClass(java.lang.String, boolean) (ClassLoader.java:379)
06-12 17:20:40.585  5340  5340 I gle.android.tt:   at java.lang.Class java.lang.ClassLoader.loadClass(java.lang.String) (ClassLoader.java:312)
06-12 17:20:40.585  5340  5340 I gle.android.tt:   at void gbu.d(java.lang.Runnable, java.util.concurrent.Executor) (PG:3)
06-12 17:20:40.585  5340  5340 I gle.android.tt:   at void chm.<init>(gbt, gbv) (PG:3)
06-12 17:20:40.585  5340  5340 I gle.android.tt:   at gbv cho.b(java.lang.Runnable, long, java.util.concurrent.TimeUnit) (PG:4)
06-12 17:20:40.585  5340  5340 I gle.android.tt:   at gbv cia.b(java.lang.Runnable, long, java.util.concurrent.TimeUnit) (PG:1)
06-12 17:20:40.585  5340  5340 I gle.android.tt:   at void eyy.b(boolean) (PG:7)
06-12 17:20:40.585  5340  5340 I gle.android.tt:   at void eyy.aa() (PG:4)
06-12 17:20:40.585  5340  5340 I gle.android.tt:   at void dmw.c(java.util.Map) (PG:3)
06-12 17:20:40.585  5340  5340 I gle.android.tt:   at void dog.a() (PG:6)
06-12 17:20:40.586  5340  5340 I gle.android.tt:   at void dnz.a() (PG:5)
06-12 17:20:40.586  5340  5340 I gle.android.tt:   at void ezf.onCreate() (PG:22)
06-12 17:20:40.586  5340  5340 I gle.android.tt:   at void bts.onCreate() (PG:1)
06-12 17:20:40.586  5340  5340 I gle.android.tt:   at void bqg.onCreate() (PG:4)
06-12 17:20:40.586  5340  5340 I gle.android.tt:   at void com.google.android.apps.speech.tts.googletts.GoogleTTSRoot_Application.onCreate() (PG:12)
06-12 17:20:40.586  5340  5340 I gle.android.tt:   at void android.app.Instrumentation.callApplicationOnCreate(android.app.Application) (Instrumentation.java:1176)
06-12 17:20:40.586  5340  5340 I gle.android.tt:   at void android.app.ActivityThread.handleBindApplication(android.app.ActivityThread$AppBindData) (ActivityThread.java:6118)
06-12 17:20:40.586  5340  5340 I gle.android.tt:   at void android.app.ActivityThread.access$1200(android.app.ActivityThread, android.app.ActivityThread$AppBindData) (ActivityThread.java:213)
06-12 17:20:40.586  5340  5340 I gle.android.tt:   at void android.app.ActivityThread$H.handleMessage(android.os.Message) (ActivityThread.java:1807)
06-12 17:20:40.586  5340  5340 I gle.android.tt:   at void android.os.Handler.dispatchMessage(android.os.Message) (Handler.java:106)
06-12 17:20:40.586  5340  5340 I gle.android.tt:   at void android.os.Looper.loop() (Looper.java:193)
06-12 17:20:40.586  5340  5340 I gle.android.tt:   at void android.app.ActivityThread.main(java.lang.String[]) (ActivityThread.java:6923)
06-12 17:20:40.586  5340  5340 I gle.android.tt:   at java.lang.Object java.lang.reflect.Method.invoke(java.lang.Object, java.lang.Object[]) (Method.java:-2)
06-12 17:20:40.586  5340  5340 I gle.android.tt:   at void com.android.internal.os.RuntimeInit$MethodAndArgsCaller.run() (RuntimeInit.java:493)
06-12 17:20:40.586  5340  5340 I gle.android.tt:   at void com.android.internal.os.ZygoteInit.main(java.lang.String[]) (ZygoteInit.java:870)
06-12 17:20:40.586  5340  5340 I gle.android.tt: 
06-12 17:20:40.588   964   964 I Zygote  : Process 2603 exited due to signal (9)
06-12 17:20:40.593  1885  2144 W ActivityManager: setHasOverlayUi called on unknown pid: 2603
06-12 17:20:40.609  5340  5340 I eka     : SslGuard completed installation.
06-12 17:20:40.617  5340  5340 I GoogleTTSApplication: Beginning load of tts_android...
06-12 17:20:40.667  1061  1101 E ANDR-PERF-MPCTL: Invalid profile no. 0, total profiles 0 only
06-12 17:20:40.693  2412  2412 I KeyguardSecurityView: Strong auth required, reason: 1
06-12 17:20:40.755  4967  4982 I ndroid.contact: Waiting for a blocking GC ProfileSaver
06-12 17:20:40.770  5340  5340 I GoogleTTSApplication: tts_android (null) was loaded normally!
06-12 17:20:40.778  5340  5373 W gle.android.tt: Accessing hidden field Ljava/util/Collections$SynchronizedCollection;->mutex:Ljava/lang/Object; (dark greylist, reflection)
06-12 17:20:40.779  5340  5373 W gle.android.tt: Accessing hidden method Ljava/util/Collections$SynchronizedSet;-><init>(Ljava/util/Set;Ljava/lang/Object;)V (dark greylist, reflection)
06-12 17:20:40.780  5340  5373 W gle.android.tt: Accessing hidden method Ljava/util/Collections$SynchronizedCollection;-><init>(Ljava/util/Collection;Ljava/lang/Object;)V (dark greylist, reflection)
06-12 17:20:40.780  5340  5340 I Analytics: Running on TYPE_PHONE
06-12 17:20:40.840  2412  2412 D StatusBar: disable<e i a s b H R c s > disable2<q i n >
06-12 17:20:40.840  2412  2412 D StatusBar: disable<e i a s b H R c s > disable2<q i n >
06-12 17:20:40.851  1885  3003 W ActivityManager: Background start not allowed: service Intent { cmp=com.motorola.faceunlock/.service.CameraFaceUnlockService } to com.motorola.faceunlock/.service.CameraFaceUnlockService from pid=2412 uid=10046 pkg=com.android.systemui startFg?=false
06-12 17:20:40.852  2412  2412 D KeyguardUpdateMonitor: FaceUnlockService can not be started
06-12 17:20:40.852  2412  2412 D StatusBar: disable<e i a s b H R c s > disable2<q i n >
06-12 17:20:40.864  3057  3057 D DolbyDaxUI: onStopListening: 
06-12 17:20:40.865  5340  5340 I VoiceDataDownloader: fetchVoiceInternal en-us
06-12 17:20:40.866  5340  5377 I VoiceDataDownloader: Not already initialized. Initializing Superpacks.
06-12 17:20:40.874  5340  5377 D NetworkSecurityConfig: No Network Security Config specified, using platform default
06-12 17:20:40.879  1885  2090 I chatty  : uid=1000(system) HeapTaskDaemon expire 1 line
06-12 17:20:40.886  4967  4982 I ndroid.contact: Waiting for a blocking GC ProfileSaver
06-12 17:20:40.891  4967  4982 I ndroid.contact: WaitForGcToComplete blocked ProfileSaver on HeapTrim for 135.679ms
06-12 17:20:40.901  5340  5377 I VoiceDataDownloader: Superpack object built.
06-12 17:20:40.902  5340  5377 I VoiceDataDownloader: Superpack slicing strategy registered
06-12 17:20:40.904  5340  5377 I VoiceDataDownloader: Superpack quota set for all voices.
06-12 17:20:40.908  5340  5377 I VoiceDataDownloader: Got bundled voice en-us-x-multi-r46
06-12 17:20:40.929  4967  4978 I ndroid.contact: WaitForGcToComplete blocked HeapTrim on ProfileSaver for 38.000ms
06-12 17:20:40.938  5340  5384 I SP      : Registering ttsvoices.1480, url: null, constraints: *:*:*:*, flags: *, requested: 1480, current: 1480
06-12 17:20:40.952  5340  5377 I VoiceDataDownloader: Superpacks created and default voices checked.
06-12 17:20:40.953  5340  5377 I VoiceDataDownloader: Download of en-us started.
06-12 17:20:40.954  5340  5377 I VoiceDataDownloader: Registered slicing strategy for en-us
06-12 17:20:40.954  5340  5377 I VoiceDataDownloader: Getting pack name en-us-x-multi-r46
06-12 17:20:40.954  5340  5377 I VoiceDataDownloader: Adding pack en-us-x-multi-r46 to superpack.
06-12 17:20:40.955  5340  5377 I VoiceDataDownloader: Getting pack name en-us-x-multi-seanet-r46
06-12 17:20:40.958  5340  5377 I VoiceDataDownloader: Adding pack en-us-x-multi-seanet-r46 to superpack.
06-12 17:20:40.958  5340  5377 I VoiceDataDownloader: Getting pack name en-us-x-afh-r46
06-12 17:20:40.958  5340  5377 I VoiceDataDownloader: Adding pack en-us-x-afh-r46 to superpack.
06-12 17:20:40.958  5340  5377 I VoiceDataDownloader: Getting pack name en-us-x-fis-r46
06-12 17:20:40.958  5340  5377 I VoiceDataDownloader: Adding pack en-us-x-fis-r46 to superpack.
06-12 17:20:40.959  5340  5377 I VoiceDataDownloader: Getting pack name en-us-x-multi-wavernn-r46
06-12 17:20:40.959  5340  5377 I VoiceDataDownloader: Adding pack en-us-x-multi-wavernn-r46 to superpack.
06-12 17:20:40.959  5340  5377 I VoiceDataDownloader: Getting pack name en-us-x-multi-darwinn-wavernn-r46
06-12 17:20:40.959  5340  5377 I VoiceDataDownloader: Adding pack en-us-x-multi-darwinn-wavernn-r46 to superpack.
06-12 17:20:40.959  5340  5377 I VoiceDataDownloader: Syncing superpack en-us
06-12 17:20:40.961  5340  5384 I SP      : Registering en-us.46, url: null, constraints: *:*:*:*, flags: *, requested: 46, current: 46
06-12 17:20:40.972  5340  5384 I SP      : Syncing en-us (46) with slices: [{en-us-x-multi-r46, m:*:*:*}, {en-us-x-multi-seanet-r46, m:*:*:*}], metadata: false
06-12 17:20:41.012  1885  3243 I ActivityManager: Killing 4662:com.android.traceur/u0a145 (adj 906): empty #17
06-12 17:20:41.012  2403  2403 I GoogleInputMethodService: GoogleInputMethodService.updateDeviceLockedStatus():2100 checkRepeatedly = true, unlocked = false
06-12 17:20:41.028   964   964 I Zygote  : Process 4662 exited due to signal (9)
06-12 17:20:41.031  5340  5384 I SP      : Sync for en-us succeeded in 68 ms: no changes
06-12 17:20:41.031  5340  5384 I SP      : GC for 'en-us' (10) with ttl of 0 ms took 0 ms (0/0/0)
06-12 17:20:41.032  5340  5377 I VoiceDataDownloader: Superpack download completed.
06-12 17:20:41.032  5340  5377 I VoiceDataDownloader: Download default Success true
06-12 17:20:41.093  1885  2123 I ActivityManager: Waited long enough for: ServiceRecord{d8865a3 u0 com.android.cellbroadcastreceiver/.areacode.CBLocUpdateService}
06-12 17:20:41.119  3533  3533 E b.a.a.n1.f.b: check feature enabled
06-12 17:20:41.120  3533  3533 I chatty  : uid=10056(com.motorola.actions) identical 1 line
06-12 17:20:41.121  3533  3533 E b.a.a.n1.f.b: check feature enabled
06-12 17:20:41.172  1885  2125 I ActivityManager: Start proc 5404:com.motorola.android.provisioning/u0a52 for broadcast com.motorola.android.provisioning/.MsgReceiver
06-12 17:20:41.177  1892  1893 D LSPosed : zygisk_main.cpp:362#void lspd::CompanionEntry(int): Got cache with fd=7 size=12
06-12 17:20:41.177  5404  5404 D LSPosed : symbol_cache.cpp:55#void lspd::InitSymbolCache(lspd::SymbolCache *): InitSymbolCache
06-12 17:20:41.177  5404  5404 D LSPosed : symbol_cache.cpp:57#void lspd::InitSymbolCache(lspd::SymbolCache *): Already initialized
06-12 17:20:41.241  5404  5404 E id.provisionin: Not starting debugger since process cannot load the jdwp agent.
06-12 17:20:41.244  5404  5404 D LSPosed : magisk_loader.cpp:231#void lspd::MagiskLoader::OnNativeForkAndSpecializePost(JNIEnv *, jstring): skipped com.motorola.android.provisioning
06-12 17:20:41.287  5404  5404 I id.provisionin: The ClassLoaderContext is a special shared library.
06-12 17:20:41.326  5011  5026 I droid.deskcloc: Waiting for a blocking GC ProfileSaver
06-12 17:20:41.330  5011  5026 I droid.deskcloc: Waiting for a blocking GC ProfileSaver
06-12 17:20:41.337  1885  3241 I ActivityManager: Killing 4445:com.opera.browser/u0a214 (adj 906): empty #17
06-12 17:20:41.356   964   964 I Zygote  : Process 4445 exited due to signal (9)
06-12 17:20:41.424  1885  2125 I ActivityManager: Start proc 5431:com.motorola.camera2/u0a62 for broadcast com.motorola.camera2/com.motorola.camera.BootReceiver
06-12 17:20:41.431  1892  1893 D LSPosed : zygisk_main.cpp:362#void lspd::CompanionEntry(int): Got cache with fd=7 size=12
06-12 17:20:41.431  5431  5431 D LSPosed : symbol_cache.cpp:55#void lspd::InitSymbolCache(lspd::SymbolCache *): InitSymbolCache
06-12 17:20:41.431  5431  5431 D LSPosed : symbol_cache.cpp:57#void lspd::InitSymbolCache(lspd::SymbolCache *): Already initialized
06-12 17:20:41.486  5431  5431 E otorola.camera: Not starting debugger since process cannot load the jdwp agent.
06-12 17:20:41.490  5431  5431 D LSPosed : magisk_loader.cpp:231#void lspd::MagiskLoader::OnNativeForkAndSpecializePost(JNIEnv *, jstring): skipped com.motorola.camera2
06-12 17:20:41.490  3022  3022 I MmTelFeatureConnection: getFeatureState - returning 2
06-12 17:20:41.491  3022  3066 I MmTelFeatureConnection: Emergency calling enabled on slotId: 0
06-12 17:20:41.492  3022  3063 I MmTelFeatureConnection: Emergency calling enabled on slotId: 0
06-12 17:20:41.492  3022  3066 I MmTelFeatureConnection: MmTel enabled on slotId: 0
06-12 17:20:41.492  3022  3063 I MmTelFeatureConnection: MmTel enabled on slotId: 0
06-12 17:20:41.493  3022  3022 I MmTelFeatureConnection: getFeatureState - returning 2
06-12 17:20:41.496  3022  5444 I MmTelFeatureConnection: MmTel enabled on slotId: 1
06-12 17:20:41.496  3022  5444 I MmTelFeatureConnection: Emergency calling enabled on slotId: 1
06-12 17:20:41.497  3022  3022 I MmTelFeatureConnection: getFeatureState - returning 0
06-12 17:20:41.497  3022  3022 I ModemStats: [ModemStatsService] getImsPhoneId: 0
06-12 17:20:41.533  5431  5431 I otorola.camera: The ClassLoaderContext is a special shared library.
06-12 17:20:41.651  3022  3022 I ModemStats: [ModemStatsDSDetect] onReceive() -Intent { act=android.net.conn.CONNECTIVITY_CHANGE flg=0x4200010 (has extras) }
06-12 17:20:41.652  3022  3022 I ModemStats: [ModemStatsDSDetect] INET_CONDITION=0 ,activeNet=[type: WIFI[], state: CONNECTED/CONNECTED, reason: (unspecified), extra: (none), failover: false, available: true, roaming: false]
06-12 17:20:41.652  3022  3022 I ModemStats: [ModemStatsDSDetect] onReceive() - done, currentInetCondition=0
06-12 17:20:41.653  3022  3022 I ModemStats: [ModemStatsDSDetect] onReceive() -Intent { act=android.net.conn.INET_CONDITION_ACTION flg=0x4000010 (has extras) }
06-12 17:20:41.653  3022  3022 I ModemStats: [ModemStatsDSDetect] INET_CONDITION=100 ,activeNet=[type: WIFI[], state: CONNECTED/CONNECTED, reason: (unspecified), extra: (none), failover: false, available: true, roaming: false]
06-12 17:20:41.653  3022  3022 I ModemStats: [ModemStatsDSDetect] Inetcondition changed, white->blue
06-12 17:20:41.654  3022  3022 I ModemStats: [ModemStatsDSDetect] onReceive() - done, currentInetCondition=100
06-12 17:20:41.657  3022  3022 I ModemStats: [ModemStatsDSDetect] onReceive() -Intent { act=com.motorola.internal.intent.action.DATA_UNAVAILABLE_FOR_OOS flg=0x10 pkg=com.motorola.bach.modemstats (has extras) }
06-12 17:20:41.703  3022  5429 D Checkin : publish the event [tag = SUBSIDY_LOCK event name = Status]
06-12 17:20:41.732  1885  3320 I ActivityManager: Killing 4754:com.google.android.apps.turbo/u0a77 (adj 906): empty #17
06-12 17:20:41.751  1885  2125 I ActivityManager: Start proc 5458:com.motorola.ccc/u0a15 for broadcast com.motorola.ccc.devicemanagement/.DeviceAdminPushReceiver
06-12 17:20:41.751  1892  1893 D LSPosed : zygisk_main.cpp:362#void lspd::CompanionEntry(int): Got cache with fd=7 size=12
06-12 17:20:41.752  5458  5458 D LSPosed : symbol_cache.cpp:55#void lspd::InitSymbolCache(lspd::SymbolCache *): InitSymbolCache
06-12 17:20:41.752  5458  5458 D LSPosed : symbol_cache.cpp:57#void lspd::InitSymbolCache(lspd::SymbolCache *): Already initialized
06-12 17:20:41.772   964   964 I Zygote  : Process 4754 exited due to signal (9)
06-12 17:20:41.803  3662  3662 I AMonitor.Util: Search file not found for phrase, customphrase
06-12 17:20:41.815  5458  5458 E om.motorola.cc: Not starting debugger since process cannot load the jdwp agent.
06-12 17:20:41.817  5458  5458 D LSPosed : magisk_loader.cpp:231#void lspd::MagiskLoader::OnNativeForkAndSpecializePost(JNIEnv *, jstring): skipped com.motorola.ccc
06-12 17:20:41.822  3662  3662 E ActivityThread: Failed to find provider info for com.motorola.motoalexa.provider
06-12 17:20:41.851  5458  5458 I om.motorola.cc: The ClassLoaderContext is a special shared library.
06-12 17:20:41.935  5458  5477 I CCECheckinProvider: EventInsertThread started
06-12 17:20:41.965  5458  5458 I om.motorola.cc: The ClassLoaderContext is a special shared library.
06-12 17:20:41.968  5458  5458 I om.motorola.cc: The ClassLoaderContext is a special shared library.
06-12 17:20:41.980  5053  5073 I chatty  : uid=10111(com.google.android.gm) expire 3 lines
06-12 17:20:42.010  5458  5458 I ECITrigEngPrvd: onCreate called
06-12 17:20:42.014  2403  2403 I GoogleInputMethodService: GoogleInputMethodService.updateDeviceLockedStatus():2100 checkRepeatedly = true, unlocked = false
06-12 17:20:42.019  5458  5458 I ECIProvider: onCreate called
06-12 17:20:42.042  5458  5458 I om.motorola.cc: The ClassLoaderContext is a special shared library.
06-12 17:20:42.052  5458  5458 I om.motorola.cc: The ClassLoaderContext is a special shared library.
06-12 17:20:42.125  5458  5478 I CCEUtils: device type: MOTO
06-12 17:20:42.127  5458  5458 I BlrStrtRcvr: starting Blur Services
06-12 17:20:42.127  5458  5458 D CCE     : Log.mCtxt not set so can't log to checkin...
06-12 17:20:42.132  5458  5458 I BlrStrtRcvr: Blur Services started: {com.motorola.ccc.devicemanagement/com.motorola.blur.service.blur.BlurServiceMother}
06-12 17:20:42.132  5458  5458 D CCE     : Log.mCtxt not set so can't log to checkin...
06-12 17:20:42.139  3022  3022 W ContextImpl: Calling a method in the system process without a qualified user: android.app.ContextImpl.startService:1546 android.content.ContextWrapper.startService:664 android.content.ContextWrapper.startService:664 com.motorola.ccc.plm.launchmanager.LaunchManagerReceiver.onReceive:18 android.app.ActivityThread.handleReceiver:3596 
06-12 17:20:42.150  5458  5458 E util.Log: logging to checkin skipped - no checkin service
06-12 17:20:42.234  1885  3240 E LockSettingsStorage: Cannot read file java.io.FileNotFoundException: /data/system_de/0/spblob/697740af303dc138.weaver: open failed: ENOENT (No such file or directory)
06-12 17:20:42.236  1310  1310 D PermissionCache: checking android.permission.ACCESS_KEYGUARD_SECURE_STORAGE for uid=1000 => granted (1105 us)
06-12 17:20:42.242   872   873 E rpmb_emmc: ----------------------------rpmb_emmc_read-----------------------------
06-12 17:20:42.248   872   873 E rpmb_emmc: ----------------------------rpmb_emmc_read-----------------------------
06-12 17:20:42.286  1180  1180 D keystore: AddAuthenticationToken: timestamp = 79785, time_received = 69
06-12 17:20:42.297  1885  3618 I chatty  : uid=1000(system) Binder:1885_17 expire 1 line
06-12 17:20:42.345  1180  1180 D keystore: AddAuthenticationToken: timestamp = 79844, time_received = 69
06-12 17:20:42.366  1180  1180 D keystore: AddAuthenticationToken: timestamp = 79868, time_received = 69
06-12 17:20:42.387  1885  3240 I LockSettingsService: Unlocking user 0 with secret only, length 64
06-12 17:20:42.388  1885  3240 I chatty  : uid=1000(system) Binder:1885_B expire 1 line
06-12 17:20:42.388  1885  3240 I LockSettingsService: Disabling escrow token on user 0
06-12 17:20:42.389  1885  3240 I LockSettingsService: Caching SP for user 0
06-12 17:20:42.424  1885  1885 W Looper  : Slow dispatch took 129ms main h=com.android.server.trust.TrustManagerService$2 c=null m=3
06-12 17:20:42.429  1885  1885 I LockSettingsService: Removing SP from cache for user 0
06-12 17:20:42.436  1885  2125 I ActivityManager: Start proc 5486:com.motorola.faceunlocktrustagent/u0a58 for service com.motorola.faceunlocktrustagent/.FaceUnlockTrustAgent
06-12 17:20:42.438  1885  5485 I chatty  : uid=1000(system) pool-3-thread-1 expire 1 line
06-12 17:20:42.438  1892  1893 D LSPosed : zygisk_main.cpp:362#void lspd::CompanionEntry(int): Got cache with fd=7 size=12
06-12 17:20:42.439  5486  5486 D LSPosed : symbol_cache.cpp:55#void lspd::InitSymbolCache(lspd::SymbolCache *): InitSymbolCache
06-12 17:20:42.439  5486  5486 D LSPosed : symbol_cache.cpp:57#void lspd::InitSymbolCache(lspd::SymbolCache *): Already initialized
06-12 17:20:42.452  1885  2125 I ActivityManager: Start proc 5491:com.motorola.voiceauthtrustagent/u0a49 for service com.motorola.voiceauthtrustagent/.VASTrustAgent
06-12 17:20:42.462  2412  2412 D KeyguardViewMediator: Call PhoneWindowManager's keyguardGoingAway, expect PhoneWindowManager to call startKeyguardExitAnimation
06-12 17:20:42.466  1892  1893 D LSPosed : zygisk_main.cpp:362#void lspd::CompanionEntry(int): Got cache with fd=7 size=12
06-12 17:20:42.468  5491  5491 D LSPosed : symbol_cache.cpp:55#void lspd::InitSymbolCache(lspd::SymbolCache *): InitSymbolCache
06-12 17:20:42.468  5491  5491 D LSPosed : symbol_cache.cpp:57#void lspd::InitSymbolCache(lspd::SymbolCache *): Already initialized
06-12 17:20:42.507  5486  5486 E nlocktrustagen: Not starting debugger since process cannot load the jdwp agent.
06-12 17:20:42.508  5458  5458 E ModManager: Moto Mod service is missing.
06-12 17:20:42.508  5458  5458 I CCEUtils: Mod Services is not available 1
06-12 17:20:42.509  5486  5486 D LSPosed : magisk_loader.cpp:231#void lspd::MagiskLoader::OnNativeForkAndSpecializePost(JNIEnv *, jstring): skipped com.motorola.faceunlocktrustagent
06-12 17:20:42.552  5491  5491 E eauthtrustagen: Not starting debugger since process cannot load the jdwp agent.
06-12 17:20:42.554  5458  5458 I UserAuthService: service started
06-12 17:20:42.554  5491  5491 D LSPosed : magisk_loader.cpp:231#void lspd::MagiskLoader::OnNativeForkAndSpecializePost(JNIEnv *, jstring): skipped com.motorola.voiceauthtrustagent
06-12 17:20:42.555  3100  3532 I Adreno  : QUALCOMM build                   : 7adeec4758, I21281c58c8
06-12 17:20:42.555  3100  3532 I Adreno  : Build Date                       : 12/28/18
06-12 17:20:42.555  3100  3532 I Adreno  : OpenGL ES Shader Compiler Version: EV031.25.03.02
06-12 17:20:42.555  3100  3532 I Adreno  : Local Branch                     : 
06-12 17:20:42.555  3100  3532 I Adreno  : Remote Branch                    : refs/tags/AU_LINUX_ANDROID_LA.UM.7.5.R1.09.00.00.464.037
06-12 17:20:42.555  3100  3532 I Adreno  : Remote Branch                    : NONE
06-12 17:20:42.555  3100  3532 I Adreno  : Reconstruct Branch               : NOTHING
06-12 17:20:42.555  3100  3532 I Adreno  : Build Config                     : S L 6.0.7 AArch32
06-12 17:20:42.573  3100  3532 I Adreno  : PFP: 0x005ff110, ME: 0x005ff066
06-12 17:20:42.581  3100  3532 I ConfigStore: android::hardware::configstore::V1_0::ISurfaceFlingerConfigs::hasWideColorDisplay retrieved: 0
06-12 17:20:42.581  3100  3532 I ConfigStore: android::hardware::configstore::V1_0::ISurfaceFlingerConfigs::hasHDRDisplay retrieved: 0
06-12 17:20:42.582  3100  3532 I OpenGLRenderer: Initialized EGL, version 1.4
06-12 17:20:42.582  3100  3532 D OpenGLRenderer: Swap behavior 2
06-12 17:20:42.588  5486  5486 I nlocktrustagen: The ClassLoaderContext is a special shared library.
06-12 17:20:42.597  4080  5517 E ActivityThread: Failed to find provider info for com.google.android.googlequicksearchbox.GsaPublicContentProvider
06-12 17:20:42.602  5486  5486 I nlocktrustagen: The ClassLoaderContext is a special shared library.
06-12 17:20:42.605  4080  4152 I Bugle   : BugleStartup: Registering SIM change receiver...
06-12 17:20:42.605  4080  5517 W AssistantConfig: appIntegrationDataInBase64 is null
06-12 17:20:42.607  4080  5517 E AssistantConnector: Couldn't read whether gRPC is supported from public value
06-12 17:20:42.607  4080  5517 E AssistantConnector: java.lang.IllegalStateException: Failed to query AGSA value. This is most likely caused by a Google signature check failure. Please make sure both of the AGSA app and the client app are either release or dev builds.
06-12 17:20:42.607  4080  5517 E AssistantConnector: 	at azph.call(PG:17)
06-12 17:20:42.607  4080  5517 E AssistantConnector: 	at boek.call(PG:2)
06-12 17:20:42.607  4080  5517 E AssistantConnector: 	at bsqs.a(PG:1)
06-12 17:20:42.607  4080  5517 E AssistantConnector: 	at bspu.run(PG:4)
06-12 17:20:42.607  4080  5517 E AssistantConnector: 	at bsqt.run(PG:1)
06-12 17:20:42.607  4080  5517 E AssistantConnector: 	at java.util.concurrent.ThreadPoolExecutor.runWorker(ThreadPoolExecutor.java:1167)
06-12 17:20:42.607  4080  5517 E AssistantConnector: 	at java.util.concurrent.ThreadPoolExecutor$Worker.run(ThreadPoolExecutor.java:641)
06-12 17:20:42.607  4080  5517 E AssistantConnector: 	at java.lang.Thread.run(Thread.java:764)
06-12 17:20:42.608  4080  5517 I AssistantConnector: Fallback to Maestro connector
06-12 17:20:42.610  5491  5491 I eauthtrustagen: The ClassLoaderContext is a special shared library.
06-12 17:20:42.612  4080  4152 I Bugle   : BugleStartup: Updating app config...
06-12 17:20:42.619  4080  4152 I Bugle   : BugleStartup: Done with SIM change receiver & app config.
06-12 17:20:42.620  4080  4152 I Bugle   : BugleStartup: Handling shared prefs upgrade & Load MMS Configuration...
06-12 17:20:42.630  4080  4080 I Bugle   : Carrier config changed. Reloading MMS config.
06-12 17:20:42.633  5491  5491 D VASTrustAgent: VASTrustAgent is created
06-12 17:20:42.637  5491  5491 D VASTrustAgent: Listening for lock / unlock broadcast from AOV or VOD client app.
06-12 17:20:42.639  5491  5491 D VASTrustAgent: Broadcasting intent Intent { act=com.motorola.vas.trustagent.state_change (has extras) }
06-12 17:20:42.642  5491  5491 D VASTrustAgent: Unlock attempt was successful
06-12 17:20:42.646  5491  5491 D VASTrustAgent: Broadcasting intent Intent { act=com.motorola.vas.trustagent.state_change (has extras) }
06-12 17:20:42.646  5491  5491 D VASTrustAgent: The device has been locked.
06-12 17:20:42.648  5491  5491 D VASTrustAgent: Broadcasting intent Intent { act=com.motorola.vas.trustagent.state_change (has extras) }
06-12 17:20:42.656  5458  5458 I MMApiProvisionService: createDeviceIdOrLogin update_device
06-12 17:20:42.660  4080  4166 I BugleRcsEngine: [209] axbb.l: Reinitialize CSLib Flags: com.google.android.ims.library
06-12 17:20:42.661  4080  4166 I Bugle   : BugleStartup: Initializing RCS availability...
06-12 17:20:42.661  5458  5458 D Checkin : publish the event [tag = MOT_CCE event name = LOG]
06-12 17:20:42.665  4080  5521 W Bugle   : BuglePhoneNumberUtils: canonicalizeMccMnc: invalid mccmnc. mcc: null, mnc: null
06-12 17:20:42.665  1885  2125 I ActivityManager: Start proc 5524:com.motorola.faceunlock/u0a84 for service com.motorola.faceunlock/.service.FaceAuthService
06-12 17:20:42.665  2959  2959 D ActivityThread: Loading provider com.google.android.gms.trustagent.framework.model.be.provider: com.google.android.gms.trustagent.framework.model.be.ModelContentProvider
06-12 17:20:42.665  4080  4166 I Bugle   : RcsAvailabilityUtilForProvisioningEngineV2: updateAvailabilityAsync, hint: NO_HINT
06-12 17:20:42.665  4080  4166 I BugleRcsProvisioning: RcsAvailabilityUpdaterLocal: updateAvailabilityAsync: scheduling updateRcsAvailability call, hint: NO_HINT, enableWelcomePopupWithoutGoogleTos: false, reshowSuccessPopup: false
06-12 17:20:42.666  4080  4166 I Bugle   : BugleStartup: Done with RCS availability.
06-12 17:20:42.666  4080  4166 I Bugle   : BugleStartup: Done initializing with enabled individual init failures.
06-12 17:20:42.667  4080  5520 I BugleRcsEngine: [248] aysu.c: do not delay first event
06-12 17:20:42.670  4080  5521 W Bugle   : BuglePhoneNumberUtils: canonicalizeMccMnc: invalid mccmnc. mcc: null, mnc: null
06-12 17:20:42.677  1892  1893 D LSPosed : zygisk_main.cpp:362#void lspd::CompanionEntry(int): Got cache with fd=7 size=12
06-12 17:20:42.678  5524  5524 D LSPosed : symbol_cache.cpp:55#void lspd::InitSymbolCache(lspd::SymbolCache *): InitSymbolCache
06-12 17:20:42.678  5524  5524 D LSPosed : symbol_cache.cpp:57#void lspd::InitSymbolCache(lspd::SymbolCache *): Already initialized
06-12 17:20:42.681  5458  5458 D BSUtils : getSharedPackageNames uid 10015 packagesForUid [com.motorola.ccc.ota, com.motorola.ccc.notification, com.motorola.ccc.devicemanagement, com.motorola.ccc.checkin]
06-12 17:20:42.690  2412  2412 D StatusBar: disable<e i a s b H R c s > disable2<q i n >
06-12 17:20:42.693  1885  2144 I LaunchCheckinHandler: Displayed com.teslacoilsw.launcher/.NovaLauncher,cp,ca,21977
06-12 17:20:42.693  1885  2144 I chatty  : uid=1000(system) android.display expire 1 line
06-12 17:20:42.697  4080  4166 I BugleRcs: ClientInfoProvider: MSIM Rcs enabled because default{subid:1} matches data{subid:1} . Unrelated: sms{subid:1}
06-12 17:20:42.698  4080  4166 W BugleRcsEngine: [209] axto.b: [SR]: Single Registration is disabled. Skipping Single Registration capability check for subId: 1
06-12 17:20:42.698  2412  2498 W AudioTrack: AUDIO_OUTPUT_FLAG_FAST denied by server; frameCount 0 -> 9065
06-12 17:20:42.699  2412  2412 D StatusBar: disable<e i a s b h!r!c s > disable2<q i n >
06-12 17:20:42.699  1078  2800 D APM_AudioPolicyManager: startOutput() output 13, stream 1, session 217
06-12 17:20:42.700  4080  4166 E TraceManager: Duplicate trace
06-12 17:20:42.700  4080  4166 E TraceManager: boai: Starting new trace SharedStorageProvider#call when already associated with a trace. For more help, see http://go/tiktok-tracing#fixing-duplicate-trace-issues
06-12 17:20:42.700  4080  4166 E TraceManager: 	at bodx.g(PG:6)
06-12 17:20:42.700  4080  4166 E TraceManager: 	at bodx.c(PG:2)
06-12 17:20:42.700  4080  4166 E TraceManager: 	at bodx.b(PG:2)
06-12 17:20:42.700  4080  4166 E TraceManager: 	at bodk.j(PG:1)
06-12 17:20:42.700  4080  4166 E TraceManager: 	at aced.call(PG:7)
06-12 17:20:42.700  4080  4166 E TraceManager: 	at accr.call(PG:1)
06-12 17:20:42.700  4080  4166 E TraceManager: 	at android.content.ContentProvider$Transport.call(ContentProvider.java:403)
06-12 17:20:42.700  4080  4166 E TraceManager: 	at android.content.ContentResolver.call(ContentResolver.java:1756)
06-12 17:20:42.700  4080  4166 E TraceManager: 	at ayxm.h(PG:9)
06-12 17:20:42.700  4080  4166 E TraceManager: 	at ayxm.k(PG:3)
06-12 17:20:42.700  4080  4166 E TraceManager: 	at ayxk.b(PG:1)
06-12 17:20:42.700  4080  4166 E TraceManager: 	at aydn.d(PG:2)
06-12 17:20:42.700  4080  4166 E TraceManager: 	at aydn.E(PG:1)
06-12 17:20:42.700  4080  4166 E TraceManager: 	at ahcq.j(PG:25)
06-12 17:20:42.700  4080  4166 E TraceManager: 	at ahcq.i(PG:1)
06-12 17:20:42.700  4080  4166 E TraceManager: 	at ahcm.run(Unknown Source:4)
06-12 17:20:42.700  4080  4166 E TraceManager: 	at boei.run(PG:2)
06-12 17:20:42.700  4080  4166 E TraceManager: 	at java.util.concurrent.Executors$RunnableAdapter.call(Executors.java:458)
06-12 17:20:42.700  4080  4166 E TraceManager: 	at bsqs.a(PG:1)
06-12 17:20:42.700  4080  4166 E TraceManager: 	at bspu.run(PG:4)
06-12 17:20:42.700  4080  4166 E TraceManager: 	at bsqt.run(PG:1)
06-12 17:20:42.700  4080  4166 E TraceManager: 	at bcrs.run(PG:1)
06-12 17:20:42.700  4080  4166 E TraceManager: 	at java.util.concurrent.ThreadPoolExecutor.runWorker(ThreadPoolExecutor.java:1167)
06-12 17:20:42.700  4080  4166 E TraceManager: 	at java.util.concurrent.ThreadPoolExecutor$Worker.run(ThreadPoolExecutor.java:641)
06-12 17:20:42.700  4080  4166 E TraceManager: 	at bcqx.run(PG:2)
06-12 17:20:42.700  4080  4166 E TraceManager: 	at bcrd.run(PG:4)
06-12 17:20:42.700  4080  4166 E TraceManager: 	at java.lang.Thread.run(Thread.java:764)
06-12 17:20:42.700  4080  4166 E TraceManager: 	Suppressed: bofb: 
06-12 17:20:42.700  4080  4166 E TraceManager: 		at tk_trace.PhoneAsyncPermissionsStartupTask#initializeRcsAvailability(Unknown Source:0)
06-12 17:20:42.700  4080  4166 E TraceManager: 		at tk_trace.PhoneAsyncPermissionsStartupTask(Unknown Source:0)
06-12 17:20:42.700  4080  4166 E TraceManager: 		at tk_trace.StartupTask#PermissionsAcquired(Unknown Source:0)
06-12 17:20:42.700  4080  4166 E TraceManager: 		at tk_trace.StartupHandlerImpl#onRequiredPermissionsAcquired(Unknown Source:0)
06-12 17:20:42.700  4080  4166 E TraceManager: 		at tk_trace.StartupHandlerImpl App Interactive Delay Timer Fired(Unknown Source:0)
06-12 17:20:42.701  1051  1864 D DlbDlbEffect: handle_EFFECT_CMD_SET_PARAM()
06-12 17:20:42.701  1051  1864 D DlbEffectContext: setPregain(volume=364303)
06-12 17:20:42.701  1051  1864 D DlbEffectContext: transformExternalGain() fVol:0.021714 extVal:-532
06-12 17:20:42.701  1051  1864 D DlbDapEndpointParamCache: commitChangedParams()
06-12 17:20:42.701  1051  1864 D DlbDapEndpointParamCache: commit() Applying parameters for device 0x40000000
06-12 17:20:42.701  1051  1864 D DlbDap2Process: setParam(preg = #1[-532])
06-12 17:20:42.702  1051  1864 D DlbDapEndpointParamCache: doCommit() Committed 1 parameters out of 1.
06-12 17:20:42.702  4080  5523 W Bugle   : BuglePhoneNumberUtils: canonicalizeMccMnc: invalid mccmnc. mcc: null, mnc: null
06-12 17:20:42.703  4080  4166 I BugleRcsEngine: [209] aydn.d: No RCS Configuration was found in Bugle for simID: redacted-pii:sim_id[chars:20]
06-12 17:20:42.704  4080  4166 I BugleRcsProvisioning: RcsAvailabilityUpdaterLocal: [SR]: SingleRegistration configuration, singleRegistrationRcsConfigAvailableAndEnabled: false, simId: redacted-pii:sim_id[chars:20]
06-12 17:20:42.705  4080  4166 E TraceManager: Duplicate trace
06-12 17:20:42.705  4080  4166 E TraceManager: boai: Starting new trace SharedStorageProvider#call when already associated with a trace. For more help, see http://go/tiktok-tracing#fixing-duplicate-trace-issues
06-12 17:20:42.705  4080  4166 E TraceManager: 	at bodx.g(PG:6)
06-12 17:20:42.705  4080  4166 E TraceManager: 	at bodx.c(PG:2)
06-12 17:20:42.705  4080  4166 E TraceManager: 	at bodx.b(PG:2)
06-12 17:20:42.705  4080  4166 E TraceManager: 	at bodk.j(PG:1)
06-12 17:20:42.705  4080  4166 E TraceManager: 	at aced.call(PG:7)
06-12 17:20:42.705  4080  4166 E TraceManager: 	at accr.call(PG:1)
06-12 17:20:42.705  4080  4166 E TraceManager: 	at android.content.ContentProvider$Transport.call(ContentProvider.java:403)
06-12 17:20:42.705  4080  4166 E TraceManager: 	at android.content.ContentResolver.call(ContentResolver.java:1756)
06-12 17:20:42.705  4080  4166 E TraceManager: 	at ayxm.h(PG:9)
06-12 17:20:42.705  4080  4166 E TraceManager: 	at ayxm.k(PG:3)
06-12 17:20:42.705  4080  4166 E TraceManager: 	at ayxk.b(PG:1)
06-12 17:20:42.705  4080  4166 E TraceManager: 	at aydn.d(PG:2)
06-12 17:20:42.705  4080  4166 E TraceManager: 	at aydn.D(PG:1)
06-12 17:20:42.705  4080  4166 E TraceManager: 	at ahcq.j(PG:32)
06-12 17:20:42.705  4080  4166 E TraceManager: 	at ahcq.i(PG:1)
06-12 17:20:42.705  4080  4166 E TraceManager: 	at ahcm.run(Unknown Source:4)
06-12 17:20:42.705  4080  4166 E TraceManager: 	at boei.run(PG:2)
06-12 17:20:42.705  4080  4166 E TraceManager: 	at java.util.concurrent.Executors$RunnableAdapter.call(Executors.java:458)
06-12 17:20:42.705  4080  4166 E TraceManager: 	at bsqs.a(PG:1)
06-12 17:20:42.705  4080  4166 E TraceManager: 	at bspu.run(PG:4)
06-12 17:20:42.705  4080  4166 E TraceManager: 	at bsqt.run(PG:1)
06-12 17:20:42.705  4080  4166 E TraceManager: 	at bcrs.run(PG:1)
06-12 17:20:42.705  4080  4166 E TraceManager: 	at java.util.concurrent.ThreadPoolExecutor.runWorker(ThreadPoolExecutor.java:1167)
06-12 17:20:42.705  4080  4166 E TraceManager: 	at java.util.concurrent.ThreadPoolExecutor$Worker.run(ThreadPoolExecutor.java:641)
06-12 17:20:42.705  4080  4166 E TraceManager: 	at bcqx.run(PG:2)
06-12 17:20:42.705  4080  4166 E TraceManager: 	at bcrd.run(PG:4)
06-12 17:20:42.705  4080  4166 E TraceManager: 	at java.lang.Thread.run(Thread.java:764)
06-12 17:20:42.705  4080  4166 E TraceManager: 	Suppressed: bofb: 
06-12 17:20:42.705  4080  4166 E TraceManager: 		at tk_trace.PhoneAsyncPermissionsStartupTask#initializeRcsAvailability(Unknown Source:0)
06-12 17:20:42.705  4080  4166 E TraceManager: 		at tk_trace.PhoneAsyncPermissionsStartupTask(Unknown Source:0)
06-12 17:20:42.705  4080  4166 E TraceManager: 		at tk_trace.StartupTask#PermissionsAcquired(Unknown Source:0)
06-12 17:20:42.705  4080  4166 E TraceManager: 		at tk_trace.StartupHandlerImpl#onRequiredPermissionsAcquired(Unknown Source:0)
06-12 17:20:42.705  4080  4166 E TraceManager: 		at tk_trace.StartupHandlerImpl App Interactive Delay Timer Fired(Unknown Source:0)
06-12 17:20:42.705  1051  1864 D DlbDlbEffect: handle_EFFECT_CMD_ENABLE()
06-12 17:20:42.705  1051  1864 D DlbCrossfadeProcess: setEnabled transitioning from DAP_BYPASSED state to PREROLL_ACTIVE
06-12 17:20:42.706  1051  2362 V msm8974_platform: platform_get_output_snd_device: enter: output devices(0x2)
06-12 17:20:42.706  4080  4166 I BugleRcsEngine: [209] aydn.d: No RCS Configuration was found in Bugle for simID: redacted-pii:sim_id[chars:20]
06-12 17:20:42.706  1051  2362 V msm8974_platform: platform_get_output_snd_device: exit: snd_device(speaker)
06-12 17:20:42.706  1051  2362 V msm8974_platform: platform_get_backend_index:napb: backend port - 0 device - 2 
06-12 17:20:42.706  1051  2362 V msm8974_platform: platform_check_and_set_playback_backend_cfg: usecase->stream.out->config.format (0)
06-12 17:20:42.707  1051  2362 V msm8974_platform: platform_check_and_set_playback_backend_cfg:becf: afe: bitwidth 16, samplerate 48000 channels 2, backend_idx 0 usecase = 1 device (speaker)
06-12 17:20:42.707  1051  2362 V msm8974_platform: platform_check_and_set_playback_backend_cfg: new_snd_devices[0] is 2
06-12 17:20:42.707  1051  2362 V msm8974_platform: platform_get_backend_index:napb: backend port - 0 device - 2 
06-12 17:20:42.707  1051  2362 V msm8974_platform: platform_check_playback_backend_cfg:becf: afe: bitwidth 16, samplerate 48000 channels 2, backend_idx 0 usecase = 1 device (speaker)
06-12 17:20:42.707  1051  2362 V msm8974_platform: platform_check_playback_backend_cfg:becf: afe: Codec selected backend: 0 updated bit width: 16 andsample rate: 48000
06-12 17:20:42.707  1051  2362 V msm8974_platform: platform_send_audio_calibration: sending audio calibration for snd_device(2) acdb_id(14)
06-12 17:20:42.707  1051  2362 D ACDB-LOADER: ACDB -> send_audio_cal, acdb_id = 14, path = 0, app id = 0x11130, sample rate = 48000
06-12 17:20:42.707  1051  2362 D ACDB-LOADER: ACDB -> send_asm_topology
06-12 17:20:42.707  1051  2362 D ACDB-LOADER: ACDB -> ACDB_CMD_GET_AUDPROC_STREAM_TOPOLOGY_ID
06-12 17:20:42.707  1051  2362 D ACDB-LOADER: ACDB -> send_adm_topology
06-12 17:20:42.707  1051  2362 D ACDB-LOADER: ACDB -> ACDB_CMD_GET_AUDPROC_COMMON_TOPOLOGY_ID
06-12 17:20:42.707  1051  2362 D ACDB-LOADER: ACDB -> send_audtable
06-12 17:20:42.707  1051  2362 D ACDB-LOADER: ACDB -> ACDB_CMD_GET_AUDPROC_COMMON_TABLE_SIZE
06-12 17:20:42.707  1051  2362 D         : ACDBFILE_MGR:Read the devices count as zero, please check the acdb file
06-12 17:20:42.707  1051  2362 D ACDB-LOADER: ACDB -> ACDB_CMD_GET_AUDPROC_COMMON_TABLE
06-12 17:20:42.707  1051  2362 D         : ACDBFILE_MGR:Read the devices count as zero, please check the acdb file
06-12 17:20:42.707  1051  2362 D ACDB-LOADER: ACDB -> AUDIO_SET_AUDPROC_CAL
06-12 17:20:42.707  1051  2362 D ACDB-LOADER: ACDB -> send_audvoltable
06-12 17:20:42.707  1051  2362 D ACDB-LOADER: ACDB -> ACDB_CMD_GET_AUDPROC_VOL_STEP_TABLE_SIZE
06-12 17:20:42.707  1051  2362 D         : ACDBFILE_MGR:Read the devices count as zero, please check the acdb file
06-12 17:20:42.707  1051  2362 D ACDB-LOADER: ACDB -> ACDB_CMD_GET_AUDPROC_GAIN_DEP_STEP_TABLE, vol index 0
06-12 17:20:42.707  1051  2362 D         : ACDBFILE_MGR:Read the devices count as zero, please check the acdb file
06-12 17:20:42.707  1051  2362 D ACDB-LOADER: ACDB -> AUDIO_SET_VOL_CAL cal type = 12
06-12 17:20:42.707  1051  2362 D ACDB-LOADER: ACDB -> ACDB_CMD_GET_AUDPROC_STREAM_TABLE_SIZE
06-12 17:20:42.707  1051  2362 D ACDB-LOADER: ACDB -> send_audstrmtable
06-12 17:20:42.707  1051  2362 D ACDB-LOADER: ACDB -> ACDB_CMD_GET_AUDPROC_STREAM_TABLE_V2
06-12 17:20:42.707  1051  2362 D ACDB-LOADER: ACDB -> audstrm_cal->cal_type.cal_data.cal_size = 16
06-12 17:20:42.707  1051  2362 D ACDB-LOADER: ACDB -> send_afe_topology
06-12 17:20:42.707  1051  2362 D ACDB-LOADER: ACDB -> ACDB_CMD_GET_AFE_TOPOLOGY_ID
06-12 17:20:42.707  1051  2362 D ACDB-LOADER: ACDB -> GET_AFE_TOPOLOGY_ID for adcd_id 14, Topology Id 112fc
06-12 17:20:42.707  1051  2362 D ACDB-LOADER: ACDB -> send_afe_cal
06-12 17:20:42.707  1051  2362 D ACDB-LOADER: ACDB -> ACDB_CMD_GET_AFE_COMMON_TABLE_SIZE
06-12 17:20:42.707  1051  2362 D         : ACDBFILE_MGR:Read the devices count as zero, please check the acdb file
06-12 17:20:42.707  1051  2362 D         : Failed to fetch the lookup information of the device 0000000E 
06-12 17:20:42.707  1051  2362 E ACDB-LOADER: Error: ACDB_CMD_GET_AFE_COMMON_TABLE_SIZE Returned = -19
06-12 17:20:42.707  1051  2362 D ACDB-LOADER: ACDB -> ACDB_CMD_GET_AFE_COMMON_TABLE
06-12 17:20:42.707  1051  2362 D         : ACDBFILE_MGR:Read the devices count as zero, please check the acdb file
06-12 17:20:42.707  1051  2362 D         : Failed to fetch the lookup information of the device 0000000E 
06-12 17:20:42.707  1051  2362 E ACDB-LOADER: Error: ACDB AFE returned = -19
06-12 17:20:42.707  1051  2362 D ACDB-LOADER: ACDB -> AUDIO_SET_AFE_CAL
06-12 17:20:42.707  1051  2362 D ACDB-LOADER: ACDB -> send_hw_delay : acdb_id = 14 path = 0
06-12 17:20:42.707  1051  2362 D ACDB-LOADER: ACDB -> ACDB_AVSYNC_INFO: ACDB_CMD_GET_DEVICE_PROPERTY
06-12 17:20:42.707  1051  2362 I audio_mot_sp: audio_extn_mot_spkr_send_cal: OSPL spkr calibration data [237742, 16] temperature [27], mixer ctrl: OSPL Rx temp_cal
06-12 17:20:42.708  4080  4173 I BugleRcsEngine: [211] aysu.c: SIM delay is not enabled
06-12 17:20:42.708  4080  4173 W BugleRcsEngine: [211] aysq.a: (Sim): process intent: android.intent.action.SIM_STATE_CHANGED
06-12 17:20:42.708  2412  2412 D StatusBar: disable<e i a s b h r c s > disable2<q i n >
06-12 17:20:42.709  1061  1101 E ANDR-PERF-MPCTL: Invalid profile no. 0, total profiles 0 only
06-12 17:20:42.710  1061  1101 E ANDR-PERF-RESOURCEQS: Failed to apply optimization [2, 0]
06-12 17:20:42.719  5491  5491 D VASTrustAgent: The device has been unlock.
06-12 17:20:42.728  4080  4173 W BugleRcsEngine: [211] aysq.d: (Sim): Unexpected action: android.telephony.action.CARRIER_CONFIG_CHANGED
06-12 17:20:42.729  4080  4153 I BugleJobs: Icing index repair service is not scheduled. [CONTEXT class_name="IcingMonitoringUtils" ]
06-12 17:20:42.731  1885  3618 W UsageStatsService: Event reported without a package name
06-12 17:20:42.734   884   884 V vold    : /system/bin/sgdisk
06-12 17:20:42.734   884   884 V vold    :     --android-dump
06-12 17:20:42.734   884   884 V vold    :     /dev/block/vold/disk:179,64
06-12 17:20:42.736  4080  5523 W Bugle   : BuglePhoneNumberUtils: canonicalizeMccMnc: invalid mccmnc. mcc: null, mnc: null
06-12 17:20:42.737  4080  5520 I BugleRcsEngine: [248] aysq.n: (Sim): Processing an intent
06-12 17:20:42.741  4080  5520 I BugleRcsEngine: [248] aysq.y: (Sim): SIM state LOADED
06-12 17:20:42.762  4080  4153 I BugleJobs: Starts to observe table change.
06-12 17:20:42.763  1051  2362 D audio_hw_primary: enable_snd_device: snd_device(2: speaker)
06-12 17:20:42.763  1051  2362 D audio_route: Apply path: speaker
06-12 17:20:42.782  1051  2362 V msm8974_platform: platform_get_snd_device_backend_index: enter with device 2
06-12 17:20:42.782  1051  2362 E msm8974_platform: platform_get_snd_device_backend_index: BE DAI Name Table is not present
