06-12 17:38:06.779  1944  2155 W ActivityManager: Slow operation: 446ms so far, now at startProcess: done updating pids map
06-12 17:38:06.779  1944  2155 W ActivityManager: Slow operation: 446ms so far, now at startProcess: asking zygote to start proc
06-12 17:38:06.792  1944  2155 W ActivityManager: Slow operation: 459ms so far, now at startProcess: returned from zygote!
06-12 17:38:06.792  1944  2155 W ActivityManager: Slow operation: 459ms so far, now at startProcess: done updating battery stats
06-12 17:38:06.792  1944  2155 W ActivityManager: Slow operation: 459ms so far, now at startProcess: building log message
06-12 17:38:06.792  1944  2155 I ActivityManager: Start proc 2653:com.android.phone/1001 for added application com.android.phone
06-12 17:38:06.792  1944  2155 W ActivityManager: Slow operation: 459ms so far, now at startProcess: starting to update pids map
06-12 17:38:06.792  1944  2155 W ActivityManager: Slow operation: 459ms so far, now at startProcess: done updating pids map
06-12 17:38:06.792  1944  2155 W ActivityManager: Slow operation: 252ms so far, now at startProcess: asking zygote to start proc
06-12 17:38:06.808  1944  2155 W ActivityManager: Slow operation: 268ms so far, now at startProcess: returned from zygote!
06-12 17:38:06.808  1944  2155 W ActivityManager: Slow operation: 268ms so far, now at startProcess: done updating battery stats
06-12 17:38:06.808  1944  2155 W ActivityManager: Slow operation: 268ms so far, now at startProcess: building log message
06-12 17:38:06.808  1944  2155 I ActivityManager: Start proc 2661:com.android.settings/1000 for activity com.android.settings/.FallbackHome
06-12 17:38:06.808  1944  2155 W ActivityManager: Slow operation: 268ms so far, now at startProcess: starting to update pids map
06-12 17:38:06.808  1944  2155 W ActivityManager: Slow operation: 268ms so far, now at startProcess: done updating pids map
--------- beginning of main
06-12 17:38:06.901  2622  2622 I elephonyservic: The ClassLoaderContext is a special shared library.
06-12 17:38:06.903  2653  2653 I m.android.phon: The ClassLoaderContext is a special shared library.
06-12 17:38:06.907  1944  1944 W Looper  : Slow dispatch took 148ms main h=android.app.ActivityThread$H c=null m=114
06-12 17:38:06.916  2617  2617 D CNEServiceApp: start cne
06-12 17:38:06.917  2475  2600 E ActivityThread: Failed to find provider info for com.android.contacts
06-12 17:38:06.926  2617  2617 I QCNEJ   : |CORE| phoneCount: 2
06-12 17:38:06.927  2617  2617 D QCNEJ   : |CORE| subs for 0th slot: null
06-12 17:38:06.927  2617  2617 D QCNEJ   : |CORE| subs for 1th slot: null
06-12 17:38:06.930  2617  2617 I QCNEJ   : |QCNEJ/CndHalConnector| CndHalConnector()
06-12 17:38:06.935  2617  2617 I android_os_HwBinder: HwBinder: Starting thread pool for default::android.hidl.manager@1.0::IServiceManager
06-12 17:38:06.937  2617  2712 I QCNEJ   : |QCNEJ/CndHalConnector| IServiceNotification.onRegistration
06-12 17:38:06.938  2617  2709 I QCNEJ   : |QCNEJ/CndHalConnector| handling CND_SERVER_UP
06-12 17:38:06.938  2617  2709 V QCNEJ   : |QCNEJ/CndHalConnector| connect() mCnd=null
06-12 17:38:06.940  2617  2709 I android_os_HwBinder: HwBinder: Starting thread pool for default::vendor.qti.data.factory@1.0::IFactory
06-12 17:38:06.941  2617  2711 D QCNEJ   : |CORE| Registering observers for MOBILE_DATA,DATA_ROAMING and MULTI_SIM_DATA_CALL_SUBSCRIPTION
06-12 17:38:06.941  2617  2711 I QCNEJ   : |CORE| registerSettingsObserver: getSubId for phone 0 returned Invalid sub
06-12 17:38:06.942  2617  2711 I QCNEJ   : |CORE| registerSettingsObserver: getSubId for phone 1 returned Invalid sub
06-12 17:38:06.942  2617  2617 E QCNEJ   : |CORE| Feature WQE is not enabled
06-12 17:38:06.943  2617  2709 I QCNEJ   : |QCNEJ/CndHalConnector| createCneIServer success mCnd=com.quicinc.cne.server@2.2::IServer@Proxy
06-12 17:38:06.944  2617  2709 I QCNEJ   : |QCNEJ/CndHalServerCallback| <- RCV:OnAvailableEvent{}
06-12 17:38:06.944  2617  2709 I QCNEJ   : |QCNEJ/CndHalConnector| Connected to service SUCC
06-12 17:38:06.944  2617  2709 I QCNEJ   : |CORE| starting initialization of components that require cnd to have started
06-12 17:38:06.945  2617  2709 I QCNEJ   : |CORE| set wifi state to 1
06-12 17:38:06.946  1944  2280 D ConnectivityService: requestNetwork for uid/pid:1000/2617 NetworkRequest [ TRACK_DEFAULT id=13, [ Capabilities: INTERNET&NOT_RESTRICTED&TRUSTED Unwanted:  Uid: 1000] ]
06-12 17:38:06.947  2617  2617 D CNEServiceApp: broadcast cne started
06-12 17:38:06.949  2617  2709 D QCNEJ   : |CORE| No family connected
06-12 17:38:06.951  2617  2709 W QCNEJ   : |CORE| Phone id invalid or Service State available
06-12 17:38:06.951  2617  2709 I QCNEJ   : |CORE| notifyMobileDataEnabled is enabled false  && isDataRoamingAllowed  false
06-12 17:38:06.951  2617  2709 I QCNEJ   : |QCNEJ/CndHalConnector| -> SND notifyMobileDataEnabledChanged(false)
06-12 17:38:06.952  2475  2587 E ActivityThread: Failed to find provider info for com.android.contacts
06-12 17:38:06.952  2617  2709 I QCNEJ   : |QCNEJ/CndHalConnector| -> SND notifyScreenStateChanged(true)
06-12 17:38:06.954  2617  2709 I QCNEJ   : |QCNEJ/CndHalConnector| -> SND notifyScreenStateChanged(false)
06-12 17:38:06.954  2617  2709 I QCNEJ   : |QCNEJ/CndHalConnector| -> SND notifyDefaultNetworkChanged(17)
06-12 17:38:06.955  2617  2709 E QCNEJ   : |QCNEJ/CndHalConnector| Failed to parse input for notifyDefaultNetworkChanged: java.lang.IllegalArgumentException: Unknown RatType:17
06-12 17:38:06.955  2617  2709 W QCNEJ   : |CORE| notifyDefaultNetworkChanged failed
06-12 17:38:06.958  2617  2709 I QCNEJ   : |QCNEJ/CndHalConnector| -> SND notifyIMSProfileOverrideSettingChanged(FALSE)
06-12 17:38:06.959  1944  1944 D BluetoothManagerService: Trying to bind to profile: 1, while Bluetooth was disabled
06-12 17:38:06.961  1944  2715 I TelecomService: BluetoothRouteManager: getBluetoothAudioConnectedDevice: no headset service available.
06-12 17:38:06.966  1944  1944 I TelecomService: SystemStateProvider: Registering car mode receiver: android.content.IntentFilter@b97fc6a: TS.init@AAA
06-12 17:38:06.989  2475  2475 W PreviewInflater: Error creating widget view
06-12 17:38:06.989  2475  2475 W PreviewInflater: android.view.InflateException: Binary XML file line #25: Binary XML file line #25: Error inflating class <unknown>
06-12 17:38:06.989  2475  2475 W PreviewInflater: Caused by: android.view.InflateException: Binary XML file line #25: Error inflating class <unknown>
06-12 17:38:06.989  2475  2475 W PreviewInflater: Caused by: java.lang.reflect.InvocationTargetException
06-12 17:38:06.989  2475  2475 W PreviewInflater: 	at java.lang.reflect.Constructor.newInstance0(Native Method)
06-12 17:38:06.989  2475  2475 W PreviewInflater: 	at java.lang.reflect.Constructor.newInstance(Constructor.java:343)
06-12 17:38:06.989  2475  2475 W PreviewInflater: 	at android.view.LayoutInflater.createView(LayoutInflater.java:647)
06-12 17:38:06.989  2475  2475 W PreviewInflater: 	at com.android.internal.policy.PhoneLayoutInflater.onCreateView(PhoneLayoutInflater.java:58)
06-12 17:38:06.989  2475  2475 W PreviewInflater: 	at android.view.LayoutInflater.onCreateView(LayoutInflater.java:720)
06-12 17:38:06.989  2475  2475 W PreviewInflater: 	at android.view.LayoutInflater.createViewFromTag(LayoutInflater.java:788)
06-12 17:38:06.989  2475  2475 W PreviewInflater: 	at android.view.LayoutInflater.createViewFromTag(LayoutInflater.java:730)
06-12 17:38:06.989  2475  2475 W PreviewInflater: 	at android.view.LayoutInflater.rInflate(LayoutInflater.java:863)
06-12 17:38:06.989  2475  2475 W PreviewInflater: 	at android.view.LayoutInflater.rInflateChildren(LayoutInflater.java:824)
06-12 17:38:06.989  2475  2475 W PreviewInflater: 	at android.view.LayoutInflater.inflate(LayoutInflater.java:515)
06-12 17:38:06.989  2475  2475 W PreviewInflater: 	at android.view.LayoutInflater.inflate(LayoutInflater.java:423)
06-12 17:38:06.989  2475  2475 W PreviewInflater: 	at com.android.systemui.statusbar.policy.PreviewInflater.inflateWidgetView(PreviewInflater.java:99)
06-12 17:38:06.989  2475  2475 W PreviewInflater: 	at com.android.systemui.statusbar.policy.PreviewInflater.inflatePreview(PreviewInflater.java:82)
06-12 17:38:06.989  2475  2475 W PreviewInflater: 	at com.android.systemui.statusbar.policy.PreviewInflater.inflatePreview(PreviewInflater.java:70)
06-12 17:38:06.989  2475  2475 W PreviewInflater: 	at com.android.systemui.statusbar.phone.KeyguardBottomAreaView.updateLeftPreview(KeyguardBottomAreaView.java:836)
06-12 17:38:06.989  2475  2475 W PreviewInflater: 	at com.android.systemui.statusbar.phone.KeyguardBottomAreaView.updateLeftAffordance(KeyguardBottomAreaView.java:945)
06-12 17:38:06.989  2475  2475 W PreviewInflater: 	at com.android.systemui.statusbar.phone.KeyguardBottomAreaView.setLeftButton(KeyguardBottomAreaView.java:965)
06-12 17:38:06.989  2475  2475 W PreviewInflater: 	at com.android.systemui.statusbar.phone.KeyguardBottomAreaView.lambda$onAttachedToWindow$5(KeyguardBottomAreaView.java:303)
06-12 17:38:06.989  2475  2475 W PreviewInflater: 	at com.android.systemui.statusbar.phone.-$$Lambda$KeyguardBottomAreaView$owXxFBBnubMOAUdfyf5a48bf-Zo.accept(Unknown Source:4)
06-12 17:38:06.989  2475  2475 W PreviewInflater: 	at com.android.systemui.statusbar.policy.ExtensionControllerImpl$ExtensionImpl.notifyChanged(ExtensionControllerImpl.java:180)
06-12 17:38:06.989  2475  2475 W PreviewInflater: 	at com.android.systemui.statusbar.policy.ExtensionControllerImpl$ExtensionImpl.access$400(ExtensionControllerImpl.java:126)
06-12 17:38:06.989  2475  2475 W PreviewInflater: 	at com.android.systemui.statusbar.policy.ExtensionControllerImpl$ExtensionBuilder.build(ExtensionControllerImpl.java:121)
06-12 17:38:06.989  2475  2475 W PreviewInflater: 	at com.android.systemui.statusbar.phone.KeyguardBottomAreaView.onAttachedToWindow(KeyguardBottomAreaView.java:304)
06-12 17:38:06.989  2475  2475 W PreviewInflater: 	at android.view.View.dispatchAttachedToWindow(View.java:18355)
06-12 17:38:06.989  2475  2475 W PreviewInflater: 	at android.view.ViewGroup.dispatchAttachedToWindow(ViewGroup.java:3399)
06-12 17:38:06.989  2475  2475 W PreviewInflater: 	at android.view.ViewGroup.dispatchAttachedToWindow(ViewGroup.java:3406)
06-12 17:38:06.989  2475  2475 W PreviewInflater: 	at android.view.ViewGroup.dispatchAttachedToWindow(ViewGroup.java:3406)
06-12 17:38:06.989  2475  2475 W PreviewInflater: 	at android.view.ViewRootImpl.performTraversals(ViewRootImpl.java:1796)
06-12 17:38:06.989  2475  2475 W PreviewInflater: 	at android.view.ViewRootImpl.doTraversal(ViewRootImpl.java:1494)
06-12 17:38:06.989  2475  2475 W PreviewInflater: 	at android.view.ViewRootImpl$TraversalRunnable.run(ViewRootImpl.java:7288)
06-12 17:38:06.989  2475  2475 W PreviewInflater: 	at android.view.Choreographer$CallbackRecord.run(Choreographer.java:949)
06-12 17:38:06.989  2475  2475 W PreviewInflater: 	at android.view.Choreographer.doCallbacks(Choreographer.java:761)
06-12 17:38:06.989  2475  2475 W PreviewInflater: 	at android.view.Choreographer.doFrame(Choreographer.java:696)
06-12 17:38:06.989  2475  2475 W PreviewInflater: 	at android.view.Choreographer$FrameDisplayEventReceiver.run(Choreographer.java:935)
06-12 17:38:06.989  2475  2475 W PreviewInflater: 	at android.os.Handler.handleCallback(Handler.java:873)
06-12 17:38:06.989  2475  2475 W PreviewInflater: 	at android.os.Handler.dispatchMessage(Handler.java:99)
06-12 17:38:06.989  2475  2475 W PreviewInflater: 	at android.os.Looper.loop(Looper.java:193)
06-12 17:38:06.989  2475  2475 W PreviewInflater: 	at android.app.ActivityThread.main(ActivityThread.java:6923)
06-12 17:38:06.989  2475  2475 W PreviewInflater: 	at java.lang.reflect.Method.invoke(Native Method)
06-12 17:38:06.989  2475  2475 W PreviewInflater: 	at com.android.internal.os.RuntimeInit$MethodAndArgsCaller.run(RuntimeInit.java:493)
06-12 17:38:06.989  2475  2475 W PreviewInflater: 	at com.android.internal.os.ZygoteInit.main(ZygoteInit.java:870)
06-12 17:38:06.989  2475  2475 W PreviewInflater: Caused by: java.lang.UnsupportedOperationException: Failed to resolve attribute at index 13: TypedValue{t=0x2/d=0x7f04017b a=-1}
06-12 17:38:06.989  2475  2475 W PreviewInflater: 	at android.content.res.TypedArray.getDrawableForDensity(TypedArray.java:946)
06-12 17:38:06.989  2475  2475 W PreviewInflater: 	at android.content.res.TypedArray.getDrawable(TypedArray.java:930)
06-12 17:38:06.989  2475  2475 W PreviewInflater: 	at android.view.View.<init>(View.java:5013)
06-12 17:38:06.989  2475  2475 W PreviewInflater: 	at android.view.View.<init>(View.java:4914)
06-12 17:38:06.989  2475  2475 W PreviewInflater: 	at android.view.View.<init>(View.java:4893)
06-12 17:38:06.989  2475  2475 W PreviewInflater: 	... 41 more
06-12 17:38:06.991  1944  2717 I Telecom : Logging.Events: Non-call EVENT: AUDIO_ROUTE, Entering state QuiescentEarpieceRoute
06-12 17:38:06.991  1944  2717 I TelecomService: BluetoothRouteManager: getBluetoothAudioConnectedDevice: no headset service available.
06-12 17:38:06.998  1944  2718 I TelecomService: CallAudioModeStateMachine: Message received: null.: TS.init->CAMSM.pM_1@AAA
06-12 17:38:07.005  1944  1944 I TelecomService: MissedCallNotifierImpl: reloadFromDatabase: Boot not yet complete -- call log db may not be available. Deferring loading until boot complete for user 0: TS.init@AAA
06-12 17:38:07.007  1944  1944 D BluetoothManagerService: Trying to bind to profile: 1, while Bluetooth was disabled
06-12 17:38:07.011  2475  2475 D StatusBar: disable<e i a s b H!R!c s > disable2<q i n >
06-12 17:38:07.014  1944  1944 I TelecomService: Class: TelecomSystem.INSTANCE being set
06-12 17:38:07.016  1944  1944 W ContextImpl: Calling a method in the system process without a qualified user: android.app.ContextImpl.startService:1546 android.content.ContextWrapper.startService:664 com.android.server.telecom.components.TelecomService.initializeTelecomSystem:193 com.android.server.telecom.components.TelecomService.onBind:66 android.app.ActivityThread.handleBindService:3776 
06-12 17:38:07.017  1944  1944 W Looper  : Slow dispatch took 110ms main h=android.app.ActivityThread$H c=null m=121
06-12 17:38:07.019  2653  2653 I m.android.phon: The ClassLoaderContext is a special shared library.
06-12 17:38:07.047  1944  2435 D WifiService: New client listening to asynchronous messages
06-12 17:38:07.051  2653  2653 D OperatorDatabaseProvider: onCreate
06-12 17:38:07.054  2653  2653 W SQLiteLog: (28) convert PosixError 9 to SqliteError 3850
06-12 17:38:07.063  2653  2653 D TelephonyProvider: dbh.onOpen: ok, queried table=siminfo
06-12 17:38:07.064  2653  2653 D TelephonyProvider: dbh.onOpen: ok, queried table=carriers
06-12 17:38:07.092  1944  1944 W ContextImpl: Calling a method in the system process without a qualified user: android.app.ContextImpl.startService:1546 com.android.server.content.SyncManager$14.run:756 android.os.Handler.handleCallback:873 android.os.Handler.dispatchMessage:99 android.os.Looper.loop:193 
06-12 17:38:07.094  1181  2332 D installd: Found storage mount /data/media at /mnt/runtime/default/emulated
06-12 17:38:07.098  1944  1944 V SettingsProvider: Notifying for 0: content://settings/global/boot_count
06-12 17:38:07.098  1944  2129 W UsageStatsService: Event reported without a package name
06-12 17:38:07.132  1191  2297 I NuPlayerDecoder: [audio] saw output EOS
06-12 17:38:07.132  1191  2294 D AudioTrack: stop() called with 195584 frames delivered
06-12 17:38:07.137  2653  2653 D TelephonyProvider: Checksum for /system/etc/apns-conf.xml is 4000848662
06-12 17:38:07.139  2653  2653 D TelephonyProvider: newChecksum: 4000848662
06-12 17:38:07.139  2653  2653 D TelephonyProvider: oldChecksum: 4000848662
06-12 17:38:07.140  2653  2653 D TelephonyProvider: Checksum for /oem/etc/apns-conf.xml is 159156183
06-12 17:38:07.140  2653  2653 D TelephonyProvider: newOemChecksum: 159156183
06-12 17:38:07.141  2653  2653 D TelephonyProvider: oldOemChecksum: 159156183
06-12 17:38:07.145  1944  2129 W ActivityManager: Unable to start service Intent { cmp=com.motorola.faceunlock/.service.CameraFaceUnlockService } U=0: not found
06-12 17:38:07.146  2653  2653 D CarrierIdProvider: onCreate
06-12 17:38:07.148  1944  1944 V WiredAccessoryManager: init()
06-12 17:38:07.152  2653  2653 D CarrierIdProvider: update database from pb file
06-12 17:38:07.166  2653  2653 E CarrierIdProvider: read carrier list from ota pb failure: java.io.FileNotFoundException: /data/misc/carrierid/carrier_list.pb (No such file or directory)
06-12 17:38:07.167  2653  2653 D CarrierIdProvider: latest version: 2 need update: false
06-12 17:38:07.168  2653  2653 D CarrierProvider: onCreate
06-12 17:38:07.194  2653  2653 I m.android.phon: The ClassLoaderContext is a special shared library.
06-12 17:38:07.202  2653  2653 I ImsResolver: Initializing cache and binding.
06-12 17:38:07.211  2653  2653 I android_os_HwBinder: HwBinder: Starting thread pool for slot1::android.hardware.radio@1.0::IRadio
06-12 17:38:07.219  2653  2653 I android_os_HwBinder: HwBinder: Starting thread pool for slot1::android.hardware.radio.deprecated@1.0::IOemHook
06-12 17:38:07.222  2653  2653 I android_os_HwBinder: HwBinder: Starting thread pool for default::android.hidl.manager@1.0::IServiceManager
06-12 17:38:07.226  2653  2653 I android_os_HwBinder: HwBinder: Starting thread pool for slot2::android.hardware.radio@1.0::IRadio
06-12 17:38:07.226  2653  2726 I android_os_HwBinder: HwBinder: Starting thread pool for slot1::vendor.qti.hardware.radio.qtiradio@1.0::IQtiRadio
06-12 17:38:07.233  2653  2653 I android_os_HwBinder: HwBinder: Starting thread pool for slot2::android.hardware.radio.deprecated@1.0::IOemHook
06-12 17:38:07.235  2653  2653 I android_os_HwBinder: HwBinder: Starting thread pool for default::android.hidl.manager@1.0::IServiceManager
06-12 17:38:07.239  2653  2726 I android_os_HwBinder: HwBinder: Starting thread pool for slot2::vendor.qti.hardware.radio.qtiradio@1.0::IQtiRadio
06-12 17:38:07.270  1944  2155 I ActivityManager: Start proc 2731:com.roaming.android.gsimcontentprovider/u0a127 for content provider com.roaming.android.gsimcontentprovider/.GSimContentProvider
06-12 17:38:07.271  1951  1952 D LSPosed : zygisk_main.cpp:362#void lspd::CompanionEntry(int): Got cache with fd=7 size=12
06-12 17:38:07.272  2731  2731 D LSPosed : symbol_cache.cpp:55#void lspd::InitSymbolCache(lspd::SymbolCache *): InitSymbolCache
06-12 17:38:07.272  2731  2731 D LSPosed : symbol_cache.cpp:57#void lspd::InitSymbolCache(lspd::SymbolCache *): Already initialized
06-12 17:38:07.318  2731  2731 E contentprovide: Not starting debugger since process cannot load the jdwp agent.
06-12 17:38:07.321  2731  2731 D LSPosed : magisk_loader.cpp:231#void lspd::MagiskLoader::OnNativeForkAndSpecializePost(JNIEnv *, jstring): skipped com.roaming.android.gsimcontentprovider
06-12 17:38:07.327  1180  1180 D incidentd: Start uploading backlogs in /data/misc/incidents/
06-12 17:38:07.328  1180  1180 D incidentd: Successfully uploaded 0 files to Dropbox.
06-12 17:38:07.359  2731  2731 I contentprovide: The ClassLoaderContext is a special shared library.
06-12 17:38:07.381  1191  2295 I NuPlayerDecoder: [video] saw output EOS
06-12 17:38:07.400  1944  1944 D AccessibilityManagerService: Ignoring non-encryption-aware service ComponentInfo{com.google.android.marvin.talkback/com.google.android.accessibility.accessibilitymenu.AccessibilityMenuService}
06-12 17:38:07.400  1944  1944 D AccessibilityManagerService: Ignoring non-encryption-aware service ComponentInfo{com.motorola.audiomonitor/com.aiqudo.actionkit.internal.engine.RecordReplayService}
06-12 17:38:07.400  1944  1944 D AccessibilityManagerService: Ignoring non-encryption-aware service ComponentInfo{com.camel.corp.universalcopy/com.camel.corp.universalcopy.UniversalCopyService}
06-12 17:38:07.400  1944  1944 D AccessibilityManagerService: Ignoring non-encryption-aware service ComponentInfo{com.oasisfeng.greenify/com.oasisfeng.greenify.AccessibilityDispatcher}
06-12 17:38:07.400  1944  1944 D AccessibilityManagerService: Ignoring non-encryption-aware service ComponentInfo{com.teslacoilsw.launcher/com.teslacoilsw.launcher.NovaAccessibilityService}
06-12 17:38:07.400  1944  1944 D AccessibilityManagerService: Ignoring non-encryption-aware service ComponentInfo{it.nadolski.blipblip/it.nadolski.blipblip.schedule.BlipAccess}
06-12 17:38:07.400  1944  1944 D AccessibilityManagerService: Ignoring non-encryption-aware service ComponentInfo{net.dinglisch.android.taskerm/net.dinglisch.android.taskerm.MyAccessibilityService}
06-12 17:38:07.401  1944  1944 W Looper  : Slow dispatch took 231ms main h=android.app.ActivityThread$H c=android.app.-$$Lambda$LoadedApk$ReceiverDispatcher$Args$_BumDX2UKsnxLVrE6UJsJZkotuA@df76645 m=0
06-12 17:38:07.402  1944  1944 V NotificationListeners: enabling notification listener for 0: ComponentInfo{com.google.android.apps.restore/com.google.android.apps.pixelmigrate.component.NotificationConsolidatorService}
06-12 17:38:07.402  1944  1944 V NotificationListeners: binding: Intent { act=android.service.notification.NotificationListenerService cmp=com.google.android.apps.restore/com.google.android.apps.pixelmigrate.component.NotificationConsolidatorService (has extras) }
06-12 17:38:07.403  1944  1944 W ActivityManager: Unable to start service Intent { act=android.service.notification.NotificationListenerService cmp=com.google.android.apps.restore/com.google.android.apps.pixelmigrate.component.NotificationConsolidatorService } U=0: not found
06-12 17:38:07.403  1944  1944 W NotificationListeners: Unable to bind notification listener service: Intent { act=android.service.notification.NotificationListenerService cmp=com.google.android.apps.restore/com.google.android.apps.pixelmigrate.component.NotificationConsolidatorService (has extras) }
06-12 17:38:07.403  1944  1944 V NotificationListeners: enabling notification listener for 0: ComponentInfo{com.motorola.motodisplay/com.motorola.motodisplay.notification.DisplayNotifListenerService}
06-12 17:38:07.403  1944  1944 V NotificationListeners: binding: Intent { act=android.service.notification.NotificationListenerService cmp=com.motorola.motodisplay/.notification.DisplayNotifListenerService (has extras) }
06-12 17:38:07.405  1944  1944 V NotificationListeners: enabling notification listener for 0: ComponentInfo{com.google.android.setupwizard/com.google.android.setupwizard.predeferred.NotificationConsolidatorService}
06-12 17:38:07.405  1944  1944 V NotificationListeners: binding: Intent { act=android.service.notification.NotificationListenerService cmp=com.google.android.setupwizard/.predeferred.NotificationConsolidatorService (has extras) }
06-12 17:38:07.405  1944  1944 W ActivityManager: Unable to start service Intent { act=android.service.notification.NotificationListenerService cmp=com.google.android.setupwizard/.predeferred.NotificationConsolidatorService } U=0: not found
06-12 17:38:07.405  1944  1944 W NotificationListeners: Unable to bind notification listener service: Intent { act=android.service.notification.NotificationListenerService cmp=com.google.android.setupwizard/.predeferred.NotificationConsolidatorService (has extras) }
06-12 17:38:07.405  1944  1944 V NotificationListeners: enabling notification listener for 0: ComponentInfo{com.motorola.launcher3/com.android.launcher3.notification.NotificationListener}
06-12 17:38:07.406  1944  1944 V NotificationListeners: binding: Intent { act=android.service.notification.NotificationListenerService cmp=com.motorola.launcher3/com.android.launcher3.notification.NotificationListener (has extras) }
06-12 17:38:07.406  1944  1944 W ActivityManager: Unable to start service Intent { act=android.service.notification.NotificationListenerService cmp=com.motorola.launcher3/com.android.launcher3.notification.NotificationListener } U=0: not found
06-12 17:38:07.406  1944  1944 W NotificationListeners: Unable to bind notification listener service: Intent { act=android.service.notification.NotificationListenerService cmp=com.motorola.launcher3/com.android.launcher3.notification.NotificationListener (has extras) }
06-12 17:38:07.406  1944  1944 V NotificationAssistants: enabling notification assistant for 0: ComponentInfo{com.google.android.ext.services/android.ext.services.notification.Assistant}
06-12 17:38:07.407  1944  1944 V NotificationAssistants: binding: Intent { act=android.service.notification.NotificationAssistantService cmp=com.google.android.ext.services/android.ext.services.notification.Assistant (has extras) }
06-12 17:38:07.409  1076  1076 D APM_AudioPolicyManager: setForceUse() usage 3, config 8, mPhoneState 0
06-12 17:38:07.409  1076  1076 D APM_AudioPolicyManager: setForceUse() usage 6, config 0, mPhoneState 0
06-12 17:38:07.411  1055  2299 D audio_hw_primary: adev_set_mic_mute: state 0
06-12 17:38:07.411  1055  2299 W DeviceHAL: Error from HAL Device in function set_mic_mute: Function not implemented
06-12 17:38:07.412  1055  2299 I chatty  : uid=1041(audioserver) HwBinder:1055_3 identical 1 line
06-12 17:38:07.412  1055  2299 W DeviceHAL: Error from HAL Device in function set_mic_mute: Function not implemented
06-12 17:38:07.415  1076  1504 D APM_AudioPolicyManager: setForceUse() usage 7, config 0, mPhoneState 0
06-12 17:38:07.419  1944  2155 I ActivityManager: Start proc 2747:com.motorola.motodisplay/u0a73 for service com.motorola.motodisplay/.notification.DisplayNotifListenerService
06-12 17:38:07.422  1951  1952 D LSPosed : zygisk_main.cpp:362#void lspd::CompanionEntry(int): Got cache with fd=7 size=12
06-12 17:38:07.423  2747  2747 D LSPosed : symbol_cache.cpp:55#void lspd::InitSymbolCache(lspd::SymbolCache *): InitSymbolCache
06-12 17:38:07.423  2747  2747 D LSPosed : symbol_cache.cpp:57#void lspd::InitSymbolCache(lspd::SymbolCache *): Already initialized
06-12 17:38:07.428  1944  1944 D ConditionProviders.SCP: onSubscribe condition://android/schedule?days=1.2.3.4.5.6.7&start=22.0&end=7.0&exitAtAlarm=true
06-12 17:38:07.428  1944  1944 D ConditionProviders.SCP: setRegistered true
06-12 17:38:07.429  1944  2172 D UsbDeviceManager: push notification:Carregando este dispositivo via USB
06-12 17:38:07.434  1944  2447 E ActivityThread: Failed to find provider info for com.android.calendar
06-12 17:38:07.435  1944  2155 I ActivityManager: Start proc 2754:com.google.android.ext.services/u0a24 for service com.google.android.ext.services/android.ext.services.notification.Assistant
06-12 17:38:07.435  1944  1944 D ConditionProviders.SCP: evaluateSubscriptionLocked cal=ScheduleCalendar[mDays={1, 2, 3, 4, 5, 6, 7}, mSchedule=ScheduleInfo{days=[1, 2, 3, 4, 5, 6, 7], startHour=22, startMinute=0, endHour=7, endMinute=0, exitAtAlarm=true, nextAlarm=Wed Dec 31 21:00:00 GMT-03:00 1969 (0)}], now=Sun Jun 12 17:38:07 GMT-03:00 2022 (1655066287428), nextUserAlarmTime=Wed Dec 31 21:00:00 GMT-03:00 1969 (0)
06-12 17:38:07.435  1944  1944 D ConditionProviders.SCP: notifyCondition condition://android/schedule?days=1.2.3.4.5.6.7&start=22.0&end=7.0&exitAtAlarm=true STATE_FALSE reason=!meetsSchedule
06-12 17:38:07.435  1944  2447 E ActivityThread: Failed to find provider info for com.android.calendar
06-12 17:38:07.436  1951  1952 D LSPosed : zygisk_main.cpp:362#void lspd::CompanionEntry(int): Got cache with fd=7 size=12
06-12 17:38:07.437  2754  2754 D LSPosed : symbol_cache.cpp:55#void lspd::InitSymbolCache(lspd::SymbolCache *): InitSymbolCache
06-12 17:38:07.437  1944  1944 D ConditionProviders.SCP: Scheduling evaluate for Sun Jun 12 22:00:00 GMT-03:00 2022 (1655082000000), in +4h21m52s572ms, now=Sun Jun 12 17:38:07 GMT-03:00 2022 (1655066287428)
06-12 17:38:07.437  2754  2754 D LSPosed : symbol_cache.cpp:57#void lspd::InitSymbolCache(lspd::SymbolCache *): Already initialized
06-12 17:38:07.439  1944  1944 D StatusBarManagerService: showing navigation bar...
06-12 17:38:07.449  1944  1944 I TelecomService: WiredHeadsetManager: ACTION_HEADSET_PLUG event, plugged in: false, : WHC.oADA@AAE
06-12 17:38:07.456  1944  2464 I SyncManager: Got SyncJobService instance.
06-12 17:38:07.456  1944  1944 V SettingsProvider: Notifying for 0: content://settings/global/network_recommendations_enabled
06-12 17:38:07.457  1944  1944 I AutofillManagerService: Updating Autofill for user 0: disabled=false
06-12 17:38:07.458  1944  1944 E AutofillManagerServiceImpl: Bad AutofillService name: com.google.android.gms/.autofill.service.AutofillService
06-12 17:38:07.458  1944  1944 E AutofillManagerServiceImpl: Bad AutofillService name: com.google.android.gms/.autofill.service.AutofillService
06-12 17:38:07.461  2475  2475 I OpaLayout: Setting opa enabled to true
06-12 17:38:07.465  1944  1944 W Looper  : Drained
06-12 17:38:07.469  2475  2475 I OpaLayout: Setting opa enabled to true
06-12 17:38:07.478  1944  2445 I chatty  : uid=1000(system) notification-sq expire 1 line
06-12 17:38:07.480  2747  2747 E ola.motodispla: Not starting debugger since process cannot load the jdwp agent.
06-12 17:38:07.483  2747  2747 D LSPosed : magisk_loader.cpp:231#void lspd::MagiskLoader::OnNativeForkAndSpecializePost(JNIEnv *, jstring): skipped com.motorola.motodisplay
06-12 17:38:07.490  2754  2754 E id.ext.service: Not starting debugger since process cannot load the jdwp agent.
06-12 17:38:07.493  2754  2754 D LSPosed : magisk_loader.cpp:231#void lspd::MagiskLoader::OnNativeForkAndSpecializePost(JNIEnv *, jstring): skipped com.google.android.ext.services
06-12 17:38:07.497  2475  2475 I OpaLayout: Setting opa enabled to true
06-12 17:38:07.502  2475  2475 I OpaLayout: Setting opa enabled to true
06-12 17:38:07.519  2747  2747 I ola.motodispla: The ClassLoaderContext is a special shared library.
06-12 17:38:07.520  2475  2475 I OpaLayout: Setting opa enabled to true
06-12 17:38:07.523  2475  2475 I OpaLayout: Setting opa enabled to true
06-12 17:38:07.532  2754  2754 I id.ext.service: The ClassLoaderContext is a special shared library.
06-12 17:38:07.539  2475  2475 I OpaLayout: Setting opa enabled to true
06-12 17:38:07.568  2475  2475 I chatty  : uid=10046(com.android.systemui) identical 2 lines
06-12 17:38:07.572  2475  2475 I OpaLayout: Setting opa enabled to true
06-12 17:38:07.599  2475  2475 W AlarmManager: Unrecognized alarm listener com.android.systemui.keyguard.-$$Lambda$KeyguardSliceProvider$IhzByd8TsqFuOrSyuGurVskyPLo@41830a5
06-12 17:38:07.602  2475  2588 E ActivityThread: Failed to find provider info for com.android.contacts
06-12 17:38:07.607  2475  2475 V LockscreenUserManager: userId 0 is in the house
06-12 17:38:07.609  2475  2475 V StatusBar: mStatusBarWindow: com.android.systemui.statusbar.phone.StatusBarWindowView{6930453 V.ED..... ......ID 0,0-1080,72} canPanelBeCollapsed(): false
06-12 17:38:07.654  1191  1906 D NuPlayerDriver: notifyListener_l(0xa9b9f000), (2, 0, 0, -1), loop setting(0, 0)
06-12 17:38:07.654  1191  1906 D NuPlayerDriver: notifyListener_l(0xa9b9f000), (211, 0, 0, 20), loop setting(0, 0)
06-12 17:38:07.657  1191  1923 D NuPlayerDriver: reset(0xa9b9f000) at state 6
06-12 17:38:07.659  1191  1923 D NuPlayerDriver: notifyListener_l(0xa9b9f000), (8, 0, 0, -1), loop setting(0, 0)
06-12 17:38:07.659  1191  1906 D NuPlayerDriver: notifyListener_l(0xa9b9f000), (211, 0, 0, 20), loop setting(0, 0)
06-12 17:38:07.659  1191  2297 I MediaCodec: (0xa956e800) flush
06-12 17:38:07.659  1191  2295 I MediaCodec: (0xa912e000) flush
06-12 17:38:07.660  1191  2297 I MediaCodec: (0xa956e800) release
06-12 17:38:07.664  1191  2295 I MediaCodec: (0xa912e000) release
06-12 17:38:07.673  1263  2415 I OMX-VDEC-1080P: omx_vdec::component_deinit() complete
06-12 17:38:07.676  1263  2415 I OMX-VDEC-1080P: Exit OMX vdec Destructor: fd=7
06-12 17:38:07.676  1263  2415 I OMX-VDEC-1080P: Video slvp perflock released
06-12 17:38:07.678  1191  2296 D SurfaceUtils: disconnecting from surface 0xa9bcb808, reason disconnectFromSurface
06-12 17:38:07.681  1191  2295 D SurfaceUtils: connecting to surface 0xa9bcb808, reason onShutdown
06-12 17:38:07.683  1191  1906 D NuPlayerDriver: notifyResetComplete(0xa9b9f000)
06-12 17:38:07.684  1191  2300 D NuPlayerDriver: reset(0xa9b9f000) at state 0
06-12 17:38:07.686  1191  2300 D SurfaceUtils: disconnecting from surface 0xa9bcb008, reason disconnectNativeWindow
06-12 17:38:07.686  1076  1903 E AudioFlinger: no wake lock to update, but system ready!
06-12 17:38:07.687  1191  2300 W AMessage: failed to post message as target looper for handler 0 is gone.
06-12 17:38:07.688  1191  1191 D NuPlayerDriver: NuPlayerDriver(0xab593100) created, clientPid(1506)
06-12 17:38:07.692  1191  1191 D SurfaceUtils: connecting to surface 0xa94ff008, reason setVideoSurfaceTexture
06-12 17:38:07.692  1191  2790 D NuPlayer: onSetVideoSurface(0xa94ff800, no video decoder)
06-12 17:38:07.694  1191  2791 D GenericSource: FileSource remote
06-12 17:38:07.698  1055  1904 D MotSpeakerHelper: Speaker ON: volume 0.500000 (step 12), usecase SAFE
06-12 17:38:07.699  1076  1493 D APM_AudioPolicyManager: stopOutput() output 13, stream 3, session 9
06-12 17:38:07.701  1055  1904 D MotSpeakerHelper: Speaker ON: volume 0.500000 (step 12), usecase SAFE
06-12 17:38:07.701  1055  1904 I chatty  : uid=1041(audioserver) HwBinder:1055_1 identical 2 lines
06-12 17:38:07.702  1055  1904 D MotSpeakerHelper: Speaker ON: volume 0.500000 (step 12), usecase SAFE
06-12 17:38:07.707  1188  1919 I SampleTable: There are reordered frames present.
06-12 17:38:07.710  1191  2790 D NuPlayerDriver: notifyListener_l(0xab593100), (5, 1080, 2160, -1), loop setting(0, 0)
06-12 17:38:07.710  1188  1188 D MediaBufferGroup: creating MemoryDealer
06-12 17:38:07.710  1191  2790 D NuPlayerDriver: notifyListener_l(0xab593100), (1, 0, 0, -1), loop setting(0, 0)
06-12 17:38:07.711  1191  2300 D NuPlayerDriver: start(0xab593100), state is 4, eos is 0
06-12 17:38:07.711  1191  2790 I GenericSource: start
06-12 17:38:07.711  1506  1706 V BootAnimation: playing 02_loop.mp4 
06-12 17:38:07.712  1191  2790 W Utils   : track of type 'audio/mp4a-latm' does not publish channel mask, channel count 2
06-12 17:38:07.715  1191  2793 I MediaCodec: (0xa94bd000) init name(OMX.qcom.video.decoder.avc)
06-12 17:38:07.715  1191  2790 W Utils   : track of type 'audio/mp4a-latm' does not publish channel mask, channel count 2
06-12 17:38:07.717  1191  2795 I OMXClient: IOmx service obtained
06-12 17:38:07.717  1263  2415 I OMXMaster: makeComponentInstance(OMX.qcom.video.decoder.avc) in omx@1.0-service process
06-12 17:38:07.718  1076  2787 I hash_map_utils: key: 'is_hw_dec_session_available' value: 'audio/mp4a-latm'
06-12 17:38:07.719  1191  2796 I MediaCodec: (0xa9109000) init name(OMX.google.aac.decoder)
06-12 17:38:07.721  1191  2797 I OMXClient: IOmx service obtained
06-12 17:38:07.723  1263  2415 I OMX-VDEC-1080P: Video slvp perflock acquired
06-12 17:38:07.724  1263  2415 I OMX-VDEC-1080P: component_init: OMX.qcom.video.decoder.avc : fd=7
06-12 17:38:07.731  1263  2415 I OMX-VDEC-1080P: omx_vdec::component_init() success : fd=7
06-12 17:38:07.731  1263  1382 I OMXMaster: makeComponentInstance(OMX.google.aac.decoder) in omx@1.0-service process
06-12 17:38:07.731  1191  2794 I MediaCodec: (0xa94bd000) Component Allocated (OMX.qcom.video.decoder.avc)
06-12 17:38:07.732  1191  2793 D SurfaceUtils: disconnecting from surface 0xa94ff808, reason onConfigure
06-12 17:38:07.733  1191  2793 I MediaCodec: (0xa94bd000) configure surface(0xa94ff800) crypto(0x0) flags(0)
06-12 17:38:07.733  1191  2797 I MediaCodec: (0xa9109000) Component Allocated (OMX.google.aac.decoder)
06-12 17:38:07.733  1191  2793 D MediaCodec: (0xa94bd000) configure format: AMessage(what = 0x00000000) = {
06-12 17:38:07.733  1191  2793 D MediaCodec:       string mime = "video/avc"
06-12 17:38:07.733  1191  2793 D MediaCodec:       int64_t durationUs = 1583333
06-12 17:38:07.733  1191  2793 D MediaCodec:       int32_t track-id = 1
06-12 17:38:07.733  1191  2793 D MediaCodec:       string language = "und"
06-12 17:38:07.733  1191  2793 D MediaCodec:       int32_t width = 1080
06-12 17:38:07.733  1191  2793 D MediaCodec:       int32_t height = 2160
06-12 17:38:07.733  1191  2793 D MediaCodec:       int32_t display-width = 1080
06-12 17:38:07.733  1191  2793 D MediaCodec:       int32_t display-height = 2160
06-12 17:38:07.733  1191  2793 D MediaCodec:       int32_t max-input-size = 86933
06-12 17:38:07.733  1191  2793 D MediaCodec:       int32_t frame-rate = 24
06-12 17:38:07.733  1191  2793 D MediaCodec:       int32_t profile = 2
06-12 17:38:07.733  1191  2793 D MediaCodec:       int32_t level = 2048
06-12 17:38:07.733  1191  2793 D MediaCodec:       Buffer csd-0 = {
06-12 17:38:07.733  1191  2793 D MediaCodec:         00000000:  00 00 00 01 67 4d 40 28  ec a0 22 00 87 f2 f8 0b  ....gM@(..".....
06-12 17:38:07.733  1191  2793 D MediaCodec:         00000010:  50 10 10 14 00 00 03 00  04 00 0a fc 80 3c 60 c6  P............<`.
06-12 17:38:07.733  1191  2793 D MediaCodec:         00000020:  58                                                X
06-12 17:38:07.733  1191  2793 D MediaCodec:       }
06-12 17:38:07.733  1191  2793 D MediaCodec:       Buffer csd-1 = {
06-12 17:38:07.733  1191  2793 D MediaCodec:         00000000:  00 00 00 01 68 ea e3 cb  20                       ....h... 
06-12 17:38:07.733  1191  2793 D MediaCodec:       }
06-12 17:38:07.733  1191  2793 D MediaCodec:       int32_t priority = 0
06-12 17:38:07.733  1191  2793 D MediaCodec:       float operating-rate = 24.000000
06-12 17:38:07.733  1191  2793 D MediaCodec:     }
06-12 17:38:07.733  1191  2796 I MediaCodec: (0xa9109000) configure surface(0x0) crypto(0x0) flags(0)
06-12 17:38:07.733  1191  2794 D SurfaceUtils: connecting to surface 0xa94ff808, reason connectToSurface
06-12 17:38:07.733  1191  2796 D MediaCodec: (0xa9109000) configure format: AMessage(what = 0x00000000) = {
06-12 17:38:07.733  1191  2796 D MediaCodec:       string mime = "audio/mp4a-latm"
06-12 17:38:07.733  1191  2796 D MediaCodec:       int64_t durationUs = 1642666
06-12 17:38:07.733  1191  2796 D MediaCodec:       int32_t track-id = 2
06-12 17:38:07.733  1191  2796 D MediaCodec:       string language = "eng"
06-12 17:38:07.733  1191  2796 D MediaCodec:       int32_t channel-count = 2
06-12 17:38:07.733  1191  2796 D MediaCodec:       int32_t sample-rate = 48000
06-12 17:38:07.733  1191  2796 D MediaCodec:       int32_t aac-profile = 2
06-12 17:38:07.733  1191  2796 D MediaCodec:       int32_t max-input-size = 26
06-12 17:38:07.733  1191  2796 D MediaCodec:       Buffer csd-0 = {
06-12 17:38:07.733  1191  2796 D MediaCodec:         00000000:  11 90                                             ..
06-12 17:38:07.733  1191  2796 D MediaCodec:       }
06-12 17:38:07.733  1191  2796 D MediaCodec:       int32_t profile = 2
06-12 17:38:07.733  1191  2796 D MediaCodec:       int32_t priority = 0
06-12 17:38:07.733  1191  2796 D MediaCodec:       int32_t pcm-encoding = 2
06-12 17:38:07.733  1191  2796 D MediaCodec:     }
06-12 17:38:07.733  1191  2794 I MediaCodec: [OMX.qcom.video.decoder.avc] setting surface generation to 1219586
06-12 17:38:07.733  1191  2794 D SurfaceUtils: disconnecting from surface 0xa94ff808, reason connectToSurface(reconnect)
06-12 17:38:07.734  1191  2794 D SurfaceUtils: connecting to surface 0xa94ff808, reason connectToSurface(reconnect)
06-12 17:38:07.734  1263  2393 E OMXNodeInstance: setConfig(0xb1ea9a80:google.aac.decoder, ConfigPriority(0x6f800002)) ERROR: Undefined(0x80001001)
06-12 17:38:07.734  1191  2797 I ACodec  : codec does not support config priority (err -2147483648)
06-12 17:38:07.735  1263  2393 E OMX-VDEC-1080P: Enable/Disable allocate-native-handle allowed only on input port!
06-12 17:38:07.735  1263  2393 E OMX-VDEC-1080P: set_parameter: Error: 0x80001019, setting param 0x7f00005d
06-12 17:38:07.735  1263  2393 E OMXNodeInstance: setParameter(0xb121a904:qcom.decoder.avc, OMX.google.android.index.allocateNativeHandle(0x7f00005d): Output:1 en=0) ERROR: UnsupportedSetting(0x80001019)
06-12 17:38:07.735  1191  2795 I ACodec  : DRC Mode: Dynamic Buffer Mode
06-12 17:38:07.735  1191  2795 I ExtendedACodec: setupVideoDecoder()
06-12 17:38:07.735  1191  2795 I ACodec  : [OMX.qcom.video.decoder.avc] setupVideoDecoder Width Height (1080x2160)
06-12 17:38:07.735  1191  2795 I ACodec  : mime (video/avc) compressionFormat (7)
06-12 17:38:07.735  1263  1263 E OMXNodeInstance: getConfig(0xb1ea9a80:google.aac.decoder, ConfigAndroidVendorExtension(0x6f100004)) ERROR: Undefined(0x80001001)
06-12 17:38:07.736  1191  2797 I MediaCodec: MediaCodec will operate in async mode
06-12 17:38:07.736  1191  2796 I MediaCodec: (0xa9109000) start
06-12 17:38:07.738  1034  1649 W qti_sensors_hal: reportSingleEvent: NearBy 0, pData 620,  highThd 1210
06-12 17:38:07.738  1035  1035 W AshmemAllocator: ashmem_create_region(8192) returning hidl_memory(0xac898160, 8192)
06-12 17:38:07.738  1055  2422 V MotSpeakerHelperProximity: updated mCurProximityState: FAR (5.000000)
06-12 17:38:07.738  1055  2422 V MotSpeakerHelperProximity: ThreadLoop event mProximityState = FAR, previous FAR
06-12 17:38:07.739  1035  1035 W AshmemAllocator: ashmem_create_region(8192) returning hidl_memory(0xac898160, 8192)
06-12 17:38:07.740  1035  1035 W AshmemAllocator: ashmem_create_region(8192) returning hidl_memory(0xac898160, 8192)
06-12 17:38:07.741  1191  2795 I ExtendedACodec: Decoder will be in frame by frame mode
06-12 17:38:07.741  1035  1035 W AshmemAllocator: ashmem_create_region(8192) returning hidl_memory(0xac898160, 8192)
06-12 17:38:07.743  1263  1382 E OMXNodeInstance: getConfig(0xb121a904:qcom.decoder.avc, ??(0x7f000062)) ERROR: UnsupportedSetting(0x80001019)
06-12 17:38:07.743  1035  1035 W AshmemAllocator: ashmem_create_region(32768) returning hidl_memory(0xac898160, 32768)
06-12 17:38:07.744  1191  2794 I MediaCodec: MediaCodec will operate in async mode
06-12 17:38:07.744  1035  1035 W AshmemAllocator: ashmem_create_region(32768) returning hidl_memory(0xac898160, 32768)
06-12 17:38:07.744  1191  2793 I MediaCodec: (0xa94bd000) start
06-12 17:38:07.744  1035  1035 W AshmemAllocator: ashmem_create_region(32768) returning hidl_memory(0xac898160, 32768)
06-12 17:38:07.745  1191  2797 I MediaCodec: (0xa9109000) kWhatStartCompleted
06-12 17:38:07.746  1035  1035 W AshmemAllocator: ashmem_create_region(6078464) returning hidl_memory(0xac898160, 6078464)
06-12 17:38:07.747  1263  2801 I SoftAAC2: Reconfiguring decoder: 0->48000 Hz, 0->2 channels
06-12 17:38:07.747  1035  1035 W AshmemAllocator: ashmem_create_region(6078464) returning hidl_memory(0xac898160, 6078464)
06-12 17:38:07.749  1035  1035 W AshmemAllocator: ashmem_create_region(6078464) returning hidl_memory(0xac898160, 6078464)
06-12 17:38:07.750  1035  1035 W AshmemAllocator: ashmem_create_region(32768) returning hidl_memory(0xac898160, 32768)
06-12 17:38:07.750  1035  1035 W AshmemAllocator: ashmem_create_region(32768) returning hidl_memory(0xac898160, 32768)
06-12 17:38:07.750  1191  2795 D SurfaceUtils: set up nativeWindow 0xa94ff808 for 1080x2160, color 0x7fa30c06, rotation 0, usage 0x20002900
06-12 17:38:07.751  1035  1035 W AshmemAllocator: ashmem_create_region(32768) returning hidl_memory(0xac898160, 32768)
06-12 17:38:07.751  1035  1035 W AshmemAllocator: ashmem_create_region(32768) returning hidl_memory(0xac898160, 32768)
06-12 17:38:07.753  1191  2797 D MediaCodec: (0xa9109000) kWhatOutputBuffersChanged
06-12 17:38:07.754  1191  2797 D MediaCodec: (0xa9109000) [OMX.google.aac.decoder] output format changed to: AMessage(what = 0x00000000) = {
06-12 17:38:07.754  1191  2797 D MediaCodec:       string mime = "audio/raw"
06-12 17:38:07.754  1191  2797 D MediaCodec:       int32_t channel-count = 2
06-12 17:38:07.754  1191  2797 D MediaCodec:       int32_t sample-rate = 48000
06-12 17:38:07.754  1191  2797 D MediaCodec:       int32_t pcm-encoding = 2
06-12 17:38:07.754  1191  2797 D MediaCodec:     }
06-12 17:38:07.754  1191  2796 I ExtendedNuUtils: Both src and dst missing for bit-width
06-12 17:38:07.754  1191  2796 I ExtendedNuUtils: Overriding durationUs: with 64 bit src value 1642666
06-12 17:38:07.754  1191  2796 I ExtendedNuUtils: Both src and dst missing for channel-mask
06-12 17:38:07.755  2475  2475 W PreviewInflater: Error creating widget view
06-12 17:38:07.755  2475  2475 W PreviewInflater: android.view.InflateException: Binary XML file line #25: Binary XML file line #25: Error inflating class <unknown>
06-12 17:38:07.755  2475  2475 W PreviewInflater: Caused by: android.view.InflateException: Binary XML file line #25: Error inflating class <unknown>
06-12 17:38:07.755  2475  2475 W PreviewInflater: Caused by: java.lang.reflect.InvocationTargetException
06-12 17:38:07.755  2475  2475 W PreviewInflater: 	at java.lang.reflect.Constructor.newInstance0(Native Method)
06-12 17:38:07.755  2475  2475 W PreviewInflater: 	at java.lang.reflect.Constructor.newInstance(Constructor.java:343)
06-12 17:38:07.755  2475  2475 W PreviewInflater: 	at android.view.LayoutInflater.createView(LayoutInflater.java:647)
06-12 17:38:07.755  2475  2475 W PreviewInflater: 	at com.android.internal.policy.PhoneLayoutInflater.onCreateView(PhoneLayoutInflater.java:58)
06-12 17:38:07.755  2475  2475 W PreviewInflater: 	at android.view.LayoutInflater.onCreateView(LayoutInflater.java:720)
06-12 17:38:07.755  2475  2475 W PreviewInflater: 	at android.view.LayoutInflater.createViewFromTag(LayoutInflater.java:788)
06-12 17:38:07.755  2475  2475 W PreviewInflater: 	at android.view.LayoutInflater.createViewFromTag(LayoutInflater.java:730)
06-12 17:38:07.755  2475  2475 W PreviewInflater: 	at android.view.LayoutInflater.rInflate(LayoutInflater.java:863)
06-12 17:38:07.755  2475  2475 W PreviewInflater: 	at android.view.LayoutInflater.rInflateChildren(LayoutInflater.java:824)
06-12 17:38:07.755  2475  2475 W PreviewInflater: 	at android.view.LayoutInflater.inflate(LayoutInflater.java:515)
06-12 17:38:07.755  2475  2475 W PreviewInflater: 	at android.view.LayoutInflater.inflate(LayoutInflater.java:423)
06-12 17:38:07.755  2475  2475 W PreviewInflater: 	at com.android.systemui.statusbar.policy.PreviewInflater.inflateWidgetView(PreviewInflater.java:99)
06-12 17:38:07.755  2475  2475 W PreviewInflater: 	at com.android.systemui.statusbar.policy.PreviewInflater.inflatePreview(PreviewInflater.java:82)
06-12 17:38:07.755  2475  2475 W PreviewInflater: 	at com.android.systemui.statusbar.policy.PreviewInflater.inflatePreview(PreviewInflater.java:70)
06-12 17:38:07.755  2475  2475 W PreviewInflater: 	at com.android.systemui.statusbar.phone.KeyguardBottomAreaView.updateLeftPreview(KeyguardBottomAreaView.java:836)
06-12 17:38:07.755  2475  2475 W PreviewInflater: 	at com.android.systemui.statusbar.phone.KeyguardBottomAreaView.updateLeftAffordance(KeyguardBottomAreaView.java:945)
06-12 17:38:07.755  2475  2475 W PreviewInflater: 	at com.android.systemui.statusbar.phone.KeyguardBottomAreaView.onKeyguardShowingChanged(KeyguardBottomAreaView.java:949)
06-12 17:38:07.755  2475  2475 W PreviewInflater: 	at com.android.systemui.statusbar.phone.NotificationPanelView.setBarState(NotificationPanelView.java:1233)
06-12 17:38:07.755  2475  2475 W PreviewInflater: 	at com.android.systemui.statusbar.phone.StatusBar.updateKeyguardState(StatusBar.java:4312)
06-12 17:38:07.755  2475  2475 W PreviewInflater: 	at com.android.systemui.statusbar.phone.StatusBar.showKeyguardImpl(StatusBar.java:3970)
06-12 17:38:07.755  2475  2475 W PreviewInflater: 	at com.android.systemui.statusbar.phone.StatusBar.updateIsKeyguard(StatusBar.java:3950)
06-12 17:38:07.755  2475  2475 W PreviewInflater: 	at com.android.systemui.statusbar.phone.StatusBar.showKeyguard(StatusBar.java:3909)
06-12 17:38:07.755  2475  2475 W PreviewInflater: 	at com.android.systemui.statusbar.phone.StatusBarKeyguardViewManager.showBouncerOrKeyguard(StatusBarKeyguardViewManager.java:306)
06-12 17:38:07.755  2475  2475 W PreviewInflater: 	at com.android.systemui.statusbar.phone.StatusBarKeyguardViewManager.reset(StatusBarKeyguardViewManager.java:381)
06-12 17:38:07.755  2475  2475 W PreviewInflater: 	at com.android.systemui.statusbar.phone.StatusBarKeyguardViewManager.show(StatusBarKeyguardViewManager.java:290)
06-12 17:38:07.755  2475  2475 W PreviewInflater: 	at com.android.systemui.keyguard.KeyguardViewMediator.handleShow(KeyguardViewMediator.java:1954)
06-12 17:38:07.755  2475  2475 W PreviewInflater: 	at com.android.systemui.keyguard.KeyguardViewMediator.access$3800(KeyguardViewMediator.java:147)
06-12 17:38:07.755  2475  2475 W PreviewInflater: 	at com.android.systemui.keyguard.KeyguardViewMediator$5.handleMessage(KeyguardViewMediator.java:1690)
06-12 17:38:07.755  2475  2475 W PreviewInflater: 	at android.os.Handler.dispatchMessage(Handler.java:106)
06-12 17:38:07.755  2475  2475 W PreviewInflater: 	at android.os.Looper.loop(Looper.java:193)
06-12 17:38:07.755  2475  2475 W PreviewInflater: 	at android.app.ActivityThread.main(ActivityThread.java:6923)
06-12 17:38:07.755  2475  2475 W PreviewInflater: 	at java.lang.reflect.Method.invoke(Native Method)
06-12 17:38:07.755  2475  2475 W PreviewInflater: 	at com.android.internal.os.RuntimeInit$MethodAndArgsCaller.run(RuntimeInit.java:493)
06-12 17:38:07.755  2475  2475 W PreviewInflater: 	at com.android.internal.os.ZygoteInit.main(ZygoteInit.java:870)
06-12 17:38:07.755  2475  2475 W PreviewInflater: Caused by: java.lang.UnsupportedOperationException: Failed to resolve attribute at index 13: TypedValue{t=0x2/d=0x7f04017b a=-1}
06-12 17:38:07.755  2475  2475 W PreviewInflater: 	at android.content.res.TypedArray.getDrawableForDensity(TypedArray.java:946)
06-12 17:38:07.755  2475  2475 W PreviewInflater: 	at android.content.res.TypedArray.getDrawable(TypedArray.java:930)
06-12 17:38:07.755  2475  2475 W PreviewInflater: 	at android.view.View.<init>(View.java:5013)
06-12 17:38:07.755  2475  2475 W PreviewInflater: 	at android.view.View.<init>(View.java:4914)
