06-12 17:38:06.779  1944  2155 W ActivityManager: Slow operation: 446ms so far, now at startProcess: done updating pids map
06-12 17:38:06.779  1944  2155 W ActivityManager: Slow operation: 446ms so far, now at startProcess: asking zygote to start proc
06-12 17:38:06.792  1944  2155 W ActivityManager: Slow operation: 459ms so far, now at startProcess: returned from zygote!
06-12 17:38:06.792  1944  2155 W ActivityManager: Slow operation: 459ms so far, now at startProcess: done updating battery stats
06-12 17:38:06.792  1944  2155 W ActivityManager: Slow operation: 459ms so far, now at startProcess: building log message
06-12 17:38:06.792  1944  2155 I ActivityManager: Start proc 2653:com.android.phone/1001 for added application com.android.phone
06-12 17:38:06.792  1944  2155 W ActivityManager: Slow operation: 459ms so far, now at startProcess: starting to update pids map
06-12 17:38:06.792  1944  2155 W ActivityManager: Slow operation: 459ms so far, now at startProcess: done updating pids map
06-12 17:38:06.792  1944  2155 W ActivityManager: Slow operation: 252ms so far, now at startProcess: asking zygote to start proc
06-12 17:38:06.808  1944  2155 W ActivityManager: Slow operation: 268ms so far, now at startProcess: returned from zygote!
06-12 17:38:06.808  1944  2155 W ActivityManager: Slow operation: 268ms so far, now at startProcess: done updating battery stats
06-12 17:38:06.808  1944  2155 W ActivityManager: Slow operation: 268ms so far, now at startProcess: building log message
06-12 17:38:06.808  1944  2155 I ActivityManager: Start proc 2661:com.android.settings/1000 for activity com.android.settings/.FallbackHome
06-12 17:38:06.808  1944  2155 W ActivityManager: Slow operation: 268ms so far, now at startProcess: starting to update pids map
06-12 17:38:06.808  1944  2155 W ActivityManager: Slow operation: 268ms so far, now at startProcess: done updating pids map
06-12 17:38:06.907  1944  1944 W Looper  : Slow dispatch took 148ms main h=android.app.ActivityThread$H c=null m=114
06-12 17:38:06.917  2475  2600 E ActivityThread: Failed to find provider info for com.android.contacts
06-12 17:38:06.946  1944  2280 D ConnectivityService: requestNetwork for uid/pid:1000/2617 NetworkRequest [ TRACK_DEFAULT id=13, [ Capabilities: INTERNET&NOT_RESTRICTED&TRUSTED Unwanted:  Uid: 1000] ]
06-12 17:38:06.952  2475  2587 E ActivityThread: Failed to find provider info for com.android.contacts
06-12 17:38:06.959  1944  1944 D BluetoothManagerService: Trying to bind to profile: 1, while Bluetooth was disabled
06-12 17:38:06.961  1944  2715 I TelecomService: BluetoothRouteManager: getBluetoothAudioConnectedDevice: no headset service available.
06-12 17:38:06.966  1944  1944 I TelecomService: SystemStateProvider: Registering car mode receiver: android.content.IntentFilter@b97fc6a: TS.init@AAA
06-12 17:38:06.991  1944  2717 I Telecom : Logging.Events: Non-call EVENT: AUDIO_ROUTE, Entering state QuiescentEarpieceRoute
06-12 17:38:06.991  1944  2717 I TelecomService: BluetoothRouteManager: getBluetoothAudioConnectedDevice: no headset service available.
06-12 17:38:06.998  1944  2718 I TelecomService: CallAudioModeStateMachine: Message received: null.: TS.init->CAMSM.pM_1@AAA
06-12 17:38:07.005  1944  1944 I TelecomService: MissedCallNotifierImpl: reloadFromDatabase: Boot not yet complete -- call log db may not be available. Deferring loading until boot complete for user 0: TS.init@AAA
06-12 17:38:07.007  1944  1944 D BluetoothManagerService: Trying to bind to profile: 1, while Bluetooth was disabled
06-12 17:38:07.014  1944  1944 I TelecomService: Class: TelecomSystem.INSTANCE being set
06-12 17:38:07.016  1944  1944 W ContextImpl: Calling a method in the system process without a qualified user: android.app.ContextImpl.startService:1546 android.content.ContextWrapper.startService:664 com.android.server.telecom.components.TelecomService.initializeTelecomSystem:193 com.android.server.telecom.components.TelecomService.onBind:66 android.app.ActivityThread.handleBindService:3776 
06-12 17:38:07.017  1944  1944 W Looper  : Slow dispatch took 110ms main h=android.app.ActivityThread$H c=null m=121
06-12 17:38:07.047  1944  2435 D WifiService: New client listening to asynchronous messages
06-12 17:38:07.092  1944  1944 W ContextImpl: Calling a method in the system process without a qualified user: android.app.ContextImpl.startService:1546 com.android.server.content.SyncManager$14.run:756 android.os.Handler.handleCallback:873 android.os.Handler.dispatchMessage:99 android.os.Looper.loop:193 
06-12 17:38:07.098  1944  1944 V SettingsProvider: Notifying for 0: content://settings/global/boot_count
06-12 17:38:07.098  1944  2129 W UsageStatsService: Event reported without a package name
06-12 17:38:07.145  1944  2129 W ActivityManager: Unable to start service Intent { cmp=com.motorola.faceunlock/.service.CameraFaceUnlockService } U=0: not found
06-12 17:38:07.148  1944  1944 V WiredAccessoryManager: init()
06-12 17:38:07.270  1944  2155 I ActivityManager: Start proc 2731:com.roaming.android.gsimcontentprovider/u0a127 for content provider com.roaming.android.gsimcontentprovider/.GSimContentProvider
06-12 17:38:07.400  1944  1944 D AccessibilityManagerService: Ignoring non-encryption-aware service ComponentInfo{com.google.android.marvin.talkback/com.google.android.accessibility.accessibilitymenu.AccessibilityMenuService}
06-12 17:38:07.400  1944  1944 D AccessibilityManagerService: Ignoring non-encryption-aware service ComponentInfo{com.motorola.audiomonitor/com.aiqudo.actionkit.internal.engine.RecordReplayService}
06-12 17:38:07.400  1944  1944 D AccessibilityManagerService: Ignoring non-encryption-aware service ComponentInfo{com.camel.corp.universalcopy/com.camel.corp.universalcopy.UniversalCopyService}
06-12 17:38:07.400  1944  1944 D AccessibilityManagerService: Ignoring non-encryption-aware service ComponentInfo{com.oasisfeng.greenify/com.oasisfeng.greenify.AccessibilityDispatcher}
06-12 17:38:07.400  1944  1944 D AccessibilityManagerService: Ignoring non-encryption-aware service ComponentInfo{com.teslacoilsw.launcher/com.teslacoilsw.launcher.NovaAccessibilityService}
06-12 17:38:07.400  1944  1944 D AccessibilityManagerService: Ignoring non-encryption-aware service ComponentInfo{it.nadolski.blipblip/it.nadolski.blipblip.schedule.BlipAccess}
06-12 17:38:07.400  1944  1944 D AccessibilityManagerService: Ignoring non-encryption-aware service ComponentInfo{net.dinglisch.android.taskerm/net.dinglisch.android.taskerm.MyAccessibilityService}
06-12 17:38:07.401  1944  1944 W Looper  : Slow dispatch took 231ms main h=android.app.ActivityThread$H c=android.app.-$$Lambda$LoadedApk$ReceiverDispatcher$Args$_BumDX2UKsnxLVrE6UJsJZkotuA@df76645 m=0
06-12 17:38:07.402  1944  1944 V NotificationListeners: enabling notification listener for 0: ComponentInfo{com.google.android.apps.restore/com.google.android.apps.pixelmigrate.component.NotificationConsolidatorService}
06-12 17:38:07.402  1944  1944 V NotificationListeners: binding: Intent { act=android.service.notification.NotificationListenerService cmp=com.google.android.apps.restore/com.google.android.apps.pixelmigrate.component.NotificationConsolidatorService (has extras) }
06-12 17:38:07.403  1944  1944 W ActivityManager: Unable to start service Intent { act=android.service.notification.NotificationListenerService cmp=com.google.android.apps.restore/com.google.android.apps.pixelmigrate.component.NotificationConsolidatorService } U=0: not found
06-12 17:38:07.403  1944  1944 W NotificationListeners: Unable to bind notification listener service: Intent { act=android.service.notification.NotificationListenerService cmp=com.google.android.apps.restore/com.google.android.apps.pixelmigrate.component.NotificationConsolidatorService (has extras) }
06-12 17:38:07.403  1944  1944 V NotificationListeners: enabling notification listener for 0: ComponentInfo{com.motorola.motodisplay/com.motorola.motodisplay.notification.DisplayNotifListenerService}
06-12 17:38:07.403  1944  1944 V NotificationListeners: binding: Intent { act=android.service.notification.NotificationListenerService cmp=com.motorola.motodisplay/.notification.DisplayNotifListenerService (has extras) }
06-12 17:38:07.405  1944  1944 V NotificationListeners: enabling notification listener for 0: ComponentInfo{com.google.android.setupwizard/com.google.android.setupwizard.predeferred.NotificationConsolidatorService}
06-12 17:38:07.405  1944  1944 V NotificationListeners: binding: Intent { act=android.service.notification.NotificationListenerService cmp=com.google.android.setupwizard/.predeferred.NotificationConsolidatorService (has extras) }
06-12 17:38:07.405  1944  1944 W ActivityManager: Unable to start service Intent { act=android.service.notification.NotificationListenerService cmp=com.google.android.setupwizard/.predeferred.NotificationConsolidatorService } U=0: not found
06-12 17:38:07.405  1944  1944 W NotificationListeners: Unable to bind notification listener service: Intent { act=android.service.notification.NotificationListenerService cmp=com.google.android.setupwizard/.predeferred.NotificationConsolidatorService (has extras) }
06-12 17:38:07.405  1944  1944 V NotificationListeners: enabling notification listener for 0: ComponentInfo{com.motorola.launcher3/com.android.launcher3.notification.NotificationListener}
06-12 17:38:07.406  1944  1944 V NotificationListeners: binding: Intent { act=android.service.notification.NotificationListenerService cmp=com.motorola.launcher3/com.android.launcher3.notification.NotificationListener (has extras) }
06-12 17:38:07.406  1944  1944 W ActivityManager: Unable to start service Intent { act=android.service.notification.NotificationListenerService cmp=com.motorola.launcher3/com.android.launcher3.notification.NotificationListener } U=0: not found
06-12 17:38:07.406  1944  1944 W NotificationListeners: Unable to bind notification listener service: Intent { act=android.service.notification.NotificationListenerService cmp=com.motorola.launcher3/com.android.launcher3.notification.NotificationListener (has extras) }
06-12 17:38:07.406  1944  1944 V NotificationAssistants: enabling notification assistant for 0: ComponentInfo{com.google.android.ext.services/android.ext.services.notification.Assistant}
06-12 17:38:07.407  1944  1944 V NotificationAssistants: binding: Intent { act=android.service.notification.NotificationAssistantService cmp=com.google.android.ext.services/android.ext.services.notification.Assistant (has extras) }
06-12 17:38:07.419  1944  2155 I ActivityManager: Start proc 2747:com.motorola.motodisplay/u0a73 for service com.motorola.motodisplay/.notification.DisplayNotifListenerService
06-12 17:38:07.428  1944  1944 D ConditionProviders.SCP: onSubscribe condition://android/schedule?days=1.2.3.4.5.6.7&start=22.0&end=7.0&exitAtAlarm=true
06-12 17:38:07.428  1944  1944 D ConditionProviders.SCP: setRegistered true
06-12 17:38:07.429  1944  2172 D UsbDeviceManager: push notification:Carregando este dispositivo via USB
06-12 17:38:07.434  1944  2447 E ActivityThread: Failed to find provider info for com.android.calendar
06-12 17:38:07.435  1944  2155 I ActivityManager: Start proc 2754:com.google.android.ext.services/u0a24 for service com.google.android.ext.services/android.ext.services.notification.Assistant
06-12 17:38:07.435  1944  1944 D ConditionProviders.SCP: evaluateSubscriptionLocked cal=ScheduleCalendar[mDays={1, 2, 3, 4, 5, 6, 7}, mSchedule=ScheduleInfo{days=[1, 2, 3, 4, 5, 6, 7], startHour=22, startMinute=0, endHour=7, endMinute=0, exitAtAlarm=true, nextAlarm=Wed Dec 31 21:00:00 GMT-03:00 1969 (0)}], now=Sun Jun 12 17:38:07 GMT-03:00 2022 (1655066287428), nextUserAlarmTime=Wed Dec 31 21:00:00 GMT-03:00 1969 (0)
06-12 17:38:07.435  1944  1944 D ConditionProviders.SCP: notifyCondition condition://android/schedule?days=1.2.3.4.5.6.7&start=22.0&end=7.0&exitAtAlarm=true STATE_FALSE reason=!meetsSchedule
06-12 17:38:07.435  1944  2447 E ActivityThread: Failed to find provider info for com.android.calendar
06-12 17:38:07.437  1944  1944 D ConditionProviders.SCP: Scheduling evaluate for Sun Jun 12 22:00:00 GMT-03:00 2022 (1655082000000), in +4h21m52s572ms, now=Sun Jun 12 17:38:07 GMT-03:00 2022 (1655066287428)
06-12 17:38:07.439  1944  1944 D StatusBarManagerService: showing navigation bar...
06-12 17:38:07.449  1944  1944 I TelecomService: WiredHeadsetManager: ACTION_HEADSET_PLUG event, plugged in: false, : WHC.oADA@AAE
06-12 17:38:07.456  1944  2464 I SyncManager: Got SyncJobService instance.
06-12 17:38:07.456  1944  1944 V SettingsProvider: Notifying for 0: content://settings/global/network_recommendations_enabled
06-12 17:38:07.457  1944  1944 I AutofillManagerService: Updating Autofill for user 0: disabled=false
06-12 17:38:07.458  1944  1944 E AutofillManagerServiceImpl: Bad AutofillService name: com.google.android.gms/.autofill.service.AutofillService
06-12 17:38:07.458  1944  1944 E AutofillManagerServiceImpl: Bad AutofillService name: com.google.android.gms/.autofill.service.AutofillService
06-12 17:38:07.465  1944  1944 W Looper  : Drained
06-12 17:38:07.602  2475  2588 E ActivityThread: Failed to find provider info for com.android.contacts
06-12 17:38:07.780  1944  2129 W ActivityManager: Unable to start service Intent { cmp=com.motorola.faceunlock/.service.CameraFaceUnlockService } U=0: not found
06-12 17:38:07.935  1944  2130 W ContextImpl: Calling a method in the system process without a qualified user: android.app.ContextImpl.sendBroadcastAsUserMultiplePermissions:1056 com.android.server.TelephonyRegistry.broadcastCallStateChanged:1731 com.android.server.TelephonyRegistry.notifyCallStateForPhoneId:889 com.android.internal.telephony.ITelephonyRegistry$Stub.onTransact:122 android.os.Binder.execTransact:735 
06-12 17:38:08.045  1944  2529 W ContextImpl: Calling a method in the system process without a qualified user: android.app.ContextImpl.sendBroadcastAsUserMultiplePermissions:1056 com.android.server.TelephonyRegistry.broadcastCallStateChanged:1731 com.android.server.TelephonyRegistry.notifyCallStateForPhoneId:889 com.android.internal.telephony.ITelephonyRegistry$Stub.onTransact:122 android.os.Binder.execTransact:735 
06-12 17:38:08.246  2653  2653 W SystemConfig: No directory /oem/etc/sysconfig, skipping
06-12 17:38:08.253  2653  2653 W SystemConfig: No directory /oem/etc/motorola/bgintents, skipping
06-12 17:38:08.253  2653  2653 W SystemConfig: No directory /system/etc/motorola/sysconfig, skipping
06-12 17:38:08.253  2653  2653 W SystemConfig: No directory /oem/etc/motorola/sysconfig, skipping
06-12 17:38:08.276  1944  2441 D ConnectivityService: Got NetworkFactory Messenger for PhoneSwitcherNetworkRequstListener
06-12 17:38:08.297  1944  2441 D ConnectivityService: Got NetworkFactory Messenger for TelephonyNetworkFactory[0]
06-12 17:38:08.298  1944  2441 D ConnectivityService: Got NetworkFactory Messenger for TelephonyNetworkFactory[1]
06-12 17:38:08.300  1944  2155 I ActivityManager: Start proc 2830:com.qualcomm.qcrilmsgtunnel/1001 for service com.qualcomm.qcrilmsgtunnel/.QcrilMsgTunnelService
06-12 17:38:08.322  2653  2844 E ActivityThread: Failed to find provider info for com.android.contacts
06-12 17:38:08.340  1944  2129 D BluetoothManagerService: Trying to bind to profile: 1, while Bluetooth was disabled
06-12 17:38:08.771  1944  2174 I WindowManager: ******* TELLING SURFACE FLINGER WE ARE BOOTED!
06-12 17:38:08.776  1944  2174 I SystemServiceManager: Starting phase 1000
06-12 17:38:08.778  1944  2174 D BluetoothManagerService: Bluetooth boot completed
06-12 17:38:08.778  1944  2174 D ColorDisplayService: setUp: currentUser=0
06-12 17:38:08.778  1944  2183 D AutomaticBrightnessController: Need to updateAutoBrightness due to light sensor on. 
06-12 17:38:08.779  1944  2172 D UsbDeviceManager: applyOemOverride usbfunctions=mtp bootmode=normal
06-12 17:38:08.780  1944  1944 V SettingsProvider: Notifying for 0: content://settings/global/adb_enabled
06-12 17:38:08.780  1944  2174 D ColorDisplayService: onAutoModeChanged: autoMode=0
06-12 17:38:08.780  1944  2174 I ColorDisplayService: Turning off night display
06-12 17:38:08.870  1944  2174 D ActivityManager: Finishing user boot 0
06-12 17:38:08.870  1944  2174 I ActivityManager: User 0 state changed from BOOTING to RUNNING_LOCKED
06-12 17:38:08.872  1944  2174 D ActivityManager: Started unlocking user 0
06-12 17:38:08.873  1944  2174 D ActivityManager: Unlocking user 0 progress 0
06-12 17:38:08.873  1944  2174 D ActivityManager: Unlocking user 0 progress 5
06-12 17:38:08.874   886   886 D vold    : e4crypt_prepare_user_storage for volume null, user 0, serial 0, flags 2
06-12 17:38:08.874   886   886 D vold    : Preparing: /data/system_ce/0
06-12 17:38:08.874   886   886 D vold    : Preparing: /data/misc_ce/0
06-12 17:38:08.874   886   886 D vold    : Preparing: /data/vendor_ce/0
06-12 17:38:08.877   886   886 D vold    : Preparing: /data/media/0
06-12 17:38:08.877   886   886 D vold    : Preparing: /data/data
06-12 17:38:08.877   886   886 V vold    : Starting restorecon of /data/system_ce/0
06-12 17:38:08.886   886   886 V vold    : Finished restorecon of /data/system_ce/0
06-12 17:38:08.887   886   886 V vold    : Starting restorecon of /data/misc_ce/0
06-12 17:38:08.894  1944  2174 W WindowManager: App freeze timeout expired.
06-12 17:38:08.913  1944  2155 I ActivityManager: Start proc 2897:com.google.android.marvin.talkback/u0a141 for broadcast com.google.android.marvin.talkback/com.google.android.accessibility.talkback.BootReceiver
06-12 17:38:08.981   886   886 V vold    : Finished restorecon of /data/misc_ce/0
06-12 17:38:08.981   886   886 V vold    : /system/bin/vold_prepare_subdirs
06-12 17:38:08.981   886   886 V vold    :     prepare
06-12 17:38:08.981   886   886 V vold    :     
06-12 17:38:08.981   886   886 V vold    :     0
06-12 17:38:08.981   886   886 V vold    :     2
06-12 17:38:09.027  1944  2172 V UserDataPreparer: Found /data/user/0 with serial number 0
06-12 17:38:09.027  1944  2172 V UserDataPreparer: Found /data/system_ce/0 with serial number 0
06-12 17:38:09.028  1944  2172 D UserDataPreparer: Setting property: sys.user.0.ce_available=true
06-12 17:38:09.029  1944  2172 V PackageManager: reconcileAppsData for null u0 0x2 migrateAppData=false
06-12 17:38:09.204  1944  2280 I WifiService: WifiService trying to set country code to 
06-12 17:38:09.205  1944  1944 V SettingsProvider: Notifying for 0: content://settings/global/wifi_country_code
06-12 17:38:09.209  1944  2280 I WifiService: WifiService trying to set country code to 
06-12 17:38:09.232  1944  2155 I ActivityManager: Start proc 2956:com.google.android.deskclock/u0a91 for broadcast com.google.android.deskclock/com.android.deskclock.AlarmInitReceiver
06-12 17:38:09.313  1944  2280 I TelecomService: PhoneAccountRegistrar: New phone account registered: [[ ] PhoneAccount: ComponentInfo{com.android.phone/com.android.services.telephony.TelephonyConnectionService}, ***, UserHandle{0} Capabilities: CallProvider MultiUser PlaceEmerg SimSub  Audio Routes: BESW Schemes: tel voicemail  Extras: Bundle[mParcelledData.dataSize=124] GroupId: ***]: TSI.rPA@AA4
06-12 17:38:09.324  1944  2280 I TelecomService: CallsManager: Sending phone-account ComponentInfo{com.android.phone/com.android.services.telephony.TelephonyConnectionService}, ***, UserHandle{0} registered intent as user: TSI.rPA@AA4
06-12 17:38:09.325  1944  2280 I TelecomService: CallsManager: Sending phone-account registered intent to default dialer: TSI.rPA@AA4
06-12 17:38:09.369  1944  2433 E NetworkPolicy: Missing subscriberId for subId 1
06-12 17:38:09.384  1944  2130 I TelecomService: PhoneAccountRegistrar: Modify account: [ComponentInfo{com.android.phone/com.android.services.telephony.TelephonyConnectionService}, ***, UserHandle{0}]: TSI.rPA@ABE
06-12 17:38:09.400  1944  2529 I TelecomService: CallsManager: Sending phone-account ComponentInfo{com.android.phone/com.android.services.telephony.TelephonyConnectionService}, ***, UserHandle{0} unregistered intent as user: TSI.uPA@ABM
06-12 17:38:09.402  1944  2529 I TelecomService: CallsManager: Sending phone-account unregistered intent to default dialer: TSI.uPA@ABM
06-12 17:38:09.426  1944  2529 W ContextImpl: Calling a method in the system process without a qualified user: android.app.ContextImpl.sendBroadcastAsUserMultiplePermissions:1056 com.android.server.TelephonyRegistry.broadcastCallStateChanged:1731 com.android.server.TelephonyRegistry.notifyCallStateForPhoneId:889 com.android.internal.telephony.ITelephonyRegistry$Stub.onTransact:122 android.os.Binder.execTransact:735 
06-12 17:38:09.472  1944  2433 E NetworkPolicy: Missing subscriberId for subId 1
06-12 17:38:09.494  1944  2433 I chatty  : uid=1000(system) NetworkPolicy identical 1 line
06-12 17:38:09.528  1944  2433 E NetworkPolicy: Missing subscriberId for subId 1
06-12 17:38:09.598  1052  1052 I android.hardware.wifi@1.0-service: Wifi HAL started
06-12 17:38:09.645  1944  2129 I TelecomService: PhoneAccountRegistrar: Modify account: [ComponentInfo{com.android.phone/com.android.services.telephony.TelephonyConnectionService}, ***, UserHandle{0}]: TSI.rPA@ABU
06-12 17:38:09.714  1944  2529 I TelecomService: PhoneAccountRegistrar: Modify account: [ComponentInfo{com.android.phone/com.android.services.telephony.TelephonyConnectionService}, ***, UserHandle{0}]: TSI.rPA@ABY
06-12 17:38:09.743  1944  2529 I TelecomService: PhoneAccountRegistrar: Modify account: [ComponentInfo{com.android.phone/com.android.services.telephony.TelephonyConnectionService}, ***, UserHandle{0}]: TSI.rPA@ABc
06-12 17:38:09.772  2956  3024 E ActivityThread: Failed to find provider info for com.google.android.gsf.gservices
06-12 17:38:09.775  2956  3024 E ActivityThread: Failed to find provider info for com.google.android.gsf.gservices
06-12 17:38:09.801  1944  2155 I ActivityManager: Start proc 3032:com.google.android.gms.persistent/u0a31 for broadcast com.google.android.gms/.chimera.GmsIntentOperationService$PersistentTrustedReceiver
06-12 17:38:09.817  1944  2129 I TelecomService: PhoneAccountRegistrar: Modify account: [ComponentInfo{com.android.phone/com.android.services.telephony.TelephonyConnectionService}, ***, UserHandle{0}]: TSI.rPA@ABo
06-12 17:38:09.826  1052  1052 I android.hardware.wifi@1.0-service: Adding interface handle for p2p0
06-12 17:38:09.826  1052  1052 I android.hardware.wifi@1.0-service: Adding interface handle for wlan0
06-12 17:38:09.826  1052  1052 I android.hardware.wifi@1.0-service: Configured chip in mode 0
06-12 17:38:09.836  1944  2129 I TelecomService: PhoneAccountRegistrar: Modify account: [ComponentInfo{com.android.phone/com.android.services.telephony.TelephonyConnectionService}, ***, UserHandle{0}]: TSI.rPA@ABs
06-12 17:38:09.859  1221  1221 I wificond: create scanner for interface with index: 26
06-12 17:38:09.859  1221  1221 I wificond: subscribe scan result for interface with index: 26
06-12 17:38:09.862  1221  1221 E wificond: No Offload Service available
06-12 17:38:09.862  1221  1221 I wificond: Offload HAL not supported 
06-12 17:38:09.892  1944  2129 I TelecomService: PhoneAccountRegistrar: Modify account: [ComponentInfo{com.android.phone/com.android.services.telephony.TelephonyConnectionService}, ***, UserHandle{0}]: TSI.rPA@AB4
06-12 17:38:09.917  1944  2529 I TelecomService: PhoneAccountRegistrar: Modify account: [ComponentInfo{com.android.phone/com.android.services.telephony.TelephonyConnectionService}, ***, UserHandle{0}]: TSI.rPA@AB8
06-12 17:38:09.973  1944  2529 I TelecomService: PhoneAccountRegistrar: Modify account: [ComponentInfo{com.android.phone/com.android.services.telephony.TelephonyConnectionService}, ***, UserHandle{0}]: TSI.rPA@ACI
06-12 17:38:10.005  1944  2529 I TelecomService: PhoneAccountRegistrar: Modify account: [ComponentInfo{com.android.phone/com.android.services.telephony.TelephonyConnectionService}, ***, UserHandle{0}]: TSI.rPA@ACM
06-12 17:38:10.095  1944  2155 I ActivityManager: Start proc 3068:com.google.android.dialer/u0a85 for broadcast com.google.android.dialer/com.android.dialer.app.calllog.LegacyVoicemailNotificationReceiver_Receiver
06-12 17:38:10.179  1944  2172 V PackageManager: reconcileAppsData finished 284 packages
06-12 17:38:10.180  1944  2172 I ActivityManager: User 0 state changed from RUNNING_LOCKED to RUNNING_UNLOCKING
06-12 17:38:10.180  1944  2172 D ActivityManager: Unlocking user 0 progress 20
06-12 17:38:10.180  1944  2172 W Looper  : Slow dispatch took 1307ms android.fg h=android.os.Handler c=com.android.server.am.-$$Lambda$UserController$o6oQFjGYYIfx-I94cSakTLPLt6s@549fce0 m=0
06-12 17:38:10.180  1944  2172 W Looper  : Slow delivery took 1307ms android.fg h=android.os.Handler c=com.android.server.am.-$$Lambda$UserController$qvHU3An7LT0SKBclx4I2epe4KYI@cd1b99 m=0
06-12 17:38:10.180  1944  2153 I SystemServiceManager: Calling onUnlockUser u0
06-12 17:38:10.181  1944  2153 D BluetoothManagerService: User 0 unlocked
06-12 17:38:10.181  1944  2173 D BluetoothManagerService: MESSAGE_USER_UNLOCKED
06-12 17:38:10.181  1944  2153 D StorageManagerService: onUnlockUser 0
06-12 17:38:10.181  1944  2529 I TelecomService: PhoneAccountRegistrar: Modify account: [ComponentInfo{com.android.phone/com.android.services.telephony.TelephonyConnectionService}, ***, UserHandle{0}]: TSI.rPA@ACo
06-12 17:38:10.182   886   886 D vold    : Linking /storage/emulated/0 to /mnt/user/0/primary
06-12 17:38:10.186  1944  2172 E NetdConnector: NDC event {600 Iface added wlan0} processed too late: 597ms
06-12 17:38:10.194  1944  2429 D StorageManagerService: Volume emulated broadcasting mounted to UserHandle{0}
06-12 17:38:10.214  1944  2130 I TelecomService: PhoneAccountRegistrar: Modify account: [ComponentInfo{com.android.phone/com.android.services.telephony.TelephonyConnectionService}, ***, UserHandle{0}]: TSI.rPA@ACs
06-12 17:38:10.218  1944  2153 W VoiceInteractionManagerService: no available voice recognition services found for user 0
06-12 17:38:10.220  1944  1944 W InputMethodManagerService: Illegal subtype state: old subtype = null, new subtype = android.view.inputmethod.InputMethodSubtype@70bfcd7e
06-12 17:38:10.221  1944  3085 V BackupManagerService: Starting with transport com.google.android.gms/.backup.BackupTransportService
06-12 17:38:10.255  2653  2653 D MccTable: updateMccMncConfiguration mccmnc='72406' fromServiceState=false
06-12 17:38:10.256  2653  2653 D MccTable: updateMccMncConfiguration defaultMccMnc=
06-12 17:38:10.256  2653  2653 D MccTable: updateMccMncConfiguration: mcc=724, mnc=6
06-12 17:38:10.257  2653  2653 D MccTable: updateSIMConfiguration updateConfig config={0.0 724mcc6mnc ?localeList ?layoutDir ?swdp ?wdp ?hdp ?density ?lsize ?long ?ldr ?wideColorGamut ?orien ?uimode ?night ?touch ?keyb/?/? ?nav/? winConfig={ mBounds=Rect(0, 0 - 0, 0) mAppBounds=null mWindowingMode=undefined mActivityType=undefined} ?spn ?gid}
06-12 17:38:10.259  1944  2130 I ActivityManager: Config changes=3 {1.0 724mcc6mnc [pt_BR] ldltr sw360dp w360dp h648dp 480dpi nrml long port finger -keyb/v/h -nav/h winConfig={ mBounds=Rect(0, 0 - 0, 0) mAppBounds=Rect(0, 0 - 1080, 2016) mWindowingMode=fullscreen mActivityType=undefined} s.8 ?spn ?gid}
06-12 17:38:10.278  1944  3085 E BackupPasswordManager: Unable to read backup pw version
06-12 17:38:10.279  1944  3085 E BackupPasswordManager: Unable to read saved backup pw hash
06-12 17:38:10.323  1944  2172 E NetdConnector: NDC event {600 Iface linkstate wlan0 down} processed too late: 602ms
06-12 17:38:10.323  1221  1221 I wificond: Regulatory domain changed to country: US
06-12 17:38:10.323  1944  2172 W Looper  : Slow dispatch took 137ms android.fg h=android.os.Handler c=null m=600
06-12 17:38:10.324  1944  2172 E NetdConnector: NDC event {600 Iface added p2p0} processed too late: 733ms
06-12 17:38:10.325  1221  1221 I wificond: 2.4Ghz frequencies: 2412 2417 2422 2427 2432 2437 2442 2447 2452 2457 2462
06-12 17:38:10.325  1944  2172 E NetdConnector: NDC event {600 Iface linkstate p2p0 down} processed too late: 731ms
06-12 17:38:10.325  1221  1221 I wificond: 5Ghz non-DFS frequencies: 5180 5200 5220 5240 5745 5765 5785 5805 5825
06-12 17:38:10.325  1221  1221 I wificond: 5Ghz DFS frequencies: 5260 5280 5300 5320 5500 5520 5540 5560 5580 5600 5620 5640 5660 5680 5700 5720
06-12 17:38:10.327  1944  2172 E NetdConnector: NDC event {600 Iface linkstate wlan0 down} processed too late: 507ms
06-12 17:38:10.334  1944  2164 E BatteryExternalStatsWorker: no controller energy info supplied for wifi
06-12 17:38:10.429  1221  1221 I wificond: Unsubscribe scan result for interface with index: 26
06-12 17:38:10.464  1944  2130 I ActivityManager: Override config changes=3 {1.0 724mcc6mnc [pt_BR] ldltr sw360dp w360dp h648dp 480dpi nrml long port finger -keyb/v/h -nav/h winConfig={ mBounds=Rect(0, 0 - 1080, 2016) mAppBounds=Rect(0, 0 - 1080, 2016) mWindowingMode=fullscreen mActivityType=undefined} s.8 ?spn ?gid} for displayId=0
06-12 17:38:10.486  1944  2153 W SystemServiceManager: Service com.android.server.autofill.AutofillManagerService took 267 ms in onUnlockUser 
06-12 17:38:10.486  1944  1944 W Looper  : Slow dispatch took 260ms main h=com.android.server.trust.TrustManagerService$2 c=null m=11
06-12 17:38:10.486  1944  1944 W Looper  : Slow delivery took 266ms main h=android.os.AsyncTask$InternalHandler c=null m=1
06-12 17:38:10.486  1944  2153 I ActivityManager: User 0 state changed from RUNNING_UNLOCKING to RUNNING_UNLOCKED
06-12 17:38:10.487  1944  2153 D SystemServerTiming: SystemUserUnlock took to complete: 1613ms
06-12 17:38:10.495  1944  1944 W Looper  : Drained
06-12 17:38:10.517  1944  2153 I ActivityManager: Sending BOOT_COMPLETE user #0
06-12 17:38:10.547  1944  2155 I ActivityManager: Start proc 3097:com.android.nfc/1027 for added application com.android.nfc
06-12 17:38:10.558  1944  3092 D ActivityManager: found next focusableStack null with top null as current stack ActivityStack{e322b0f stackId=0 type=home mode=fullscreen visible=true translucent=true, 1 tasks}
06-12 17:38:10.564  1944  3085 V BackupManagerService: No ancestral data
06-12 17:38:10.588  1944  2155 W ActivityManager: Slow operation: 86ms so far, now at startProcess: returned from zygote!
06-12 17:38:10.594  1944  2130 I ActivityManager: moveHomeStack, setupComplete:true
06-12 17:38:10.597  1944  2130 D ActivityManager: found next focusableStack null with top null as current stack ActivityStack{e322b0f stackId=0 type=home mode=fullscreen visible=true translucent=true, 0 tasks}
06-12 17:38:10.622  1944  2130 I ActivityManager: START u0 {act=android.intent.action.MAIN cat=[android.intent.category.HOME] flg=0x10000100 cmp=com.teslacoilsw.launcher/.NovaLauncher} from uid 0
06-12 17:38:10.651  1052  3039 I android.hardware.wifi@1.0-service: Legacy HAL stop complete callback received
06-12 17:38:10.662  1944  2155 W ActivityManager: Slow operation: 160ms so far, now at startProcess: done updating battery stats
06-12 17:38:10.663  1944  2155 W ActivityManager: Slow operation: 160ms so far, now at startProcess: building log message
06-12 17:38:10.663  1944  2155 I ActivityManager: Start proc 3108:com.android.se/1068 for added application com.android.se
06-12 17:38:10.663  1944  2155 W ActivityManager: Slow operation: 161ms so far, now at startProcess: starting to update pids map
06-12 17:38:10.663  1944  2155 W ActivityManager: Slow operation: 161ms so far, now at startProcess: done updating pids map
06-12 17:38:10.667  1944  1944 W Looper  : Slow dispatch took 126ms main h=android.app.ActivityThread$H c=android.app.-$$Lambda$LoadedApk$ReceiverDispatcher$Args$_BumDX2UKsnxLVrE6UJsJZkotuA@47d0a91 m=0
06-12 17:38:10.668  2747  2747 W ActivityThread: serviceCreate starts in 3165 ms, CreateServiceData = CreateServiceData{token=android.os.BinderProxy@7deb274 className=com.motorola.motodisplay.notification.DisplayNotifListenerService packageName=com.motorola.motodisplay intent=null}
06-12 17:38:10.672  1944  1944 V NotificationListeners: enabling notification listener for 0: ComponentInfo{com.google.android.apps.restore/com.google.android.apps.pixelmigrate.component.NotificationConsolidatorService}
06-12 17:38:10.673  1944  2155 W ActivityManager: Slow operation: 170ms so far, now at startProcess: asking zygote to start proc
06-12 17:38:10.680  1944  1944 V NotificationListeners: binding: Intent { act=android.service.notification.NotificationListenerService cmp=com.google.android.apps.restore/com.google.android.apps.pixelmigrate.component.NotificationConsolidatorService (has extras) }
06-12 17:38:10.688  1944  1944 V NotificationListeners: enabling notification listener for 0: ComponentInfo{com.motorola.motodisplay/com.motorola.motodisplay.notification.DisplayNotifListenerService}
06-12 17:38:10.688  1944  1944 V NotificationListeners: Not registering ComponentInfo{com.motorola.motodisplay/com.motorola.motodisplay.notification.DisplayNotifListenerService} as bind is already in progress
06-12 17:38:10.688  1944  1944 V NotificationListeners: enabling notification listener for 0: ComponentInfo{com.google.android.setupwizard/com.google.android.setupwizard.predeferred.NotificationConsolidatorService}
06-12 17:38:10.689  1944  1944 V NotificationListeners: binding: Intent { act=android.service.notification.NotificationListenerService cmp=com.google.android.setupwizard/.predeferred.NotificationConsolidatorService (has extras) }
06-12 17:38:10.696  1944  2155 W ActivityManager: Slow operation: 193ms so far, now at startProcess: returned from zygote!
06-12 17:38:10.712  1944  3092 W ActivityManager: Background start not allowed: service Intent { cmp=com.google.android.dialer/com.google.apps.tiktok.concurrent.AndroidFuturesService (has extras) } to com.google.android.dialer/com.google.apps.tiktok.concurrent.AndroidFuturesService from pid=3068 uid=10085 pkg=com.google.android.dialer startFg?=false
06-12 17:38:10.726  1944  1944 V NotificationListeners: enabling notification listener for 0: ComponentInfo{com.motorola.launcher3/com.android.launcher3.notification.NotificationListener}
06-12 17:38:10.727  1944  2155 W ActivityManager: Slow operation: 223ms so far, now at startProcess: done updating battery stats
06-12 17:38:10.727  1944  2155 W ActivityManager: Slow operation: 224ms so far, now at startProcess: building log message
06-12 17:38:10.727  1944  2155 I ActivityManager: Start proc 3141:com.motorola.process.system/1000 for added application com.motorola.process.system
06-12 17:38:10.727  1944  2155 W ActivityManager: Slow operation: 224ms so far, now at startProcess: starting to update pids map
06-12 17:38:10.727  1944  2155 W ActivityManager: Slow operation: 224ms so far, now at startProcess: done updating pids map
06-12 17:38:10.727  1944  2155 W ActivityManager: Slow operation: 222ms so far, now at startProcess: asking zygote to start proc
06-12 17:38:10.728  1944  1944 V NotificationListeners: binding: Intent { act=android.service.notification.NotificationListenerService cmp=com.motorola.launcher3/com.android.launcher3.notification.NotificationListener (has extras) }
06-12 17:38:10.733  1944  1944 V NotificationAssistants: disabling notification assistant for user 0: ComponentInfo{com.google.android.ext.services/android.ext.services.notification.Assistant}
06-12 17:38:10.733  1944  1944 D NotificationListeners: Removing active service ComponentInfo{com.google.android.ext.services/android.ext.services.notification.Assistant}
06-12 17:38:10.735  1944  1944 V NotificationAssistants: enabling notification assistant for 0: ComponentInfo{com.google.android.ext.services/android.ext.services.notification.Assistant}
06-12 17:38:10.736  1944  1944 V NotificationAssistants: binding: Intent { act=android.service.notification.NotificationAssistantService cmp=com.google.android.ext.services/android.ext.services.notification.Assistant (has extras) }
06-12 17:38:10.744  1944  3085 I BackupManagerService: Unlocking system user; mService=com.android.server.backup.BackupManagerService@3c4b48a
06-12 17:38:10.744  1944  2155 W ActivityManager: Slow operation: 239ms so far, now at startProcess: returned from zygote!
06-12 17:38:10.744  1944  2155 W ActivityManager: Slow operation: 239ms so far, now at startProcess: done updating battery stats
06-12 17:38:10.744  1944  2155 W ActivityManager: Slow operation: 239ms so far, now at startProcess: building log message
06-12 17:38:10.744  1944  2155 I ActivityManager: Start proc 3154:com.google.process.gservices/u0a31 for content provider com.google.android.gsf/.gservices.GservicesProvider
06-12 17:38:10.744  1944  2155 W ActivityManager: Slow operation: 239ms so far, now at startProcess: starting to update pids map
06-12 17:38:10.744  1944  2155 W ActivityManager: Slow operation: 239ms so far, now at startProcess: done updating pids map
06-12 17:38:10.745  1944  2155 W ActivityManager: Slow operation: 67ms so far, now at startProcess: asking zygote to start proc
06-12 17:38:10.745  1944  3085 I BackupManagerService: Backup enabled => true
06-12 17:38:10.747  1944  3085 V BackupManagerConstants: getKeyValueBackupIntervalMilliseconds(...) returns 14400000
06-12 17:38:10.748  1944  3085 V BackupManagerConstants: getKeyValueBackupFuzzMilliseconds(...) returns 600000
06-12 17:38:10.748  1944  3085 V BackupManagerConstants: getKeyValueBackupRequiredNetworkType(...) returns 1
06-12 17:38:10.748  1944  3085 V BackupManagerConstants: getKeyValueBackupRequireCharging(...) returns true
06-12 17:38:10.748  1944  3085 V KeyValueBackupJob: Scheduling k/v pass in 242 minutes
06-12 17:38:10.749  1944  3085 V BackupManagerConstants: getFullBackupIntervalMilliseconds(...) returns 86400000
06-12 17:38:10.771  1944  2155 W ActivityManager: Slow operation: 93ms so far, now at startProcess: returned from zygote!
06-12 17:38:10.773  1944  2155 W ActivityManager: Slow operation: 93ms so far, now at startProcess: done updating battery stats
06-12 17:38:10.791  1944  2155 W ActivityManager: Slow operation: 113ms so far, now at startProcess: building log message
06-12 17:38:10.791  1944  2155 I ActivityManager: Start proc 3161:com.dolby.dax2appUI/u0a120 for service com.dolby.dax2appUI/com.motorola.dlbafx.AudioEffectTileService
06-12 17:38:10.791  1944  2155 W ActivityManager: Slow operation: 113ms so far, now at startProcess: starting to update pids map
06-12 17:38:10.791  1944  2155 W ActivityManager: Slow operation: 113ms so far, now at startProcess: done updating pids map
06-12 17:38:10.791  1944  2155 W ActivityManager: Slow operation: 110ms so far, now at startProcess: asking zygote to start proc
06-12 17:38:10.795  1944  3114 I TelecomService: PhoneAccountRegistrar: Modify account: [ComponentInfo{com.android.phone/com.android.services.telephony.TelephonyConnectionService}, ***, UserHandle{0}]: TSI.rPA@ADs
06-12 17:38:10.802  1944  2464 I SyncManager: Loaded persisted syncs: 19 periodic syncs, 2 oneshot syncs, 33 total system server jobs, JobStats: FirstLoad: 48/23/21 LastSave: -1/-1/-1
06-12 17:38:10.815  1944  2155 W ActivityManager: Slow operation: 133ms so far, now at startProcess: returned from zygote!
06-12 17:38:10.815  1944  2155 W ActivityManager: Slow operation: 134ms so far, now at startProcess: done updating battery stats
06-12 17:38:10.818  1944  2155 W ActivityManager: Slow operation: 137ms so far, now at startProcess: building log message
06-12 17:38:10.819  1944  2155 I ActivityManager: Start proc 3177:com.teslacoilsw.launcher/u0a162 for activity com.teslacoilsw.launcher/.NovaLauncher
06-12 17:38:10.819  1944  2155 W ActivityManager: Slow operation: 137ms so far, now at startProcess: starting to update pids map
06-12 17:38:10.819  1944  2155 W ActivityManager: Slow operation: 138ms so far, now at startProcess: done updating pids map
06-12 17:38:10.819  1944  2155 W ActivityManager: Slow operation: 132ms so far, now at startProcess: asking zygote to start proc
06-12 17:38:10.821  1944  3113 I TelecomService: PhoneAccountRegistrar: New phone account registered: [[ ] PhoneAccount: ComponentInfo{com.android.phone/com.android.services.telephony.TelephonyConnectionService}, ***, UserHandle{0} Capabilities: CallProvider MultiUser PlaceEmerg SimSub  Audio Routes: BESW Schemes: tel voicemail  Extras: Bundle[mParcelledData.dataSize=208] GroupId: ***]: TSI.rPA@ADE
06-12 17:38:10.838  1944  2155 W ActivityManager: Slow operation: 151ms so far, now at startProcess: returned from zygote!
06-12 17:38:10.839  1944  2155 W ActivityManager: Slow operation: 151ms so far, now at startProcess: done updating battery stats
06-12 17:38:10.839  1944  2155 W ActivityManager: Slow operation: 152ms so far, now at startProcess: building log message
06-12 17:38:10.839  1944  2155 I ActivityManager: Start proc 3190:com.google.android.apps.restore/u0a64 for service com.google.android.apps.restore/com.google.android.apps.pixelmigrate.component.NotificationConsolidatorService
06-12 17:38:10.839  1944  2155 W ActivityManager: Slow operation: 152ms so far, now at startProcess: starting to update pids map
06-12 17:38:10.839  1944  2155 W ActivityManager: Slow operation: 152ms so far, now at startProcess: done updating pids map
06-12 17:38:10.839  1944  2155 W ActivityManager: Slow operation: 114ms so far, now at startProcess: asking zygote to start proc
06-12 17:38:10.839  1944  3113 I TelecomService: CallsManager: Sending phone-account ComponentInfo{com.android.phone/com.android.services.telephony.TelephonyConnectionService}, ***, UserHandle{0} registered intent as user: TSI.rPA@ADE
06-12 17:38:10.840  1944  3113 I TelecomService: CallsManager: Sending phone-account registered intent to default dialer: TSI.rPA@ADE
06-12 17:38:10.881  1944  2155 W ActivityManager: Slow operation: 156ms so far, now at startProcess: returned from zygote!
06-12 17:38:10.881  1944  2155 I ActivityManager: Start proc 3324:com.android.printspooler/u0a124 for service com.android.printspooler/.model.PrintSpoolerService
06-12 17:38:10.884  1944  2155 W ActivityManager: Slow operation: 159ms so far, now at startProcess: done updating battery stats
06-12 17:38:10.884  1944  2155 W ActivityManager: Slow operation: 159ms so far, now at startProcess: building log message
06-12 17:38:10.884  1944  2155 I ActivityManager: Start proc 3206:com.google.android.setupwizard/u0a37 for service com.google.android.setupwizard/.predeferred.NotificationConsolidatorService
06-12 17:38:10.884  1944  2155 W ActivityManager: Slow operation: 159ms so far, now at startProcess: starting to update pids map
06-12 17:38:10.884  1944  2155 W ActivityManager: Slow operation: 159ms so far, now at startProcess: done updating pids map
06-12 17:38:10.889  1944  2155 W ActivityManager: Slow operation: 156ms so far, now at startProcess: asking zygote to start proc
06-12 17:38:10.895  1944  2130 I TelecomService: CallsManager: Sending phone-account ComponentInfo{com.android.phone/com.android.services.telephony.TelephonyConnectionService}, ***, UserHandle{0} unregistered intent as user: TSI.uPA@ADM
06-12 17:38:10.899  1944  2130 I TelecomService: CallsManager: Sending phone-account unregistered intent to default dialer: TSI.uPA@ADM
06-12 17:38:10.914  1944  2155 W ActivityManager: Slow operation: 182ms so far, now at startProcess: returned from zygote!
06-12 17:38:10.914  1944  2155 W ActivityManager: Slow operation: 183ms so far, now at startProcess: done updating battery stats
06-12 17:38:10.914  1944  2155 W ActivityManager: Slow operation: 183ms so far, now at startProcess: building log message
06-12 17:38:10.914  1944  2155 I ActivityManager: Start proc 3223:com.motorola.launcher3/u0a30 for service com.motorola.launcher3/com.android.launcher3.notification.NotificationListener
06-12 17:38:10.914  1944  2155 W ActivityManager: Slow operation: 183ms so far, now at startProcess: starting to update pids map
06-12 17:38:10.914  1944  2155 W ActivityManager: Slow operation: 183ms so far, now at startProcess: done updating pids map
06-12 17:38:10.938  1944  2155 I ActivityManager: Start proc 3333:com.motorola.VirtualUiccPayment/u0a140 for service com.motorola.VirtualUiccPayment/.VirtualUiccPaymentService
06-12 17:38:10.944  1944  1944 W Looper  : Slow dispatch took 581ms main h=android.app.ActivityThread$H c=android.app.-$$Lambda$LoadedApk$ReceiverDispatcher$Args$_BumDX2UKsnxLVrE6UJsJZkotuA@e015299 m=0
06-12 17:38:10.945  1944  1944 W Looper  : Slow delivery took 778ms main h=com.android.server.accessibility.AccessibilityManagerService$MainHandler c=<recycled PooledLambda@910f95e> m=0
06-12 17:38:10.945  1944  1944 V SettingsProvider: Notifying for 0: content://settings/global/network_recommendations_enabled
06-12 17:38:10.952  1944  1944 D DevicePolicyManager: updateSystemUpdateFreezePeriodsRecord
06-12 17:38:10.952  1944  1944 W SyncManager: Clock is valid now.
06-12 17:38:10.952  1944  1944 D ConditionProviders.SCP: onReceive android.intent.action.TIME_SET
06-12 17:38:10.952  1944  1944 D ConditionProviders.SCP: evaluateSubscriptionLocked cal=ScheduleCalendar[mDays={1, 2, 3, 4, 5, 6, 7}, mSchedule=ScheduleInfo{days=[1, 2, 3, 4, 5, 6, 7], startHour=22, startMinute=0, endHour=7, endMinute=0, exitAtAlarm=true, nextAlarm=Wed Dec 31 21:00:00 GMT-03:00 1969 (0)}], now=Sun Jun 12 17:38:10 GMT-03:00 2022 (1655066290952), nextUserAlarmTime=Wed Dec 31 21:00:00 GMT-03:00 1969 (0)
06-12 17:38:10.952  1944  1944 D ConditionProviders.SCP: notifyCondition condition://android/schedule?days=1.2.3.4.5.6.7&start=22.0&end=7.0&exitAtAlarm=true STATE_FALSE reason=!meetsSchedule
06-12 17:38:10.955  1944  1944 D ConditionProviders.SCP: Scheduling evaluate for Sun Jun 12 22:00:00 GMT-03:00 2022 (1655082000000), in +4h21m49s48ms, now=Sun Jun 12 17:38:10 GMT-03:00 2022 (1655066290952)
06-12 17:38:10.974  1944  2155 I ActivityManager: Start proc 3342:com.google.android.gms/u0a31 for service com.google.android.gms/.measurement.service.MeasurementBrokerService
06-12 17:38:11.029  1944  2155 W ActivityManager: Slow operation: 51ms so far, now at startProcess: done updating battery stats
06-12 17:38:11.051  1944  2155 W ActivityManager: Slow operation: 73ms so far, now at startProcess: building log message
06-12 17:38:11.051  1944  2155 I ActivityManager: Start proc 3359:com.android.providers.calendar/u0a16 for content provider com.android.providers.calendar/.CalendarProvider2
06-12 17:38:11.051  1944  2155 W ActivityManager: Slow operation: 74ms so far, now at startProcess: starting to update pids map
06-12 17:38:11.051  1944  2155 W ActivityManager: Slow operation: 74ms so far, now at startProcess: done updating pids map
06-12 17:38:11.091  1944  1944 W Looper  : Drained
06-12 17:38:11.120  1944  2153 W ActivityManager: Activity pause timeout for ActivityRecord{d79f5ff u0 com.teslacoilsw.launcher/.NovaLauncher t2}
06-12 17:38:11.179  1944  2155 I ActivityManager: Start proc 3419:com.android.vending/u0a38 for service com.android.vending/com.google.android.finsky.setup.PlaySetupServiceV2
06-12 17:38:11.232  1944  2529 I ActivityManager: Loading recents for user 0 into memory.
06-12 17:38:11.261  1944  2155 W ActivityManager: Slow operation: 59ms so far, now at startProcess: done updating battery stats
06-12 17:38:11.262  1944  2155 W ActivityManager: Slow operation: 59ms so far, now at startProcess: building log message
06-12 17:38:11.262  1944  2155 I ActivityManager: Start proc 3441:com.android.keychain/1000 for service com.android.keychain/.KeyChainService
06-12 17:38:11.262  1944  2155 W ActivityManager: Slow operation: 59ms so far, now at startProcess: starting to update pids map
06-12 17:38:11.262  1944  2155 W ActivityManager: Slow operation: 59ms so far, now at startProcess: done updating pids map
06-12 17:38:11.406  1944  2172 I AppWidgetServiceImpl: Async processing of onUserUnlocked u0 took 1449 ms
06-12 17:38:11.406  1944  2172 W Looper  : Slow dispatch took 1452ms android.fg h=android.os.Handler c=com.android.server.appwidget.-$$Lambda$AppWidgetService$HIwvoPMyKqEhLVIiysgUKH8QJg8@d242ede m=0
06-12 17:38:11.407  1944  2172 E NetdConnector: NDC event {600 Iface linkstate wlan0 down} processed too late: 1353ms
06-12 17:38:11.408  1944  2172 E NetdConnector: NDC event {600 Iface linkstate wlan0 down} processed too late: 1351ms
06-12 17:38:11.415  1944  2172 W Looper  : Drained
06-12 17:38:11.706  1944  2155 I ActivityManager: Start proc 3557:com.motorola.actions/u0a56 for broadcast com.motorola.actions/.BootReceiver
06-12 17:38:11.845  1052  1052 I android.hardware.wifi@1.0-service: Wifi HAL stopped
06-12 17:38:11.864  2653  2829 D MccTable: updateMccMncConfiguration mccmnc='72406' fromServiceState=false
06-12 17:38:11.875  1944  1944 W Looper  : Slow dispatch took 414ms main h=android.app.ActivityThread$H c=null m=114
06-12 17:38:11.883  1944  1944 W Looper  : Slow delivery took 413ms main h=android.app.ActivityThread$H c=null m=121
06-12 17:38:11.884  1944  1944 W Looper  : Drained
06-12 17:38:11.887  2653  2829 D MccTable: updateMccMncConfiguration defaultMccMnc=72406
06-12 17:38:11.887  2653  2829 D MccTable: updateMccMncConfiguration: mcc=724, mnc=6
06-12 17:38:11.888  2653  2829 D MccTable: updateSIMConfiguration updateConfig config={0.0 724mcc6mnc ?localeList ?layoutDir ?swdp ?wdp ?hdp ?density ?lsize ?long ?ldr ?wideColorGamut ?orien ?uimode ?night ?touch ?keyb/?/? ?nav/? winConfig={ mBounds=Rect(0, 0 - 0, 0) mAppBounds=null mWindowingMode=undefined mActivityType=undefined} ?spn ?gid}
06-12 17:38:11.906  2653  2829 D MccTable: updateSIMConfiguration updateConfig config={0.0 724mcc6mnc ?localeList ?layoutDir ?swdp ?wdp ?hdp ?density ?lsize ?long ?ldr ?wideColorGamut ?orien ?uimode ?night ?touch ?keyb/?/? ?nav/? winConfig={ mBounds=Rect(0, 0 - 0, 0) mAppBounds=null mWindowingMode=undefined mActivityType=undefined} spnvivo gidnull}
