--------- beginning of main
08-03 00:21:02.936   856   856 I SELinux : SELinux: Loaded service_contexts from:
08-03 00:21:02.938   854   854 I SELinux : SELinux: Loaded service_contexts from:
08-03 00:21:02.940   854   854 I SELinux :     /system/etc/selinux/plat_service_contexts
08-03 00:21:02.942   856   856 I SELinux :     /vendor/etc/selinux/vndservice_contexts
08-03 00:20:26.849   853   853 W auditd  : type=2000 audit(0.0:1): initialized
08-03 00:20:28.156   853   853 I auditd  : type=1403 audit(0.0:2): policy loaded auid=4294967295 ses=4294967295
08-03 00:20:28.156   853   853 W auditd  : type=1404 audit(0.0:3): enforcing=1 old_enforcing=0 auid=4294967295 ses=4294967295
08-03 00:20:28.470   419   419 W init    : type=1400 audit(0.0:4): avc: denied { setattr } for uid=0 name="firmware" dev="rootfs" ino=8748 scontext=u:r:vendor_init:s0 tcontext=u:object_r:rootfs:s0 tclass=lnk_file permissive=0
08-03 00:20:30.456     1     1 W init    : type=1400 audit(0.0:5): avc: denied { write } for uid=0 name="alignment" dev="proc" ino=4026532314 scontext=u:r:init:s0 tcontext=u:object_r:proc:s0 tclass=file permissive=0
08-03 00:20:30.490   419   419 W init    : type=1400 audit(0.0:6): avc: denied { create } for uid=0 name="schedtune.sched_boost_no_override" scontext=u:r:vendor_init:s0 tcontext=u:object_r:device:s0 tclass=file permissive=0
08-03 00:20:30.493   419   419 W init    : type=1400 audit(0.0:7): avc: denied { create } for uid=0 name="schedtune.sched_boost_no_override" scontext=u:r:vendor_init:s0 tcontext=u:object_r:device:s0 tclass=file permissive=0
08-03 00:20:30.493   419   419 W init    : type=1400 audit(0.0:8): avc: denied { create } for uid=0 name="schedtune.colocate" scontext=u:r:vendor_init:s0 tcontext=u:object_r:device:s0 tclass=file permissive=0
08-03 00:20:30.493   419   419 W init    : type=1400 audit(0.0:9): avc: denied { create } for uid=0 name="schedtune.colocate" scontext=u:r:vendor_init:s0 tcontext=u:object_r:device:s0 tclass=file permissive=0
08-03 00:20:30.496   419   419 W init    : type=1400 audit(0.0:10): avc: denied { create } for uid=0 name="schedtune.colocate" scontext=u:r:vendor_init:s0 tcontext=u:object_r:device:s0 tclass=file permissive=0
08-03 00:21:03.169   855   855 I hwservicemanager: hwservicemanager is ready now.
08-03 00:21:03.223   863   863 D QSEECOMD: : qseecom listener services process entry PPID = 1
08-03 00:21:03.223   863   863 E QSEECOMD: : Listener: index = 0, hierarchy = 0
08-03 00:21:03.225   863   863 D QSEECOMD: : Init dlopen(librpmb.so, RTLD_NOW) succeeds
08-03 00:21:03.225   863   863 D QSEECOMD: : Init::Init dlsym(g_FSHandle rpmb_init_service) succeeds
08-03 00:21:03.225   863   863 I rpmb_emmc: RPMB Mult (512-bytes sector) = 8192, Rel_sec_cnt = 32
08-03 00:21:03.225   863   863 E DrmLibRpmb: rpmb_init succeeded! with ret = 0
08-03 00:21:03.225   863   863 D QSEECOMD: : Init rpmb_init_service ret = 0
08-03 00:21:03.225   863   863 D QSEECOMD: : RPMB system services: init (Listener ID = 8192)
08-03 00:21:03.225   863   863 E QSEECOMD: : Listener: index = 1, hierarchy = 0
08-03 00:21:03.227   863   863 D QSEECOMD: : Init dlopen(libssd.so, RTLD_NOW) succeeds
08-03 00:21:03.227   863   863 D QSEECOMD: : Init::Init dlsym(g_FSHandle ssd_init_service) succeeds
08-03 00:21:03.227   863   863 E SSD     : ssd_init_service succeeded!
08-03 00:21:03.227   863   863 D QSEECOMD: : Init ssd_init_service ret = 0
08-03 00:21:03.227   863   863 D QSEECOMD: : SSD system services: init (Listener ID = 12288)
08-03 00:21:03.227   863   863 E QSEECOMD: : Listener: index = 2, hierarchy = 0
08-03 00:21:03.227   863   863 E QSEECOMD: : Init dlopen(libsecureui.so, RLTD_NOW) is failed.... dlopen failed: library "libsecureui.so" not found
08-03 00:21:03.227   863   863 D QSEECOMD: : SEC_UI_INIT failed, shall not start secure ui listener
08-03 00:21:03.227   863   863 D QSEECOMD: : Parent qseecom daemon process paused!! 
08-03 00:21:03.228   866   866 D QSEECOMD: : qseecom listener service threads starting!!! 
08-03 00:21:03.228   866   866 D QSEECOMD: : Total listener services to start = 9
08-03 00:21:03.228   866   866 E QSEECOMD: : Listener: index = 0, hierarchy = 1
08-03 00:21:03.228   866   866 D QSEECOMD: : Init dlopen(librpmb.so, RTLD_NOW) succeeds
08-03 00:21:03.228   866   866 D QSEECOMD: : Init::Init dlsym(g_FSHandle rpmb_start) succeeds
08-03 00:21:03.228   866   866 D QSEECOMAPI: QSEECom_register_listener 8192 sb_length = 0x6400
08-03 00:21:03.229   866   866 D QSEECOMD: : Init rpmb_start ret = 0
08-03 00:21:03.229   866   866 D QSEECOMD: : RPMB system services: Started (Listener ID = 8192)
08-03 00:21:03.229   866   866 E QSEECOMD: : Listener: index = 1, hierarchy = 1
08-03 00:21:03.229   866   866 D QSEECOMD: : Init dlopen(libssd.so, RTLD_NOW) succeeds
08-03 00:21:03.229   866   866 D QSEECOMD: : Init::Init dlsym(g_FSHandle ssd_start) succeeds
08-03 00:21:03.229   866   866 D QSEECOMAPI: QSEECom_register_listener 12288 sb_length = 0x5000
08-03 00:21:03.230   866   866 D QSEECOMD: : Init ssd_start ret = 0
08-03 00:21:03.230   866   866 D QSEECOMD: : SSD system services: Started (Listener ID = 12288)
08-03 00:21:03.230   866   866 E QSEECOMD: : Listener: index = 2, hierarchy = 1
08-03 00:21:03.230   866   866 E QSEECOMD: : Init dlopen(libsecureui.so, RLTD_NOW) is failed.... dlopen failed: library "libsecureui.so" not found
08-03 00:21:03.230   866   866 E QSEECOMD: : Listener: index = 3, hierarchy = 1
08-03 00:21:03.233   866   866 D QSEECOMD: : Init dlopen(libdrmtime.so, RTLD_NOW) succeeds
08-03 00:21:03.233   866   866 D QSEECOMD: : Init::Init dlsym(g_FSHandle atime_start) succeeds
08-03 00:21:03.233   866   866 D DrmLibTime: QSEE Time Listener: atime_start
08-03 00:21:03.233   866   866 D QSEECOMAPI: QSEECom_register_listener 11 sb_length = 0x5000
08-03 00:21:03.233   866   866 D DrmLibTime: registering fs service to QSEECom is done!
08-03 00:21:03.233   866   866 D DrmLibTime: begin to create a thread!
08-03 00:21:03.233   866   866 D DrmLibTime: Creating a pthread in atime_start is done! return 0
08-03 00:21:03.233   866   866 D QSEECOMD: : Init atime_start ret = 0
08-03 00:21:03.233   866   866 D QSEECOMD: : time services: Started (Listener ID = 11)
08-03 00:21:03.234   866   866 E QSEECOMD: : Listener: index = 4, hierarchy = 1
08-03 00:21:03.234   866   869 D DrmLibTime: QSEE Time Listener: dispatch
08-03 00:21:03.234   866   869 D DrmLibTime: before calling ioctl to read the next time_cmd
08-03 00:21:03.234   866   866 D QSEECOMD: : Init dlopen(libdrmfs.so, RTLD_NOW) succeeds
08-03 00:21:03.234   866   866 D QSEECOMD: : Init::Init dlsym(g_FSHandle fs_start) succeeds
08-03 00:21:03.234   866   866 D QSEECOMAPI: QSEECom_register_listener 10 sb_length = 0x5000
08-03 00:21:03.234   866   866 D QSEECOMD: : Init fs_start ret = 0
08-03 00:21:03.234   866   866 D QSEECOMD: : file system services: Started (Listener ID = 10)
08-03 00:21:03.234   866   866 E QSEECOMD: : Listener: index = 5, hierarchy = 1
08-03 00:21:03.234   866   866 D QSEECOMD: : Init dlopen(libdrmfs.so, RTLD_NOW) succeeds
08-03 00:21:03.234   866   866 D QSEECOMD: : Init::Init dlsym(g_FSHandle gpfs_start) succeeds
08-03 00:21:03.245   866   866 D QSEECOMAPI: QSEECom_register_listener 28672 sb_length = 0x7e000
08-03 00:21:03.247   866   866 D QSEECOMD: : Init gpfs_start ret = 0
08-03 00:21:03.247   866   866 D QSEECOMD: : gpfile system services: Started (Listener ID = 28672)
08-03 00:21:03.247   866   866 E QSEECOMD: : Listener: index = 6, hierarchy = 1
08-03 00:21:03.251   866   866 D QSEECOMD: : Init dlopen(libqisl.so, RTLD_NOW) succeeds
08-03 00:21:03.251   866   866 D QSEECOMD: : Init::Init dlsym(g_FSHandle qisl_start) succeeds
--------- beginning of system
08-03 00:21:03.251   866   872 I QISL    : QSEE Interrupt Service Listener Thread is started
08-03 00:21:03.251   866   872 D QSEECOMAPI: QSEECom_register_listener 36864 sb_length = 0x1f4
08-03 00:21:03.252   866   872 I QISL    : QSEE Interrupt Service Listener was activated successfully
08-03 00:21:03.252   866   866 D QSEECOMD: : Init qisl_start ret = 0
08-03 00:21:03.252   866   866 D QSEECOMD: : interrupt services: Started (Listener ID = 36864)
08-03 00:21:03.252   866   866 E QSEECOMD: : Listener: index = 7, hierarchy = 1
08-03 00:21:03.252   866   866 E QSEECOMD: : Init dlopen(libspl.so, RLTD_NOW) is failed.... dlopen failed: library "libspl.so" not found
08-03 00:21:03.252   866   866 E QSEECOMD: : Listener: index = 8, hierarchy = 1
08-03 00:21:03.255   866   866 D QSEECOMD: : Init dlopen(libGPreqcancel.so, RTLD_NOW) succeeds
08-03 00:21:03.255   866   866 D QSEECOMD: : Init::Init dlsym(g_FSHandle gp_reqcancel_start) succeeds
08-03 00:21:03.255   866   866 D QSEECOMAPI: QSEECom_register_listener 4352 sb_length = 0x5000
08-03 00:21:03.255   866   866 D QSEECOMD: : Init gp_reqcancel_start ret = 0
08-03 00:21:03.255   866   866 D QSEECOMD: : gp request cancellation services: Started (Listener ID = 4352)
08-03 00:21:03.256   866   866 D QSEECOMD: : QSEECOM DAEMON RUNNING 
08-03 00:21:03.462   877   877 D vndksupport: Loading /vendor/lib/hw/android.hardware.keymaster@3.0-impl-qti.so from current namespace instead of sphal namespace.
08-03 00:21:03.462   876   876 D vndksupport: Loading /vendor/lib/hw/android.hardware.gatekeeper@1.0-impl-qti.so from current namespace instead of sphal namespace.
08-03 00:21:03.467   877   877 D QSEECOMAPI: QSEECom_get_handle sb_length = 0xa000
08-03 00:21:03.467   877   877 D QSEECOMAPI: App is already loaded QSEE and app id = 65537
08-03 00:21:03.468   876   876 D QSEECOMAPI: QSEECom_get_handle sb_length = 0xa000
08-03 00:21:03.472   877   877 E KeymasterUtils: TA API Major Version: 3
08-03 00:21:03.472   876   876 D QSEECOMAPI: App is already loaded QSEE and app id = 65537
08-03 00:21:03.472   877   877 E KeymasterUtils: TA API Minor Version: 0
08-03 00:21:03.472   877   877 E KeymasterUtils: TA Major Version: 3
08-03 00:21:03.472   877   877 E KeymasterUtils: TA Minor Version: 121
08-03 00:21:03.475   876   876 E KeymasterUtils: TA API Major Version: 3
08-03 00:21:03.475   876   876 E KeymasterUtils: TA API Minor Version: 0
08-03 00:21:03.475   876   876 E KeymasterUtils: TA Major Version: 3
08-03 00:21:03.475   876   876 E KeymasterUtils: TA Minor Version: 121
08-03 00:21:03.477   877   877 I ServiceManagement: Removing namespace from process name android.hardware.keymaster@3.0-service-qti to keymaster@3.0-service-qti.
08-03 00:21:03.478   876   876 I ServiceManagement: Removing namespace from process name android.hardware.gatekeeper@1.0-service-qti to gatekeeper@1.0-service-qti.
08-03 00:21:03.478   877   877 I android.hardware.keymaster@3.0-service: Registration complete for android.hardware.keymaster@3.0::IKeymasterDevice/default.
08-03 00:21:03.479   876   876 I android.hardware.gatekeeper@1.0-service: Registration complete for android.hardware.gatekeeper@1.0::IGatekeeper/default.
08-03 00:21:03.490   878   878 I vold    : Vold 3.0 (the awakening) firing up
08-03 00:21:03.491   878   878 V vold    : Detected support for: ext4 f2fs vfat
08-03 00:21:03.504   878   878 W vold    : Failed to LOOP_GET_STATUS64 /dev/block/loop5: No such device or address
08-03 00:21:03.504   878   878 W vold    : Failed to LOOP_GET_STATUS64 /dev/block/loop7: No such device or address
08-03 00:21:03.504   878   878 W vold    : Failed to LOOP_GET_STATUS64 /dev/block/loop4: No such device or address
08-03 00:21:03.504   878   878 W vold    : Failed to LOOP_GET_STATUS64 /dev/block/loop1: No such device or address
08-03 00:21:03.504   878   878 W vold    : Failed to LOOP_GET_STATUS64 /dev/block/loop0: No such device or address
08-03 00:21:03.504   878   878 W vold    : Failed to LOOP_GET_STATUS64 /dev/block/loop6: No such device or address
08-03 00:21:03.504   878   878 W vold    : Failed to LOOP_GET_STATUS64 /dev/block/loop2: No such device or address
08-03 00:21:03.504   878   878 W vold    : Failed to LOOP_GET_STATUS64 /dev/block/loop3: No such device or address
08-03 00:21:03.505   878   878 E vold    : [libfs_mgr]Warning: unknown flag =/dev/block/bootdevice/by-name/metadata
08-03 00:21:03.508   878   878 D vold    : VoldNativeService::start() completed OK
08-03 00:21:03.531   878   878 D vold    : e4crypt_init_user0
08-03 00:21:03.531   878   878 D vold    : e4crypt_prepare_user_storage for volume null, user 0, serial 0, flags 1
08-03 00:21:03.531   878   878 D vold    : Preparing: /data/system/users/0
08-03 00:21:03.532   878   878 D vold    : Preparing: /data/misc/profiles/cur/0
08-03 00:21:03.533   878   878 D vold    : Preparing: /data/system_de/0
08-03 00:21:03.533   878   878 D vold    : Preparing: /data/misc_de/0
08-03 00:21:03.534   878   878 D vold    : Preparing: /data/vendor_de/0
08-03 00:21:03.534   878   878 D vold    : Preparing: /data/user_de/0
08-03 00:21:03.535   878   878 V vold    : /system/bin/vold_prepare_subdirs
08-03 00:21:03.535   878   878 V vold    :     prepare
08-03 00:21:03.535   878   878 V vold    :     
08-03 00:21:03.535   878   878 V vold    :     0
08-03 00:21:03.535   878   878 V vold    :     1
08-03 00:21:03.563   878   878 I vold_prepare_subdirs: SELinux: Loaded file_contexts
08-03 00:21:03.572   883   883 D vold_prepare_subdirs: Setting up mode 700 uid 0 gid 0 context u:object_r:vold_data_file:s0 on path: /data/misc_de/0/vold
08-03 00:21:03.573   883   883 D vold_prepare_subdirs: Setting up mode 700 uid 0 gid 0 context u:object_r:storaged_data_file:s0 on path: /data/misc_de/0/storaged
08-03 00:21:03.574   883   883 D vold_prepare_subdirs: Setting up mode 700 uid 1000 gid 1000 context u:object_r:fingerprint_vendor_data_file:s0 on path: /data/vendor_de/0/fpdata
08-03 00:21:03.576   878   878 D vold    : e4crypt_unlock_user_key 0 serial=0 token_present=0
08-03 00:21:03.593   885   885 I /system/bin/tzdatacheck: Found an installed distro but it is valid. No action taken.
08-03 00:21:03.628   888   888 I Magisk  : Magisk 24.3(24300) daemon started
08-03 00:21:03.630   888   888 I Magisk  : * Device API level: 28
08-03 00:21:03.639   888   890 I Magisk  : ** post-fs-data mode running
08-03 00:21:03.641   888   890 I Magisk  : * Mounting mirrors
08-03 00:21:03.641   888   890 I Magisk  : mount: /sbin/.magisk/mirror/system
08-03 00:21:03.642   888   890 I Magisk  : mount: /sbin/.magisk/mirror/vendor
08-03 00:21:03.642   888   890 I Magisk  : mount: /sbin/.magisk/mirror/data
08-03 00:21:03.642   888   890 I Magisk  : link: /sbin/.magisk/mirror/cache
08-03 00:21:03.642   888   890 I Magisk  : link: /sbin/.magisk/mirror/persist
08-03 00:21:03.642   888   890 E Magisk  : symlink /mnt/vendor/persist->/sbin/.magisk/mirror/persist failed with 17: File exists
08-03 00:21:03.642   888   890 I Magisk  : link: /sbin/.magisk/mirror/persist
08-03 00:21:03.642   888   890 I Magisk  : link: /sbin/.magisk/mirror/product
08-03 00:21:03.643   888   890 I Magisk  : * Initializing Magisk environment
08-03 00:21:04.120   888   890 I Magisk  : * Running post-fs-data.d scripts
08-03 00:21:04.130   888   890 I Magisk  : Upgrade / New module: zygisk_lsposed
08-03 00:21:04.180   888   890 I Magisk  : * Running module post-fs-data scripts
08-03 00:21:04.181   943   943 I Magisk  : zygisk_lsposed: exec [post-fs-data.sh]
08-03 00:21:04.218   888   890 I Magisk  : * Loading modules
08-03 00:21:04.218   888   890 I Magisk  : zygisk_lsposed: loading [system.prop]
08-03 00:21:04.218   888   890 I Magisk  : hosts: loading mount files
08-03 00:21:04.220     1     1 W init    : type=1400 audit(0.0:12): avc: denied { setattr } for uid=0 name="file" dev="sysfs" ino=33938 scontext=u:r:init:s0 tcontext=u:object_r:sysfs:s0 tclass=file permissive=0
08-03 00:21:04.220     1     1 W init    : type=1400 audit(0.0:13): avc: denied { setattr } for uid=0 name="file" dev="sysfs" ino=33938 scontext=u:r:init:s0 tcontext=u:object_r:sysfs:s0 tclass=file permissive=0
08-03 00:21:04.280   419   419 W init    : type=1400 audit(0.0:14): avc: denied { setattr } for uid=0 name="tombstones" dev="mmcblk0p53" ino=2997 scontext=u:r:vendor_init:s0 tcontext=u:object_r:tombstone_data_file:s0 tclass=dir permissive=0
08-03 00:21:04.280   419   419 W init    : type=1400 audit(0.0:15): avc: denied { search } for uid=0 name="tombstones" dev="mmcblk0p53" ino=2997 scontext=u:r:vendor_init:s0 tcontext=u:object_r:tombstone_data_file:s0 tclass=dir permissive=0
08-03 00:21:04.280   419   419 I chatty  : uid=0(root) /init identical 2 lines
08-03 00:21:04.283   419   419 W init    : type=1400 audit(0.0:18): avc: denied { search } for uid=0 name="tombstones" dev="mmcblk0p53" ino=2997 scontext=u:r:vendor_init:s0 tcontext=u:object_r:tombstone_data_file:s0 tclass=dir permissive=0
08-03 00:21:04.303   419   419 W init    : type=1400 audit(0.0:19): avc: denied { setattr } for uid=0 name="app-lib2" dev="mmcblk0p53" ino=2994 scontext=u:r:vendor_init:s0 tcontext=u:object_r:apk_data_file:s0 tclass=dir permissive=0
08-03 00:21:04.345   959   959 V LSPosed : inotify: e	/dev/socket	netd
08-03 00:21:04.365   964   964 V LSPosed : zygote started
08-03 00:21:04.399   970   970 D LSPosed : start zygisk daemon 
08-03 00:21:04.410   957   957 I Netd    : Netd 1.0 starting
08-03 00:21:04.413   957   957 D TetherController: Setting IP forward enable = 0
08-03 00:21:04.439   978   978 I BOOT    : MSM target '', SoC 'MTP', HwID '338', SoC ver '65536'
08-03 00:21:04.440   957   957 I Netd    : Creating child chains: 17.2ms
08-03 00:21:04.440   957   957 I Netd    : Setting up OEM hooks: 0.2ms
08-03 00:21:04.449   957   957 I Netd    : Setting up FirewallController hooks: 8.2ms
08-03 00:21:04.455   979   979 W DRM_BOOT: file: '/sys/module/drm/parameters/vblankoffdelay' or perms doesn't exist
08-03 00:21:04.455   957   957 I Netd    : Setting up TetherController hooks: 6.9ms
08-03 00:21:04.459   957   957 I Netd    : Setting up BandwidthController hooks: 3.5ms
08-03 00:21:04.459   957   957 I Netd    : Setting up IdletimerController hooks: 0.1ms
08-03 00:21:04.459   957   957 I Netd    : initializing traffic control: 0.0ms
08-03 00:21:04.470   957   957 I Netd    : Disabling bandwidth control: 11.0ms
08-03 00:21:04.603   287   287 W kworker/u16:4: type=1400 audit(0.0:20): avc: denied { search } for uid=0 name="ipc_logging" dev="debugfs" ino=1085 scontext=u:r:kernel:s0 tcontext=u:object_r:debugfs_ipc:s0 tclass=dir permissive=0
08-03 00:21:04.631   957   957 I Netd    : Initializing RouteController: 161.3ms
08-03 00:21:04.632   957   957 D XfrmController: Sending Netlink XFRM Message: XFRM_MSG_FLUSHSA
08-03 00:21:04.632   957   957 D XfrmController: Sending Netlink XFRM Message: XFRM_MSG_FLUSHPOLICY
08-03 00:21:04.683   957   957 I Netd    : Initializing XfrmController: 51.7ms
08-03 00:21:04.684   957   957 E Netd    : Unable to create netlink socket: Protocol not supported
08-03 00:21:04.684   957   957 W Netd    : Unable to open qlog quota socket, check if xt_quota2 can send via UeventHandler
08-03 00:21:04.684   957   957 D MDnsDS  : MDnsSdListener::Hander starting up
08-03 00:21:04.684   957  1005 D MDnsDS  : MDnsSdListener starting to monitor
08-03 00:21:04.684   957  1005 D MDnsDS  : Going to poll with pollCount 1
08-03 00:21:04.686   957   957 I Netd    : Registering NetdNativeService: 1.2ms
08-03 00:21:04.686   957   957 I Netd    : Starting CommandListener: 0.3ms
08-03 00:21:04.688   957   957 I Netd    : Registering NetdHwService: 2.1ms
08-03 00:21:04.688   957   957 I Netd    : Netd started in 278ms
08-03 00:21:04.894  1027  1027 I ServiceManagement: Removing namespace from process name android.hidl.allocator@1.0-service to allocator@1.0-service.
08-03 00:21:04.895  1026  1026 D vndksupport: Loading /vendor/lib/hw/android.hardware.sensors@1.0-impl.so from current namespace instead of sphal namespace.
08-03 00:21:04.900   958   958 E linker  : "/system/bin/app_process32": ignoring DT_PREINIT_ARRAY in shared library!
08-03 00:21:04.933   958   958 E linker  : "/system/bin/app_process32": ignoring DT_PREINIT_ARRAY in shared library!
08-03 00:21:04.965  1062  1062 I vendor.rmt_storage: Modem subsystem found on target!
08-03 00:21:04.966  1062  1062 I vendor.rmt_storage: Shared memory initialised successfully.
08-03 00:21:04.966  1062  1062 I vendor.rmt_storage: Registering modemst1: 0x4a /boot/modem_fs1
08-03 00:21:04.966  1062  1062 I vendor.rmt_storage: Registering modemst2: 0x4b /boot/modem_fs2
08-03 00:21:04.966  1062  1062 I vendor.rmt_storage: Registering fsc: 0xff /boot/modem_fsc
08-03 00:21:04.967  1062  1062 I vendor.rmt_storage: Registering fsg: 0x58 /boot/modem_fsg
08-03 00:21:04.967  1062  1062 I vendor.rmt_storage: 4 GPT partitions found
08-03 00:21:04.967  1062  1062 I vendor.rmt_storage: Capset success!
08-03 00:21:04.979  1032  1032 D android.hardware.drm@1.0-service: android.hardware.drm@1.0-service starting...
08-03 00:21:04.982  1032  1032 D vndksupport: Loading /vendor/lib/hw/android.hardware.drm@1.0-impl.so from current namespace instead of sphal namespace.
08-03 00:21:04.984  1030  1030 D android.hardware.cas@1.0-service: android.hardware.cas@1.0-service starting...
08-03 00:21:04.984  1030  1030 I ServiceManagement: Removing namespace from process name android.hardware.cas@1.0-service to cas@1.0-service.
08-03 00:21:05.025  1061  1061 I irsc_util: Starting irsc tool
08-03 00:21:05.036  1069  1069 I lowmemorykiller: Using in-kernel low memory killer interface
08-03 00:21:05.045  1037  1037 I health@2.0/: health@2.0/default: Hal starting main loop...
08-03 00:21:05.045  1037  1037 I health@2.0/: health@2.0/default Hal is starting up...
08-03 00:21:05.048  1058  1058 D vndksupport: Loading /vendor/lib/hw/vendor.qti.hardware.soter@1.0-impl.so from current namespace instead of sphal namespace.
08-03 00:21:05.048  1061  1061 I irsc_util: Num of entries:297
08-03 00:21:05.050  1061  1061 I irsc_util: Ending irsc tool
08-03 00:21:05.062  1037  1037 I ServiceManagement: Removing namespace from process name android.hardware.health@2.0-service to health@2.0-service.
08-03 00:21:05.065  1037  1037 I health@2.0/: health@2.0/default: Hal init done
08-03 00:21:05.073  1028  1028 I health@2.0/: health@2.0/backup: Hal starting main loop...
08-03 00:21:05.073  1028  1028 I health@2.0/: health@2.0/backup Hal is starting up...
08-03 00:21:05.078   855   855 W hwservicemanager: getTransport: Cannot find entry android.hardware.health@1.0::IHealth/default in either framework or device manifest.
08-03 00:21:05.079  1033  1033 D android.hardware.drm@1.1-service.clearkey: android.hardware.drm@1.1-service.clearkey starting...
08-03 00:21:05.080  1033  1033 I ServiceManagement: Removing namespace from process name android.hardware.drm@1.1-service.clearkey to drm@1.1-service.clearkey.
08-03 00:21:05.081  1039  1039 D vndksupport: Loading /vendor/lib/hw/android.hardware.memtrack@1.0-impl.so from current namespace instead of sphal namespace.
08-03 00:21:05.084  1041  1041 D vndksupport: Loading /vendor/lib/hw/android.hardware.thermal@1.0-impl.so from current namespace instead of sphal namespace.
08-03 00:21:05.090  1031  1031 W /vendor/bin/hw/android.hardware.configstore@1.1-service: Could not find seccomp policy file at: /vendor/etc/seccomp_policy/configstore@1.1.policy
08-03 00:21:05.094  1028  1028 I health@2.0/: health@2.0/backup: Hal init done
08-03 00:21:05.095  1031  1031 I ServiceManagement: Removing namespace from process name android.hardware.configstore@1.1-service to configstore@1.1-service.
08-03 00:21:05.097  1054  1054 D vndksupport: Loading /vendor/lib/hw/vendor.qti.hardware.alarm@1.0-impl.so from current namespace instead of sphal namespace.
08-03 00:21:05.104  1058  1058 D QSEECOMAPI: QSEECom_get_handle sb_length = 0xa000
08-03 00:21:05.104  1058  1058 D QSEECOMAPI: App is not loaded in QSEE
08-03 00:21:05.108  1033  1033 I ServiceManagement: Removing namespace from process name android.hardware.drm@1.1-service.clearkey to drm@1.1-service.clearkey.
08-03 00:21:05.108  1032  1032 I ServiceManagement: Removing namespace from process name android.hardware.drm@1.0-service to drm@1.0-service.
08-03 00:21:05.109  1039  1039 D vndksupport: Loading /vendor/lib/hw/memtrack.msm8953.so from current namespace instead of sphal namespace.
08-03 00:21:05.110  1036  1036 D vndksupport: Loading /vendor/lib/hw/android.hardware.graphics.composer@2.1-impl.so from current namespace instead of sphal namespace.
08-03 00:21:05.111  1058  1058 D QSEECOMAPI: app_arch = 1, total_files = 8
08-03 00:21:05.111  1041  1041 D vndksupport: Loading /vendor/lib/hw/thermal.msm8953.so from current namespace instead of sphal namespace.
08-03 00:21:05.119  1063  1063 I tftp_server: Initializing tftp_server RING buffer
08-03 00:21:05.119  1063  1063 I tftp_server: Starting...
08-03 00:21:05.121  1048  1048 D motorola.hardware.camera.imgtuner@1.0-service: Starting ImageTunerUpdate service
08-03 00:21:05.126  1032  1032 I android.hardware.drm@1.0-service: Registration complete for android.hardware.drm@1.0::IDrmFactory/default.
08-03 00:21:05.127  1034  1034 D android.hardware.drm@1.0-service.widevine: android.hardware.drm@1.1-service.widevine starting...
08-03 00:21:05.128  1040  1040 D vndksupport: Loading /vendor/lib/hw/android.hardware.power@1.0-impl.so from current namespace instead of sphal namespace.
08-03 00:21:05.128  1034  1034 I ServiceManagement: Removing namespace from process name android.hardware.drm@1.1-service.widevine to drm@1.1-service.widevine.
08-03 00:21:05.129  1039  1039 D         : memtrack_open: enter; name=memtrack
08-03 00:21:05.129  1039  1039 D         : memtrack_open: exit 0
08-03 00:21:05.131  1052  1052 D vendor.qti.esepowermanager@1.0-service: loading eseservice
08-03 00:21:05.131  1052  1052 D QSEECOMAPI: QSEECom_get_handle sb_length = 0x400
08-03 00:21:05.131  1052  1052 D QSEECOMAPI: App is not loaded in QSEE
08-03 00:21:05.131  1052  1052 E QSEECOMAPI: Error::Cannot open the file /vendor/firmware_mnt/image/eseservice.mdt errno = 2
08-03 00:21:05.131  1052  1052 E QSEECOMAPI: Error::Loading image failed with ret = -1
08-03 00:21:05.131  1052  1052 D vendor.qti.esepowermanager@1.0-service: loading eseservice failed
08-03 00:21:05.131  1052  1052 D vendor.qti.esepowermanager@1.0-service: eSEPowerManager is starting
08-03 00:21:05.133  1048  1048 D vndksupport: Loading /vendor/lib/hw/motorola.hardware.camera.imgtuner@1.0-impl.so from current namespace instead of sphal namespace.
08-03 00:21:05.135  1042  1042 I ServiceManagement: Removing namespace from process name android.hardware.usb@1.0-service to usb@1.0-service.
08-03 00:21:05.136  1056  1056 D vndksupport: Loading /vendor/lib/hw/vendor.qti.hardware.qteeconnector@1.0-impl.so from current namespace instead of sphal namespace.
08-03 00:21:05.136  1032  1032 D vndksupport: Loading /vendor/lib/hw/android.hardware.drm@1.0-impl.so from current namespace instead of sphal namespace.
08-03 00:21:05.147  1034  1034 I ServiceManagement: Removing namespace from process name android.hardware.drm@1.1-service.widevine to drm@1.1-service.widevine.
08-03 00:21:05.149  1039  1039 I ServiceManagement: Removing namespace from process name android.hardware.memtrack@1.0-service to memtrack@1.0-service.
08-03 00:21:05.152  1040  1040 D vndksupport: Loading /vendor/lib/hw/power.qcom.so from current namespace instead of sphal namespace.
08-03 00:21:05.153  1054  1054 I ServiceManagement: Removing namespace from process name vendor.qti.hardware.alarm@1.0-service to alarm@1.0-service.
08-03 00:21:05.156  1052  1052 D vndksupport: Loading /vendor/lib/hw/vendor.qti.esepowermanager@1.0-impl.so from current namespace instead of sphal namespace.
08-03 00:21:05.158  1042  1042 I android.hardware.usb@1.0-service: USB HAL Ready.
08-03 00:21:05.159  1032  1032 I ServiceManagement: Removing namespace from process name android.hardware.drm@1.0-service to drm@1.0-service.
08-03 00:21:05.161  1038  1038 D vndksupport: Loading /vendor/lib/hw/android.hardware.light@2.0-impl.so from current namespace instead of sphal namespace.
08-03 00:21:05.164  1057  1057 D vndksupport: Loading /vendor/lib/hw/vendor.qti.hardware.sensorscalibrate@1.0-impl.so from current namespace instead of sphal namespace.
08-03 00:21:05.167  1049  1049 D vndksupport: Loading /vendor/lib/hw/motorola.hardware.vibrator@1.0-impl.so from current namespace instead of sphal namespace.
08-03 00:21:05.168  1036  1036 D vndksupport: Loading /vendor/lib/hw/hwcomposer.msm8953.so from current namespace instead of sphal namespace.
08-03 00:21:05.173  1043  1043 D vndksupport: Loading /vendor/lib/hw/android.hardware.vibrator@1.0-impl.so from current namespace instead of sphal namespace.
08-03 00:21:05.174  1038  1038 D vndksupport: Loading /vendor/lib/hw/lights.msm8953.so from current namespace instead of sphal namespace.
08-03 00:21:05.175  1029  1029 I android.hardware.bluetooth@1.0-service: registering BT & FM services
08-03 00:21:05.181  1049  1049 D vndksupport: Loading /vendor/lib/hw/vibrator.default.so from current namespace instead of sphal namespace.
08-03 00:21:05.185  1043  1043 D vndksupport: Loading /vendor/lib/hw/vibrator.default.so from current namespace instead of sphal namespace.
08-03 00:21:05.188  1087  1087 W libc    : Unable to set property "ro.vendor.hw.revision" to "p2": error code: 0xb
08-03 00:21:05.188  1039  1039 I android.hardware.memtrack@1.0-service: Registration complete for android.hardware.memtrack@1.0::IMemtrack/default.
08-03 00:21:05.189  1038  1038 D vndksupport: Loading /vendor/lib/hw/lights.msm8953.so from current namespace instead of sphal namespace.
08-03 00:21:05.189  1038  1038 E light   : light_open lights keyboard failed: -22
08-03 00:21:05.189  1038  1038 E light   : Light passthrough failed to load legacy HAL.
08-03 00:21:05.189  1038  1038 D vndksupport: Loading /vendor/lib/hw/lights.msm8953.so from current namespace instead of sphal namespace.
08-03 00:21:05.189  1038  1038 E light   : light_open lights buttons failed: -22
08-03 00:21:05.189  1038  1038 E light   : Light passthrough failed to load legacy HAL.
08-03 00:21:05.189  1038  1038 D vndksupport: Loading /vendor/lib/hw/lights.msm8953.so from current namespace instead of sphal namespace.
08-03 00:21:05.190  1038  1038 I chatty  : uid=1000(system) light@2.0-servi identical 2 lines
08-03 00:21:05.190  1038  1038 D vndksupport: Loading /vendor/lib/hw/lights.msm8953.so from current namespace instead of sphal namespace.
08-03 00:21:05.190  1038  1038 E light   : light_open lights bluetooth failed: -22
08-03 00:21:05.190  1038  1038 E light   : Light passthrough failed to load legacy HAL.
08-03 00:21:05.190  1038  1038 D vndksupport: Loading /vendor/lib/hw/lights.msm8953.so from current namespace instead of sphal namespace.
08-03 00:21:05.190  1038  1038 E light   : light_open lights wifi failed: -22
08-03 00:21:05.190  1038  1038 E light   : Light passthrough failed to load legacy HAL.
08-03 00:21:05.193  1054  1054 I         : Registration complete for vendor.qti.hardware.alarm@1.0::IAlarm/default.
08-03 00:21:05.194  1032  1032 I android.hardware.drm@1.0-service: Registration complete for android.hardware.drm@1.0::ICryptoFactory/default.
08-03 00:21:05.195  1052  1052 I ServiceManagement: Removing namespace from process name vendor.qti.esepowermanager@1.0-service to esepowermanager@1.0-service.
08-03 00:21:05.197  1056  1056 I ServiceManagement: Removing namespace from process name vendor.qti.hardware.qteeconnector@1.0-service to qteeconnector@1.0-service.
08-03 00:21:05.198  1029  1029 D vndksupport: Loading /vendor/lib/hw/android.hardware.bluetooth@1.0-impl-qti.so from current namespace instead of sphal namespace.
08-03 00:21:05.199  1045  1045 D vndksupport: Loading /vendor/lib/hw/com.motorola.hardware.display.panel@1.0-impl.so from current namespace instead of sphal namespace.
08-03 00:21:05.200  1043  1043 D         : Vibrator using timed_output
08-03 00:21:05.200  1043  1043 E         : get_vib_reduce_path: failed to open directory /sys/devices/virtual/vibrator/: Unknown error -2
08-03 00:21:05.200  1043  1043 E         : Can not get vibrator reduce path
08-03 00:21:05.201  1041  1041 I ServiceManagement: Removing namespace from process name android.hardware.thermal@1.0-service to thermal@1.0-service.
08-03 00:21:05.201  1049  1049 D         : Vibrator using timed_output
08-03 00:21:05.201  1049  1049 E         : get_vib_reduce_path: failed to open directory /sys/devices/virtual/vibrator/: Unknown error -2
08-03 00:21:05.201  1049  1049 E         : Can not get vibrator reduce path
08-03 00:21:05.201  1049  1049 W MotoVibratorService: motvibrator Passthrough successed to open legacy HAL.
08-03 00:21:05.202  1048  1048 I ServiceManagement: Removing namespace from process name motorola.hardware.camera.imgtuner@1.0-service to imgtuner@1.0-service.
08-03 00:21:05.204  1046  1046 I ServiceManagement: Removing namespace from process name motorola.hardware.audio.adspd@1.0-service to adspd@1.0-service.
08-03 00:21:05.210  1046  1091 I ADSPD   : DSP daemon started (version e493cc2-dirty)
08-03 00:21:05.213  1026  1026 E libsensor1: check_sensors_enabled: Sensors enabled = true
08-03 00:21:05.213  1026  1026 E Diag_Lib:  Diag_LSM_Init: Failed to open handle to diag driver, error = 13
08-03 00:21:05.213  1045  1045 D vndksupport: Loading /vendor/lib/hw/displaypanel.default.so from current namespace instead of sphal namespace.
08-03 00:21:05.220  1038  1038 I ServiceManagement: Removing namespace from process name android.hardware.light@2.0-service to light@2.0-service.
08-03 00:21:05.221  1035  1035 D vndksupport: Loading /vendor/lib/hw/android.hardware.graphics.allocator@2.0-impl.so from current namespace instead of sphal namespace.
08-03 00:21:05.222  1052  1052 I vendor.qti.esepowermanager@1.0-service: Registration complete for vendor.qti.esepowermanager@1.0::IEsePowerManager/default.
08-03 00:21:05.224  1045  1045 I DisplayPanel: PanelMode: param HBM supported.
08-03 00:21:05.224  1045  1045 I DisplayPanel: PanelMode: param CABC supported.
08-03 00:21:05.224  1045  1045 I DisplayPanel: PanelMode: initialized successfully
08-03 00:21:05.237  1046  1091 D adspd_platform_info: Updating trace PCM device from 40 to 45
08-03 00:21:05.237  1046  1091 D adspd_platform_info: Updating DSP1 Text PCM device from 44 to 48
08-03 00:21:05.237  1046  1091 D adspd_platform_info: Updating DSP2 Text PCM device from 42 to 46
08-03 00:21:05.237  1046  1091 D adspd_platform_info: Updating DSP3 Text PCM device from 43 to 47
08-03 00:21:05.238  1046  1091 E ADSPD   : Reached max input devices without finding headset.
08-03 00:21:05.238  1046  1091 I ADSPD   : Unable to setup headset interrupt. input_fd = -19
08-03 00:21:05.238  1046  1091 E ADSPD   : Failed to open mixer
08-03 00:21:05.240  1057  1057 I ServiceManagement: Removing namespace from process name vendor.qti.hardware.sensorscalibrate@1.0-service to sensorscalibrate@1.0-service.
08-03 00:21:05.240  1043  1043 I ServiceManagement: Removing namespace from process name android.hardware.vibrator@1.0-service to vibrator@1.0-service.
08-03 00:21:05.247  1041  1041 I android.hardware.thermal@1.0-service: Registration complete for android.hardware.thermal@1.0::IThermal/default.
08-03 00:21:05.248  1040  1040 I QTI PowerHAL: QTI power HAL initing.
08-03 00:21:05.248  1049  1049 I ServiceManagement: Removing namespace from process name motorola.hardware.vibrator@1.0-service to vibrator@1.0-service.
08-03 00:21:05.249  1048  1048 I motorola.hardware.camera.imgtuner@1.0-service: Registration complete for motorola.hardware.camera.imgtuner@1.0::IImageTuning/default.
08-03 00:21:05.249  1048  1048 D motorola.hardware.camera.imgtuner@1.0-service: ImageTunerUpdate service registered
08-03 00:21:05.250  1055  1055 I ServiceManagement: Removing namespace from process name vendor.qti.hardware.perf@1.0-service to perf@1.0-service.
08-03 00:21:05.251  1046  1046 I ADSPHIDL: Registered motorola vendor adsp service success!
08-03 00:21:05.252   855   855 W hwservicemanager: getTransport: Cannot find entry android.hardware.thermal@1.1::IThermal/default in either framework or device manifest.
08-03 00:21:05.253  1071  1071 W thermalserviced: Unable to get Thermal HAL V1.1, vendor thermal event notification not available
08-03 00:21:05.254  1038  1038 I android.hardware.light@2.0-service: Registration complete for android.hardware.light@2.0::ILight/default.
08-03 00:21:05.255  1029  1029 I ServiceManagement: Removing namespace from process name android.hardware.bluetooth@1.0-service-qti to bluetooth@1.0-service-qti.
08-03 00:21:05.256  1045  1045 I ServiceManagement: Removing namespace from process name com.motorola.hardware.display.panel@1.0-service to panel@1.0-service.
08-03 00:21:05.258  1056  1056 D vndksupport: Loading /vendor/lib/hw/vendor.qti.hardware.qteeconnector@1.0-impl.so from current namespace instead of sphal namespace.
08-03 00:21:05.259  1043  1043 I android.hardware.vibrator@1.0-service: Registration complete for android.hardware.vibrator@1.0::IVibrator/default.
08-03 00:21:05.262  1057  1057 I vendor.qti.hardware.sensorscalibrate@1.0-service: Registration complete for vendor.qti.hardware.sensorscalibrate@1.0::ISensorsCalibrate/default.
08-03 00:21:05.264  1035  1035 D vndksupport: Loading /vendor/lib/hw/gralloc.msm8953.so from current namespace instead of sphal namespace.
08-03 00:21:05.265  1049  1049 I motorola.hardware.vibrator@1.0-service: Registration complete for motorola.hardware.vibrator@1.0::IMotVibrator/default.
08-03 00:21:05.265  1040  1040 I ServiceManagement: Removing namespace from process name android.hardware.power@1.0-service to power@1.0-service.
08-03 00:21:05.267  1065  1065 I PerMgrSrv: Adding entry for modem : offTimeout : 500 ackTimeout : 200
08-03 00:21:05.272  1055  1055 E vendor.qti.hardware.perf@1.0-service: Registered IPerf HAL service success!
08-03 00:21:05.274  1029  1029 I         : Registration complete for android.hardware.bluetooth@1.0::IBluetoothHci/default.
08-03 00:21:05.277  1065  1065 I PerMgrSrv: Peripheral Mananager service start
08-03 00:21:05.277  1065  1065 I PerMgrSrv: power-off timeout 500,ms; event-ack timeout 200,ms; debug-mode false
08-03 00:21:05.277  1065  1065 I PerMgrSrv: Statistics for : modem
08-03 00:21:05.277  1065  1065 I PerMgrSrv: modem: Current State : is off-line
08-03 00:21:05.277  1065  1065 I PerMgrSrv: modem: Voter/Listener count : 0/0
08-03 00:21:05.277  1065  1065 I PerMgrSrv: modem: Power on count : 0
08-03 00:21:05.277  1065  1065 I PerMgrSrv: modem: Power off count: 0
08-03 00:21:05.277  1065  1065 I PerMgrSrv: modem: Client list:
08-03 00:21:05.280  1045  1045 I com.motorola.hardware.display.panel@1.0-service: Registration complete for com.motorola.hardware.display.panel@1.0::IDisplayPanel/default.
08-03 00:21:05.281  1056  1056 I ServiceManagement: Removing namespace from process name vendor.qti.hardware.qteeconnector@1.0-service to qteeconnector@1.0-service.
08-03 00:21:05.283  1036  1036 I SDM     : HWCSession::StartServices: IDisplayConfig service registration completed.
08-03 00:21:05.284  1036  1036 D vndksupport: Loading /vendor/lib/hw/gralloc.msm8953.so from current namespace instead of sphal namespace.
08-03 00:21:05.285  1040  1040 I android.hardware.power@1.0-service: Registration complete for android.hardware.power@1.0::IPower/default.
08-03 00:21:05.286   958   958 D AndroidRuntime: >>>>>> START com.android.internal.os.ZygoteInit uid 0 <<<<<<
08-03 00:21:05.288  1050  1050 I ServiceManagement: Removing namespace from process name vendor.display.color@1.0-service to color@1.0-service.
08-03 00:21:05.292  1036  1036 I SDM     : ExtensionInterface::CreateExtensionInterface: 
08-03 00:21:05.292  1036  1036 I SDM     : SDM-EXTENSION Version: Date: 12/02/18, Commit: 8acd6b6, Change: I71347032eb
08-03 00:21:05.292  1036  1100 W SDM     : HWCSession::UEventThread: UEvent dropped. No uevent listener.
08-03 00:21:05.293  1065  1106 I PerMgrSrv: QMI service start
08-03 00:21:05.294  1036  1036 I SDM     : HWInfo::GetHWResourceInfo: SDE Version = 5, SDE Revision = 10100000, RGB = 2, VIG = 1, DMA = 1, Cursor = 1
08-03 00:21:05.294  1036  1036 I SDM     : HWInfo::GetHWResourceInfo: Upscale Ratio = 20, Downscale Ratio = 4, Blending Stages = 4
08-03 00:21:05.294  1036  1036 I SDM     : HWInfo::GetHWResourceInfo: SourceSplit = 0 QSEED3 = 0
08-03 00:21:05.294  1036  1036 I SDM     : HWInfo::GetHWResourceInfo: BWC = 0, UBWC = 1, Decimation = 1, Tile Format = 0 Concurrent Writeback = 0
08-03 00:21:05.294  1036  1036 I SDM     : HWInfo::GetHWResourceInfo: MaxLowBw = 3400000 , MaxHighBw = 3400000
08-03 00:21:05.294  1036  1036 I SDM     : HWInfo::GetHWResourceInfo: MaxPipeBw = 1717986918402300000 KBps, MaxSDEClock = 4607407598566637568 Hz, ClockFudgeFactor = 0.000000
08-03 00:21:05.294  1036  1036 I SDM     : HWInfo::GetHWResourceInfo: Prefill factors: Tiled_NV12 = 8, Tiled = 4, Linear = 1, Scale = 1, Fudge_factor = 2
08-03 00:21:05.294  1036  1036 I SDM     : HWInfo::GetMDSSRotatorInfo: MDSS Rotator: Count = 1, Downscale = 1, Min_downscale = 2.000000
08-03 00:21:05.294  1036  1036 I SDM     : HWInfo::GetHWResourceInfo: Has Support for multiple bw limits shown below
08-03 00:21:05.294  1036  1036 I SDM     : HWInfo::GetHWResourceInfo: Mode-index=0  total_bw_limit=3400000 and pipe_bw_limit=2300000
08-03 00:21:05.294  1036  1036 I SDM     : HWInfo::GetHWResourceInfo: Mode-index=1  total_bw_limit=3100000 and pipe_bw_limit=2300000
08-03 00:21:05.294  1036  1036 I SDM     : HWInfo::GetHWResourceInfo: Mode-index=2  total_bw_limit=3400000 and pipe_bw_limit=2300000
08-03 00:21:05.294  1036  1036 I SDM     : HWInfo::GetHWResourceInfo: Mode-index=3  total_bw_limit=3400000 and pipe_bw_limit=2300000
08-03 00:21:05.295  1036  1036 I SDM     : SessionManager::SessionManager: Allocate buffers synchronously = 0
08-03 00:21:05.295  1029  1029 D vndksupport: Loading /vendor/lib/hw/vendor.qti.hardware.fm@1.0-impl.so from current namespace instead of sphal namespace.
08-03 00:21:05.297  1035  1035 I ServiceManagement: Removing namespace from process name android.hardware.graphics.allocator@2.0-service to allocator@2.0-service.
08-03 00:21:05.303   948   948 D AndroidRuntime: >>>>>> START com.android.internal.os.RuntimeInit uid 0 <<<<<<
08-03 00:21:05.305  1036  1036 I SDM     : CoreInterface::CreateCore: Open interface handle = 0xb2de2000
08-03 00:21:05.305  1036  1036 I SDM     : HWCSession::Register: Set uevent listener = 0xb2db9300
08-03 00:21:05.305  1036  1036 I SDM     : HWInfo::GetFirstDisplayInterfaceType: First display is internal display
08-03 00:21:05.305  1036  1036 I SDM     : CPUHint::Init: Invalid CPU Hint Pre-enable Window -1
08-03 00:21:05.306  1036  1036 I SDM     : HWDevice::GetHWPanelMaxBrightnessFromNode: Max brightness level = 255
08-03 00:21:05.306  1036  1036 I SDM     : HWDevice::Init: access(/dev/graphics/fb0) successful
08-03 00:21:05.307  1036  1036 I SDM     : HWDevice::GetHWPanelMaxBrightnessFromNode: Max brightness level = 255
08-03 00:21:05.307  1036  1036 I SDM     : HWDevice::PopulateHWPanelInfo: Device type = 0, Display Port = 1, Display Mode = 1, Device Node = 0, Is Primary = 1
08-03 00:21:05.307  1036  1036 I SDM     : HWDevice::PopulateHWPanelInfo: Partial Update = 0, supported roi_count =1, Dynamic FPS = 0
08-03 00:21:05.307  1036  1036 I SDM     : HWDevice::PopulateHWPanelInfo: Align: left = 0, width = 0, top = 0, height = 0
08-03 00:21:05.307  1036  1036 I SDM     : HWDevice::PopulateHWPanelInfo: ROI: min_width = 0, min_height = 0, need_merge = 0
08-03 00:21:05.307  1036  1036 I SDM     : HWDevice::PopulateHWPanelInfo: FPS: min = 0, max =0
08-03 00:21:05.307  1036  1036 I SDM     : HWDevice::PopulateHWPanelInfo: Ping Pong Split = 0
08-03 00:21:05.307  1036  1036 I SDM     : HWDevice::PopulateHWPanelInfo: Left Split = 0, Right Split = 0
08-03 00:21:05.309  1036  1036 I SDM     : HWDevice::GetHWPanelMaxBrightnessFromNode: Max brightness level = 255
08-03 00:21:05.309  1036  1036 I SDM     : HWDevice::GetHWPanelMaxBrightnessFromNode: Max brightness level = 255
08-03 00:21:05.309  1036  1036 W SDM     : HWDevice::GetHWPanelInfoByNode: Failed to open msm_fb_panel_info node device node 2
08-03 00:21:05.310  1036  1036 I SDM     : HWDevice::GetHWPanelMaxBrightnessFromNode: Max brightness level = 255
08-03 00:21:05.310  1036  1036 I SDM     : HWDevice::GetHWPanelMaxBrightnessFromNode: Max brightness level = 255
08-03 00:21:05.310  1036  1036 W SDM     : HWDevice::GetHWPanelInfoByNode: Failed to open msm_fb_panel_info node device node 2
08-03 00:21:05.310  1036  1036 I SDM     : StrategyImpl::SetIdleTimeoutMs: Idle timeout: active = 70, inactive = 520
08-03 00:21:05.311  1036  1036 W SDM     : ColorManager::CreateColorManagerProxy: PAV2 version is versions = 11, version = 11 
08-03 00:21:05.314  1035  1035 I android.hardware.graphics.allocator@2.0-service: Registration complete for android.hardware.graphics.allocator@2.0::IAllocator/default.
08-03 00:21:05.315  1102  1102 E Diag_Lib:  Diag_LSM_Init: Failed to open handle to diag driver, error = 13
08-03 00:21:05.315  1102  1102 W Sensors : sns_debug_main.c(453):Diag_LSM_Init failed: log packets and messages will not be available
08-03 00:21:05.316  1029  1029 I         : Registration complete for vendor.qti.hardware.fm@1.0::IFmHci/default.
08-03 00:21:05.345  1036  1036 I SDM     : DisplayBase::InitializeColorModes: Number of Color Modes = 26
08-03 00:21:05.346  1036  1036 W SDM     : ColorManager::ColorMgrAccessDefaultPropModeID: invalid color mode in prop persist.sys.display.colormode
08-03 00:21:05.354  1053  1053 I LocSvc_HIDL_vendor.qti.gnss@1.0-service: main
08-03 00:21:05.356  1051  1051 I DolbyManagerService: onFirstRef 
08-03 00:21:05.356   855   855 W hwservicemanager: getTransport: Cannot find entry android.hardware.gnss@1.1::IGnss/default in either framework or device manifest.
08-03 00:21:05.356   958   958 I zygote  : option[0]=-Xzygote
08-03 00:21:05.356   958   958 I zygote  : option[1]=-Xusetombstonedtraces
08-03 00:21:05.357   958   958 I zygote  : option[2]=exit
08-03 00:21:05.357   958   958 I zygote  : option[3]=vfprintf
08-03 00:21:05.357   958   958 I zygote  : option[4]=sensitiveThread
08-03 00:21:05.357   958   958 I zygote  : option[5]=-verbose:gc
08-03 00:21:05.357   958   958 I zygote  : option[6]=-Xms8m
08-03 00:21:05.357   958   958 I zygote  : option[7]=-Xmx384m
08-03 00:21:05.357   958   958 I zygote  : option[8]=-XX:HeapGrowthLimit=192m
08-03 00:21:05.357   958   958 I zygote  : option[9]=-XX:HeapMinFree=512k
08-03 00:21:05.357   958   958 I zygote  : option[10]=-XX:HeapMaxFree=8m
08-03 00:21:05.357   958   958 I zygote  : option[11]=-XX:HeapTargetUtilization=0.75
08-03 00:21:05.357   958   958 I zygote  : option[12]=-Xusejit:true
08-03 00:21:05.357   958   958 I zygote  : option[13]=-Xjitsaveprofilinginfo
08-03 00:21:05.357   958   958 I zygote  : option[14]=-XjdwpOptions:suspend=n,server=y
08-03 00:21:05.357   958   958 I zygote  : option[15]=-XjdwpProvider:default
08-03 00:21:05.357   958   958 I zygote  : option[16]=-Ximage-compiler-option
08-03 00:21:05.357   958   958 I zygote  : option[17]=--runtime-arg
08-03 00:21:05.357   958   958 I zygote  : option[18]=-Ximage-compiler-option
08-03 00:21:05.357   958   958 I zygote  : option[19]=-Xms64m
08-03 00:21:05.357   958   958 I zygote  : option[20]=-Ximage-compiler-option
08-03 00:21:05.357   958   958 I zygote  : option[21]=--runtime-arg
08-03 00:21:05.357   958   958 I zygote  : option[22]=-Ximage-compiler-option
08-03 00:21:05.357   958   958 I zygote  : option[23]=-Xmx64m
08-03 00:21:05.357   958   958 I zygote  : option[24]=-Ximage-compiler-option
08-03 00:21:05.357   958   958 I zygote  : option[25]=--profile-file=/system/etc/boot-image.prof
08-03 00:21:05.357   958   958 I zygote  : option[26]=-Ximage-compiler-option
08-03 00:21:05.357   958   958 I zygote  : option[27]=--compiler-filter=speed-profile
08-03 00:21:05.357   958   958 I zygote  : option[28]=-Xcompiler-option
08-03 00:21:05.357   958   958 I zygote  : option[29]=--runtime-arg
08-03 00:21:05.357   958   958 I zygote  : option[30]=-Xcompiler-option
08-03 00:21:05.357   958   958 I zygote  : option[31]=-Xms64m
08-03 00:21:05.357   958   958 I zygote  : option[32]=-Xcompiler-option
08-03 00:21:05.357   958   958 I zygote  : option[33]=--runtime-arg
08-03 00:21:05.357   958   958 I zygote  : option[34]=-Xcompiler-option
08-03 00:21:05.357   958   958 I zygote  : option[35]=-Xmx512m
08-03 00:21:05.357   958   958 I zygote  : option[36]=-Xcompiler-option
08-03 00:21:05.357   958   958 I zygote  : option[37]=-j6
08-03 00:21:05.357   958   958 I zygote  : option[38]=-Ximage-compiler-option
08-03 00:21:05.357   958   958 I zygote  : option[39]=--instruction-set-variant=cortex-a53
08-03 00:21:05.357   958   958 I zygote  : option[40]=-Xcompiler-option
08-03 00:21:05.357   958   958 I zygote  : option[41]=--instruction-set-variant=cortex-a53
08-03 00:21:05.357   958   958 I zygote  : option[42]=-Ximage-compiler-option
08-03 00:21:05.357   958   958 I zygote  : option[43]=--instruction-set-features=default
08-03 00:21:05.357   958   958 I zygote  : option[44]=-Xcompiler-option
08-03 00:21:05.357   958   958 I zygote  : option[45]=--instruction-set-features=default
08-03 00:21:05.357   958   958 I zygote  : option[46]=-Xcompiler-option
08-03 00:21:05.357   958   958 I zygote  : option[47]=--inline-max-code-units=0
08-03 00:21:05.357   958   958 I zygote  : option[48]=-Duser.locale=pt-BR
08-03 00:21:05.357   958   958 I zygote  : option[49]=--cpu-abilist=armeabi-v7a,armeabi
08-03 00:21:05.358  1053  1053 E LocSvc_HIDL_vendor.qti.gnss@1.0-service: Could not get passthrough implementation for android.hardware.gnss@1.1::IGnss/default.
08-03 00:21:05.359  1053  1053 W LocSvc_HIDL_vendor.qti.gnss@1.0-service: Failed to register IGnss 1.1 service: 1, try IGnss 1.0
08-03 00:21:05.360  1053  1053 D vndksupport: Loading /vendor/lib/hw/android.hardware.gnss@1.0-impl-qti.so from current namespace instead of sphal namespace.
08-03 00:21:05.370  1118  1118 I ssr_setup: Using persist.vendor.ssr.restart_level for ssr_setup
