06-14 01:29:20.055  1953  1953 I SystemServiceManager: Starting com.android.server.usage.UsageStatsService
06-14 01:29:20.058  1953  2207 E KernelUidCpuFreqTimeReader: Failed to read /proc/uid_time_in_state: java.io.FileNotFoundException: /proc/uid_time_in_state (No such file or directory)
06-14 01:29:20.058  1953  2207 E KernelUidCpuFreqTimeReader: Failed to read /proc/uid_time_in_state: java.io.FileNotFoundException: /proc/uid_time_in_state (No such file or directory)
06-14 01:29:20.063  1184  2319 I OMXClient: IOmx service obtained
06-14 01:29:20.063  1205  1386 I OMXMaster: makeComponentInstance(OMX.google.amrnb.decoder) in omx@1.0-service process
06-14 01:29:20.071  1184  2319 I OMXClient: IOmx service obtained
06-14 01:29:20.071  1205  1386 I OMXMaster: makeComponentInstance(OMX.google.amrwb.decoder) in omx@1.0-service process
06-14 01:29:20.075  1184  2319 I OMXClient: IOmx service obtained
06-14 01:29:20.075  1205  1205 I OMXMaster: makeComponentInstance(OMX.qti.audio.decoder.flac) in omx@1.0-service process
06-14 01:29:20.080  1184  2319 I OMXClient: IOmx service obtained
06-14 01:29:20.080  1205  1386 I OMXMaster: makeComponentInstance(OMX.google.flac.decoder) in omx@1.0-service process
06-14 01:29:20.087  1184  2319 I OMXClient: IOmx service obtained
06-14 01:29:20.087  1205  1205 I OMXMaster: makeComponentInstance(OMX.google.g711.alaw.decoder) in omx@1.0-service process
06-14 01:29:20.092  1184  2319 I OMXClient: IOmx service obtained
06-14 01:29:20.092  1205  1386 I OMXMaster: makeComponentInstance(OMX.google.g711.mlaw.decoder) in omx@1.0-service process
06-14 01:29:20.095  1184  2319 I OMXClient: IOmx service obtained
06-14 01:29:20.095  1205  1386 I OMXMaster: makeComponentInstance(OMX.google.gsm.decoder) in omx@1.0-service process
06-14 01:29:20.102  1184  2319 I OMXClient: IOmx service obtained
06-14 01:29:20.102  1205  1386 I OMXMaster: makeComponentInstance(OMX.google.mp3.decoder) in omx@1.0-service process
06-14 01:29:20.103  1174  1174 W installd: Ignoring /data/user_de/0/com.android.bluetooth/lib with unexpected GID 0 instead of 1002
06-14 01:29:20.107  1184  2319 I OMXClient: IOmx service obtained
06-14 01:29:20.107  1205  1205 I OMXMaster: makeComponentInstance(OMX.google.opus.decoder) in omx@1.0-service process
06-14 01:29:20.114  1184  2319 I OMXClient: IOmx service obtained
06-14 01:29:20.114  1205  1205 I OMXMaster: makeComponentInstance(OMX.google.raw.decoder) in omx@1.0-service process
06-14 01:29:20.118  1184  2319 I OMXClient: IOmx service obtained
06-14 01:29:20.119  1205  1386 I OMXMaster: makeComponentInstance(OMX.google.vorbis.decoder) in omx@1.0-service process
06-14 01:29:20.125  1184  2319 I OMXClient: IOmx service obtained
06-14 01:29:20.125  1205  1386 I OMXMaster: makeComponentInstance(OMX.google.aac.encoder) in omx@1.0-service process
06-14 01:29:20.134  1184  2319 I OMXClient: IOmx service obtained
06-14 01:29:20.134  1205  1205 I OMXMaster: makeComponentInstance(OMX.google.amrnb.encoder) in omx@1.0-service process
06-14 01:29:20.140  1184  2319 I OMXClient: IOmx service obtained
06-14 01:29:20.140  1205  1205 I OMXMaster: makeComponentInstance(OMX.google.amrwb.encoder) in omx@1.0-service process
06-14 01:29:20.146  1184  2319 I OMXClient: IOmx service obtained
06-14 01:29:20.146  1205  1205 I OMXMaster: makeComponentInstance(OMX.google.flac.encoder) in omx@1.0-service process
06-14 01:29:20.152  1184  2319 I OMXClient: IOmx service obtained
06-14 01:29:20.153  1205  1205 I OMXMaster: makeComponentInstance(OMX.qcom.video.decoder.avc) in omx@1.0-service process
06-14 01:29:20.166  1205  1205 I OMX-VDEC-1080P: Video slvp perflock acquired
06-14 01:29:20.233  1404  1633 W ServiceManagement: Waited one second for android.frameworks.sensorservice@1.0::ISensorManager/default. Waiting another...
06-14 01:29:20.246  1205  1205 I OMX-VDEC-1080P: component_init: OMX.qcom.video.decoder.avc : fd=7
06-14 01:29:20.252  1205  1205 I OMX-VDEC-1080P: omx_vdec::component_init() success : fd=7
06-14 01:29:20.254  1205  1386 E OMXNodeInstance: getParameter(0xa8683d44:qcom.decoder.avc, ??(0x7f000044)) ERROR: UnsupportedSetting(0x80001019)
06-14 01:29:20.254  1205  1205 E OMXNodeInstance: getParameter(0xa8683d44:qcom.decoder.avc, ??(0x7f000044)) ERROR: UnsupportedSetting(0x80001019)
06-14 01:29:20.255  1205  1386 E OMXNodeInstance: getExtensionIndex(0xa8683d44:qcom.decoder.avc, OMX.google.android.index.configureVideoTunnelMode) ERROR: NotImplemented(0x80001006)
06-14 01:29:20.255  1205  1386 E OMX-VDEC-1080P: Enable/Disable allocate-native-handle allowed only on input port!
06-14 01:29:20.255  1205  1386 E OMX-VDEC-1080P: set_parameter: Error: 0x80001019, setting param 0x7f00005d
06-14 01:29:20.255  1205  1386 E OMXNodeInstance: setParameter(0xa8683d44:qcom.decoder.avc, OMX.google.android.index.allocateNativeHandle(0x7f00005d): Output:1 en=0) ERROR: UnsupportedSetting(0x80001019)
06-14 01:29:20.255  1205  1386 I OMX-VDEC-1080P: omx_vdec::component_deinit() complete
06-14 01:29:20.257  1205  1386 I OMX-VDEC-1080P: Exit OMX vdec Destructor: fd=7
06-14 01:29:20.258  1205  1386 I OMX-VDEC-1080P: Video slvp perflock released
06-14 01:29:20.260  1184  2319 I OMXClient: IOmx service obtained
06-14 01:29:20.260  1205  1205 I OMXMaster: makeComponentInstance(OMX.qcom.video.decoder.avc.secure) in omx@1.0-service process
06-14 01:29:20.265  1953  1953 I UsageStatsService: User[0] Rollover scheduled @ 2022-06-14 14:52:46(1655229166470)
06-14 01:29:20.266  1953  1953 W SystemServiceManager: Service com.android.server.usage.UsageStatsService took 206 ms in onStart
06-14 01:29:20.266  1953  1953 I SystemServer: StartWebViewUpdateService
06-14 01:29:20.266  1953  1953 I SystemServiceManager: Starting com.android.server.webkit.WebViewUpdateService
06-14 01:29:20.267  1205  1205 I OMX-VDEC-1080P: Video slvp perflock acquired
06-14 01:29:20.268  1205  1205 I OMX-VDEC-1080P: component_init: OMX.qcom.video.decoder.avc : fd=7
06-14 01:29:20.273  1953  1953 I SystemServer: StartBinderCallsStatsService
06-14 01:29:20.274  1953  1953 I SystemServer: StartKeyAttestationApplicationIdProviderService
06-14 01:29:20.274  1953  2195 I SystemServer: SecondaryZygotePreload
06-14 01:29:20.274  1205  1205 I OMX-VDEC-1080P: omx_vdec::component_init() success : fd=7
06-14 01:29:20.276  1953  1953 I SystemServer: StartKeyChainSystemService
06-14 01:29:20.276  1953  1953 I SystemServiceManager: Starting com.android.server.security.KeyChainSystemService
06-14 01:29:20.276  1953  1953 I SystemServer: StartSchedulingPolicyService
06-14 01:29:20.276  1205  1205 E OMXNodeInstance: getParameter(0xa8692f04:qcom.decoder.avc.secure, ??(0x7f000044)) ERROR: UnsupportedSetting(0x80001019)
06-14 01:29:20.277  1205  1205 E OMXNodeInstance: getParameter(0xa8692f04:qcom.decoder.avc.secure, ??(0x7f000044)) ERROR: UnsupportedSetting(0x80001019)
06-14 01:29:20.277  1205  1205 E OMXNodeInstance: getExtensionIndex(0xa8692f04:qcom.decoder.avc.secure, OMX.google.android.index.configureVideoTunnelMode) ERROR: NotImplemented(0x80001006)
06-14 01:29:20.277  1205  1386 E OMX-VDEC-1080P: Enable/Disable allocate-native-handle allowed only on input port!
06-14 01:29:20.277  1205  1386 E OMX-VDEC-1080P: set_parameter: Error: 0x80001019, setting param 0x7f00005d
06-14 01:29:20.277  1205  1386 E OMXNodeInstance: setParameter(0xa8692f04:qcom.decoder.avc.secure, OMX.google.android.index.allocateNativeHandle(0x7f00005d): Output:1 en=0) ERROR: UnsupportedSetting(0x80001019)
06-14 01:29:20.278  1205  1386 I OMX-VDEC-1080P: omx_vdec::component_deinit() complete
06-14 01:29:20.278  1953  1953 I SystemServer: StartTelecomLoaderService
06-14 01:29:20.278  1953  1953 I SystemServiceManager: Starting com.android.server.telecom.TelecomLoaderService
06-14 01:29:20.279  1953  1953 I SystemServer: StartTelephonyRegistry
06-14 01:29:20.280  1205  1386 I OMX-VDEC-1080P: Exit OMX vdec Destructor: fd=7
06-14 01:29:20.280  1205  1386 I OMX-VDEC-1080P: Video slvp perflock released
06-14 01:29:20.281  1953  1953 I SystemServer: StartEntropyMixer
06-14 01:29:20.282  1184  2319 I OMXClient: IOmx service obtained
06-14 01:29:20.282  1205  1386 I OMXMaster: makeComponentInstance(OMX.google.h264.decoder) in omx@1.0-service process
06-14 01:29:20.285  1953  1953 W EntropyMixer: Failed to add HW RNG output to entropy pool
06-14 01:29:20.285  1953  1953 W EntropyMixer: java.io.FileNotFoundException: /dev/hw_random (Permission denied)
06-14 01:29:20.285  1953  1953 W EntropyMixer: 	at java.io.FileInputStream.open0(Native Method)
06-14 01:29:20.285  1953  1953 W EntropyMixer: 	at java.io.FileInputStream.open(FileInputStream.java:231)
06-14 01:29:20.285  1953  1953 W EntropyMixer: 	at java.io.FileInputStream.<init>(FileInputStream.java:165)
06-14 01:29:20.285  1953  1953 W EntropyMixer: 	at java.io.FileInputStream.<init>(FileInputStream.java:112)
06-14 01:29:20.285  1953  1953 W EntropyMixer: 	at com.android.server.RandomBlock.fromFile(RandomBlock.java:45)
06-14 01:29:20.285  1953  1953 W EntropyMixer: 	at com.android.server.EntropyMixer.addHwRandomEntropy(EntropyMixer.java:205)
06-14 01:29:20.285  1953  1953 W EntropyMixer: 	at com.android.server.EntropyMixer.<init>(EntropyMixer.java:115)
06-14 01:29:20.285  1953  1953 W EntropyMixer: 	at com.android.server.EntropyMixer.<init>(EntropyMixer.java:97)
06-14 01:29:20.285  1953  1953 W EntropyMixer: 	at com.android.server.SystemServer.startOtherServices(SystemServer.java:827)
06-14 01:29:20.285  1953  1953 W EntropyMixer: 	at com.android.server.SystemServer.run(SystemServer.java:442)
06-14 01:29:20.285  1953  1953 W EntropyMixer: 	at com.android.server.SystemServer.main(SystemServer.java:305)
06-14 01:29:20.285  1953  1953 W EntropyMixer: 	at java.lang.reflect.Method.invoke(Native Method)
06-14 01:29:20.285  1953  1953 W EntropyMixer: 	at com.android.internal.os.RuntimeInit$MethodAndArgsCaller.run(RuntimeInit.java:493)
06-14 01:29:20.285  1953  1953 W EntropyMixer: 	at com.android.internal.os.ZygoteInit.main(ZygoteInit.java:850)
06-14 01:29:20.285  1953  1953 I EntropyMixer: Writing entropy...
06-14 01:29:20.285  1953  2195 I Zygote  : Process: zygote socket RESERVED/zygote opened, supported ABIS: armeabi-v7a,armeabi
06-14 01:29:20.287  1953  1953 I SystemServer: StartAccountManagerService
06-14 01:29:20.287  1205  1386 E OMXNodeInstance: getExtensionIndex(0xa93297e0:google.h264.decoder, OMX.google.android.index.configureVideoTunnelMode) ERROR: UnsupportedIndex(0x8000101a)
06-14 01:29:20.287  1205  1386 E OMXNodeInstance: getExtensionIndex(0xa93297e0:google.h264.decoder, OMX.google.android.index.enableAndroidNativeBuffers) ERROR: UnsupportedIndex(0x8000101a)
06-14 01:29:20.289  1953  1953 I SystemServiceManager: Starting com.android.server.accounts.AccountManagerService$Lifecycle
06-14 01:29:20.289  1184  2319 I OMXClient: IOmx service obtained
06-14 01:29:20.290  1205  1205 I OMXMaster: makeComponentInstance(OMX.qcom.video.decoder.h263) in omx@1.0-service process
06-14 01:29:20.294  1953  2313 I SchedulingPolicyService: Moving 1205 back to group default
06-14 01:29:20.296  1953  1953 I SystemServer: StartContentService
06-14 01:29:20.297  1205  1205 I OMX-VDEC-1080P: Video slvp perflock acquired
06-14 01:29:20.298  1205  1205 I OMX-VDEC-1080P: component_init: OMX.qcom.video.decoder.h263 : fd=7
06-14 01:29:20.298  1953  1953 I SystemServiceManager: Starting com.android.server.content.ContentService$Lifecycle
06-14 01:29:20.301  1205  1205 I OMX-VDEC-1080P: omx_vdec::component_init() success : fd=7
06-14 01:29:20.302  1205  1386 E OMXNodeInstance: getParameter(0xa86a1d04:qcom.decoder.h263, ??(0x7f000044)) ERROR: UnsupportedSetting(0x80001019)
06-14 01:29:20.303  1205  1386 E OMXNodeInstance: getParameter(0xa86a1d04:qcom.decoder.h263, ??(0x7f000044)) ERROR: UnsupportedSetting(0x80001019)
06-14 01:29:20.303  1205  1205 E OMXNodeInstance: getExtensionIndex(0xa86a1d04:qcom.decoder.h263, OMX.google.android.index.configureVideoTunnelMode) ERROR: NotImplemented(0x80001006)
06-14 01:29:20.303  1205  1205 E OMX-VDEC-1080P: Enable/Disable allocate-native-handle allowed only on input port!
06-14 01:29:20.303  1205  1205 E OMX-VDEC-1080P: set_parameter: Error: 0x80001019, setting param 0x7f00005d
06-14 01:29:20.303  1205  1205 E OMXNodeInstance: setParameter(0xa86a1d04:qcom.decoder.h263, OMX.google.android.index.allocateNativeHandle(0x7f00005d): Output:1 en=0) ERROR: UnsupportedSetting(0x80001019)
06-14 01:29:20.303  1205  1205 I OMX-VDEC-1080P: omx_vdec::component_deinit() complete
06-14 01:29:20.304  1953  1953 I SystemServer: InstallSystemProviders
06-14 01:29:20.305  1205  1205 I OMX-VDEC-1080P: Exit OMX vdec Destructor: fd=7
06-14 01:29:20.305  1205  1205 I OMX-VDEC-1080P: Video slvp perflock released
06-14 01:29:20.307  1953  2195 E SystemServer: Unable to preload default resources
06-14 01:29:20.307  1184  2319 I OMXClient: IOmx service obtained
06-14 01:29:20.308  1205  1205 I OMXMaster: makeComponentInstance(OMX.google.h263.decoder) in omx@1.0-service process
06-14 01:29:20.312  1205  1205 E OMXNodeInstance: getExtensionIndex(0xa9329900:google.h263.decoder, OMX.google.android.index.configureVideoTunnelMode) ERROR: UnsupportedIndex(0x8000101a)
06-14 01:29:20.312  1205  1386 E OMXNodeInstance: getExtensionIndex(0xa9329900:google.h263.decoder, OMX.google.android.index.enableAndroidNativeBuffers) ERROR: UnsupportedIndex(0x8000101a)
06-14 01:29:20.314  1184  2319 I OMXClient: IOmx service obtained
06-14 01:29:20.314  1205  1386 I OMXMaster: makeComponentInstance(OMX.qcom.video.decoder.hevc) in omx@1.0-service process
06-14 01:29:20.321  1205  1386 I OMX-VDEC-1080P: Video slvp perflock acquired
06-14 01:29:20.322  1205  1386 I OMX-VDEC-1080P: component_init: OMX.qcom.video.decoder.hevc : fd=7
06-14 01:29:20.324  1953  1953 I system_server: The ClassLoaderContext is a special shared library.
06-14 01:29:20.328  1205  1386 I OMX-VDEC-1080P: omx_vdec::component_init() success : fd=7
06-14 01:29:20.330  1205  1386 E OMXNodeInstance: getParameter(0xa8692f04:qcom.decoder.hevc, ??(0x7f000044)) ERROR: UnsupportedSetting(0x80001019)
06-14 01:29:20.330  1205  1205 E OMXNodeInstance: getParameter(0xa8692f04:qcom.decoder.hevc, ??(0x7f000044)) ERROR: UnsupportedSetting(0x80001019)
06-14 01:29:20.331  1205  1205 E OMXNodeInstance: getExtensionIndex(0xa8692f04:qcom.decoder.hevc, OMX.google.android.index.configureVideoTunnelMode) ERROR: NotImplemented(0x80001006)
06-14 01:29:20.331  1205  1205 E OMX-VDEC-1080P: Enable/Disable allocate-native-handle allowed only on input port!
06-14 01:29:20.331  1205  1205 E OMX-VDEC-1080P: set_parameter: Error: 0x80001019, setting param 0x7f00005d
06-14 01:29:20.331  1205  1205 E OMXNodeInstance: setParameter(0xa8692f04:qcom.decoder.hevc, OMX.google.android.index.allocateNativeHandle(0x7f00005d): Output:1 en=0) ERROR: UnsupportedSetting(0x80001019)
06-14 01:29:20.331  1205  1205 I OMX-VDEC-1080P: omx_vdec::component_deinit() complete
06-14 01:29:20.333  1205  1205 I OMX-VDEC-1080P: Exit OMX vdec Destructor: fd=7
06-14 01:29:20.333  1205  1205 I OMX-VDEC-1080P: Video slvp perflock released
06-14 01:29:20.336  1184  2319 I OMXClient: IOmx service obtained
06-14 01:29:20.336  1205  1205 I OMXMaster: makeComponentInstance(OMX.google.hevc.decoder) in omx@1.0-service process
06-14 01:29:20.342  1205  1205 E OMXNodeInstance: getExtensionIndex(0xa9329f60:google.hevc.decoder, OMX.google.android.index.configureVideoTunnelMode) ERROR: UnsupportedIndex(0x8000101a)
06-14 01:29:20.343  1205  1205 E OMXNodeInstance: getExtensionIndex(0xa9329f60:google.hevc.decoder, OMX.google.android.index.enableAndroidNativeBuffers) ERROR: UnsupportedIndex(0x8000101a)
06-14 01:29:20.345  1184  2319 I OMXClient: IOmx service obtained
06-14 01:29:20.345  1205  1386 I OMXMaster: makeComponentInstance(OMX.qcom.video.decoder.mpeg2) in omx@1.0-service process
06-14 01:29:20.352  1205  1386 I OMX-VDEC-1080P: Video slvp perflock acquired
06-14 01:29:20.353  1205  1386 I OMX-VDEC-1080P: component_init: OMX.qcom.video.decoder.mpeg2 : fd=7
06-14 01:29:20.356  1205  1386 I OMX-VDEC-1080P: omx_vdec::component_init() success : fd=7
06-14 01:29:20.357  1205  1386 E OMXNodeInstance: getParameter(0xa8683d44:qcom.decoder.mpeg2, ??(0x7f000044)) ERROR: UnsupportedSetting(0x80001019)
06-14 01:29:20.358  1205  1386 E OMXNodeInstance: getParameter(0xa8683d44:qcom.decoder.mpeg2, ??(0x7f000044)) ERROR: UnsupportedSetting(0x80001019)
06-14 01:29:20.358  1205  1205 E OMXNodeInstance: getExtensionIndex(0xa8683d44:qcom.decoder.mpeg2, OMX.google.android.index.configureVideoTunnelMode) ERROR: NotImplemented(0x80001006)
06-14 01:29:20.358  1205  1386 E OMX-VDEC-1080P: Enable/Disable allocate-native-handle allowed only on input port!
06-14 01:29:20.358  1205  1386 E OMX-VDEC-1080P: set_parameter: Error: 0x80001019, setting param 0x7f00005d
06-14 01:29:20.358  1205  1386 E OMXNodeInstance: setParameter(0xa8683d44:qcom.decoder.mpeg2, OMX.google.android.index.allocateNativeHandle(0x7f00005d): Output:1 en=0) ERROR: UnsupportedSetting(0x80001019)
06-14 01:29:20.359  1205  1386 I OMX-VDEC-1080P: omx_vdec::component_deinit() complete
06-14 01:29:20.360  1205  1386 I OMX-VDEC-1080P: Exit OMX vdec Destructor: fd=7
06-14 01:29:20.360  1205  1386 I OMX-VDEC-1080P: Video slvp perflock released
06-14 01:29:20.362  1184  2319 I OMXClient: IOmx service obtained
06-14 01:29:20.363  1205  1386 I OMXMaster: makeComponentInstance(OMX.qcom.video.decoder.mpeg4) in omx@1.0-service process
06-14 01:29:20.370  1205  1386 I OMX-VDEC-1080P: Video slvp perflock acquired
06-14 01:29:20.370  1205  1386 I OMX-VDEC-1080P: component_init: OMX.qcom.video.decoder.mpeg4 : fd=7
06-14 01:29:20.372  1205  1386 I OMX-VDEC-1080P: omx_vdec::component_init() success : fd=7
06-14 01:29:20.374  1205  1384 E OMXNodeInstance: getParameter(0xa8683d44:qcom.decoder.mpeg4, ??(0x7f000044)) ERROR: UnsupportedSetting(0x80001019)
06-14 01:29:20.374  1205  2390 E OMXNodeInstance: getParameter(0xa8683d44:qcom.decoder.mpeg4, ??(0x7f000044)) ERROR: UnsupportedSetting(0x80001019)
06-14 01:29:20.375  1205  1384 E OMXNodeInstance: getExtensionIndex(0xa8683d44:qcom.decoder.mpeg4, OMX.google.android.index.configureVideoTunnelMode) ERROR: NotImplemented(0x80001006)
06-14 01:29:20.375  1205  2390 E OMX-VDEC-1080P: Enable/Disable allocate-native-handle allowed only on input port!
06-14 01:29:20.375  1205  2390 E OMX-VDEC-1080P: set_parameter: Error: 0x80001019, setting param 0x7f00005d
06-14 01:29:20.375  1205  2390 E OMXNodeInstance: setParameter(0xa8683d44:qcom.decoder.mpeg4, OMX.google.android.index.allocateNativeHandle(0x7f00005d): Output:1 en=0) ERROR: UnsupportedSetting(0x80001019)
06-14 01:29:20.375  1205  2390 I OMX-VDEC-1080P: omx_vdec::component_deinit() complete
06-14 01:29:20.377  1205  2390 I OMX-VDEC-1080P: Exit OMX vdec Destructor: fd=7
06-14 01:29:20.377  1205  2390 I OMX-VDEC-1080P: Video slvp perflock released
06-14 01:29:20.379  1184  2319 I OMXClient: IOmx service obtained
06-14 01:29:20.379  1205  2390 I OMXMaster: makeComponentInstance(OMX.google.mpeg4.decoder) in omx@1.0-service process
06-14 01:29:20.381  1205  1384 E OMXNodeInstance: getExtensionIndex(0xa9329f60:google.mpeg4.decoder, OMX.google.android.index.configureVideoTunnelMode) ERROR: UnsupportedIndex(0x8000101a)
06-14 01:29:20.381  1205  2390 E OMXNodeInstance: getExtensionIndex(0xa9329f60:google.mpeg4.decoder, OMX.google.android.index.enableAndroidNativeBuffers) ERROR: UnsupportedIndex(0x8000101a)
06-14 01:29:20.383  1184  2319 I OMXClient: IOmx service obtained
06-14 01:29:20.383  1205  2390 I OMXMaster: makeComponentInstance(OMX.qcom.video.decoder.vp8) in omx@1.0-service process
06-14 01:29:20.390  1205  2390 I OMX-VDEC-1080P: Video slvp perflock acquired
06-14 01:29:20.390  1205  2390 I OMX-VDEC-1080P: component_init: OMX.qcom.video.decoder.vp8 : fd=7
06-14 01:29:20.393  1205  2390 I OMX-VDEC-1080P: omx_vdec::component_init() success : fd=7
06-14 01:29:20.395  1205  1384 E OMXNodeInstance: getParameter(0xa8683d44:qcom.decoder.vp8, ??(0x7f000044)) ERROR: UnsupportedSetting(0x80001019)
06-14 01:29:20.395  1205  1384 E OMXNodeInstance: getParameter(0xa8683d44:qcom.decoder.vp8, ??(0x7f000044)) ERROR: UnsupportedSetting(0x80001019)
06-14 01:29:20.396  1205  2390 E OMXNodeInstance: getExtensionIndex(0xa8683d44:qcom.decoder.vp8, OMX.google.android.index.configureVideoTunnelMode) ERROR: NotImplemented(0x80001006)
06-14 01:29:20.396  1205  1384 E OMX-VDEC-1080P: Enable/Disable allocate-native-handle allowed only on input port!
06-14 01:29:20.396  1205  1384 E OMX-VDEC-1080P: set_parameter: Error: 0x80001019, setting param 0x7f00005d
06-14 01:29:20.396  1205  1384 E OMXNodeInstance: setParameter(0xa8683d44:qcom.decoder.vp8, OMX.google.android.index.allocateNativeHandle(0x7f00005d): Output:1 en=0) ERROR: UnsupportedSetting(0x80001019)
06-14 01:29:20.396  1205  1384 I OMX-VDEC-1080P: omx_vdec::component_deinit() complete
06-14 01:29:20.397  1205  1384 I OMX-VDEC-1080P: Exit OMX vdec Destructor: fd=7
06-14 01:29:20.398  1205  1384 I OMX-VDEC-1080P: Video slvp perflock released
06-14 01:29:20.400  1184  2319 I OMXClient: IOmx service obtained
06-14 01:29:20.400  1205  1384 I OMXMaster: makeComponentInstance(OMX.google.vp8.decoder) in omx@1.0-service process
06-14 01:29:20.400  1953  2397 I CheckinProvider: EventInsertThread started
06-14 01:29:20.405  1205  1384 E OMXNodeInstance: getExtensionIndex(0xa93297e0:google.vp8.decoder, OMX.google.android.index.configureVideoTunnelMode) ERROR: UnsupportedIndex(0x8000101a)
06-14 01:29:20.405  1205  2390 E OMXNodeInstance: getExtensionIndex(0xa93297e0:google.vp8.decoder, OMX.google.android.index.enableAndroidNativeBuffers) ERROR: UnsupportedIndex(0x8000101a)
06-14 01:29:20.407  1184  2319 I OMXClient: IOmx service obtained
06-14 01:29:20.407  1205  1384 I OMXMaster: makeComponentInstance(OMX.qcom.video.decoder.vp9) in omx@1.0-service process
06-14 01:29:20.414  1205  1384 I OMX-VDEC-1080P: Video slvp perflock acquired
06-14 01:29:20.415  1205  1384 I OMX-VDEC-1080P: component_init: OMX.qcom.video.decoder.vp9 : fd=7
06-14 01:29:20.418  1205  1384 I OMX-VDEC-1080P: omx_vdec::component_init() success : fd=7
06-14 01:29:20.419  1205  2390 E OMXNodeInstance: getParameter(0xa8683d44:qcom.decoder.vp9, ??(0x7f000044)) ERROR: UnsupportedSetting(0x80001019)
06-14 01:29:20.419  1205  1384 E OMXNodeInstance: getParameter(0xa8683d44:qcom.decoder.vp9, ??(0x7f000044)) ERROR: UnsupportedSetting(0x80001019)
06-14 01:29:20.420  1205  1384 E OMXNodeInstance: getExtensionIndex(0xa8683d44:qcom.decoder.vp9, OMX.google.android.index.configureVideoTunnelMode) ERROR: NotImplemented(0x80001006)
06-14 01:29:20.420  1205  2390 E OMX-VDEC-1080P: Enable/Disable allocate-native-handle allowed only on input port!
06-14 01:29:20.420  1205  2390 E OMX-VDEC-1080P: set_parameter: Error: 0x80001019, setting param 0x7f00005d
06-14 01:29:20.420  1205  2390 E OMXNodeInstance: setParameter(0xa8683d44:qcom.decoder.vp9, OMX.google.android.index.allocateNativeHandle(0x7f00005d): Output:1 en=0) ERROR: UnsupportedSetting(0x80001019)
06-14 01:29:20.420  1205  2390 I OMX-VDEC-1080P: omx_vdec::component_deinit() complete
06-14 01:29:20.422  1205  2390 I OMX-VDEC-1080P: Exit OMX vdec Destructor: fd=7
06-14 01:29:20.422  1205  2390 I OMX-VDEC-1080P: Video slvp perflock released
06-14 01:29:20.424  1184  2319 I OMXClient: IOmx service obtained
06-14 01:29:20.424  1205  2390 I OMXMaster: makeComponentInstance(OMX.google.vp9.decoder) in omx@1.0-service process
06-14 01:29:20.426  1205  1384 E OMXNodeInstance: getExtensionIndex(0xa9329f00:google.vp9.decoder, OMX.google.android.index.configureVideoTunnelMode) ERROR: UnsupportedIndex(0x8000101a)
06-14 01:29:20.426  1205  2390 E OMXNodeInstance: getExtensionIndex(0xa9329f00:google.vp9.decoder, OMX.google.android.index.enableAndroidNativeBuffers) ERROR: UnsupportedIndex(0x8000101a)
06-14 01:29:20.428  1184  2319 I OMXClient: IOmx service obtained
06-14 01:29:20.428  1205  1384 I OMXMaster: makeComponentInstance(OMX.qcom.video.encoder.avc) in omx@1.0-service process
06-14 01:29:20.435  1205  1384 I OMX-VENC: Video encode perflock acquired,handle=-1
06-14 01:29:20.440  1205  1384 I OMX-VENC: Component_init : OMX.qcom.video.encoder.avc : return = 0x0
06-14 01:29:20.442  1184  2319 W OMXUtils: do not know color format 0x7fa30c04 = 2141391876
06-14 01:29:20.442  1184  2319 W OMXUtils: do not know color format 0x7f000789 = 2130708361
06-14 01:29:20.444  1205  1384 I OMX-VENC: Component Deinit
06-14 01:29:20.444  1205  1384 I OMX-VENC: Video encode perflock released
06-14 01:29:20.447  1184  2319 I OMXClient: IOmx service obtained
06-14 01:29:20.447  1205  1384 I OMXMaster: makeComponentInstance(OMX.google.h264.encoder) in omx@1.0-service process
06-14 01:29:20.452  1184  2319 W OMXUtils: do not know color format 0x7f000789 = 2130708361
06-14 01:29:20.453  1953  1953 I SystemServer: StartDropBoxManager
06-14 01:29:20.453  1953  1953 I SystemServiceManager: Starting com.android.server.DropBoxManagerService
06-14 01:29:20.454  1184  2319 I OMXClient: IOmx service obtained
06-14 01:29:20.454  1205  2390 I OMXMaster: makeComponentInstance(OMX.qcom.video.encoder.h263) in omx@1.0-service process
06-14 01:29:20.454  1953  1953 I SystemServer: StartVibratorService
06-14 01:29:20.459  1205  2390 I OMX-VENC: Video encode perflock acquired,handle=-1
06-14 01:29:20.461  1953  1953 I VibratorService: motovibrator mHasCustomVibrationFeature: false
06-14 01:29:20.462  1953  1953 I SystemServer: StartConsumerIrService
06-14 01:29:20.463   855   855 W hwservicemanager: getTransport: Cannot find entry android.hardware.ir@1.0::IConsumerIr/default in either framework or device manifest.
06-14 01:29:20.464  1953  1953 W system_server: type=1400 audit(0.0:116): avc: denied { read } for uid=1000 name="hctosys" dev="sysfs" ino=27118 scontext=u:r:system_server:s0 tcontext=u:object_r:sysfs:s0 tclass=file permissive=0
06-14 01:29:20.464  1205  2390 I OMX-VENC: Component_init : OMX.qcom.video.encoder.h263 : return = 0x0
06-14 01:29:20.464  1953  1953 I SystemServer: StartAlarmManagerService
06-14 01:29:20.465  1953  1953 I SystemServiceManager: Starting com.android.server.AlarmManagerService
06-14 01:29:20.465  1184  2319 W OMXUtils: do not know color format 0x7fa30c04 = 2141391876
06-14 01:29:20.465  1184  2319 W OMXUtils: do not know color format 0x7f000789 = 2130708361
06-14 01:29:20.466  1205  1384 I OMX-VENC: Component Deinit
06-14 01:29:20.466  1205  1384 I OMX-VENC: Video encode perflock released
06-14 01:29:20.467  1953  1953 E AlarmManagerService: failed to open /sys/class/rtc/rtc0/hctosys: Permission denied
06-14 01:29:20.467  1953  1953 W AlarmManagerService: no wall clock RTC found
06-14 01:29:20.468  1953  1953 D AlarmManagerService: Kernel timezone updated to 180 minutes west of GMT
06-14 01:29:20.469  1184  2319 I OMXClient: IOmx service obtained
06-14 01:29:20.469  1205  1384 I OMXMaster: makeComponentInstance(OMX.google.h263.encoder) in omx@1.0-service process
06-14 01:29:20.473  1953  1953 I SystemServer: InitWatchdog
06-14 01:29:20.473  1205  1384 I SoftMPEG4Encoder: Construct SoftMPEG4Encoder
06-14 01:29:20.474  1953  1953 I SystemServer: StartInputManagerService
06-14 01:29:20.474  1953  1953 I InputManager: Initializing input manager, mUseDevInputEventForAudioJack=false
06-14 01:29:20.475  1184  2319 W OMXUtils: do not know color format 0x7f000789 = 2130708361
06-14 01:29:20.475  1205  1384 E OMXNodeInstance: getConfig(0xa8f1b1e0:google.h263.encoder, ConfigAndroidIntraRefresh(0x6f60000a)) ERROR: Undefined(0x80001001)
06-14 01:29:20.477  1184  2319 I OMXClient: IOmx service obtained
06-14 01:29:20.477  1205  1384 I OMXMaster: makeComponentInstance(OMX.qcom.video.encoder.hevc) in omx@1.0-service process
06-14 01:29:20.478  1953  1953 I SystemServer: StartWindowManagerService
06-14 01:29:20.482  1205  1384 I OMX-VENC: Video encode perflock acquired,handle=-1
06-14 01:29:20.487  1205  1384 I OMX-VENC: Component_init : OMX.qcom.video.encoder.hevc : return = 0x0
06-14 01:29:20.488  1184  2319 W OMXUtils: do not know color format 0x7fa30c04 = 2141391876
06-14 01:29:20.488  1184  2319 W OMXUtils: do not know color format 0x7f000789 = 2130708361
06-14 01:29:20.489  1205  2390 I OMX-VENC: Component Deinit
06-14 01:29:20.490  1205  2390 I OMX-VENC: Video encode perflock released
06-14 01:29:20.491  1953  2224 I WindowManager: No existing display settings /data/system/display_settings.xml; starting empty
06-14 01:29:20.492  1184  2319 I OMXClient: IOmx service obtained
06-14 01:29:20.492  1205  1384 I OMXMaster: makeComponentInstance(OMX.qcom.video.encoder.mpeg4) in omx@1.0-service process
06-14 01:29:20.497  1205  1384 I OMX-VENC: Video encode perflock acquired,handle=-1
06-14 01:29:20.501  1205  1384 I OMX-VENC: Component_init : OMX.qcom.video.encoder.mpeg4 : return = 0x0
06-14 01:29:20.502  1184  2319 W OMXUtils: do not know color format 0x7fa30c04 = 2141391876
06-14 01:29:20.503  1184  2319 W OMXUtils: do not know color format 0x7f000789 = 2130708361
06-14 01:29:20.504  1205  1384 I OMX-VENC: Component Deinit
06-14 01:29:20.504  1205  1384 I OMX-VENC: Video encode perflock released
06-14 01:29:20.507  1184  2319 I OMXClient: IOmx service obtained
06-14 01:29:20.507  1205  1384 I OMXMaster: makeComponentInstance(OMX.google.mpeg4.encoder) in omx@1.0-service process
06-14 01:29:20.507  1205  1384 I SoftMPEG4Encoder: Construct SoftMPEG4Encoder
06-14 01:29:20.509  1184  2319 W OMXUtils: do not know color format 0x7f000789 = 2130708361
06-14 01:29:20.509  1205  1384 E OMXNodeInstance: getConfig(0xa8f1b000:google.mpeg4.encoder, ConfigAndroidIntraRefresh(0x6f60000a)) ERROR: Undefined(0x80001001)
06-14 01:29:20.511  1184  2319 I OMXClient: IOmx service obtained
06-14 01:29:20.511  1205  1384 I OMXMaster: makeComponentInstance(OMX.qcom.video.encoder.vp8) in omx@1.0-service process
06-14 01:29:20.513  1953  1953 I SystemServer: SetWindowManagerService
06-14 01:29:20.516  1205  1384 I OMX-VENC: Video encode perflock acquired,handle=-1
06-14 01:29:20.522  1205  1384 I OMX-VENC: Component_init : OMX.qcom.video.encoder.vp8 : return = 0x0
06-14 01:29:20.523  1184  2319 W OMXUtils: do not know color format 0x7fa30c04 = 2141391876
06-14 01:29:20.523  1184  2319 W OMXUtils: do not know color format 0x7f000789 = 2130708361
06-14 01:29:20.524  1205  1384 I OMX-VENC: Component Deinit
06-14 01:29:20.524  1205  1384 I OMX-VENC: Video encode perflock released
06-14 01:29:20.527  1184  2319 I OMXClient: IOmx service obtained
06-14 01:29:20.527  1205  1384 I OMXMaster: makeComponentInstance(OMX.google.vp8.encoder) in omx@1.0-service process
06-14 01:29:20.533  1184  2319 W OMXUtils: do not know color format 0x7f000789 = 2130708361
06-14 01:29:20.533  1205  1384 E OMXNodeInstance: getConfig(0xa9329ea0:google.vp8.encoder, ConfigAndroidIntraRefresh(0x6f60000a)) ERROR: Undefined(0x80001001)
06-14 01:29:20.534  1184  2319 D MediaCodecList: ignored a null builder
06-14 01:29:20.535  1184  2321 I MediaCodec: (0xad242000) init name(OMX.google.aac.decoder)
06-14 01:29:20.535  1184  2319 I MediaCodec: (0xad1c5800) init name(OMX.qcom.video.decoder.avc)
06-14 01:29:20.538  1184  2322 I OMXClient: IOmx service obtained
06-14 01:29:20.538  1205  2390 I OMXMaster: makeComponentInstance(OMX.google.aac.decoder) in omx@1.0-service process
06-14 01:29:20.538  1184  2431 I OMXClient: IOmx service obtained
06-14 01:29:20.539  1205  1384 I OMXMaster: makeComponentInstance(OMX.qcom.video.decoder.avc) in omx@1.0-service process
06-14 01:29:20.539  1184  2322 I MediaCodec: (0xad242000) Component Allocated (OMX.google.aac.decoder)
06-14 01:29:20.540  1184  2321 I MediaCodec: (0xad242000) configure surface(0x0) crypto(0x0) flags(0)
06-14 01:29:20.540  1184  2321 D MediaCodec: (0xad242000) configure format: AMessage(what = 0x00000000) = {
06-14 01:29:20.540  1184  2321 D MediaCodec:       string mime = "audio/mp4a-latm"
06-14 01:29:20.540  1184  2321 D MediaCodec:       int64_t durationUs = 4074666
06-14 01:29:20.540  1184  2321 D MediaCodec:       int32_t track-id = 2
06-14 01:29:20.540  1184  2321 D MediaCodec:       string language = "eng"
06-14 01:29:20.540  1184  2321 D MediaCodec:       int32_t channel-count = 2
06-14 01:29:20.540  1184  2321 D MediaCodec:       int32_t sample-rate = 48000
06-14 01:29:20.540  1184  2321 D MediaCodec:       int32_t aac-profile = 2
06-14 01:29:20.540  1184  2321 D MediaCodec:       int32_t max-input-size = 507
06-14 01:29:20.540  1184  2321 D MediaCodec:       Buffer csd-0 = {
06-14 01:29:20.540  1184  2321 D MediaCodec:         00000000:  11 90                                             ..
06-14 01:29:20.540  1184  2321 D MediaCodec:       }
06-14 01:29:20.540  1184  2321 D MediaCodec:       int32_t profile = 2
06-14 01:29:20.540  1184  2321 D MediaCodec:       int32_t priority = 0
06-14 01:29:20.540  1184  2321 D MediaCodec:       int32_t pcm-encoding = 2
06-14 01:29:20.540  1184  2321 D MediaCodec:     }
06-14 01:29:20.541  1205  1205 E OMXNodeInstance: setConfig(0xa9329ea0:google.aac.decoder, ConfigPriority(0x6f800002)) ERROR: Undefined(0x80001001)
06-14 01:29:20.541  1184  2322 I ACodec  : codec does not support config priority (err -2147483648)
06-14 01:29:20.542  1205  2390 E OMXNodeInstance: getConfig(0xa9329ea0:google.aac.decoder, ConfigAndroidVendorExtension(0x6f100004)) ERROR: Undefined(0x80001001)
06-14 01:29:20.542  1184  2322 I MediaCodec: MediaCodec will operate in async mode
06-14 01:29:20.542  1184  2321 I MediaCodec: (0xad242000) start
06-14 01:29:20.545  1027  1027 W AshmemAllocator: ashmem_create_region(8192) returning hidl_memory(0xb5e18160, 8192)
06-14 01:29:20.547  1205  1384 I OMX-VDEC-1080P: Video slvp perflock acquired
06-14 01:29:20.548  1205  1384 I OMX-VDEC-1080P: component_init: OMX.qcom.video.decoder.avc : fd=7
06-14 01:29:20.550  1953  1953 I SystemServer: WindowManagerServiceOnInitReady
06-14 01:29:20.553  1027  1027 W AshmemAllocator: ashmem_create_region(8192) returning hidl_memory(0xb5e18160, 8192)
06-14 01:29:20.554  1027  1027 I chatty  : uid=1000(system) allocator@1.0-s identical 1 line
06-14 01:29:20.554  1027  1027 W AshmemAllocator: ashmem_create_region(8192) returning hidl_memory(0xb5e18160, 8192)
06-14 01:29:20.555  1205  1384 I OMX-VDEC-1080P: omx_vdec::component_init() success : fd=7
06-14 01:29:20.555  1184  2320 I MediaCodec: (0xad1c5800) Component Allocated (OMX.qcom.video.decoder.avc)
06-14 01:29:20.556  1184  2319 D SurfaceUtils: disconnecting from surface 0xaf2f4808, reason onConfigure
06-14 01:29:20.556  1184  2319 I MediaCodec: (0xad1c5800) configure surface(0xaf2f4800) crypto(0x0) flags(0)
06-14 01:29:20.557  1184  2319 D MediaCodec: (0xad1c5800) configure format: AMessage(what = 0x00000000) = {
06-14 01:29:20.557  1184  2319 D MediaCodec:       string mime = "video/avc"
06-14 01:29:20.557  1184  2319 D MediaCodec:       int64_t durationUs = 4000000
06-14 01:29:20.557  1184  2319 D MediaCodec:       int32_t track-id = 1
06-14 01:29:20.557  1184  2319 D MediaCodec:       string language = "und"
06-14 01:29:20.557  1184  2319 D MediaCodec:       int32_t width = 1080
06-14 01:29:20.557  1184  2319 D MediaCodec:       int32_t height = 2160
06-14 01:29:20.557  1184  2319 D MediaCodec:       int32_t display-width = 1080
06-14 01:29:20.557  1184  2319 D MediaCodec:       int32_t display-height = 2160
06-14 01:29:20.557  1184  2319 D MediaCodec:       int32_t max-input-size = 59742
06-14 01:29:20.557  1184  2319 D MediaCodec:       int32_t frame-rate = 24
06-14 01:29:20.557  1184  2319 D MediaCodec:       int32_t profile = 2
06-14 01:29:20.557  1184  2319 D MediaCodec:       int32_t level = 2048
06-14 01:29:20.557  1184  2319 D MediaCodec:       Buffer csd-0 = {
06-14 01:29:20.557  1184  2319 D MediaCodec:         00000000:  00 00 00 01 67 4d 40 28  ec a0 22 00 87 f2 f8 0b  ....gM@(..".....
06-14 01:29:20.557  1184  2319 D MediaCodec:         00000010:  50 10 10 14 00 00 03 00  04 00 0a fc 80 3c 60 c6  P............<`.
06-14 01:29:20.557  1184  2319 D MediaCodec:         00000020:  58                                                X
06-14 01:29:20.557  1184  2319 D MediaCodec:       }
06-14 01:29:20.557  1184  2319 D MediaCodec:       Buffer csd-1 = {
06-14 01:29:20.557  1184  2319 D MediaCodec:         00000000:  00 00 00 01 68 ea e0 4f  2c 80                    ....h..O,.
06-14 01:29:20.557  1184  2319 D MediaCodec:       }
06-14 01:29:20.557  1184  2319 D MediaCodec:       int32_t priority = 0
06-14 01:29:20.557  1184  2319 D MediaCodec:       float operating-rate = 24.000000
06-14 01:29:20.557  1184  2319 D MediaCodec:     }
06-14 01:29:20.557  1027  1027 W AshmemAllocator: ashmem_create_region(32768) returning hidl_memory(0xb5e18160, 32768)
06-14 01:29:20.557  1184  2320 D SurfaceUtils: connecting to surface 0xaf2f4808, reason connectToSurface
06-14 01:29:20.557  1184  2320 I MediaCodec: [OMX.qcom.video.decoder.avc] setting surface generation to 1212417
06-14 01:29:20.557  1027  1027 W AshmemAllocator: ashmem_create_region(32768) returning hidl_memory(0xb5e18160, 32768)
06-14 01:29:20.557  1184  2320 D SurfaceUtils: disconnecting from surface 0xaf2f4808, reason connectToSurface(reconnect)
06-14 01:29:20.558  1184  2320 D SurfaceUtils: connecting to surface 0xaf2f4808, reason connectToSurface(reconnect)
06-14 01:29:20.558  1027  1027 W AshmemAllocator: ashmem_create_region(32768) returning hidl_memory(0xb5e18160, 32768)
06-14 01:29:20.558  1027  1027 W AshmemAllocator: ashmem_create_region(32768) returning hidl_memory(0xb5e18160, 32768)
06-14 01:29:20.558  1205  1384 E OMX-VDEC-1080P: Enable/Disable allocate-native-handle allowed only on input port!
06-14 01:29:20.558  1205  1384 E OMX-VDEC-1080P: set_parameter: Error: 0x80001019, setting param 0x7f00005d
06-14 01:29:20.559  1205  1384 E OMXNodeInstance: setParameter(0xa6b83304:qcom.decoder.avc, OMX.google.android.index.allocateNativeHandle(0x7f00005d): Output:1 en=0) ERROR: UnsupportedSetting(0x80001019)
06-14 01:29:20.559  1184  2431 I ACodec  : DRC Mode: Dynamic Buffer Mode
06-14 01:29:20.559  1184  2322 I MediaCodec: (0xad242000) kWhatStartCompleted
06-14 01:29:20.559  1184  2431 I ExtendedACodec: setupVideoDecoder()
06-14 01:29:20.559  1184  2431 I ACodec  : [OMX.qcom.video.decoder.avc] setupVideoDecoder Width Height (1080x2160)
06-14 01:29:20.559  1184  2431 I ACodec  : mime (video/avc) compressionFormat (7)
06-14 01:29:20.562  1205  2433 I SoftAAC2: Reconfiguring decoder: 0->48000 Hz, 0->2 channels
06-14 01:29:20.563  1184  2431 I ExtendedACodec: Decoder will be in frame by frame mode
06-14 01:29:20.565  1027  1027 W AshmemAllocator: ashmem_create_region(32768) returning hidl_memory(0xb5e18160, 32768)
06-14 01:29:20.565  1205  1205 E OMXNodeInstance: getConfig(0xa6b83304:qcom.decoder.avc, ??(0x7f000062)) ERROR: UnsupportedSetting(0x80001019)
06-14 01:29:20.566  1027  1027 W AshmemAllocator: ashmem_create_region(32768) returning hidl_memory(0xb5e18160, 32768)
06-14 01:29:20.566  1027  1027 W AshmemAllocator: ashmem_create_region(32768) returning hidl_memory(0xb5e18160, 32768)
06-14 01:29:20.566  1184  2320 I MediaCodec: MediaCodec will operate in async mode
06-14 01:29:20.566  1184  2319 I MediaCodec: (0xad1c5800) start
06-14 01:29:20.567  1027  1027 W AshmemAllocator: ashmem_create_region(32768) returning hidl_memory(0xb5e18160, 32768)
06-14 01:29:20.568  1184  2322 D MediaCodec: (0xad242000) kWhatOutputBuffersChanged
06-14 01:29:20.568  1027  1027 W AshmemAllocator: ashmem_create_region(6078464) returning hidl_memory(0xb5e18160, 6078464)
06-14 01:29:20.570  1184  2322 D MediaCodec: (0xad242000) [OMX.google.aac.decoder] output format changed to: AMessage(what = 0x00000000) = {
06-14 01:29:20.570  1184  2322 D MediaCodec:       string mime = "audio/raw"
06-14 01:29:20.570  1184  2322 D MediaCodec:       int32_t channel-count = 2
06-14 01:29:20.570  1184  2322 D MediaCodec:       int32_t sample-rate = 48000
06-14 01:29:20.570  1184  2322 D MediaCodec:       int32_t pcm-encoding = 2
06-14 01:29:20.570  1184  2322 D MediaCodec:     }
06-14 01:29:20.571  1184  2321 I ExtendedNuUtils: Both src and dst missing for bit-width
06-14 01:29:20.571  1184  2321 I ExtendedNuUtils: Overriding durationUs: with 64 bit src value 4074666
06-14 01:29:20.571  1184  2321 I ExtendedNuUtils: Both src and dst missing for channel-mask
06-14 01:29:20.573  1068  1068 D AudioFlinger: Client defaulted notificationFrames to 12000 for frameCount 24000
06-14 01:29:20.573  1027  1027 W AshmemAllocator: ashmem_create_region(6078464) returning hidl_memory(0xb5e18160, 6078464)
06-14 01:29:20.577  1027  1027 W AshmemAllocator: ashmem_create_region(6078464) returning hidl_memory(0xb5e18160, 6078464)
06-14 01:29:20.579  1027  1027 W AshmemAllocator: ashmem_create_region(7680) returning hidl_memory(0xb5e18160, 7680)
06-14 01:29:20.583  1027  1027 W AshmemAllocator: ashmem_create_region(6078464) returning hidl_memory(0xb5e18160, 6078464)
06-14 01:29:20.586  1027  1027 W AshmemAllocator: ashmem_create_region(7680) returning hidl_memory(0xb5e18160, 7680)
06-14 01:29:20.587  1068  1068 D APM_AudioPolicyManager: startOutput() output 13, stream 3, session 9
06-14 01:29:20.588  1184  2431 D SurfaceUtils: set up nativeWindow 0xaf2f4808 for 1080x2160, color 0x7fa30c06, rotation 0, usage 0x20002900
06-14 01:29:20.595  1184  2320 I MediaCodec: (0xad1c5800) kWhatStartCompleted
06-14 01:29:20.596  1184  2319 I MediaCodec: (0xad1c5800) setParameters
06-14 01:29:20.596  1070  1671 W MapperHal: buffer descriptor with invalid usage bits 0x2000
06-14 01:29:20.618  1205  1384 D vndksupport: Loading /vendor/lib/hw/android.hardware.graphics.mapper@2.0-impl.so from current namespace instead of sphal namespace.
06-14 01:29:20.619  1205  1384 D vndksupport: Loading /vendor/lib/hw/gralloc.msm8953.so from current namespace instead of sphal namespace.
06-14 01:29:20.622  1070  1671 W MapperHal: buffer descriptor with invalid usage bits 0x2000
06-14 01:29:20.636  1070  1671 I chatty  : uid=1000(system) Binder:1070_3 identical 1 line
06-14 01:29:20.640  1070  1671 W MapperHal: buffer descriptor with invalid usage bits 0x2000
06-14 01:29:20.646  1205  1205 E OMXNodeInstance: getConfig(0xa6b83304:qcom.decoder.avc, ??(0x7f000062)) ERROR: UnsupportedSetting(0x80001019)
06-14 01:29:20.655  1184  2431 D SurfaceUtils: set up nativeWindow 0xaf2f4808 for 1088x2160, color 0x7fa30c06, rotation 0, usage 0x20002900
06-14 01:29:20.658  1953  2201 W ShortcutManager: Unable to add bookmark: com.google.android.talk/com.google.android.talk.SigningInActivity
06-14 01:29:20.658  1953  2201 W ShortcutManager: android.content.pm.PackageManager$NameNotFoundException: ComponentInfo{com.google.android.talk/com.google.android.talk.SigningInActivity}
06-14 01:29:20.658  1953  2201 W ShortcutManager: 	at android.app.ApplicationPackageManager.getActivityInfo(ApplicationPackageManager.java:435)
06-14 01:29:20.658  1953  2201 W ShortcutManager: 	at com.android.server.policy.ShortcutManager.loadShortcuts(ShortcutManager.java:142)
06-14 01:29:20.658  1953  2201 W ShortcutManager: 	at com.android.server.policy.ShortcutManager.<init>(ShortcutManager.java:62)
06-14 01:29:20.658  1953  2201 W ShortcutManager: 	at com.android.server.policy.PhoneWindowManager.init(PhoneWindowManager.java:2420)
06-14 01:29:20.658  1953  2201 W ShortcutManager: 	at com.android.server.wm.WindowManagerService$4.run(WindowManagerService.java:948)
06-14 01:29:20.658  1953  2201 W ShortcutManager: 	at android.os.Handler$BlockingRunnable.run(Handler.java:893)
06-14 01:29:20.658  1953  2201 W ShortcutManager: 	at android.os.Handler.handleCallback(Handler.java:873)
06-14 01:29:20.658  1953  2201 W ShortcutManager: 	at android.os.Handler.dispatchMessage(Handler.java:99)
06-14 01:29:20.658  1953  2201 W ShortcutManager: 	at android.os.Looper.loop(Looper.java:193)
06-14 01:29:20.658  1953  2201 W ShortcutManager: 	at android.os.HandlerThread.run(HandlerThread.java:65)
06-14 01:29:20.658  1953  2201 W ShortcutManager: 	at com.android.server.ServiceThread.run(ServiceThread.java:44)
06-14 01:29:20.658  1953  2201 W ShortcutManager: 	at com.android.server.UiThread.run(UiThread.java:43)
06-14 01:29:20.659  1953  2201 W ShortcutManager: Unable to add bookmark: com.google.android.youtube/com.google.android.youtube.HomeActivity
06-14 01:29:20.659  1953  2201 W ShortcutManager: android.content.pm.PackageManager$NameNotFoundException: ComponentInfo{com.google.android.youtube/com.google.android.youtube.HomeActivity}
06-14 01:29:20.659  1953  2201 W ShortcutManager: 	at android.app.ApplicationPackageManager.getActivityInfo(ApplicationPackageManager.java:435)
06-14 01:29:20.659  1953  2201 W ShortcutManager: 	at com.android.server.policy.ShortcutManager.loadShortcuts(ShortcutManager.java:142)
06-14 01:29:20.659  1953  2201 W ShortcutManager: 	at com.android.server.policy.ShortcutManager.<init>(ShortcutManager.java:62)
06-14 01:29:20.659  1953  2201 W ShortcutManager: 	at com.android.server.policy.PhoneWindowManager.init(PhoneWindowManager.java:2420)
06-14 01:29:20.659  1953  2201 W ShortcutManager: 	at com.android.server.wm.WindowManagerService$4.run(WindowManagerService.java:948)
06-14 01:29:20.659  1953  2201 W ShortcutManager: 	at android.os.Handler$BlockingRunnable.run(Handler.java:893)
06-14 01:29:20.659  1953  2201 W ShortcutManager: 	at android.os.Handler.handleCallback(Handler.java:873)
06-14 01:29:20.659  1953  2201 W ShortcutManager: 	at android.os.Handler.dispatchMessage(Handler.java:99)
06-14 01:29:20.659  1953  2201 W ShortcutManager: 	at android.os.Looper.loop(Looper.java:193)
06-14 01:29:20.659  1953  2201 W ShortcutManager: 	at android.os.HandlerThread.run(HandlerThread.java:65)
06-14 01:29:20.659  1953  2201 W ShortcutManager: 	at com.android.server.ServiceThread.run(ServiceThread.java:44)
06-14 01:29:20.659  1953  2201 W ShortcutManager: 	at com.android.server.UiThread.run(UiThread.java:43)
06-14 01:29:20.661  1184  2320 D MediaCodec: (0xad1c5800) kWhatOutputBuffersChanged
06-14 01:29:20.661  1070  1150 W MapperHal: buffer descriptor with invalid usage bits 0x2000
06-14 01:29:20.672  1070  1150 I chatty  : uid=1000(system) Binder:1070_1 identical 4 lines
06-14 01:29:20.675  1070  1150 W MapperHal: buffer descriptor with invalid usage bits 0x2000
06-14 01:29:20.677  1953  2201 W Looper  : Slow dispatch took 126ms android.ui h=android.os.Handler c=android.os.Handler$BlockingRunnable@d1851ed m=0
06-14 01:29:20.678  1953  1953 I SystemServer: StartVrManagerService
06-14 01:29:20.678  1953  1953 I SystemServiceManager: Starting com.android.server.vr.VrManagerService
06-14 01:29:20.681   855   855 W hwservicemanager: getTransport: Cannot find entry android.hardware.vr@1.0::IVr/default in either framework or device manifest.
06-14 01:29:20.681  1953  1953 W VrManagerService: init_native: Could not open IVr interface
06-14 01:29:20.682  1953  1953 I SystemServer: StartInputManager
06-14 01:29:20.682  1953  1953 I InputManager: Starting input manager
06-14 01:29:20.685  1047  1946 V MotSpeakerHelperProximity: Attempting to enable proximity sensor
06-14 01:29:20.685  1953  1953 I SystemServer: DisplayManagerWindowManagerAndInputReady
06-14 01:29:20.685  1953  1953 I SystemServer: StartBluetoothService
06-14 01:29:20.685  1953  1953 I SystemServiceManager: Starting com.android.server.BluetoothService
06-14 01:29:20.688  1953  2445 I HidlSensorManager: hidl_ssvc_poll started.
06-14 01:29:20.689  1953  1953 D BluetoothManagerService: Loading stored name and address
06-14 01:29:20.689  1953  1953 D BluetoothManagerService: Stored bluetooth Name=moto g(6),Address=90:73:5A:C0:25:A3
06-14 01:29:20.689  1953  1953 D BluetoothManagerService: Bluetooth persisted state: 0
06-14 01:29:20.690  1953  1953 D BluetoothManagerService: Detected SystemUiUid: 10046
06-14 01:29:20.690  1953  1953 I SystemServer: IpConnectivityMetrics
06-14 01:29:20.690  1953  1953 I SystemServiceManager: Starting com.android.server.connectivity.IpConnectivityMetrics
06-14 01:29:20.692  1953  2442 W EventHub: Unable to disable kernel key repeat for /dev/input/event9: Function not implemented
06-14 01:29:20.692  1953  2442 I EventHub: wakeMechanism=EPOLLWAKEUP, usingClockIoctl=true
06-14 01:29:20.692  1953  2442 I EventHub: New device: id=1, fd=131, path='/dev/input/event9', name='uinput-fpc', classes=0x1, configuration='/system/usr/idc/uinput-fpc.idc', keyLayout='/system/usr/keylayout/uinput-fpc.kl', keyCharacterMap='/system/usr/keychars/Generic.kcm', builtinKeyboard=true, 
06-14 01:29:20.692  1953  2442 D EventHub: No input device configuration file found for device 'Headset'.
06-14 01:29:20.693  1953  1953 I SystemServer: NetworkWatchlistService
06-14 01:29:20.693  1953  1953 I SystemServiceManager: Starting com.android.server.net.watchlist.NetworkWatchlistService$Lifecycle
06-14 01:29:20.695  1953  2231 W SensorService: sensor 00000006 already enabled in connection 0x9ec8d7f0 (ignoring)
06-14 01:29:20.697  1205  2390 E OMXNodeInstance: getConfig(0xa6b83304:qcom.decoder.avc, ??(0x7f000062)) ERROR: UnsupportedSetting(0x80001019)
06-14 01:29:20.698  1205  1384 E OMXNodeInstance: getConfig(0xa6b83304:qcom.decoder.avc, ??(0x7f000062)) ERROR: UnsupportedSetting(0x80001019)
06-14 01:29:20.699  1953  2442 W EventHub: Unable to disable kernel key repeat for /dev/input/event8: Function not implemented
06-14 01:29:20.699  1953  2442 I EventHub: wakeMechanism=EPOLLWAKEUP, usingClockIoctl=true
06-14 01:29:20.699  1953  2442 I EventHub: New device: id=2, fd=134, path='/dev/input/event8', name='Headset', classes=0x81, configuration='', keyLayout='/system/usr/keylayout/Generic.kl', keyCharacterMap='/system/usr/keychars/Generic.kcm', builtinKeyboard=false, 
06-14 01:29:20.699  1953  2442 E EventHub: could not get driver version for /dev/input/mouse0, Not a typewriter
06-14 01:29:20.699  1184  2320 D MediaCodec: (0xad1c5800) [OMX.qcom.video.decoder.avc] output format changed to: AMessage(what = 0x00000000) = {
06-14 01:29:20.699  1184  2320 D MediaCodec:       int32_t color-range = 2
06-14 01:29:20.699  1184  2320 D MediaCodec:       int32_t color-standard = 1
