06-12 17:38:10.853  2475  2475 W PreviewInflater: 	at com.android.systemui.util.Utils.safeForeach(Utils.java:36)
06-12 17:38:10.853  2475  2475 W PreviewInflater: 	at com.android.keyguard.KeyguardUpdateMonitor.handleUserUnlocked(KeyguardUpdateMonitor.java:1762)
06-12 17:38:10.853  2475  2475 W PreviewInflater: 	at com.android.keyguard.KeyguardUpdateMonitor.access$2300(KeyguardUpdateMonitor.java:161)
06-12 17:38:10.853  2475  2475 W PreviewInflater: 	at com.android.keyguard.KeyguardUpdateMonitor$1.handleMessage(KeyguardUpdateMonitor.java:598)
06-12 17:38:10.853  2475  2475 W PreviewInflater: 	at android.os.Handler.dispatchMessage(Handler.java:106)
06-12 17:38:10.853  2475  2475 W PreviewInflater: 	at android.os.Looper.loop(Looper.java:193)
06-12 17:38:10.853  2475  2475 W PreviewInflater: 	at android.app.ActivityThread.main(ActivityThread.java:6923)
06-12 17:38:10.853  2475  2475 W PreviewInflater: 	at java.lang.reflect.Method.invoke(Native Method)
06-12 17:38:10.853  2475  2475 W PreviewInflater: 	at com.android.internal.os.RuntimeInit$MethodAndArgsCaller.run(RuntimeInit.java:493)
06-12 17:38:10.853  2475  2475 W PreviewInflater: 	at com.android.internal.os.ZygoteInit.main(ZygoteInit.java:870)
06-12 17:38:10.853  2475  2475 W PreviewInflater: Caused by: java.lang.UnsupportedOperationException: Failed to resolve attribute at index 13: TypedValue{t=0x2/d=0x7f04017b a=-1}
06-12 17:38:10.853  2475  2475 W PreviewInflater: 	at android.content.res.TypedArray.getDrawableForDensity(TypedArray.java:946)
06-12 17:38:10.853  2475  2475 W PreviewInflater: 	at android.content.res.TypedArray.getDrawable(TypedArray.java:930)
06-12 17:38:10.853  2475  2475 W PreviewInflater: 	at android.view.View.<init>(View.java:5013)
06-12 17:38:10.853  2475  2475 W PreviewInflater: 	at android.view.View.<init>(View.java:4914)
06-12 17:38:10.853  2475  2475 W PreviewInflater: 	at android.view.View.<init>(View.java:4893)
06-12 17:38:10.853  2475  2475 W PreviewInflater: 	... 30 more
06-12 17:38:10.856  3177  3177 D FirebaseApp: com.google.firebase.crash.FirebaseCrash is not linked. Skipping initialization.
06-12 17:38:10.863  2465  3205 I SuperpacksManagerImpl: SuperpacksManagerImpl.initializeInternal():475 initializeInternal()
06-12 17:38:10.871  1951  1952 D LSPosed : zygisk_main.cpp:362#void lspd::CompanionEntry(int): Got cache with fd=7 size=12
06-12 17:38:10.871  3097  3097 D RegisteredT3tIdentifiersCache: RegisteredT3tIdentifiersCache
06-12 17:38:10.873  3190  3190 D LSPosed : symbol_cache.cpp:55#void lspd::InitSymbolCache(lspd::SymbolCache *): InitSymbolCache
06-12 17:38:10.873  3190  3190 D LSPosed : symbol_cache.cpp:57#void lspd::InitSymbolCache(lspd::SymbolCache *): Already initialized
06-12 17:38:10.875  2465  2465 I DeviceModeUtil: DeviceModeUtil.getDeviceMode():126 Get device mode phone by ui mode:1 and smallestScreenWidthDp:360
06-12 17:38:10.878  2465  2465 I KeyboardViewUtil: KeyboardViewUtil.getKeyboardHeightRatio():168 systemKeyboardHeightRatio:1.000000; userKeyboardHeightRatio:1.000000.
06-12 17:38:10.879  3161  3161 E dolby.dax2appU: Not starting debugger since process cannot load the jdwp agent.
06-12 17:38:10.881  1944  2155 W ActivityManager: Slow operation: 156ms so far, now at startProcess: returned from zygote!
06-12 17:38:10.881  1944  2155 I ActivityManager: Start proc 3324:com.android.printspooler/u0a124 for service com.android.printspooler/.model.PrintSpoolerService
06-12 17:38:10.882  3161  3161 D LSPosed : magisk_loader.cpp:231#void lspd::MagiskLoader::OnNativeForkAndSpecializePost(JNIEnv *, jstring): skipped com.dolby.dax2appUI
06-12 17:38:10.882  3068  3187 I DialerLegacyCallRecordingEnabledFn: com.android.incallui.callrecording.impl.LegacyCallRecordingEnabledFn.isEnabled:45 tidepods voice and tidepods call recording are both enabled [CONTEXT ratelimit_period="1 MINUTES" ]
06-12 17:38:10.883  1951  1952 D LSPosed : zygisk_main.cpp:362#void lspd::CompanionEntry(int): Got cache with fd=7 size=12
06-12 17:38:10.884  1076  1504 D PermissionCache: checking android.permission.MODIFY_AUDIO_SETTINGS for uid=10120 => granted (717 us)
06-12 17:38:10.884  1944  2155 W ActivityManager: Slow operation: 159ms so far, now at startProcess: done updating battery stats
06-12 17:38:10.884  1944  2155 W ActivityManager: Slow operation: 159ms so far, now at startProcess: building log message
06-12 17:38:10.884  1944  2155 I ActivityManager: Start proc 3206:com.google.android.setupwizard/u0a37 for service com.google.android.setupwizard/.predeferred.NotificationConsolidatorService
06-12 17:38:10.884  1944  2155 W ActivityManager: Slow operation: 159ms so far, now at startProcess: starting to update pids map
06-12 17:38:10.884  3206  3206 D LSPosed : symbol_cache.cpp:55#void lspd::InitSymbolCache(lspd::SymbolCache *): InitSymbolCache
06-12 17:38:10.884  1944  2155 W ActivityManager: Slow operation: 159ms so far, now at startProcess: done updating pids map
06-12 17:38:10.884  3206  3206 D LSPosed : symbol_cache.cpp:57#void lspd::InitSymbolCache(lspd::SymbolCache *): Already initialized
06-12 17:38:10.888  1035  1035 W AshmemAllocator: ashmem_create_region(7680) returning hidl_memory(0xac898160, 7680)
06-12 17:38:10.889  1944  2155 W ActivityManager: Slow operation: 156ms so far, now at startProcess: asking zygote to start proc
06-12 17:38:10.890  1055  1055 I DlbDlbEffect: create(uuid=9D4921DA-8225-4F29-AEFA-39537A04BCAA, sessionId=0, ioId=13, pHandle=0xbe8dc544)
06-12 17:38:10.890  1055  1055 I DlbEffectDap: EffectDapFactory()
06-12 17:38:10.890  1055  1055 I DlbDap2Process: Dap2Process()
06-12 17:38:10.890  1055  1055 D DlbDlbBufferProvider: DlbBufferProvider()
06-12 17:38:10.890  1055  1055 D DlbDlbBufferProvider: DlbBufferProvider()
06-12 17:38:10.890  1055  1055 D DlbDapBufferAdapter: DapBufferAdapter()
06-12 17:38:10.890  1055  1055 D DlbDlbBufferProvider: DlbBufferProvider()
06-12 17:38:10.890  1055  1055 D DlbCrossfadeProcess: CrossfadeProcess()
06-12 17:38:10.891  1055  1055 D DlbDapEndpointParamCache: EndpointParamCache()
06-12 17:38:10.891  1055  1055 D DlbEffectDap: EffectDap()
06-12 17:38:10.891  1055  1055 I DlbEffectContext: EffectContext()
06-12 17:38:10.891  1055  1055 I DlbDlbEffect: create() Created effect DAP FULL
06-12 17:38:10.891  1055  1055 D DlbDlbEffect: effectGetDescriptor(handle=0xabba20e0)
06-12 17:38:10.891  1055  1055 D DlbDlbEffect: handle_EFFECT_CMD_INIT()
06-12 17:38:10.891  1055  1055 D DlbCrossfadeProcess: init()
06-12 17:38:10.891  1055  1055 D DlbDapBufferAdapter: init()
06-12 17:38:10.891  1055  1055 I DlbDap2Process: init()
06-12 17:38:10.891  1055  1055 I DlbDap2Process: open()
06-12 17:38:10.893  3154  3154 I ocess.gservice: The ClassLoaderContext is a special shared library.
06-12 17:38:10.894  3068  3187 I DialerLocaleProvider: com.android.dialer.callrecording.impl.localeprovider.LocaleProvider.getNetworkCountryMatchesSimCountryInternal:139 NetworkCountryCode not available due to non-GSM network
06-12 17:38:10.894  3068  3187 I DialerLocaleProvider: com.android.dialer.callrecording.impl.localeprovider.LocaleProvider.isCallRecordingCountry:98 SIM and network countries do not match.
06-12 17:38:10.895  3068  3187 I DialerCanRecord: com.android.dialer.callrecording.impl.canrecord.CanRecord.canRecordCall:74 Call recording is disabled in the current country
06-12 17:38:10.895  3068  3187 I DialerCallRecordingStartupListener: com.android.dialer.callrecording.startup.CallRecordingStartupListener.lambda$onApplicationStartup$0:83 not prewarming TTS
06-12 17:38:10.895  1944  2130 I TelecomService: CallsManager: Sending phone-account ComponentInfo{com.android.phone/com.android.services.telephony.TelephonyConnectionService}, ***, UserHandle{0} unregistered intent as user: TSI.uPA@ADM
06-12 17:38:10.896  3177  3177 I FirebaseInitProvider: FirebaseApp initialization successful
06-12 17:38:10.897  3190  3321 I FA      : App measurement is starting up, version: 12211
06-12 17:38:10.897  3190  3321 I FA      : To enable debug logging run: adb shell setprop log.tag.FA VERBOSE
06-12 17:38:10.898  3190  3321 I FA      : To enable faster debug mode event logging run:
06-12 17:38:10.898  3190  3321 I FA      :   adb shell setprop debug.firebase.analytics.app com.google.android.apps.restore
06-12 17:38:10.898  1951  1952 D LSPosed : zygisk_main.cpp:362#void lspd::CompanionEntry(int): Got cache with fd=7 size=12
06-12 17:38:10.899  1944  2130 I TelecomService: CallsManager: Sending phone-account unregistered intent to default dialer: TSI.uPA@ADM
06-12 17:38:10.899  3324  3324 D LSPosed : symbol_cache.cpp:55#void lspd::InitSymbolCache(lspd::SymbolCache *): InitSymbolCache
06-12 17:38:10.899  3324  3324 D LSPosed : symbol_cache.cpp:57#void lspd::InitSymbolCache(lspd::SymbolCache *): Already initialized
06-12 17:38:10.900  1055  1055 I DlbDap2Process: loadLicense() no license check!
06-12 17:38:10.900  1055  1055 I DlbDap2Process: validateLicense() no license check!
06-12 17:38:10.900  1055  1055 I DlbDap2Process: init() DAP opened
06-12 17:38:10.900  1055  1055 I DlbDap2Process: DAP library version: 2.7.0.2
06-12 17:38:10.900  1055  1055 D DlbDap2Process: DAP output mode set to 1 with 2 output channels and null mix matrix.
06-12 17:38:10.902  3177  3177 E coilsw.launche: Not starting debugger since process cannot load the jdwp agent.
06-12 17:38:10.902  1055  2850 D DlbDlbEffect: handle_EFFECT_CMD_SET_CONFIG()
06-12 17:38:10.902  1055  2850 D DlbDap2Process: DAP input format is 0x22
06-12 17:38:10.902  1055  2850 D DlbDap2Process: setMave(mave = 0)
06-12 17:38:10.903  1055  2850 I DlbDapBufferAdapter: configure(sampleRate = 48000, format = 5, inChannelMask = 0x3, outChannelMask = 0x3)
06-12 17:38:10.903  1055  2850 D DlbDlbBufferProvider: setConfig() Updating buffer configuration.
06-12 17:38:10.903  1055  2850 D DlbDlbBufferProvider: configure() Allocating new memory for the buffer.
06-12 17:38:10.903  1055  2850 D DlbDlbBufferProvider: setConfig() Updating buffer configuration.
06-12 17:38:10.903  1055  2850 D DlbDlbBufferProvider: configure() Allocating new memory for the buffer.
06-12 17:38:10.903  1055  2850 D DlbDlbBufferProvider: setConfig() Updating buffer configuration.
06-12 17:38:10.903  1055  2850 I chatty  : uid=1041(audioserver) HwBinder:1055_4 identical 1 line
06-12 17:38:10.903  1055  2850 D DlbDlbBufferProvider: setConfig() Updating buffer configuration.
06-12 17:38:10.906  3097  3097 I NfcService: Starting NFC service
06-12 17:38:10.906  1055  2850 D DlbDlbEffect: handle_EFFECT_CMD_SET_DEVICE(device=0x00000002)
06-12 17:38:10.906  1055  2850 D DlbDapEndpointParamCache: setDevice(device=0x00000002)
06-12 17:38:10.907  3177  3177 D LSPosed : magisk_loader.cpp:231#void lspd::MagiskLoader::OnNativeForkAndSpecializePost(JNIEnv *, jstring): skipped com.teslacoilsw.launcher
06-12 17:38:10.909  1059  1059 I DMSService: registerClient type = 2, uid = aa557ea8
06-12 17:38:10.910  1059  1059 D DsContextManager: init: device:ali, radio:EMEA
06-12 17:38:10.911  3141  3141 I .process.syste: The ClassLoaderContext is a special shared library.
06-12 17:38:10.911  1059  1059 I DsContextManager: XML Tuning file: /vendor/etc/dolby/dax-default.xml
06-12 17:38:10.914  1944  2155 W ActivityManager: Slow operation: 182ms so far, now at startProcess: returned from zygote!
06-12 17:38:10.914  1944  2155 W ActivityManager: Slow operation: 183ms so far, now at startProcess: done updating battery stats
06-12 17:38:10.914  1944  2155 W ActivityManager: Slow operation: 183ms so far, now at startProcess: building log message
06-12 17:38:10.914  2653  2653 D QImsService: ImsSubController : onSubscriptionsChanged, getDefaultDataPhoneId=0
06-12 17:38:10.914  1944  2155 I ActivityManager: Start proc 3223:com.motorola.launcher3/u0a30 for service com.motorola.launcher3/com.android.launcher3.notification.NotificationListener
06-12 17:38:10.914  1944  2155 W ActivityManager: Slow operation: 183ms so far, now at startProcess: starting to update pids map
06-12 17:38:10.914  1944  2155 W ActivityManager: Slow operation: 183ms so far, now at startProcess: done updating pids map
06-12 17:38:10.917  2465  2465 I DeviceModeUtil: DeviceModeUtil.getDeviceMode():126 Get device mode phone by ui mode:1 and smallestScreenWidthDp:360
06-12 17:38:10.918  2465  3201 I ShortcutsDataManager: ShortcutsDataManager.onContentChanged():70 onContentChanged()
06-12 17:38:10.919  2465  3201 I ContactsDataManager: ContactsDataManager.onContentChanged():155 onContentChanged()
06-12 17:38:10.919  2465  3201 I EmailDataManager: EmailDataManager.onContentChanged():115 onContentChanged()
06-12 17:38:10.920  3154  3154 I ocess.gservice: The ClassLoaderContext is a special shared library.
06-12 17:38:10.923  1951  1952 D LSPosed : zygisk_main.cpp:362#void lspd::CompanionEntry(int): Got cache with fd=7 size=12
06-12 17:38:10.925  3223  3223 D LSPosed : symbol_cache.cpp:55#void lspd::InitSymbolCache(lspd::SymbolCache *): InitSymbolCache
06-12 17:38:10.925  3223  3223 D LSPosed : symbol_cache.cpp:57#void lspd::InitSymbolCache(lspd::SymbolCache *): Already initialized
06-12 17:38:10.929  3141  3141 I .process.syste: The ClassLoaderContext is a special shared library.
06-12 17:38:10.932  2465  2465 I AndroidIME: KeyboardViewManager.updateKeyboardBackgroundFrameVisibility():353 Set background frame visibility. old:8, new:8
06-12 17:38:10.933  2465  2465 I NormalModeController: NormalModeController.getKeyboardBodyViewHolderPaddingBottom():111 currentPrimeKeyboardType:SOFT systemPaddingBottom:-1
06-12 17:38:10.936  2465  2465 I NormalModeController: NormalModeController.getKeyboardBodyViewHolderPaddingBottom():111 currentPrimeKeyboardType:SOFT systemPaddingBottom:-1
06-12 17:38:10.938  1944  2155 I ActivityManager: Start proc 3333:com.motorola.VirtualUiccPayment/u0a140 for service com.motorola.VirtualUiccPayment/.VirtualUiccPaymentService
06-12 17:38:10.942  1951  1952 D LSPosed : zygisk_main.cpp:362#void lspd::CompanionEntry(int): Got cache with fd=7 size=12
06-12 17:38:10.943  3333  3333 D LSPosed : symbol_cache.cpp:55#void lspd::InitSymbolCache(lspd::SymbolCache *): InitSymbolCache
06-12 17:38:10.943  3333  3333 D LSPosed : symbol_cache.cpp:57#void lspd::InitSymbolCache(lspd::SymbolCache *): Already initialized
06-12 17:38:10.944  1944  1944 W Looper  : Slow dispatch took 581ms main h=android.app.ActivityThread$H c=android.app.-$$Lambda$LoadedApk$ReceiverDispatcher$Args$_BumDX2UKsnxLVrE6UJsJZkotuA@e015299 m=0
06-12 17:38:10.945  1944  1944 W Looper  : Slow delivery took 778ms main h=com.android.server.accessibility.AccessibilityManagerService$MainHandler c=<recycled PooledLambda@910f95e> m=0
06-12 17:38:10.945  1944  1944 V SettingsProvider: Notifying for 0: content://settings/global/network_recommendations_enabled
06-12 17:38:10.948  3097  3097 D RegisteredNxpServicesCache: readDynamicApduService End:   0
06-12 17:38:10.949  2747  2747 I MotoDisplay: onListenerConnected - DisplayNotificationListenerService - retrieving notifications
06-12 17:38:10.952  1944  1944 D DevicePolicyManager: updateSystemUpdateFreezePeriodsRecord
06-12 17:38:10.952  1944  1944 W SyncManager: Clock is valid now.
06-12 17:38:10.952  1944  1944 D ConditionProviders.SCP: onReceive android.intent.action.TIME_SET
06-12 17:38:10.952  1944  1944 D ConditionProviders.SCP: evaluateSubscriptionLocked cal=ScheduleCalendar[mDays={1, 2, 3, 4, 5, 6, 7}, mSchedule=ScheduleInfo{days=[1, 2, 3, 4, 5, 6, 7], startHour=22, startMinute=0, endHour=7, endMinute=0, exitAtAlarm=true, nextAlarm=Wed Dec 31 21:00:00 GMT-03:00 1969 (0)}], now=Sun Jun 12 17:38:10 GMT-03:00 2022 (1655066290952), nextUserAlarmTime=Wed Dec 31 21:00:00 GMT-03:00 1969 (0)
06-12 17:38:10.952  1944  1944 D ConditionProviders.SCP: notifyCondition condition://android/schedule?days=1.2.3.4.5.6.7&start=22.0&end=7.0&exitAtAlarm=true STATE_FALSE reason=!meetsSchedule
06-12 17:38:10.955  1944  1944 D ConditionProviders.SCP: Scheduling evaluate for Sun Jun 12 22:00:00 GMT-03:00 2022 (1655082000000), in +4h21m49s48ms, now=Sun Jun 12 17:38:10 GMT-03:00 2022 (1655066290952)
06-12 17:38:10.958  3206  3206 I SetupWizard: [FrpHelper] Start loading FRP status
06-12 17:38:10.966  1059  1059 D DsContextManager: getSignature(): XML file md5sum d5920a5b3f9dc8a879f7cd647c3e640f
06-12 17:38:10.974  1944  2155 I ActivityManager: Start proc 3342:com.google.android.gms/u0a31 for service com.google.android.gms/.measurement.service.MeasurementBrokerService
06-12 17:38:10.976  2465  3200 I SpeechPackManager: SpeechPackManager.lambda$registerManifest$4():447 registerManifest() : Reusing hash 1327534105
06-12 17:38:10.979  3177  3330 I FA      : Collection disabled with firebase_analytics_collection_enabled=0
06-12 17:38:10.981  3324  3324 E id.printspoole: Not starting debugger since process cannot load the jdwp agent.
06-12 17:38:10.984  2465  3258 I AbstractOpenableExtension: AbstractOpenableExtension.maybeDestroyExistingKeyboardGroupManager():510 Destroy existing keyboard group manager in dvs
06-12 17:38:10.984  2465  3258 I AbstractOpenableExtension: AbstractOpenableExtension.createKeyboardGroupManagerListenableFuture():122 Create keyboard group manager listenable future in dvs
06-12 17:38:10.985  3324  3324 D LSPosed : magisk_loader.cpp:231#void lspd::MagiskLoader::OnNativeForkAndSpecializePost(JNIEnv *, jstring): skipped com.android.printspooler
06-12 17:38:10.991  2465  2589 I KeyboardGroupDefParser: KeyboardGroupDefParser.parseKeyboardGroupDef():87 parseKeyboardGroupDef() 2132214019 -> 0_resource_name_obfuscated : WaitTime = 1 ms : RunTime = 6 ms
06-12 17:38:10.993  1951  1952 D LSPosed : zygisk_main.cpp:362#void lspd::CompanionEntry(int): Got cache with fd=7 size=12
06-12 17:38:10.998  3342  3342 D LSPosed : symbol_cache.cpp:55#void lspd::InitSymbolCache(lspd::SymbolCache *): InitSymbolCache
06-12 17:38:10.998  3342  3342 D LSPosed : symbol_cache.cpp:57#void lspd::InitSymbolCache(lspd::SymbolCache *): Already initialized
06-12 17:38:11.003  3177  3330 I FA      : App measurement is starting up, version: 11717
06-12 17:38:11.004  3177  3330 I FA      : To enable debug logging run: adb shell setprop log.tag.FA VERBOSE
06-12 17:38:11.004  3177  3330 I FA      : To enable faster debug mode event logging run:
06-12 17:38:11.004  3177  3330 I FA      :   adb shell setprop debug.firebase.analytics.app com.teslacoilsw.launcher
06-12 17:38:11.010  2465  2465 I DeviceModeUtil: DeviceModeUtil.getDeviceMode():126 Get device mode phone by ui mode:1 and smallestScreenWidthDp:360
06-12 17:38:11.012  2465  2593 I KeyboardGroupDefParser: KeyboardGroupDefParser.parseKeyboardGroupDef():87 parseKeyboardGroupDef() 2132214020 -> 0_resource_name_obfuscated : WaitTime = 0 ms : RunTime = 20 ms
06-12 17:38:11.013  2465  3349 I SpeechPackManager: SpeechPackManager$3.onSuccess():426 updatePackSetCacheAsync() : Updated the PackSet cache
06-12 17:38:11.018  1951  1952 D LSPosed : zygisk_main.cpp:362#void lspd::CompanionEntry(int): Got cache with fd=7 size=12
06-12 17:38:11.018  3359  3359 D LSPosed : symbol_cache.cpp:55#void lspd::InitSymbolCache(lspd::SymbolCache *): InitSymbolCache
06-12 17:38:11.018  3359  3359 D LSPosed : symbol_cache.cpp:57#void lspd::InitSymbolCache(lspd::SymbolCache *): Already initialized
06-12 17:38:11.026  2465  2594 I DynamicLanguageModelOperation: DynamicLanguageModelOperation.perform():38 perform() : 20 : bzf : Completed
06-12 17:38:11.029  1944  2155 W ActivityManager: Slow operation: 51ms so far, now at startProcess: done updating battery stats
06-12 17:38:11.032  1059  1059 I DsManager: Created DAP effect version [ 0 ]
06-12 17:38:11.032  1059  1059 I DapController: onLoad()
06-12 17:38:11.035  3333  3333 E tualUiccPaymen: Not starting debugger since process cannot load the jdwp agent.
06-12 17:38:11.037  3333  3333 D LSPosed : magisk_loader.cpp:231#void lspd::MagiskLoader::OnNativeForkAndSpecializePost(JNIEnv *, jstring): skipped com.motorola.VirtualUiccPayment
06-12 17:38:11.042  1059  1059 V DolbyManagerService: registerClient() client 0xa7ea2720, uid -1437237590
06-12 17:38:11.042  1059  1132 D DolbyManagerService: onDapParamUpdate DsManager onDapParamUpdate()
06-12 17:38:11.042  1059  1059 D DMSService: setActiveDevice called with device = 0x2
06-12 17:38:11.043  1055  1055 D DlbEffectDap: setAudioMode(mode = 0)
06-12 17:38:11.043  1076  1504 I AudioFlinger: effectCreated() DAP effect created on thread 13
06-12 17:38:11.044  3161  3161 W DolbyAudioEffect: WARNING: attaching a DolbyAudioEffect to global output mix is deprecated!
06-12 17:38:11.047  3161  3161 D DolbyDaxUI: getDolbyStatus enabled=true profile=0
06-12 17:38:11.049  3161  3161 D DolbyDaxUI: isA2dpActive, active device is 0x2
06-12 17:38:11.051  1944  2155 W ActivityManager: Slow operation: 73ms so far, now at startProcess: building log message
06-12 17:38:11.051  1944  2155 I ActivityManager: Start proc 3359:com.android.providers.calendar/u0a16 for content provider com.android.providers.calendar/.CalendarProvider2
06-12 17:38:11.051  1944  2155 W ActivityManager: Slow operation: 74ms so far, now at startProcess: starting to update pids map
06-12 17:38:11.051  1944  2155 W ActivityManager: Slow operation: 74ms so far, now at startProcess: done updating pids map
06-12 17:38:11.055  3206  3206 I SetupWizard: [NotificationConsolidatorService] onListenerConnected
06-12 17:38:11.055  3223  3223 V Launcher: LauncherAppState initiated
06-12 17:38:11.056  2465  2465 I DictionarySuperpacksManager: DictionarySuperpacksManager$1.onEnabledInputMethodEntriesChanged():60 onEnabledInputMethodEntriesChanged
06-12 17:38:11.056  3190  3190 I Pixelmigrate: [NotificationConsolidatorService] onListenerConnected
06-12 17:38:11.062  2465  2465 I InputMethodEntryManager: InputMethodEntryManager$5.onSuccess():887 Success load entries: [LanguageTagVariantTuple{languageTag=pt-BR, variant=qwerty}, LanguageTagVariantTuple{languageTag=zz, variant=qwerty}], resetImplicitlyEnabledEntries=false
06-12 17:38:11.070  3342  3342 E gle.android.gm: Not starting debugger since process cannot load the jdwp agent.
06-12 17:38:11.073  3342  3342 D LSPosed : magisk_loader.cpp:231#void lspd::MagiskLoader::OnNativeForkAndSpecializePost(JNIEnv *, jstring): skipped com.google.android.gms
06-12 17:38:11.075  3359  3359 E viders.calenda: Not starting debugger since process cannot load the jdwp agent.
06-12 17:38:11.078  3359  3359 D LSPosed : magisk_loader.cpp:231#void lspd::MagiskLoader::OnNativeForkAndSpecializePost(JNIEnv *, jstring): skipped com.android.providers.calendar
06-12 17:38:11.083  3324  3324 I id.printspoole: The ClassLoaderContext is a special shared library.
06-12 17:38:11.091  1944  1944 W Looper  : Drained
06-12 17:38:11.103  3032  3032 I Safeboot: Checking safeboot...
06-12 17:38:11.107  3223  3223 I InvariantDeviceProfile: applyPartnerDeviceProfile InvariantDeviceProfile: Moto Default Density numRows:5 numColumns:5 numHotseatIcons:5 defaultLayoutId:0 numFolderRows:4 numFolderColumns:4 iconSize:0.0 iconTextSize:0.0 landscapeIconSize:0.0
06-12 17:38:11.117  3097  3097 D NxpApduServiceInfo: No com.nxp.nfc.extensions meta-data
06-12 17:38:11.117  3097  3097 D NxpApduServiceInfo: No com.gsma.services.nfc.extensions meta-data
06-12 17:38:11.117  3097  3097 E NxpApduServiceInfo: SE extension not present, Setting default offhost seID
06-12 17:38:11.120  1944  2153 W ActivityManager: Activity pause timeout for ActivityRecord{d79f5ff u0 com.teslacoilsw.launcher/.NovaLauncher t2}
06-12 17:38:11.121  3097  3097 E RegisteredServicesCache: Next Tag=services
06-12 17:38:11.121  3097  3097 E RegisteredServicesCache: installedServices no uidString 
06-12 17:38:11.122  3097  3097 E RegisteredServicesCache: installedServices contains uidString : 10031
06-12 17:38:11.122  3097  3097 E RegisteredServicesCache: installedServices no uidString 
06-12 17:38:11.122  3097  3097 E RegisteredServicesCache: installedServices contains uidString : 10195
06-12 17:38:11.123  3097  3097 E RegisteredServicesCache: 1invalidateCache:WriteServiceStateToFile
06-12 17:38:11.123  3097  3097 E RegisteredServicesCache:  Writing service state Data Always
06-12 17:38:11.124  3223  3223 D OpenGLRenderer: Skia GL Pipeline
06-12 17:38:11.127  3097  3097 E RegisteredServicesCache: component namecom.google.android.gms/com.google.android.gms.nearby.mediums.nearfieldcommunication.NfcAdvertisingService
06-12 17:38:11.127  3097  3097 E RegisteredServicesCache: component namecom.google.android.gms/com.google.android.gms.pay.hce.service.PayHceService
06-12 17:38:11.127  3097  3097 E RegisteredServicesCache: component namecom.google.android.apps.walletnfcrel/com.google.commerce.tapandpay.android.transit.tap.service.TransitHceService
06-12 17:38:11.127  3097  3097 E RegisteredServicesCache: component namecom.google.android.apps.walletnfcrel/com.google.commerce.tapandpay.android.hce.service.ValuableApduService
06-12 17:38:11.130  3097  3097 D CardEmulationManager: Current default: ComponentInfo{com.motorola.VirtualUiccPayment/com.motorola.VirtualUiccPayment.VirtualUiccPaymentService}
06-12 17:38:11.145  3206  3206 I SetupWizard: [PlayStoreNotifications] Attempting to register as listener using GooglePlayNotificationHelper
06-12 17:38:11.148  3097  3097 D RegisteredNfcFServicesCache: Dynamic System Code, NFCID2 file does not exist.
06-12 17:38:11.150  3333  3333 I tualUiccPaymen: The ClassLoaderContext is a special shared library.
06-12 17:38:11.151  3342  3342 I gle.android.gm: The ClassLoaderContext is a special shared library.
06-12 17:38:11.151  3206  3206 I SetupWizard: [GooglePlaySetupHelperV2] Registering notification receiver
06-12 17:38:11.153  3097  3097 D RegisteredNfcFServicesCache: Service unchanged, not updating
06-12 17:38:11.156  3342  3342 I gle.android.gm: The ClassLoaderContext is a special shared library.
06-12 17:38:11.159  3342  3342 I gle.android.gm: The ClassLoaderContext is a special shared library.
06-12 17:38:11.166  2465  2465 I MetricsProcessorProviderManager: MetricsProcessorProviderManager.onClearcutAdapterReady():103 onClearcutAdapterReady
06-12 17:38:11.172  3097  3097 I NfcService: Boot completed already
06-12 17:38:11.177  3359  3359 I viders.calenda: The ClassLoaderContext is a special shared library.
06-12 17:38:11.179  1944  2155 I ActivityManager: Start proc 3419:com.android.vending/u0a38 for service com.android.vending/com.google.android.finsky.setup.PlaySetupServiceV2
06-12 17:38:11.186  3097  3425 I         : [0612/173811.186612:INFO:NativeNfcManager.cpp(5171)] nfcManager_setFirmwareUpdateStatus: enter, state is: 2
06-12 17:38:11.196  3097  3097 W SoundPool: Use of stream types is deprecated for operations other than volume control
06-12 17:38:11.196  3097  3097 W SoundPool: See the documentation of SoundPool() for what to use instead with android.media.AudioAttributes to qualify your playback use case
06-12 17:38:11.197  1951  1952 D LSPosed : zygisk_main.cpp:362#void lspd::CompanionEntry(int): Got cache with fd=7 size=12
06-12 17:38:11.199  3419  3419 D LSPosed : symbol_cache.cpp:55#void lspd::InitSymbolCache(lspd::SymbolCache *): InitSymbolCache
06-12 17:38:11.199  3419  3419 D LSPosed : symbol_cache.cpp:57#void lspd::InitSymbolCache(lspd::SymbolCache *): Already initialized
06-12 17:38:11.208  3097  3430 E libnfc_nci: [ERROR:gki_ulinux.cc(102)] gki_task task_id=0 terminating
06-12 17:38:11.215  1055  1055 D audio_hw_primary: disable_audio_route: usecase(1) reset and update mixer path: low-latency-playback
06-12 17:38:11.232  1944  2529 I ActivityManager: Loading recents for user 0 into memory.
06-12 17:38:11.234  3097  3428 I MediaCodec: (0xa94f4800) init name(OMX.google.vorbis.decoder)
06-12 17:38:11.239  3097  3445 I OMXClient: IOmx service obtained
06-12 17:38:11.240  1263  1381 I OMXMaster: makeComponentInstance(OMX.google.vorbis.decoder) in omx@1.0-service process
06-12 17:38:11.241  3342  3342 W gle.android.gm: JIT profile information will not be recorded: profile file does not exits.
06-12 17:38:11.245  3097  3445 I MediaCodec: (0xa94f4800) Component Allocated (OMX.google.vorbis.decoder)
06-12 17:38:11.246  3097  3428 I MediaCodec: (0xa94f4800) configure surface(0x0) crypto(0x0) flags(0)
06-12 17:38:11.246  3097  3428 D MediaCodec: (0xa94f4800) configure format: AMessage(what = 0x00000000) = {
06-12 17:38:11.246  3097  3428 D MediaCodec:       string mime = "audio/vorbis"
06-12 17:38:11.246  3097  3428 D MediaCodec:       int64_t durationUs = 1395562
06-12 17:38:11.246  3097  3428 D MediaCodec:       int32_t bitrate = 64000
06-12 17:38:11.246  3097  3428 D MediaCodec:       int32_t track-id = 1
06-12 17:38:11.246  3097  3428 D MediaCodec:       int32_t channel-count = 1
06-12 17:38:11.246  3097  3428 D MediaCodec:       int32_t sample-rate = 16000
06-12 17:38:11.246  3097  3428 D MediaCodec:       Buffer csd-0 = {
06-12 17:38:11.246  3097  3428 D MediaCodec:         00000000:  01 76 6f 72 62 69 73 00  00 00 00 01 80 3e 00 00  .vorbis......>..
06-12 17:38:11.246  3097  3428 D MediaCodec:         00000010:  00 00 00 00 00 fa 00 00  00 00 00 00 a9 01        ..............
06-12 17:38:11.246  3097  3428 D MediaCodec:       }
06-12 17:38:11.246  3097  3428 D MediaCodec:       Buffer *csd-1 = 0xa94926b8
06-12 17:38:11.246  3097  3428 D MediaCodec:     }
06-12 17:38:11.247  1951  1952 D LSPosed : zygisk_main.cpp:362#void lspd::CompanionEntry(int): Got cache with fd=7 size=12
06-12 17:38:11.248  1263  1381 E OMXNodeInstance: getConfig(0xb1ea9ba0:google.vorbis.decoder, ConfigAndroidVendorExtension(0x6f100004)) ERROR: Undefined(0x80001001)
06-12 17:38:11.249  3441  3441 D LSPosed : symbol_cache.cpp:55#void lspd::InitSymbolCache(lspd::SymbolCache *): InitSymbolCache
06-12 17:38:11.249  3441  3441 D LSPosed : symbol_cache.cpp:57#void lspd::InitSymbolCache(lspd::SymbolCache *): Already initialized
06-12 17:38:11.249  3097  3428 I MediaCodec: (0xa94f4800) start
06-12 17:38:11.252  1035  1035 W AshmemAllocator: ashmem_create_region(32768) returning hidl_memory(0xac898160, 32768)
06-12 17:38:11.257  1035  1035 W AshmemAllocator: ashmem_create_region(32768) returning hidl_memory(0xac898160, 32768)
06-12 17:38:11.258  3419  3419 E android.vendin: Not starting debugger since process cannot load the jdwp agent.
06-12 17:38:11.258  1035  1035 W AshmemAllocator: ashmem_create_region(32768) returning hidl_memory(0xac898160, 32768)
06-12 17:38:11.260  1035  1035 W AshmemAllocator: ashmem_create_region(32768) returning hidl_memory(0xac898160, 32768)
06-12 17:38:11.261  3419  3419 D LSPosed : magisk_loader.cpp:231#void lspd::MagiskLoader::OnNativeForkAndSpecializePost(JNIEnv *, jstring): skipped com.android.vending
06-12 17:38:11.261  1944  2155 W ActivityManager: Slow operation: 59ms so far, now at startProcess: done updating battery stats
06-12 17:38:11.262  1944  2155 W ActivityManager: Slow operation: 59ms so far, now at startProcess: building log message
06-12 17:38:11.262  3032  3032 W ProviderHelper: Unknown dynamite feature providerinstaller.dynamite
06-12 17:38:11.262  1944  2155 I ActivityManager: Start proc 3441:com.android.keychain/1000 for service com.android.keychain/.KeyChainService
06-12 17:38:11.262  1944  2155 W ActivityManager: Slow operation: 59ms so far, now at startProcess: starting to update pids map
06-12 17:38:11.262  1944  2155 W ActivityManager: Slow operation: 59ms so far, now at startProcess: done updating pids map
06-12 17:38:11.263  3032  3032 I DynamiteModule: Considering local module com.google.android.gms.providerinstaller.dynamite:1 and remote module com.google.android.gms.providerinstaller.dynamite:0
06-12 17:38:11.264  3032  3032 I DynamiteModule: Selected local version of com.google.android.gms.providerinstaller.dynamite
06-12 17:38:11.265  1035  1035 W AshmemAllocator: ashmem_create_region(32768) returning hidl_memory(0xac898160, 32768)
06-12 17:38:11.266  3359  3359 I CalendarProvider2: Created com.android.providers.calendar.CalendarAlarmManager@68b888(com.android.providers.calendar.CalendarProvider2@6003221)
06-12 17:38:11.269  1035  1035 W AshmemAllocator: ashmem_create_region(32768) returning hidl_memory(0xac898160, 32768)
06-12 17:38:11.272  1035  1035 W AshmemAllocator: ashmem_create_region(32768) returning hidl_memory(0xac898160, 32768)
06-12 17:38:11.274  3097  3445 I MediaCodec: (0xa94f4800) kWhatStartCompleted
06-12 17:38:11.274  2653  2653 D PhoneGlobals: ACTION_SIM_STATE_CHANGED state:READY reason:null phoneId:0
06-12 17:38:11.274  2653  2653 D QImsService: ImsServiceStateReceiver : SimStateReceiver phoneId : 0 simStatus : READY
06-12 17:38:11.274  2653  2653 D QImsService: ImsServiceStateReceiver : SimStateReceiver phoneId : 0 simStatus : READY
06-12 17:38:11.281  3223  3223 D TouchInteractionService: Touch service connected
06-12 17:38:11.287  2653  2653 D PhoneGlobals: ACTION_SIM_STATE_CHANGED state:ABSENT reason:null phoneId:1
06-12 17:38:11.287  2653  2653 D QImsService: ImsServiceStateReceiver : SimStateReceiver phoneId : 1 simStatus : ABSENT
06-12 17:38:11.288  2653  2653 D QImsService: ImsServiceStateReceiver : SimStateReceiver phoneId : 1 simStatus : ABSENT
06-12 17:38:11.293  1035  1035 W AshmemAllocator: ashmem_create_region(32768) returning hidl_memory(0xac898160, 32768)
06-12 17:38:11.296  1035  1035 W AshmemAllocator: ashmem_create_region(32768) returning hidl_memory(0xac898160, 32768)
06-12 17:38:11.298  3097  3445 D MediaCodec: (0xa94f4800) kWhatOutputBuffersChanged
06-12 17:38:11.299  3097  3445 D MediaCodec: (0xa94f4800) [OMX.google.vorbis.decoder] output format changed to: AMessage(what = 0x00000000) = {
06-12 17:38:11.299  3097  3445 D MediaCodec:       string mime = "audio/raw"
06-12 17:38:11.299  3097  3445 D MediaCodec:       int32_t channel-count = 1
06-12 17:38:11.299  3097  3445 D MediaCodec:       int32_t sample-rate = 16000
06-12 17:38:11.299  3097  3445 D MediaCodec:       int32_t pcm-encoding = 2
06-12 17:38:11.299  3097  3445 D MediaCodec:     }
06-12 17:38:11.302  3032  3051 I DynamiteModule: Considering local module com.google.android.gms.googlecertificates:7 and remote module com.google.android.gms.googlecertificates:7
06-12 17:38:11.302  3032  3051 I DynamiteModule: Selected local version of com.google.android.gms.googlecertificates
06-12 17:38:11.323  3097  3436 E libnfc_nci: [ERROR:gki_ulinux.cc(717)] GKI_WAIT_FOU: GKI TASK_DEAD received. exit thread 3...
06-12 17:38:11.323  3097  3436 E libnfc_nci: [ERROR:gki_ulinux.cc(102)] gki_task task_id=3 terminating
06-12 17:38:11.323  3441  3441 E ndroid.keychai: Not starting debugger since process cannot load the jdwp agent.
06-12 17:38:11.325  3097  3425 I libnfc_nci: [INFO:NativeNfcManager.cpp(5176)] nfcManager_setFirmwareUpdateStatus: exit
06-12 17:38:11.325  3097  3425 D NfcService: setFirmwareUpdateStatus checking
06-12 17:38:11.326  3097  3425 I NfcService: TASK_BOOT. NFCC Error count = 0
06-12 17:38:11.326  3441  3441 D LSPosed : magisk_loader.cpp:231#void lspd::MagiskLoader::OnNativeForkAndSpecializePost(JNIEnv *, jstring): skipped com.android.keychain
06-12 17:38:11.327  3097  3429 E libnfc_nci: [ERROR:gki_ulinux.cc(102)] gki_task task_id=4 terminating
06-12 17:38:11.328  3097  3425 D NfcService: NFC is on. Doing normal stuff
06-12 17:38:11.328  3097  3425 I NfcService: Enabling NFC
06-12 17:38:11.338  3097  3425 I libnfc_nci: [INFO:NativeNfcManager.cpp(4598)] nfcManager_getNfcInitTimeout: enter
06-12 17:38:11.338  3097  3425 I libnfc_nci: [INFO:NativeNfcManager.cpp(4622)]  gNfcInitTimeout = 40000: gdisc_timeout = 20000 nfcManager_getNfcInitTimeout
06-12 17:38:11.338  3097  3425 I NfcService: Enabling NFC timeout90000
06-12 17:38:11.346  3097  3425 I com.android.nf: ConfigFile - Parsing file '/vendor/etc/libnfc-nci.conf'
06-12 17:38:11.346  3097  3425 I com.android.nf: ConfigFile - [NFC_DEBUG_ENABLED] = 0x01
06-12 17:38:11.346  3097  3425 I com.android.nf: ConfigFile - [NFA_STORAGE] = "/data/nfc"
06-12 17:38:11.346  3097  3425 I com.android.nf: ConfigFile - [NFA_HCI_DEFAULT_DEST_GATE] = 0xF0
06-12 17:38:11.346  3097  3425 I com.android.nf: ConfigFile - [UICC_LISTEN_TECH_MASK] = 0x07
06-12 17:38:11.346  3097  3425 I com.android.nf: ConfigFile - [HOST_LISTEN_TECH_MASK] = 0x07
06-12 17:38:11.347  3097  3425 I com.android.nf: ConfigFile - [NXP_FWD_FUNCTIONALITY_ENABLE] = 0x01
06-12 17:38:11.347  3097  3425 I com.android.nf: ConfigFile - [AID_FOR_EMPTY_SELECT] = {08:A0:00:00:01:51:00:00:00}
06-12 17:38:11.347  3097  3425 I com.android.nf: ConfigFile - [SCREEN_OFF_POWER_STATE] = 1
06-12 17:38:11.347  3097  3425 I com.android.nf: ConfigFile - [NFA_CONFIG_FORMAT] = 1
06-12 17:38:11.347  3097  3425 I com.android.nf: ConfigFile - [POLLING_TECH_MASK] = 0xEF
06-12 17:38:11.347  3097  3425 I com.android.nf: ConfigFile - [P2P_LISTEN_TECH_MASK] = 0xC4
06-12 17:38:11.347  3097  3425 I com.android.nf: ConfigFile - [PRESERVE_STORAGE] = 0x01
06-12 17:38:11.347  3097  3425 I com.android.nf: ConfigFile - [NFA_DM_DISC_NTF_TIMEOUT] = 100
06-12 17:38:11.347  3097  3425 I com.android.nf: ConfigFile - [AID_MATCHING_MODE] = 0x01
06-12 17:38:11.347  3097  3425 I com.android.nf: ConfigFile - [NXP_PRFD_TECH_SE] = 0x02
06-12 17:38:11.347  3097  3425 I com.android.nf: ConfigFile - [NFA_AID_BLOCK_ROUTE] = 0x01
06-12 17:38:11.347  3097  3425 I com.android.nf: ConfigFile - [NXP_WM_MAX_WTX_COUNT] = 50
06-12 17:38:11.347  3097  3425 I com.android.nf: ConfigFile - [DEFAULT_SYS_CODE] = {FE:FF}
06-12 17:38:11.347  3097  3425 I com.android.nf: ConfigFile - [DEVICE_HOST_WHITE_LIST] = {80:81:C0}
06-12 17:38:11.347  3097  3425 I libnfc_nci: [INFO:NfcAdaptation.cc(532)] NfcAdaptation::InitializeHalDeviceContext: Try INfcV1_1::getService()
06-12 17:38:11.350  3032  3032 V NativeCrypto: Registering com/google/android/gms/org/conscrypt/NativeCrypto's 295 native methods...
06-12 17:38:11.351  3097  3425 I libnfc_nci: [INFO:NfcAdaptation.cc(542)] NfcAdaptation::InitializeHalDeviceContext: INfc::getService() returned 0xa94c0300 (remote)
06-12 17:38:11.352  3097  3425 I libnfc_nci: [INFO:NfcAdaptation.cc(545)] NfcAdaptation::InitializeHalDeviceContext: INxpNfc::getService()
06-12 17:38:11.354  3097  3425 I libnfc_nci: [INFO:NfcAdaptation.cc(550)] NfcAdaptation::InitializeHalDeviceContext: INxpNfc::getService() returned 0xa94c0360 (remote)
06-12 17:38:11.354  1151  1151 D         : GetInstance NFC config control: property value 
06-12 17:38:11.354  1151  1151 D         : GetInstance NFC config control: property value 
06-12 17:38:11.354  3097  3425 I libnfc_nci: [INFO:NativeNfcManager.cpp(588)] initializeGlobalDebugEnabledFlag: level=1
06-12 17:38:11.355  3097  3425 I libnfc_nci: [INFO:NativeNfcManager.cpp(2301)] nfcManager_doInitialize:  MW Version: NFC_NCIHALx_ARC0.8.4.4
06-12 17:38:11.355  3097  3425 I libnfc_nci: [INFO:PowerSwitch.cpp(114)] PowerSwitch::initialize: level=PS-FULL (1)
06-12 17:38:11.355  3097  3425 I libnfc_nci: [INFO:PowerSwitch.cpp(119)] PowerSwitch::initialize: desired screen-off state=1
06-12 17:38:11.367  3419  3419 I android.vendin: The ClassLoaderContext is a special shared library.
06-12 17:38:11.369  3097  3499 E libnfc_nci: [ERROR:gki_ulinux.cc(102)] gki_task task_id=0 terminating
06-12 17:38:11.369  3097  3425 I libnfc_nci: [INFO:NativeNfcManager.cpp(5648)] getJCOPOS_UpdaterState: nfcNxpEse not Enabled. Returning.
06-12 17:38:11.373  2465  2465 I DictionarySuperpacksManager: DictionarySuperpacksManager$1.onEnabledInputMethodEntriesChanged():60 onEnabledInputMethodEntriesChanged
06-12 17:38:11.374  2465  2465 I DeviceModeUtil: DeviceModeUtil.getDeviceMode():126 Get device mode phone by ui mode:1 and smallestScreenWidthDp:360
06-12 17:38:11.375  1151  1151 D android.hardware.nfc@1.1-impl: Nfc::open Enter
06-12 17:38:11.375  1151  1151 D         : GetInstance NFC config control: property value 
06-12 17:38:11.375  1151  1151 D         : GetInstance NFC config control: property value 
06-12 17:38:11.375  1151  1151 D         : GetInstance NFC config control: choose normal config
06-12 17:38:11.376  1151  1151 D         : GetInstance NFC config control: property value 
06-12 17:38:11.376  1151  1151 E         : readConfig Cannot open config file /etc/libnfc-brcm.conf
06-12 17:38:11.376  1151  1151 D         : readNxpTransitConfig-Enter..Reading /data/vendor/nfc/libnfc-nxpTransit.conf
06-12 17:38:11.376  1151  1151 D         : GetInstance NFC config control: property value 
06-12 17:38:11.377  1151  1151 E         : readConfig Cannot open config file /data/vendor/nfc/libnfc-nxpTransit.conf
06-12 17:38:11.377  1151  1151 D         : readNxpRFConfig-Enter..Reading /system/vendor/libnfc-nxp_RF.conf
06-12 17:38:11.377  1151  1151 D         : GetInstance NFC config control: property value 
06-12 17:38:11.377  1151  1151 E         : readConfig Cannot open config file /system/vendor/libnfc-nxp_RF.conf
06-12 17:38:11.377  1151  1151 D         : phNxpLog_InitializeLogLevel: global =1, Fwdnld =1, extns =1,                 hal =1, tml =1, ncir =1,                 ncix =1
06-12 17:38:11.377  1151  1151 D         : GetInstance NFC config control: property value 
06-12 17:38:11.383  2465  2465 I DeviceModeUtil: DeviceModeUtil.getDeviceMode():126 Get device mode phone by ui mode:1 and smallestScreenWidthDp:360
06-12 17:38:11.402  2465  2465 I DeviceModeUtil: DeviceModeUtil.getDeviceMode():126 Get device mode phone by ui mode:1 and smallestScreenWidthDp:360
06-12 17:38:11.402  2465  2465 I GoogleInputMethodService: GoogleInputMethodService.initializeKeyboardTheme():1381 Apply keyboard theme: theme_top2dp_stylesheet_materialdark_phone_builtin_material_dark.binarypb_port
06-12 17:38:11.406  1944  2172 I AppWidgetServiceImpl: Async processing of onUserUnlocked u0 took 1449 ms
06-12 17:38:11.406  1944  2172 W Looper  : Slow dispatch took 1452ms android.fg h=android.os.Handler c=com.android.server.appwidget.-$$Lambda$AppWidgetService$HIwvoPMyKqEhLVIiysgUKH8QJg8@d242ede m=0
06-12 17:38:11.407  1944  2172 E NetdConnector: NDC event {600 Iface linkstate wlan0 down} processed too late: 1353ms
06-12 17:38:11.408  1944  2172 E NetdConnector: NDC event {600 Iface linkstate wlan0 down} processed too late: 1351ms
06-12 17:38:11.409  2653  2653 D ServiceStateProvider: subId=1
06-12 17:38:11.414  2617  2711 D QCNEJ   : |CORE| onServiceStateChanged: dataState: 0 DDS:1 Notify service state update
06-12 17:38:11.415  1944  2172 W Looper  : Drained
06-12 17:38:11.417  3441  3441 I ndroid.keychai: The ClassLoaderContext is a special shared library.
06-12 17:38:11.418  2653  2653 D TelephonyProvider: subIdString = 1 subId = 1
06-12 17:38:11.427  2653  2653 D CarrierIdProvider: updateCarrierIdForSubId: 1
06-12 17:38:11.432  3097  3428 I MediaCodec: (0xa94f4800) stop
06-12 17:38:11.439  3097  3428 I MediaCodec: (0xa94f4800) release
06-12 17:38:11.442  2617  2711 D QCNEJ   : |CORE| isValidSubscription: trueDataEnabled: falsePhone Id: 0
06-12 17:38:11.442  2617  2711 D QCNEJ   : |CORE| DataRoaming: false
06-12 17:38:11.442  2617  2711 D QCNEJ   : |CORE| Voice Registration State: 3
06-12 17:38:11.445  2617  2711 I QCNEJ   : |QCNEJ/CndHalConnector| -> SND notifyWwanSubtypeChanged(0)
06-12 17:38:11.446  2617  2711 D QCNEJ   : |CORE| Notified wwan sub type: 0 for sub: 1
06-12 17:38:11.449  2617  2711 D QCNEJ   : |CORE| getDataOnRoamingEnabled: phoneSubId=1 isDataRoamingEnabled=false
06-12 17:38:11.450  2617  2711 I QCNEJ   : |CORE| notifyMobileDataEnabled: dataRegRoaming = false  RoamingonUI = false isDataRoamingAllowed = true
06-12 17:38:11.450  2617  2711 I QCNEJ   : |CORE| notifyMobileDataEnabled is enabled false  && isDataRoamingAllowed  true
06-12 17:38:11.450  2617  2711 I QCNEJ   : |QCNEJ/CndHalConnector| -> SND notifyMobileDataEnabledChanged(false)
06-12 17:38:11.455  3032  3032 D NetworkSecurityConfig: Using Network Security Config from resource network_security_config debugBuild: false
06-12 17:38:11.467  3032  3032 I ProviderInstaller: Installed default security provider GmsCore_OpenSSL
06-12 17:38:11.469  3097  3428 I MediaCodec: (0xa94f4800) init name(OMX.google.vorbis.decoder)
06-12 17:38:11.476  3097  3515 I OMXClient: IOmx service obtained
06-12 17:38:11.476  1263  2415 I OMXMaster: makeComponentInstance(OMX.google.vorbis.decoder) in omx@1.0-service process
06-12 17:38:11.477  3097  3515 I MediaCodec: (0xa94f4800) Component Allocated (OMX.google.vorbis.decoder)
06-12 17:38:11.478  3097  3428 I MediaCodec: (0xa94f4800) configure surface(0x0) crypto(0x0) flags(0)
06-12 17:38:11.478  3097  3428 D MediaCodec: (0xa94f4800) configure format: AMessage(what = 0x00000000) = {
06-12 17:38:11.478  3097  3428 D MediaCodec:       string mime = "audio/vorbis"
06-12 17:38:11.478  3097  3428 D MediaCodec:       int64_t durationUs = 872000
06-12 17:38:11.478  3097  3428 D MediaCodec:       int32_t bitrate = 64000
06-12 17:38:11.478  3097  3428 D MediaCodec:       int32_t track-id = 1
06-12 17:38:11.478  3097  3428 D MediaCodec:       int32_t channel-count = 1
06-12 17:38:11.478  3097  3428 D MediaCodec:       int32_t sample-rate = 16000
06-12 17:38:11.478  3097  3428 D MediaCodec:       Buffer csd-0 = {
06-12 17:38:11.478  3097  3428 D MediaCodec:         00000000:  01 76 6f 72 62 69 73 00  00 00 00 01 80 3e 00 00  .vorbis......>..
06-12 17:38:11.478  3097  3428 D MediaCodec:         00000010:  00 00 00 00 00 fa 00 00  00 00 00 00 a9 01        ..............
06-12 17:38:11.478  3097  3428 D MediaCodec:       }
06-12 17:38:11.478  3097  3428 D MediaCodec:       Buffer *csd-1 = 0xa9492708
06-12 17:38:11.478  3097  3428 D MediaCodec:     }
06-12 17:38:11.479  1263  2415 E OMXNodeInstance: getConfig(0xb1ea9b40:google.vorbis.decoder, ConfigAndroidVendorExtension(0x6f100004)) ERROR: Undefined(0x80001001)
06-12 17:38:11.480  3097  3428 I MediaCodec: (0xa94f4800) start
06-12 17:38:11.482  3177  3405 I CrashlyticsCore: Initializing Crashlytics 2.3.17.dev
06-12 17:38:11.483  3177  3331 E CrashlyticsCore: Crashlytics must be initialized by calling Fabric.with(Context) prior to setting keys.
06-12 17:38:11.483  1035  1035 W AshmemAllocator: ashmem_create_region(32768) returning hidl_memory(0xac898160, 32768)
06-12 17:38:11.483  2653  2653 D TelephonyProvider: subIdString = 1 subId = 1
06-12 17:38:11.484  1035  1035 W AshmemAllocator: ashmem_create_region(32768) returning hidl_memory(0xac898160, 32768)
06-12 17:38:11.487  1035  1035 W AshmemAllocator: ashmem_create_region(32768) returning hidl_memory(0xac898160, 32768)
06-12 17:38:11.488  1944  3516 I chatty  : uid=1000(system) RenderThread expire 7 lines
06-12 17:38:11.489  1035  1035 W AshmemAllocator: ashmem_create_region(32768) returning hidl_memory(0xac898160, 32768)
06-12 17:38:11.492  1035  1035 W AshmemAllocator: ashmem_create_region(32768) returning hidl_memory(0xac898160, 32768)
06-12 17:38:11.493  3097  3515 I MediaCodec: (0xa94f4800) kWhatStartCompleted
06-12 17:38:11.503  1035  1035 W AshmemAllocator: ashmem_create_region(32768) returning hidl_memory(0xac898160, 32768)
06-12 17:38:11.506  1035  1035 W AshmemAllocator: ashmem_create_region(32768) returning hidl_memory(0xac898160, 32768)
06-12 17:38:11.508  3097  3515 D MediaCodec: (0xa94f4800) kWhatOutputBuffersChanged
06-12 17:38:11.509  3097  3515 D MediaCodec: (0xa94f4800) [OMX.google.vorbis.decoder] output format changed to: AMessage(what = 0x00000000) = {
06-12 17:38:11.509  3097  3515 D MediaCodec:       string mime = "audio/raw"
06-12 17:38:11.509  3097  3515 D MediaCodec:       int32_t channel-count = 1
06-12 17:38:11.509  3097  3515 D MediaCodec:       int32_t sample-rate = 16000
06-12 17:38:11.509  3097  3515 D MediaCodec:       int32_t pcm-encoding = 2
06-12 17:38:11.509  3097  3515 D MediaCodec:     }
06-12 17:38:11.510  1055  1055 D audio_hw_primary: disable_snd_device: snd_device(2: speaker)
06-12 17:38:11.510  1061  2599 E LocSvc_APIClientBase: onCtrlCollectiveResponseCb:189] ERROR: 3 ID: 12
06-12 17:38:11.513  3419  3419 W android.vendin: JIT profile information will not be recorded: profile file does not exits.
06-12 17:38:11.514  3419  3419 W android.vendin: JIT profile information will not be recorded: profile file does not exits.
06-12 17:38:11.517  1055  1904 D MotSpeakerHelper: Speaker OFF
06-12 17:38:11.523  3032  3032 I GmsApplication: Registering the BackgroundBroadcastReceiverSupport receiver.
06-12 17:38:11.533  1151  3527 D         : processChipType HwVersion : 0x41
06-12 17:38:11.534  1151  3527 D         : processChipType NxpNci > Product : PN553
06-12 17:38:11.534  1151  1151 D android.hardware.nfc@1.1-impl: Nfc::open Exit
06-12 17:38:11.535  1151  1151 D         : GetInstance NFC config control: property value 
06-12 17:38:11.544  1151  1151 D         : GetInstance NFC config control: property value 
06-12 17:38:11.546  1061  2599 E LocSvc_APIClientBase: onCtrlCollectiveResponseCb:189] ERROR: 3 ID: 19
06-12 17:38:11.548  1151  1151 D         : GetInstance NFC config control: property value 
06-12 17:38:11.553  1151  1151 E NxpFwDnld: FW Image Length - ImageInfoLen 34462
06-12 17:38:11.553  1151  1151 E NxpFwDnld: FW Image Info Pointer - pImageInfo 0xae4dc2d0
06-12 17:38:11.553  1151  1151 E NxpFwDnld: FW Major Version Num - 1
06-12 17:38:11.553  1151  1151 E NxpFwDnld: FW Minor Version Num - 18
06-12 17:38:11.553  1151  1151 E NxpFwDnld: FW Image Length - 34462
06-12 17:38:11.553  1151  1151 E NxpFwDnld: FW Image Info Pointer - 0xae4dc2d0
06-12 17:38:11.553  1151  1151 E NxpHal  : FW version of the libpn5xx.so binary = 0x118
06-12 17:38:11.553  1151  1151 E NxpHal  : FW version found on the device = 0x110118
06-12 17:38:11.554  1151  1151 E NxpFwDnld: Freeing Mem for Dnld Context..
06-12 17:38:11.555  3177  3414 D NetworkSecurityConfig: No Network Security Config specified, using platform default
06-12 17:38:11.555  1151  1151 D         : GetInstance NFC config control: property value 
06-12 17:38:11.559  1151  1151 D         : GetInstance NFC config control: property value 
06-12 17:38:11.563  3177  3177 E CrashlyticsCore: Crashlytics must be initialized by calling Fabric.with(Context) prior to setting keys.
06-12 17:38:11.563  1151  1151 D         : GetInstance NFC config control: property value 
