06-12 17:20:18.198  1885  1885 I TelecomService: MissedCallNotifierImpl: reloadFromDatabase: Boot not yet complete -- call log db may not be available. Deferring loading until boot complete for user 0: TS.init@AAA
06-12 17:20:18.200  1885  1885 D BluetoothManagerService: Trying to bind to profile: 1, while Bluetooth was disabled
06-12 17:20:18.206  1885  1885 I TelecomService: Class: TelecomSystem.INSTANCE being set
06-12 17:20:18.209  1885  1885 W ContextImpl: Calling a method in the system process without a qualified user: android.app.ContextImpl.startService:1546 android.content.ContextWrapper.startService:664 com.android.server.telecom.components.TelecomService.initializeTelecomSystem:193 com.android.server.telecom.components.TelecomService.onBind:66 android.app.ActivityThread.handleBindService:3776 
06-12 17:20:18.210  1885  1885 W Looper  : Slow dispatch took 119ms main h=android.app.ActivityThread$H c=null m=121
06-12 17:20:18.283  1885  1885 W ContextImpl: Calling a method in the system process without a qualified user: android.app.ContextImpl.startService:1546 com.android.server.content.SyncManager$14.run:756 android.os.Handler.handleCallback:873 android.os.Handler.dispatchMessage:99 android.os.Looper.loop:193 
06-12 17:20:18.290  1885  2219 W UsageStatsService: Event reported without a package name
06-12 17:20:18.298  1885  1885 V SettingsProvider: Notifying for 0: content://settings/global/boot_count
06-12 17:20:18.335  1885  2219 W ActivityManager: Unable to start service Intent { cmp=com.motorola.faceunlock/.service.CameraFaceUnlockService } U=0: not found
06-12 17:20:18.349  1885  1885 V WiredAccessoryManager: init()
06-12 17:20:18.475  1885  2125 I ActivityManager: Start proc 2676:com.roaming.android.gsimcontentprovider/u0a127 for content provider com.roaming.android.gsimcontentprovider/.GSimContentProvider
06-12 17:20:18.598  1885  1885 D AccessibilityManagerService: Ignoring non-encryption-aware service ComponentInfo{com.google.android.marvin.talkback/com.google.android.accessibility.accessibilitymenu.AccessibilityMenuService}
06-12 17:20:18.598  1885  1885 D AccessibilityManagerService: Ignoring non-encryption-aware service ComponentInfo{com.motorola.audiomonitor/com.aiqudo.actionkit.internal.engine.RecordReplayService}
06-12 17:20:18.598  1885  1885 D AccessibilityManagerService: Ignoring non-encryption-aware service ComponentInfo{com.camel.corp.universalcopy/com.camel.corp.universalcopy.UniversalCopyService}
06-12 17:20:18.598  1885  1885 D AccessibilityManagerService: Ignoring non-encryption-aware service ComponentInfo{com.oasisfeng.greenify/com.oasisfeng.greenify.AccessibilityDispatcher}
06-12 17:20:18.598  1885  1885 D AccessibilityManagerService: Ignoring non-encryption-aware service ComponentInfo{com.teslacoilsw.launcher/com.teslacoilsw.launcher.NovaAccessibilityService}
06-12 17:20:18.598  1885  1885 D AccessibilityManagerService: Ignoring non-encryption-aware service ComponentInfo{it.nadolski.blipblip/it.nadolski.blipblip.schedule.BlipAccess}
06-12 17:20:18.598  1885  1885 D AccessibilityManagerService: Ignoring non-encryption-aware service ComponentInfo{net.dinglisch.android.taskerm/net.dinglisch.android.taskerm.MyAccessibilityService}
06-12 17:20:18.599  1885  1885 W Looper  : Slow dispatch took 229ms main h=android.app.ActivityThread$H c=android.app.-$$Lambda$LoadedApk$ReceiverDispatcher$Args$_BumDX2UKsnxLVrE6UJsJZkotuA@ed54706 m=0
06-12 17:20:18.600  1885  1885 V NotificationListeners: enabling notification listener for 0: ComponentInfo{com.google.android.apps.restore/com.google.android.apps.pixelmigrate.component.NotificationConsolidatorService}
06-12 17:20:18.601  1885  1885 V NotificationListeners: binding: Intent { act=android.service.notification.NotificationListenerService cmp=com.google.android.apps.restore/com.google.android.apps.pixelmigrate.component.NotificationConsolidatorService (has extras) }
06-12 17:20:18.601  1885  1885 W ActivityManager: Unable to start service Intent { act=android.service.notification.NotificationListenerService cmp=com.google.android.apps.restore/com.google.android.apps.pixelmigrate.component.NotificationConsolidatorService } U=0: not found
06-12 17:20:18.601  1885  1885 W NotificationListeners: Unable to bind notification listener service: Intent { act=android.service.notification.NotificationListenerService cmp=com.google.android.apps.restore/com.google.android.apps.pixelmigrate.component.NotificationConsolidatorService (has extras) }
06-12 17:20:18.601  1885  1885 V NotificationListeners: enabling notification listener for 0: ComponentInfo{com.motorola.motodisplay/com.motorola.motodisplay.notification.DisplayNotifListenerService}
06-12 17:20:18.602  1885  1885 V NotificationListeners: binding: Intent { act=android.service.notification.NotificationListenerService cmp=com.motorola.motodisplay/.notification.DisplayNotifListenerService (has extras) }
06-12 17:20:18.603  1885  1885 V NotificationListeners: enabling notification listener for 0: ComponentInfo{com.google.android.setupwizard/com.google.android.setupwizard.predeferred.NotificationConsolidatorService}
06-12 17:20:18.603  1885  1885 V NotificationListeners: binding: Intent { act=android.service.notification.NotificationListenerService cmp=com.google.android.setupwizard/.predeferred.NotificationConsolidatorService (has extras) }
06-12 17:20:18.603  1885  1885 W ActivityManager: Unable to start service Intent { act=android.service.notification.NotificationListenerService cmp=com.google.android.setupwizard/.predeferred.NotificationConsolidatorService } U=0: not found
06-12 17:20:18.603  1885  1885 W NotificationListeners: Unable to bind notification listener service: Intent { act=android.service.notification.NotificationListenerService cmp=com.google.android.setupwizard/.predeferred.NotificationConsolidatorService (has extras) }
06-12 17:20:18.604  1885  1885 V NotificationListeners: enabling notification listener for 0: ComponentInfo{com.motorola.launcher3/com.android.launcher3.notification.NotificationListener}
06-12 17:20:18.604  1885  1885 V NotificationListeners: binding: Intent { act=android.service.notification.NotificationListenerService cmp=com.motorola.launcher3/com.android.launcher3.notification.NotificationListener (has extras) }
06-12 17:20:18.604  1885  1885 W ActivityManager: Unable to start service Intent { act=android.service.notification.NotificationListenerService cmp=com.motorola.launcher3/com.android.launcher3.notification.NotificationListener } U=0: not found
06-12 17:20:18.604  1885  1885 W NotificationListeners: Unable to bind notification listener service: Intent { act=android.service.notification.NotificationListenerService cmp=com.motorola.launcher3/com.android.launcher3.notification.NotificationListener (has extras) }
06-12 17:20:18.604  1885  1885 V NotificationAssistants: enabling notification assistant for 0: ComponentInfo{com.google.android.ext.services/android.ext.services.notification.Assistant}
06-12 17:20:18.605  1885  1885 V NotificationAssistants: binding: Intent { act=android.service.notification.NotificationAssistantService cmp=com.google.android.ext.services/android.ext.services.notification.Assistant (has extras) }
06-12 17:20:18.619  1885  2125 I ActivityManager: Start proc 2692:com.motorola.motodisplay/u0a73 for service com.motorola.motodisplay/.notification.DisplayNotifListenerService
06-12 17:20:18.628  1885  2142 D UsbDeviceManager: push notification:Carregando este dispositivo via USB
06-12 17:20:18.629  1885  1885 D ConditionProviders.SCP: onSubscribe condition://android/schedule?days=1.2.3.4.5.6.7&start=22.0&end=7.0&exitAtAlarm=true
06-12 17:20:18.630  1885  1885 D ConditionProviders.SCP: setRegistered true
06-12 17:20:18.635  1885  2125 I ActivityManager: Start proc 2699:com.google.android.ext.services/u0a24 for service com.google.android.ext.services/android.ext.services.notification.Assistant
06-12 17:20:18.635  1885  2385 E ActivityThread: Failed to find provider info for com.android.calendar
06-12 17:20:18.636  1885  2385 E ActivityThread: Failed to find provider info for com.android.calendar
06-12 17:20:18.638  1885  1885 D ConditionProviders.SCP: evaluateSubscriptionLocked cal=ScheduleCalendar[mDays={1, 2, 3, 4, 5, 6, 7}, mSchedule=ScheduleInfo{days=[1, 2, 3, 4, 5, 6, 7], startHour=22, startMinute=0, endHour=7, endMinute=0, exitAtAlarm=true, nextAlarm=Wed Dec 31 21:00:00 GMT-03:00 1969 (0)}], now=Sun Jun 12 17:20:18 GMT-03:00 2022 (1655065218630), nextUserAlarmTime=Wed Dec 31 21:00:00 GMT-03:00 1969 (0)
06-12 17:20:18.638  1885  1885 D ConditionProviders.SCP: notifyCondition condition://android/schedule?days=1.2.3.4.5.6.7&start=22.0&end=7.0&exitAtAlarm=true STATE_FALSE reason=!meetsSchedule
06-12 17:20:18.639  1885  1885 D ConditionProviders.SCP: Scheduling evaluate for Sun Jun 12 22:00:00 GMT-03:00 2022 (1655082000000), in +4h39m41s370ms, now=Sun Jun 12 17:20:18 GMT-03:00 2022 (1655065218630)
06-12 17:20:18.641  1885  1885 D StatusBarManagerService: showing navigation bar...
06-12 17:20:18.650  1885  1885 I TelecomService: WiredHeadsetManager: ACTION_HEADSET_PLUG event, plugged in: false, : WHC.oADA@AAE
06-12 17:20:18.659  1885  2402 I SyncManager: Got SyncJobService instance.
06-12 17:20:18.660  1885  1885 V SettingsProvider: Notifying for 0: content://settings/global/network_recommendations_enabled
06-12 17:20:18.660  1885  1885 I AutofillManagerService: Updating Autofill for user 0: disabled=false
06-12 17:20:18.661  1885  1885 E AutofillManagerServiceImpl: Bad AutofillService name: com.google.android.gms/.autofill.service.AutofillService
06-12 17:20:18.661  1885  1885 E AutofillManagerServiceImpl: Bad AutofillService name: com.google.android.gms/.autofill.service.AutofillService
06-12 17:20:18.669  1885  1885 W Looper  : Drained
06-12 17:20:18.686  2412  2530 E ActivityThread: Failed to find provider info for com.android.contacts
06-12 17:20:18.996  1885  2220 W ActivityManager: Unable to start service Intent { cmp=com.motorola.faceunlock/.service.CameraFaceUnlockService } U=0: not found
06-12 17:20:19.137  1885  2484 W ContextImpl: Calling a method in the system process without a qualified user: android.app.ContextImpl.sendBroadcastAsUserMultiplePermissions:1056 com.android.server.TelephonyRegistry.broadcastCallStateChanged:1731 com.android.server.TelephonyRegistry.notifyCallStateForPhoneId:889 com.android.internal.telephony.ITelephonyRegistry$Stub.onTransact:122 android.os.Binder.execTransact:735 
06-12 17:20:19.245  1885  2484 W ContextImpl: Calling a method in the system process without a qualified user: android.app.ContextImpl.sendBroadcastAsUserMultiplePermissions:1056 com.android.server.TelephonyRegistry.broadcastCallStateChanged:1731 com.android.server.TelephonyRegistry.notifyCallStateForPhoneId:889 com.android.internal.telephony.ITelephonyRegistry$Stub.onTransact:122 android.os.Binder.execTransact:735 
06-12 17:20:19.478  2598  2598 W SystemConfig: No directory /oem/etc/sysconfig, skipping
06-12 17:20:19.482  2598  2598 W SystemConfig: No directory /oem/etc/motorola/bgintents, skipping
06-12 17:20:19.482  2598  2598 W SystemConfig: No directory /system/etc/motorola/sysconfig, skipping
06-12 17:20:19.482  2598  2598 W SystemConfig: No directory /oem/etc/motorola/sysconfig, skipping
06-12 17:20:19.508  1885  2376 D ConnectivityService: Got NetworkFactory Messenger for PhoneSwitcherNetworkRequstListener
06-12 17:20:19.526  1885  2376 D ConnectivityService: Got NetworkFactory Messenger for TelephonyNetworkFactory[0]
06-12 17:20:19.527  1885  2376 D ConnectivityService: Got NetworkFactory Messenger for TelephonyNetworkFactory[1]
06-12 17:20:19.529  1885  2125 I ActivityManager: Start proc 2781:com.qualcomm.qcrilmsgtunnel/1001 for service com.qualcomm.qcrilmsgtunnel/.QcrilMsgTunnelService
06-12 17:20:19.552  2598  2788 E ActivityThread: Failed to find provider info for com.android.contacts
06-12 17:20:19.583  1885  2484 D BluetoothManagerService: Trying to bind to profile: 1, while Bluetooth was disabled
06-12 17:20:19.848  1885  2144 I WindowManager: ******* TELLING SURFACE FLINGER WE ARE BOOTED!
06-12 17:20:19.854  1885  2144 I SystemServiceManager: Starting phase 1000
06-12 17:20:19.865  1885  2144 D BluetoothManagerService: Bluetooth boot completed
06-12 17:20:19.866  1885  2144 D ColorDisplayService: setUp: currentUser=0
06-12 17:20:19.866  1885  2148 D AutomaticBrightnessController: Need to updateAutoBrightness due to light sensor on. 
06-12 17:20:19.867  1885  2142 D UsbDeviceManager: applyOemOverride usbfunctions=mtp bootmode=normal
06-12 17:20:19.868  1885  1885 V SettingsProvider: Notifying for 0: content://settings/system/screen_brightness
06-12 17:20:19.869  1885  1885 V SettingsProvider: Notifying for 0: content://settings/global/adb_enabled
06-12 17:20:19.869  1885  2144 D ColorDisplayService: onAutoModeChanged: autoMode=0
06-12 17:20:19.869  1885  2144 I ColorDisplayService: Turning off night display
06-12 17:20:19.938  1885  2144 D ActivityManager: Finishing user boot 0
06-12 17:20:19.938  1885  2144 I ActivityManager: User 0 state changed from BOOTING to RUNNING_LOCKED
06-12 17:20:19.940  1885  2144 D ActivityManager: Started unlocking user 0
06-12 17:20:19.940  1885  2144 D ActivityManager: Unlocking user 0 progress 0
06-12 17:20:19.940  1885  2144 D ActivityManager: Unlocking user 0 progress 5
06-12 17:20:19.941   884   884 D vold    : e4crypt_prepare_user_storage for volume null, user 0, serial 0, flags 2
06-12 17:20:19.941   884   884 D vold    : Preparing: /data/system_ce/0
06-12 17:20:19.941   884   884 D vold    : Preparing: /data/misc_ce/0
06-12 17:20:19.941   884   884 D vold    : Preparing: /data/vendor_ce/0
06-12 17:20:19.943   884   884 D vold    : Preparing: /data/media/0
06-12 17:20:19.943   884   884 D vold    : Preparing: /data/data
06-12 17:20:19.943   884   884 V vold    : Starting restorecon of /data/system_ce/0
06-12 17:20:19.950   884   884 V vold    : Finished restorecon of /data/system_ce/0
06-12 17:20:19.950   884   884 V vold    : Starting restorecon of /data/misc_ce/0
06-12 17:20:19.971   884   884 V vold    : Finished restorecon of /data/misc_ce/0
06-12 17:20:19.971   884   884 V vold    : /system/bin/vold_prepare_subdirs
06-12 17:20:19.971   884   884 V vold    :     prepare
06-12 17:20:19.971   884   884 V vold    :     
06-12 17:20:19.971   884   884 V vold    :     0
06-12 17:20:19.971   884   884 V vold    :     2
06-12 17:20:19.988  1885  2125 I ActivityManager: Start proc 2840:com.google.android.marvin.talkback/u0a141 for broadcast com.google.android.marvin.talkback/com.google.android.accessibility.talkback.BootReceiver
06-12 17:20:20.028  1885  2142 V UserDataPreparer: Found /data/user/0 with serial number 0
06-12 17:20:20.028  1885  2142 V UserDataPreparer: Found /data/system_ce/0 with serial number 0
06-12 17:20:20.029  1885  2142 D UserDataPreparer: Setting property: sys.user.0.ce_available=true
06-12 17:20:20.056  1885  2144 W WindowManager: App freeze timeout expired.
06-12 17:20:20.063  1885  2142 V PackageManager: reconcileAppsData for null u0 0x2 migrateAppData=false
06-12 17:20:20.331  1885  2125 I ActivityManager: Start proc 2886:com.google.android.deskclock/u0a91 for broadcast com.google.android.deskclock/com.android.deskclock.AlarmInitReceiver
06-12 17:20:20.510  1885  2219 I WifiService: WifiService trying to set country code to 
06-12 17:20:20.510  1885  2484 I WifiService: WifiService trying to set country code to 
06-12 17:20:20.511  1885  1885 V SettingsProvider: Notifying for 0: content://settings/global/wifi_country_code
06-12 17:20:20.609  1885  2219 I TelecomService: PhoneAccountRegistrar: New phone account registered: [[ ] PhoneAccount: ComponentInfo{com.android.phone/com.android.services.telephony.TelephonyConnectionService}, ***, UserHandle{0} Capabilities: CallProvider MultiUser PlaceEmerg SimSub  Audio Routes: BESW Schemes: tel voicemail  Extras: Bundle[mParcelledData.dataSize=124] GroupId: ***]: TSI.rPA@AA4
06-12 17:20:20.620  1885  2219 I TelecomService: CallsManager: Sending phone-account ComponentInfo{com.android.phone/com.android.services.telephony.TelephonyConnectionService}, ***, UserHandle{0} registered intent as user: TSI.rPA@AA4
06-12 17:20:20.621  1885  2219 I TelecomService: CallsManager: Sending phone-account registered intent to default dialer: TSI.rPA@AA4
06-12 17:20:20.643  1885  2219 I TelecomService: PhoneAccountRegistrar: Modify account: [ComponentInfo{com.android.phone/com.android.services.telephony.TelephonyConnectionService}, ***, UserHandle{0}]: TSI.rPA@AA8
06-12 17:20:20.661  1885  2484 I TelecomService: CallsManager: Sending phone-account ComponentInfo{com.android.phone/com.android.services.telephony.TelephonyConnectionService}, ***, UserHandle{0} unregistered intent as user: TSI.uPA@ABE
06-12 17:20:20.662  1885  2484 I TelecomService: CallsManager: Sending phone-account unregistered intent to default dialer: TSI.uPA@ABE
06-12 17:20:20.664  1885  2368 E NetworkPolicy: Missing subscriberId for subId 1
06-12 17:20:20.674  1885  2219 W ContextImpl: Calling a method in the system process without a qualified user: android.app.ContextImpl.sendBroadcastAsUserMultiplePermissions:1056 com.android.server.TelephonyRegistry.broadcastCallStateChanged:1731 com.android.server.TelephonyRegistry.notifyCallStateForPhoneId:889 com.android.internal.telephony.ITelephonyRegistry$Stub.onTransact:122 android.os.Binder.execTransact:735 
06-12 17:20:20.734  1885  2368 E NetworkPolicy: Missing subscriberId for subId 1
06-12 17:20:20.763  1885  2368 I chatty  : uid=1000(system) NetworkPolicy identical 1 line
06-12 17:20:20.815  1885  2368 E NetworkPolicy: Missing subscriberId for subId 1
06-12 17:20:20.831  2886  2948 E ActivityThread: Failed to find provider info for com.google.android.gsf.gservices
06-12 17:20:20.834  2886  2948 E ActivityThread: Failed to find provider info for com.google.android.gsf.gservices
06-12 17:20:20.858  1885  2125 I ActivityManager: Start proc 2959:com.google.android.gms.persistent/u0a31 for broadcast com.google.android.gms/.chimera.GmsIntentOperationService$PersistentTrustedReceiver
06-12 17:20:20.918  1885  2484 I TelecomService: PhoneAccountRegistrar: Modify account: [ComponentInfo{com.android.phone/com.android.services.telephony.TelephonyConnectionService}, ***, UserHandle{0}]: TSI.rPA@ABU
06-12 17:20:20.958  1885  2465 I TelecomService: PhoneAccountRegistrar: Modify account: [ComponentInfo{com.android.phone/com.android.services.telephony.TelephonyConnectionService}, ***, UserHandle{0}]: TSI.rPA@ABY
06-12 17:20:21.032  1885  2465 I TelecomService: PhoneAccountRegistrar: Modify account: [ComponentInfo{com.android.phone/com.android.services.telephony.TelephonyConnectionService}, ***, UserHandle{0}]: TSI.rPA@ABc
06-12 17:20:21.060  1885  2465 I TelecomService: PhoneAccountRegistrar: Modify account: [ComponentInfo{com.android.phone/com.android.services.telephony.TelephonyConnectionService}, ***, UserHandle{0}]: TSI.rPA@ABg
06-12 17:20:21.140  1885  2484 I TelecomService: PhoneAccountRegistrar: Modify account: [ComponentInfo{com.android.phone/com.android.services.telephony.TelephonyConnectionService}, ***, UserHandle{0}]: TSI.rPA@ABs
06-12 17:20:21.163  1885  2484 I TelecomService: PhoneAccountRegistrar: Modify account: [ComponentInfo{com.android.phone/com.android.services.telephony.TelephonyConnectionService}, ***, UserHandle{0}]: TSI.rPA@ABw
06-12 17:20:21.182  1885  2142 V PackageManager: reconcileAppsData finished 284 packages
06-12 17:20:21.182  1885  2142 I ActivityManager: User 0 state changed from RUNNING_LOCKED to RUNNING_UNLOCKING
06-12 17:20:21.182  1885  2142 D ActivityManager: Unlocking user 0 progress 20
06-12 17:20:21.182  1885  2142 W Looper  : Slow dispatch took 1242ms android.fg h=android.os.Handler c=com.android.server.am.-$$Lambda$UserController$o6oQFjGYYIfx-I94cSakTLPLt6s@d908014 m=0
06-12 17:20:21.182  1885  2123 I SystemServiceManager: Calling onUnlockUser u0
06-12 17:20:21.182  1885  2142 W Looper  : Slow delivery took 1243ms android.fg h=android.os.Handler c=com.android.server.am.-$$Lambda$UserController$qvHU3An7LT0SKBclx4I2epe4KYI@104d0bd m=0
06-12 17:20:21.183  1885  2123 D BluetoothManagerService: User 0 unlocked
06-12 17:20:21.183  1885  2123 D StorageManagerService: onUnlockUser 0
06-12 17:20:21.183  1885  2143 D BluetoothManagerService: MESSAGE_USER_UNLOCKED
06-12 17:20:21.186   884   884 D vold    : Linking /storage/emulated/0 to /mnt/user/0/primary
06-12 17:20:21.202  1885  2142 W Looper  : Drained
06-12 17:20:21.202  1885  2363 D StorageManagerService: Volume emulated broadcasting mounted to UserHandle{0}
06-12 17:20:21.213  1885  1885 W InputMethodManagerService: Illegal subtype state: old subtype = null, new subtype = android.view.inputmethod.InputMethodSubtype@70bfcd7e
06-12 17:20:21.218  1885  2123 W VoiceInteractionManagerService: no available voice recognition services found for user 0
06-12 17:20:21.224  1885  2991 V BackupManagerService: Starting with transport com.google.android.gms/.backup.BackupTransportService
06-12 17:20:21.230  1885  2123 I ActivityManager: User 0 state changed from RUNNING_UNLOCKING to RUNNING_UNLOCKED
06-12 17:20:21.230  1885  2123 D SystemServerTiming: SystemUserUnlock took to complete: 1290ms
06-12 17:20:21.239  1885  2465 I TelecomService: PhoneAccountRegistrar: Modify account: [ComponentInfo{com.android.phone/com.android.services.telephony.TelephonyConnectionService}, ***, UserHandle{0}]: TSI.rPA@AB8
06-12 17:20:21.242  1885  2123 I ActivityManager: Sending BOOT_COMPLETE user #0
06-12 17:20:21.264  1885  2220 D ActivityManager: found next focusableStack null with top null as current stack ActivityStack{d434847 stackId=0 type=home mode=fullscreen visible=true translucent=true, 1 tasks}
06-12 17:20:21.276  1885  2991 E BackupPasswordManager: Unable to read backup pw version
06-12 17:20:21.276  1885  2991 E BackupPasswordManager: Unable to read saved backup pw hash
06-12 17:20:21.288  1885  2125 W ActivityManager: Slow operation: 56ms so far, now at startProcess: done updating battery stats
06-12 17:20:21.288  1885  2125 W ActivityManager: Slow operation: 56ms so far, now at startProcess: building log message
06-12 17:20:21.288  1885  2125 I ActivityManager: Start proc 2997:com.android.nfc/1027 for added application com.android.nfc
06-12 17:20:21.289  1885  2125 W ActivityManager: Slow operation: 57ms so far, now at startProcess: starting to update pids map
06-12 17:20:21.289  1885  2125 W ActivityManager: Slow operation: 57ms so far, now at startProcess: done updating pids map
06-12 17:20:21.289  1885  1885 V NotificationListeners: enabling notification listener for 0: ComponentInfo{com.google.android.apps.restore/com.google.android.apps.pixelmigrate.component.NotificationConsolidatorService}
06-12 17:20:21.290  1885  3003 I TelecomService: PhoneAccountRegistrar: Modify account: [ComponentInfo{com.android.phone/com.android.services.telephony.TelephonyConnectionService}, ***, UserHandle{0}]: TSI.rPA@ACE
06-12 17:20:21.290  1885  2125 W ActivityManager: Slow operation: 57ms so far, now at startProcess: asking zygote to start proc
06-12 17:20:21.290  1885  1885 V NotificationListeners: binding: Intent { act=android.service.notification.NotificationListenerService cmp=com.google.android.apps.restore/com.google.android.apps.pixelmigrate.component.NotificationConsolidatorService (has extras) }
06-12 17:20:21.292  1885  1885 V NotificationListeners: enabling notification listener for 0: ComponentInfo{com.motorola.motodisplay/com.motorola.motodisplay.notification.DisplayNotifListenerService}
06-12 17:20:21.292  1885  1885 V NotificationListeners: Not registering ComponentInfo{com.motorola.motodisplay/com.motorola.motodisplay.notification.DisplayNotifListenerService} as bind is already in progress
06-12 17:20:21.292  1885  1885 V NotificationListeners: enabling notification listener for 0: ComponentInfo{com.google.android.setupwizard/com.google.android.setupwizard.predeferred.NotificationConsolidatorService}
06-12 17:20:21.293  1885  1885 V NotificationListeners: binding: Intent { act=android.service.notification.NotificationListenerService cmp=com.google.android.setupwizard/.predeferred.NotificationConsolidatorService (has extras) }
06-12 17:20:21.294  1885  1885 V NotificationListeners: enabling notification listener for 0: ComponentInfo{com.motorola.launcher3/com.android.launcher3.notification.NotificationListener}
06-12 17:20:21.295  1885  1885 V NotificationListeners: binding: Intent { act=android.service.notification.NotificationListenerService cmp=com.motorola.launcher3/com.android.launcher3.notification.NotificationListener (has extras) }
06-12 17:20:21.295  1885  2991 V BackupManagerService: No ancestral data
06-12 17:20:21.295  1885  1885 V NotificationAssistants: disabling notification assistant for user 0: ComponentInfo{com.google.android.ext.services/android.ext.services.notification.Assistant}
06-12 17:20:21.295  1885  1885 D NotificationListeners: Removing active service ComponentInfo{com.google.android.ext.services/android.ext.services.notification.Assistant}
06-12 17:20:21.308  1885  2125 W ActivityManager: Slow operation: 75ms so far, now at startProcess: returned from zygote!
06-12 17:20:21.308  1885  2996 I ActivityManager: moveHomeStack, setupComplete:true
06-12 17:20:21.313  1885  2996 D ActivityManager: found next focusableStack null with top null as current stack ActivityStack{d434847 stackId=0 type=home mode=fullscreen visible=true translucent=true, 0 tasks}
06-12 17:20:21.321  1885  1885 V NotificationAssistants: enabling notification assistant for 0: ComponentInfo{com.google.android.ext.services/android.ext.services.notification.Assistant}
06-12 17:20:21.324  1885  2996 I ActivityManager: START u0 {act=android.intent.action.MAIN cat=[android.intent.category.HOME] flg=0x10000100 cmp=com.teslacoilsw.launcher/.NovaLauncher} from uid 0
06-12 17:20:21.380  1885  2125 W ActivityManager: Slow operation: 147ms so far, now at startProcess: done updating battery stats
06-12 17:20:21.380  1885  2125 W ActivityManager: Slow operation: 147ms so far, now at startProcess: building log message
06-12 17:20:21.380  1885  2125 I ActivityManager: Start proc 3005:com.android.se/1068 for added application com.android.se
06-12 17:20:21.380  1885  2125 W ActivityManager: Slow operation: 147ms so far, now at startProcess: starting to update pids map
06-12 17:20:21.380  1885  2125 W ActivityManager: Slow operation: 147ms so far, now at startProcess: done updating pids map
06-12 17:20:21.380  1885  2125 W ActivityManager: Slow operation: 147ms so far, now at startProcess: asking zygote to start proc
06-12 17:20:21.404  1885  2125 W ActivityManager: Slow operation: 170ms so far, now at startProcess: returned from zygote!
06-12 17:20:21.419  1885  2991 I BackupManagerService: Unlocking system user; mService=com.android.server.backup.BackupManagerService@d9ab640
06-12 17:20:21.422  1885  2991 I BackupManagerService: Backup enabled => true
06-12 17:20:21.423  1885  2991 V BackupManagerConstants: getKeyValueBackupIntervalMilliseconds(...) returns 14400000
06-12 17:20:21.423  1885  2991 V BackupManagerConstants: getKeyValueBackupFuzzMilliseconds(...) returns 600000
06-12 17:20:21.424  1885  2991 V BackupManagerConstants: getKeyValueBackupRequiredNetworkType(...) returns 1
06-12 17:20:21.424  1885  2991 V BackupManagerConstants: getKeyValueBackupRequireCharging(...) returns true
06-12 17:20:21.424  1885  2991 V KeyValueBackupJob: Scheduling k/v pass in 244 minutes
06-12 17:20:21.425  1885  1885 V NotificationAssistants: binding: Intent { act=android.service.notification.NotificationAssistantService cmp=com.google.android.ext.services/android.ext.services.notification.Assistant (has extras) }
06-12 17:20:21.425  1885  2125 W ActivityManager: Slow operation: 191ms so far, now at startProcess: done updating battery stats
06-12 17:20:21.425  1885  2125 W ActivityManager: Slow operation: 191ms so far, now at startProcess: building log message
06-12 17:20:21.425  1885  2125 I ActivityManager: Start proc 3022:com.motorola.process.system/1000 for added application com.motorola.process.system
06-12 17:20:21.425  1885  2125 W ActivityManager: Slow operation: 191ms so far, now at startProcess: starting to update pids map
06-12 17:20:21.425  1885  2125 W ActivityManager: Slow operation: 191ms so far, now at startProcess: done updating pids map
06-12 17:20:21.431  1885  2124 W Looper  : Slow dispatch took 134ms android.ui h=com.android.server.am.ActivityManagerService$UiHandler c=null m=53
06-12 17:20:21.434  1885  1885 W Looper  : Slow dispatch took 170ms main h=android.app.ActivityThread$H c=android.app.-$$Lambda$LoadedApk$ReceiverDispatcher$Args$_BumDX2UKsnxLVrE6UJsJZkotuA@d0a0435 m=0
06-12 17:20:21.435  1885  2125 W ActivityManager: Slow operation: 182ms so far, now at startProcess: asking zygote to start proc
06-12 17:20:21.436  1885  2991 V BackupManagerConstants: getFullBackupIntervalMilliseconds(...) returns 86400000
06-12 17:20:21.456  1885  2125 W ActivityManager: Slow operation: 203ms so far, now at startProcess: returned from zygote!
06-12 17:20:21.457  1885  2125 W ActivityManager: Slow operation: 204ms so far, now at startProcess: done updating battery stats
06-12 17:20:21.457  1885  2125 W ActivityManager: Slow operation: 204ms so far, now at startProcess: building log message
06-12 17:20:21.457  1885  2125 I ActivityManager: Start proc 3038:com.motorola.launcher3/u0a30 for service com.motorola.launcher3/com.android.quickstep.TouchInteractionService
06-12 17:20:21.457  1885  2125 W ActivityManager: Slow operation: 204ms so far, now at startProcess: starting to update pids map
06-12 17:20:21.457  1885  2125 W ActivityManager: Slow operation: 204ms so far, now at startProcess: done updating pids map
06-12 17:20:21.457  1885  2125 W ActivityManager: Slow operation: 171ms so far, now at startProcess: asking zygote to start proc
06-12 17:20:21.496  1885  2125 W ActivityManager: Slow operation: 210ms so far, now at startProcess: returned from zygote!
06-12 17:20:21.496  1885  2125 W ActivityManager: Slow operation: 211ms so far, now at startProcess: done updating battery stats
06-12 17:20:21.496  1885  2125 W ActivityManager: Slow operation: 211ms so far, now at startProcess: building log message
06-12 17:20:21.496  1885  2125 I ActivityManager: Start proc 3057:com.dolby.dax2appUI/u0a120 for service com.dolby.dax2appUI/com.motorola.dlbafx.AudioEffectTileService
06-12 17:20:21.496  1885  2125 W ActivityManager: Slow operation: 211ms so far, now at startProcess: starting to update pids map
06-12 17:20:21.497  1885  2125 W ActivityManager: Slow operation: 211ms so far, now at startProcess: done updating pids map
06-12 17:20:21.497  1885  2125 W ActivityManager: Slow operation: 206ms so far, now at startProcess: asking zygote to start proc
06-12 17:20:21.524  1885  2220 I TelecomService: PhoneAccountRegistrar: Modify account: [ComponentInfo{com.android.phone/com.android.services.telephony.TelephonyConnectionService}, ***, UserHandle{0}]: TSI.rPA@ACQ
06-12 17:20:21.529  1885  2125 W ActivityManager: Slow operation: 238ms so far, now at startProcess: returned from zygote!
06-12 17:20:21.529  1885  2125 W ActivityManager: Slow operation: 238ms so far, now at startProcess: done updating battery stats
06-12 17:20:21.529  1885  2125 W ActivityManager: Slow operation: 238ms so far, now at startProcess: building log message
06-12 17:20:21.529  1885  2125 I ActivityManager: Start proc 3068:com.google.android.apps.restore/u0a64 for service com.google.android.apps.restore/com.google.android.apps.pixelmigrate.component.NotificationConsolidatorService
06-12 17:20:21.529  1885  2125 W ActivityManager: Slow operation: 238ms so far, now at startProcess: starting to update pids map
06-12 17:20:21.529  1885  2125 W ActivityManager: Slow operation: 238ms so far, now at startProcess: done updating pids map
06-12 17:20:21.529  1885  2125 W ActivityManager: Slow operation: 236ms so far, now at startProcess: asking zygote to start proc
06-12 17:20:21.564  1885  2220 I TelecomService: PhoneAccountRegistrar: Modify account: [ComponentInfo{com.android.phone/com.android.services.telephony.TelephonyConnectionService}, ***, UserHandle{0}]: TSI.rPA@ACU
06-12 17:20:21.572  1885  2125 W ActivityManager: Slow operation: 278ms so far, now at startProcess: returned from zygote!
06-12 17:20:21.573  1885  2125 W ActivityManager: Slow operation: 279ms so far, now at startProcess: done updating battery stats
06-12 17:20:21.573  1885  2125 W ActivityManager: Slow operation: 279ms so far, now at startProcess: building log message
06-12 17:20:21.573  1885  2125 I ActivityManager: Start proc 3082:com.google.android.setupwizard/u0a37 for service com.google.android.setupwizard/.predeferred.NotificationConsolidatorService
06-12 17:20:21.573  1885  2125 W ActivityManager: Slow operation: 279ms so far, now at startProcess: starting to update pids map
06-12 17:20:21.573  1885  2125 W ActivityManager: Slow operation: 279ms so far, now at startProcess: done updating pids map
06-12 17:20:21.573  1885  2125 W ActivityManager: Slow operation: 158ms so far, now at startProcess: asking zygote to start proc
06-12 17:20:21.607  1885  2125 W ActivityManager: Slow operation: 193ms so far, now at startProcess: returned from zygote!
06-12 17:20:21.608  1885  2125 W ActivityManager: Slow operation: 193ms so far, now at startProcess: done updating battery stats
06-12 17:20:21.608  1885  2125 W ActivityManager: Slow operation: 193ms so far, now at startProcess: building log message
06-12 17:20:21.608  1885  2125 I ActivityManager: Start proc 3100:com.teslacoilsw.launcher/u0a162 for activity com.teslacoilsw.launcher/.NovaLauncher
06-12 17:20:21.608  1885  2125 W ActivityManager: Slow operation: 193ms so far, now at startProcess: starting to update pids map
06-12 17:20:21.608  1885  2125 W ActivityManager: Slow operation: 193ms so far, now at startProcess: done updating pids map
06-12 17:20:21.731  1048  1048 I android.hardware.wifi@1.0-service: Wifi HAL started
06-12 17:20:21.746  1885  2125 I ActivityManager: Start proc 3151:com.google.android.dialer/u0a85 for broadcast com.google.android.dialer/com.android.dialer.app.calllog.LegacyVoicemailNotificationReceiver_Receiver
06-12 17:20:21.782  1885  2125 I ActivityManager: Start proc 3160:com.google.process.gservices/u0a31 for content provider com.google.android.gsf/.gservices.GservicesProvider
06-12 17:20:21.835  1885  2402 I SyncManager: Loaded persisted syncs: 19 periodic syncs, 3 oneshot syncs, 34 total system server jobs, JobStats: FirstLoad: 49/24/22 LastSave: -1/-1/-1
06-12 17:20:21.872  1885  1885 D DevicePolicyManager: updateSystemUpdateFreezePeriodsRecord
06-12 17:20:21.873  1885  1885 W SyncManager: Clock is valid now.
06-12 17:20:21.874  1885  1885 D ConditionProviders.SCP: onReceive android.intent.action.TIME_SET
06-12 17:20:21.875  1885  1885 D ConditionProviders.SCP: evaluateSubscriptionLocked cal=ScheduleCalendar[mDays={1, 2, 3, 4, 5, 6, 7}, mSchedule=ScheduleInfo{days=[1, 2, 3, 4, 5, 6, 7], startHour=22, startMinute=0, endHour=7, endMinute=0, exitAtAlarm=true, nextAlarm=Wed Dec 31 21:00:00 GMT-03:00 1969 (0)}], now=Sun Jun 12 17:20:21 GMT-03:00 2022 (1655065221874), nextUserAlarmTime=Wed Dec 31 21:00:00 GMT-03:00 1969 (0)
06-12 17:20:21.875  1885  1885 D ConditionProviders.SCP: notifyCondition condition://android/schedule?days=1.2.3.4.5.6.7&start=22.0&end=7.0&exitAtAlarm=true STATE_FALSE reason=!meetsSchedule
06-12 17:20:21.876  1885  1885 D ConditionProviders.SCP: Scheduling evaluate for Sun Jun 12 22:00:00 GMT-03:00 2022 (1655082000000), in +4h39m38s126ms, now=Sun Jun 12 17:20:21 GMT-03:00 2022 (1655065221874)
06-12 17:20:21.905  1885  2125 I ActivityManager: Start proc 3376:com.android.providers.calendar/u0a16 for content provider com.android.providers.calendar/.CalendarProvider2
06-12 17:20:21.909  2692  2692 W ActivityThread: serviceCreate starts in 3204 ms, CreateServiceData = CreateServiceData{token=android.os.BinderProxy@a672312 className=com.motorola.motodisplay.notification.DisplayNotifListenerService packageName=com.motorola.motodisplay intent=null}
06-12 17:20:21.936  1885  3242 I ActivityManager: Loading recents for user 0 into memory.
06-12 17:20:22.011  1885  2125 W ActivityManager: Slow operation: 93ms so far, now at startProcess: done updating battery stats
06-12 17:20:22.011  1885  2125 W ActivityManager: Slow operation: 93ms so far, now at startProcess: building log message
06-12 17:20:22.011  1885  2125 I ActivityManager: Start proc 3391:com.android.vending/u0a38 for service com.android.vending/com.google.android.finsky.setup.PlaySetupServiceV2
06-12 17:20:22.011  1885  2125 W ActivityManager: Slow operation: 94ms so far, now at startProcess: starting to update pids map
06-12 17:20:22.011  1885  2125 W ActivityManager: Slow operation: 94ms so far, now at startProcess: done updating pids map
06-12 17:20:22.025  1885  1885 W Looper  : Slow dispatch took 591ms main h=android.app.ActivityThread$H c=android.app.-$$Lambda$LoadedApk$ReceiverDispatcher$Args$_BumDX2UKsnxLVrE6UJsJZkotuA@50ad1a1 m=0
06-12 17:20:22.025  1885  1885 W Looper  : Slow delivery took 776ms main h=com.android.server.accessibility.AccessibilityManagerService$MainHandler c=<recycled PooledLambda@5007fc6> m=0
06-12 17:20:22.026  1885  1885 V SettingsProvider: Notifying for 0: content://settings/global/network_recommendations_enabled
06-12 17:20:22.059  1885  3242 I TelecomService: PhoneAccountRegistrar: New phone account registered: [[ ] PhoneAccount: ComponentInfo{com.android.phone/com.android.services.telephony.TelephonyConnectionService}, ***, UserHandle{0} Capabilities: CallProvider MultiUser PlaceEmerg SimSub  Audio Routes: BESW Schemes: tel voicemail  Extras: Bundle[mParcelledData.dataSize=208] GroupId: ***]: TSI.rPA@ADI
06-12 17:20:22.067  1885  2125 W ActivityManager: Slow operation: 51ms so far, now at startProcess: building log message
06-12 17:20:22.068  1885  2125 I ActivityManager: Start proc 3231:com.google.android.gms/u0a31 for service com.google.android.gms/.drive.metadata.sync.syncadapter.SyncAdapterService
06-12 17:20:22.068  1885  2125 W ActivityManager: Slow operation: 51ms so far, now at startProcess: starting to update pids map
06-12 17:20:22.068  1885  2125 W ActivityManager: Slow operation: 51ms so far, now at startProcess: done updating pids map
06-12 17:20:22.068  1885  3242 I TelecomService: CallsManager: Sending phone-account ComponentInfo{com.android.phone/com.android.services.telephony.TelephonyConnectionService}, ***, UserHandle{0} registered intent as user: TSI.rPA@ADI
06-12 17:20:22.069  1048  1048 I android.hardware.wifi@1.0-service: Adding interface handle for p2p0
06-12 17:20:22.069  1048  1048 I android.hardware.wifi@1.0-service: Adding interface handle for wlan0
06-12 17:20:22.069  1048  1048 I android.hardware.wifi@1.0-service: Configured chip in mode 0
06-12 17:20:22.072  1885  3242 I TelecomService: CallsManager: Sending phone-account registered intent to default dialer: TSI.rPA@ADI
06-12 17:20:22.085  1885  3346 I TelecomService: CallsManager: Sending phone-account ComponentInfo{com.android.phone/com.android.services.telephony.TelephonyConnectionService}, ***, UserHandle{0} unregistered intent as user: TSI.uPA@ADQ
06-12 17:20:22.085  1885  3346 I TelecomService: CallsManager: Sending phone-account unregistered intent to default dialer: TSI.uPA@ADQ
06-12 17:20:22.091  1885  3172 I TelecomService: PhoneAccountRegistrar: Modify account: [ComponentInfo{com.android.phone/com.android.services.telephony.TelephonyConnectionService}, ***, UserHandle{0}]: TSI.rPA@ACw
06-12 17:20:22.104  1200  1200 I wificond: create scanner for interface with index: 26
06-12 17:20:22.104  1200  1200 I wificond: subscribe scan result for interface with index: 26
06-12 17:20:22.107  1200  1200 E wificond: No Offload Service available
06-12 17:20:22.115  1200  1200 I wificond: Offload HAL not supported 
06-12 17:20:22.124  1885  2125 I ActivityManager: Start proc 3433:com.android.keychain/1000 for service com.android.keychain/.KeyChainService
06-12 17:20:22.164  1885  2125 I ActivityManager: Start proc 3261:com.motorola.VirtualUiccPayment/u0a140 for service com.motorola.VirtualUiccPayment/.VirtualUiccPaymentService
06-12 17:20:22.165  1200  1200 I wificond: Regulatory domain changed to country: US
06-12 17:20:22.165  1885  3172 I TelecomService: PhoneAccountRegistrar: Modify account: [ComponentInfo{com.android.phone/com.android.services.telephony.TelephonyConnectionService}, ***, UserHandle{0}]: TSI.rPA@AC0
06-12 17:20:22.169  1885  1885 W Looper  : Drained
06-12 17:20:22.170  1200  1200 I wificond: 2.4Ghz frequencies: 2412 2417 2422 2427 2432 2437 2442 2447 2452 2457 2462
06-12 17:20:22.170  1200  1200 I wificond: 5Ghz non-DFS frequencies: 5180 5200 5220 5240 5745 5765 5785 5805 5825
06-12 17:20:22.170  1200  1200 I wificond: 5Ghz DFS frequencies: 5260 5280 5300 5320 5500 5520 5540 5560 5580 5600 5620 5640 5660 5680 5700 5720
06-12 17:20:22.187  1885  2130 E BatteryExternalStatsWorker: no controller energy info supplied for wifi
06-12 17:20:22.218  1885  3242 I TelecomService: PhoneAccountRegistrar: Modify account: [ComponentInfo{com.android.phone/com.android.services.telephony.TelephonyConnectionService}, ***, UserHandle{0}]: TSI.rPA@ADY
06-12 17:20:22.221  1885  2142 I AppWidgetServiceImpl: Async processing of onUserUnlocked u0 took 1673 ms
06-12 17:20:22.221  1885  2142 W Looper  : Slow dispatch took 1673ms android.fg h=android.os.Handler c=com.android.server.appwidget.-$$Lambda$AppWidgetService$HIwvoPMyKqEhLVIiysgUKH8QJg8@ab688a3 m=0
06-12 17:20:22.221  1885  2142 W Looper  : Slow delivery took 1659ms android.fg h=android.os.Handler c=com.android.server.am.-$$Lambda$UserController$dpKWakbnwonBpCp5_FOiINcMU6s@e6c07a0 m=0
06-12 17:20:22.221  1885  2125 I ActivityManager: Start proc 3269:com.android.printspooler/u0a124 for service com.android.printspooler/.model.PrintSpoolerService
06-12 17:20:22.225  1885  2142 E NetdConnector: NDC event {600 Iface added wlan0} processed too late: 1187ms
06-12 17:20:22.227  1885  2142 E NetdConnector: NDC event {600 Iface linkstate wlan0 down} processed too late: 1184ms
06-12 17:20:22.227  2598  2598 D MccTable: updateMccMncConfiguration mccmnc='72406' fromServiceState=false
06-12 17:20:22.228  1885  2142 E NetdConnector: NDC event {600 Iface added p2p0} processed too late: 1178ms
06-12 17:20:22.229  1885  2142 E NetdConnector: NDC event {600 Iface linkstate p2p0 down} processed too late: 1178ms
06-12 17:20:22.229  2598  2598 D MccTable: updateMccMncConfiguration defaultMccMnc=
06-12 17:20:22.229  2598  2598 D MccTable: updateMccMncConfiguration: mcc=724, mnc=6
06-12 17:20:22.230  1885  2142 E NetdConnector: NDC event {600 Iface linkstate wlan0 down} processed too late: 834ms
06-12 17:20:22.230  2598  2598 D MccTable: updateSIMConfiguration updateConfig config={0.0 724mcc6mnc ?localeList ?layoutDir ?swdp ?wdp ?hdp ?density ?lsize ?long ?ldr ?wideColorGamut ?orien ?uimode ?night ?touch ?keyb/?/? ?nav/? winConfig={ mBounds=Rect(0, 0 - 0, 0) mAppBounds=null mWindowingMode=undefined mActivityType=undefined} ?spn ?gid}
06-12 17:20:22.231  1885  2142 E NetdConnector: NDC event {600 Iface linkstate wlan0 down} processed too late: 722ms
06-12 17:20:22.231  1885  2142 W Looper  : Drained
06-12 17:20:22.232  1885  2465 I ActivityManager: Config changes=3 {1.0 724mcc6mnc [pt_BR] ldltr sw360dp w360dp h648dp 480dpi nrml long port finger -keyb/v/h -nav/h winConfig={ mBounds=Rect(0, 0 - 0, 0) mAppBounds=Rect(0, 0 - 1080, 2016) mWindowingMode=fullscreen mActivityType=undefined} s.8 ?spn ?gid}
06-12 17:20:22.280  1885  2123 W ActivityManager: Activity pause timeout for ActivityRecord{983d1a u0 com.teslacoilsw.launcher/.NovaLauncher t2}
06-12 17:20:22.355  1200  1200 I wificond: Unsubscribe scan result for interface with index: 26
06-12 17:20:22.485  1885  2465 I ActivityManager: Override config changes=3 {1.0 724mcc6mnc [pt_BR] ldltr sw360dp w360dp h648dp 480dpi nrml long port finger -keyb/v/h -nav/h winConfig={ mBounds=Rect(0, 0 - 1080, 2016) mAppBounds=Rect(0, 0 - 1080, 2016) mWindowingMode=fullscreen mActivityType=undefined} s.8 ?spn ?gid} for displayId=0
06-12 17:20:22.538  1885  2096 W ActivityManager: Background start not allowed: service Intent { cmp=com.google.android.dialer/com.google.apps.tiktok.concurrent.AndroidFuturesService (has extras) } to com.google.android.dialer/com.google.apps.tiktok.concurrent.AndroidFuturesService from pid=3151 uid=10085 pkg=com.google.android.dialer startFg?=false
06-12 17:20:22.572  1885  1885 W Looper  : Slow dispatch took 208ms main h=android.app.ActivityThread$H c=null m=114
06-12 17:20:22.583  1885  1885 W Looper  : Slow delivery took 208ms main h=android.app.ActivityThread$H c=null m=121
06-12 17:20:22.588  1048  3244 I android.hardware.wifi@1.0-service: Legacy HAL stop complete callback received
06-12 17:20:22.590  1885  1885 W Looper  : Drained
06-12 17:20:22.625  2959  2959 W ActivityThread: serviceCreate starts in 2030 ms, CreateServiceData = CreateServiceData{token=android.os.BinderProxy@1bf43dc className=com.google.android.gms.chimera.PersistentBoundBrokerService packageName=com.google.android.gms intent=null}
06-12 17:20:22.629  1885  3521 W ActivityManager: Unable to start service Intent { act=android.intent.action.BOOT_COMPLETED cmp=com.qualcomm.location.XT/.XTSrv } U=0: not found
06-12 17:20:22.657  1885  2125 I ActivityManager: Start proc 3533:com.motorola.actions/u0a56 for broadcast com.motorola.actions/.BootReceiver
06-12 17:20:22.698  1885  2125 I ActivityManager: Start proc 3544:com.motorola.carriersettingsext/u0a83 for broadcast com.motorola.carriersettingsext/.wfc.WFCReceiver
06-12 17:20:22.702  1885  3521 W LocationProviderProxy-network: Odd, no component found for service com.android.location.service.v3.NetworkLocationProvider
06-12 17:20:23.022  1885  3225 D ConnectivityService: requestNetwork for uid/pid:10129/2403 NetworkRequest [ TRACK_DEFAULT id=14, [ Capabilities: INTERNET&NOT_RESTRICTED&TRUSTED Unwanted:  Uid: 10129] ]
06-12 17:20:23.036  2598  2780 D MccTable: updateMccMncConfiguration mccmnc='72406' fromServiceState=false
06-12 17:20:23.044  2598  2780 D MccTable: updateMccMncConfiguration defaultMccMnc=72406
06-12 17:20:23.044  2598  2780 D MccTable: updateMccMncConfiguration: mcc=724, mnc=6
06-12 17:20:23.045  2598  2780 D MccTable: updateSIMConfiguration updateConfig config={0.0 724mcc6mnc ?localeList ?layoutDir ?swdp ?wdp ?hdp ?density ?lsize ?long ?ldr ?wideColorGamut ?orien ?uimode ?night ?touch ?keyb/?/? ?nav/? winConfig={ mBounds=Rect(0, 0 - 0, 0) mAppBounds=null mWindowingMode=undefined mActivityType=undefined} ?spn ?gid}
06-12 17:20:23.059  2598  2780 D MccTable: updateSIMConfiguration updateConfig config={0.0 724mcc6mnc ?localeList ?layoutDir ?swdp ?wdp ?hdp ?density ?lsize ?long ?ldr ?wideColorGamut ?orien ?uimode ?night ?touch ?keyb/?/? ?nav/? winConfig={ mBounds=Rect(0, 0 - 0, 0) mAppBounds=null mWindowingMode=undefined mActivityType=undefined} spnvivo gidnull}
06-12 17:20:23.062  1885  3172 I ActivityManager: Config changes=18000 {1.0 724mcc6mnc [pt_BR] ldltr sw360dp w360dp h648dp 480dpi nrml long port finger -keyb/v/h -nav/h winConfig={ mBounds=Rect(0, 0 - 0, 0) mAppBounds=Rect(0, 0 - 1080, 2016) mWindowingMode=fullscreen mActivityType=undefined} s.9 spnvivo gidnull}
06-12 17:20:23.273  1885  2991 V BackupManagerConstants: getFullBackupRequiredNetworkType(...) returns 2
06-12 17:20:23.274  1885  2991 V BackupManagerConstants: getFullBackupRequireCharging(...) returns true
06-12 17:20:23.321  1885  3172 I ActivityManager: Override config changes=18000 {1.0 724mcc6mnc [pt_BR] ldltr sw360dp w360dp h648dp 480dpi nrml long port finger -keyb/v/h -nav/h winConfig={ mBounds=Rect(0, 0 - 1080, 2016) mAppBounds=Rect(0, 0 - 1080, 2016) mWindowingMode=fullscreen mActivityType=undefined} s.9 spnvivo gidnull} for displayId=0
06-12 17:20:23.392  1885  2465 I TelecomService: PhoneAccountRegistrar: Modify account: [ComponentInfo{com.android.phone/com.android.services.telephony.TelephonyConnectionService}, ***, UserHandle{0}(lbl: Vivo -> SIM1)]: TSI.rPA@AEU
06-12 17:20:23.589  1885  3346 W ActivityManager: Unable to start service Intent { act=com.motorola.mod.action.BIND_MANAGER cmp=com.motorola.modservice/.ModManagerService } U=0: not found
06-12 17:20:23.606  1885  3346 I TelecomService: PhoneAccountRegistrar: Modify account: [ComponentInfo{com.android.phone/com.android.services.telephony.TelephonyConnectionService}, ***, UserHandle{0}]: TSI.rPA@AFI
06-12 17:20:23.696  1885  2125 I ActivityManager: Start proc 3653:com.motorola.mya/u0a25 for service com.motorola.mya/.MayaManagerService
06-12 17:20:23.735  2558  2558 W ContextImpl: Calling a method in the system process without a qualified user: android.app.ContextImpl.startService:1546 android.content.ContextWrapper.startService:664 android.content.ContextWrapper.startService:664 com.qualcomm.qti.uceShimService.RCSReceiver.onReceive:41 android.app.ActivityThread.handleReceiver:3596 
06-12 17:20:23.741  1885  2125 W ActivityManager: Slow operation: 57ms so far, now at startProcess: returned from zygote!
06-12 17:20:23.742  1885  2125 W ActivityManager: Slow operation: 59ms so far, now at startProcess: done updating battery stats
06-12 17:20:23.742  1885  2125 W ActivityManager: Slow operation: 59ms so far, now at startProcess: building log message
06-12 17:20:23.742  1885  2125 I ActivityManager: Start proc 3662:com.motorola.audiomonitor/u0a39 for service com.motorola.audiomonitor/.persistence.VoicePersistantService
06-12 17:20:23.742  1885  2125 W ActivityManager: Slow operation: 59ms so far, now at startProcess: starting to update pids map
06-12 17:20:23.742  1885  2125 W ActivityManager: Slow operation: 59ms so far, now at startProcess: done updating pids map
