06-12 17:20:30.968  1885  2148 I chatty  : uid=1000(system) PowerManagerSer expire 1 line
06-12 17:20:30.970  1885  2144 I DisplayManagerService: Display device changed state: "Tela integrada", OFF
06-12 17:20:30.970  1080  1080 D SurfaceFlinger: Set power mode=0, type=0 flinger=0xa8fe0000
06-12 17:20:30.971  1040  1040 I SDM     : DisplayBase::SetDisplayState: Set state = 0, display 0
06-12 17:20:30.977  4616  4616 E gedprovisionin: Not starting debugger since process cannot load the jdwp agent.
06-12 17:20:30.978  2598  4310 D IccSmsInterfaceManager: [IccSmsInterfaceManager] Calling setGsmBroadcastConfig with 3 configurations
06-12 17:20:30.979  3151  3478 I DialerSystemCallLogUpdater: com.android.dialer.calllog.refresh.impl.SystemCallLogUpdater.updateSystemCallLog:209 updated 0 rows
06-12 17:20:30.979  1885  2356 I chatty  : uid=1000(system) InputReader expire 2 lines
06-12 17:20:30.981  4616  4616 D LSPosed : magisk_loader.cpp:231#void lspd::MagiskLoader::OnNativeForkAndSpecializePost(JNIEnv *, jstring): skipped com.android.managedprovisioning
06-12 17:20:30.993  2412  2412 D StatusBar: disable<e i a s b H R c s > disable2<q i n >
06-12 17:20:30.993  2412  2412 D StatusBar: disable<e i a s b H R c s > disable2<q i n >
06-12 17:20:31.002  2959  2978 I .gms.persisten: Background concurrent copying GC freed 67711(4MB) AllocSpace objects, 24(520KB) LOS objects, 49% free, 4MB/9MB, paused 190us total 253.346ms
06-12 17:20:31.017  2598  4310 D IccSmsInterfaceManager: [IccSmsInterfaceManager] Added GSM cell broadcast subscription for MID range 4392 to 4392 from client com.android.cellbroadcastreceiver
06-12 17:20:31.018  2598  4310 D IccSmsInterfaceManager: [IccSmsInterfaceManager] Calling setCellBroadcastActivation(true)
06-12 17:20:31.031  2598  4310 D IccSmsInterfaceManager: [IccSmsInterfaceManager] Failed to remove GSM cell broadcast subscription for MID range 4380 to 4380 from client com.android.cellbroadcastreceiver
06-12 17:20:31.036  2598  4310 D IccSmsInterfaceManager: [IccSmsInterfaceManager] Failed to remove cdma broadcast subscription for MID range 4100 to 4100 from client com.android.cellbroadcastreceiver
06-12 17:20:31.042  2598  4310 D IccSmsInterfaceManager: [IccSmsInterfaceManager] Failed to remove GSM cell broadcast subscription for MID range 4393 to 4393 from client com.android.cellbroadcastreceiver
06-12 17:20:31.056  4023  4487 D CBRUtil : isUAE = false
06-12 17:20:31.061  2598  4310 D IccSmsInterfaceManager: [IccSmsInterfaceManager] Failed to remove GSM cell broadcast subscription for MID range 4381 to 4381 from client com.android.cellbroadcastreceiver
06-12 17:20:31.063  4616  4616 I gedprovisionin: The ClassLoaderContext is a special shared library.
06-12 17:20:31.065  2598  4310 D IccSmsInterfaceManager: [IccSmsInterfaceManager] Failed to remove GSM cell broadcast subscription for MID range 4394 to 4394 from client com.android.cellbroadcastreceiver
06-12 17:20:31.071  2598  4310 D IccSmsInterfaceManager: [IccSmsInterfaceManager] Failed to remove GSM cell broadcast subscription for MID range 4382 to 4382 from client com.android.cellbroadcastreceiver
06-12 17:20:31.078  2598  2937 D IccSmsInterfaceManager: [IccSmsInterfaceManager] Failed to remove GSM cell broadcast subscription for MID range 4395 to 4395 from client com.android.cellbroadcastreceiver
06-12 17:20:31.084  2598  2937 D IccSmsInterfaceManager: [IccSmsInterfaceManager] Calling setGsmBroadcastConfig with 3 configurations
06-12 17:20:31.116  2997  2997 D NfcBootCompletedReceiver: bootcomplete enter
06-12 17:20:31.118  2598  2937 D IccSmsInterfaceManager: [IccSmsInterfaceManager] Added GSM cell broadcast subscription for MID range 4352 to 4354 from client com.android.cellbroadcastreceiver
06-12 17:20:31.118  2598  2937 D IccSmsInterfaceManager: [IccSmsInterfaceManager] Calling setCellBroadcastActivation(true)
06-12 17:20:31.120  2598  2598 I VvmSimStateTracker: android.intent.action.BOOT_COMPLETED
06-12 17:20:31.133  2598  2937 D IccSmsInterfaceManager: [IccSmsInterfaceManager] Calling setGsmBroadcastConfig with 4 configurations
06-12 17:20:31.149  1080  1080 D SurfaceFlinger: Finished set power mode=0, type=0
06-12 17:20:31.150  1885  2397 I chatty  : uid=1000(system) PhotonicModulat expire 2 lines
06-12 17:20:31.151  1044  1044 E QTI PowerHAL: Failed to acquire lock.
06-12 17:20:31.152  1044  1044 I QTI PowerHAL: Got set_interactive hint
06-12 17:20:31.152  1061  1101 E ANDR-PERF-MPCTL: Invalid profile no. 0, total profiles 0 only
06-12 17:20:31.153  1044  1044 I QTI PowerHAL: Got set_interactive hint on= 0, count= 2
06-12 17:20:31.154  1044  1044 E QTI PowerHAL: Error opening /sys/kernel/hbtp/display_pwr: No such file or directory
06-12 17:20:31.154  1885  2148 I DreamManagerService: Entering dreamland.
06-12 17:20:31.155  1885  2148 I PowerManagerService: Dozing...
06-12 17:20:31.158  1885  2142 I DreamController: Starting dream: name=ComponentInfo{com.android.systemui/com.android.systemui.doze.DozeService}, isTest=false, canDoze=true, userId=0
06-12 17:20:31.170  2598  2937 D IccSmsInterfaceManager: [IccSmsInterfaceManager] Added GSM cell broadcast subscription for MID range 4356 to 4356 from client com.android.cellbroadcastreceiver
06-12 17:20:31.170  2598  2937 D IccSmsInterfaceManager: [IccSmsInterfaceManager] Calling setCellBroadcastActivation(true)
06-12 17:20:31.182  2598  2937 D IccSmsInterfaceManager: [IccSmsInterfaceManager] Failed to remove GSM cell broadcast subscription for MID range 4355 to 4355 from client com.android.cellbroadcastreceiver
06-12 17:20:31.188  2598  2937 D IccSmsInterfaceManager: [IccSmsInterfaceManager] Failed to remove GSM cell broadcast subscription for MID range 4396 to 4396 from client com.android.cellbroadcastreceiver
06-12 17:20:31.192  2598  2937 D IccSmsInterfaceManager: [IccSmsInterfaceManager] Failed to remove GSM cell broadcast subscription for MID range 4397 to 4397 from client com.android.cellbroadcastreceiver
06-12 17:20:31.199  2598  2937 D IccSmsInterfaceManager: [IccSmsInterfaceManager] Failed to remove GSM cell broadcast subscription for MID range 4398 to 4398 from client com.android.cellbroadcastreceiver
06-12 17:20:31.202  2412  2412 D StatusBar: disable<e i a s b H R c s > disable2<q i n >
06-12 17:20:31.203  2412  2412 D StatusBar: disable<e i a s b H R c s > disable2<q i n >
06-12 17:20:31.205  2598  2937 D IccSmsInterfaceManager: [IccSmsInterfaceManager] Failed to remove GSM cell broadcast subscription for MID range 4399 to 4399 from client com.android.cellbroadcastreceiver
06-12 17:20:31.218  2598  2937 D IccSmsInterfaceManager: [IccSmsInterfaceManager] Calling setGsmBroadcastConfig with 5 configurations
06-12 17:20:31.235  2412  2412 D StatusBar: disable<e i a s b H R c s > disable2<q i n >
06-12 17:20:31.236  2412  2412 D StatusBar: disable<e i a s b H R c s > disable2<q i n >
06-12 17:20:31.236  3391  3726 I Finsky  : [168] fft.a(3): AIM: AppInfoManager-Perf > getInstalledAppsFromPackageStateRepository > packageNames ready: Installed: 284 + Unowned: 0
06-12 17:20:31.244  2412  2412 D StatusBar: disable<e i a s b H R c s > disable2<q i n >
06-12 17:20:31.244  2412  2412 D StatusBar: disable<e i a s b H R c s > disable2<q i n >
06-12 17:20:31.255  3391  3726 I Finsky  : [168] ffv.a(5): AIM: AppInfoManager-Perf > getLocalApps > packageNames ready: Installed: 284 + Install Queue: 2, Queue only: 0 sample: []
06-12 17:20:31.255  3391  3726 I Finsky  : [168] ffw.k(1): AIM: AppInfoManager-Perf > getApps > called for 284 apps
06-12 17:20:31.259  2412  2412 D StatusBar: disable<e i a s b H R c s > disable2<q i n >
06-12 17:20:31.259  2412  2412 D StatusBar: disable<e i a s b H R c s > disable2<q i n >
06-12 17:20:31.262  2598  2937 D IccSmsInterfaceManager: [IccSmsInterfaceManager] Added GSM cell broadcast subscription for MID range 50 to 50 from client com.android.cellbroadcastreceiver
06-12 17:20:31.262  2598  2937 D IccSmsInterfaceManager: [IccSmsInterfaceManager] Calling setCellBroadcastActivation(true)
06-12 17:20:31.262  4179  4179 D MtpService: starting MTP server in MTP mode with storage /storage/emulated/0 as user 0
06-12 17:20:31.274  1051  1051 D audio_hw_primary: adev_set_parameters: enter: screen_state=on
06-12 17:20:31.274  1051  1051 V msm8974_platform: platform_set_parameters: enter: screen_state=on
06-12 17:20:31.274  1051  1051 V msm8974_platform: platform_set_parameters: exit with code(0)
06-12 17:20:31.275  2692  2692 I MotoDisplay: onCreate
06-12 17:20:31.276  1051  1051 D mot_vr_audio_hw: adev_set_parameters: screen_state=on
06-12 17:20:31.279  1885  1885 V FingerprintService: setNavigationState: true
06-12 17:20:31.283  2598  2937 D IccSmsInterfaceManager: [IccSmsInterfaceManager] Added GSM cell broadcast subscription for MID range 50 to 50 from client com.android.cellbroadcastreceiver
06-12 17:20:31.283  2598  2937 D IccSmsInterfaceManager: [IccSmsInterfaceManager] Calling setCellBroadcastActivation(true)
06-12 17:20:31.284  2403  3137 I DeviceStatusMonitor: DeviceStatusMonitor.handleBroadcast():123 onReceive() : Action = android.intent.action.SCREEN_ON
06-12 17:20:31.285  2403  3137 I DeviceStatusMonitor: DeviceStatusMonitor.updateCountryInfo():139 updateCountryInfo(), notifyAnyway = false
06-12 17:20:31.285  4179  4179 I MtpService: Couldn't get control FD!
06-12 17:20:31.301  2412  2412 D StatusBar: disable<e i a s b H R c s > disable2<q i n >
06-12 17:20:31.302  2412  2412 D StatusBar: disable<e i a s b H R c s > disable2<q i n >
06-12 17:20:31.307  1885  2125 I ActivityManager: Start proc 4662:com.android.traceur/u0a145 for broadcast com.android.traceur/.Receiver
06-12 17:20:31.313  1892  1893 D LSPosed : zygisk_main.cpp:362#void lspd::CompanionEntry(int): Got cache with fd=7 size=12
06-12 17:20:31.315  4662  4662 D LSPosed : symbol_cache.cpp:55#void lspd::InitSymbolCache(lspd::SymbolCache *): InitSymbolCache
06-12 17:20:31.315  4662  4662 D LSPosed : symbol_cache.cpp:57#void lspd::InitSymbolCache(lspd::SymbolCache *): Already initialized
06-12 17:20:31.316  2412  2412 D StatusBar: disable<e i a s b H R c s > disable2<q i n >
06-12 17:20:31.316  2412  2412 D StatusBar: disable<e i a s b H R c s > disable2<q i n >
06-12 17:20:31.323  3662  3903 I MediaCodec: (0x92d1ac00) stop
06-12 17:20:31.326  2412  2412 D StatusBar: disable<e i a s b H R c s > disable2<q i n >
06-12 17:20:31.326  2412  2412 D StatusBar: disable<e i a s b H R c s > disable2<q i n >
06-12 17:20:31.326  3662  3903 I MediaCodec: (0x92d1ac00) release
06-12 17:20:31.342  2412  2412 D StatusBar: disable<e i a s b H R c s > disable2<q i n >
06-12 17:20:31.342  2412  2412 D StatusBar: disable<e i a s b H R c s > disable2<q i n >
06-12 17:20:31.343  2412  2412 D MotoDisplayManager: ServiceConnection - Connected MotoDisplayService com.android.systemui.doze.IMotoDisplay$Stub$Proxy@da1871b
06-12 17:20:31.346  1188  1867 D NuPlayerDriver: NuPlayerDriver(0xa34c8600) created, clientPid(3662)
06-12 17:20:31.350  1188  4669 D GenericSource: FileSource remote
06-12 17:20:31.353  2558  2656 I QCNEJ   : |QCNEJ/CndHalConnector| -> SND notifyScreenStateChanged(true)
06-12 17:20:31.354  2412  2412 I MotoDisplayManager: mMotoDisplayService.show com.android.systemui.doze.IMotoDisplay$Stub$Proxy@da1871b
06-12 17:20:31.354  2558  2656 I QCNEJ   : |QCNEJ/CndHalConnector| -> SND notifyScreenStateChanged(false)
06-12 17:20:31.355  2412  2412 I MotoDisplayManager: new MotoDisplayCallback id:1
06-12 17:20:31.363  1188  4668 D NuPlayerDriver: notifyListener_l(0xa34c8600), (1, 0, 0, -1), loop setting(0, 0)
06-12 17:20:31.368  2997  2997 E NfcService: screen state android.intent.action.SCREEN_ON
06-12 17:20:31.369  2997  2997 E NfcService: screen state on
06-12 17:20:31.369  2997  2997 I libnfc_nci: [INFO:NativeMposManager.cpp(72)] nativeNfcMposManager_doGetEtsiReaederState: Enter 
06-12 17:20:31.369  2997  2997 E libnfc_nci: [ERROR:NativeMposManager.cpp(76)] nativeNfcMposManager_doGetEtsiReaederState: ETSI_READER not available. Returning
06-12 17:20:31.369  2997  2997 E NfcService: screen state 4
06-12 17:20:31.369  2997  2997 E NfcService: screen state mScreenState 4
06-12 17:20:31.370  2997  2997 E libnfc_nci: [ERROR:NativeNfcManager.cpp(6011)] nfcManager_doSetScreenOrPowerState: Enter
06-12 17:20:31.370  2997  2997 I libnfc_nci: [INFO:NativeNfcManager.cpp(5796)] nfcManager_doSetScreenState: Enter state = 4
06-12 17:20:31.370  2997  2997 I libnfc_nci: [INFO:TransactionController.cpp(206)] transactionAttempt: Transaction attempted : 15 when barrier is: 1
06-12 17:20:31.370  2997  2997 I libnfc_nci: [INFO:TransactionController.cpp(130)] transactionLiveLockable: Performing check for long duration transaction
06-12 17:20:31.370  2997  2997 I libnfc_nci: [INFO:TransactionController.cpp(223)] transactionAttempt: Transaction granted : 15 
06-12 17:20:31.370  2997  2997 I libnfc_nci: [INFO:TransactionController.cpp(228)] transactionAttempt: Transaction granted : 15 and barrier is: 0
06-12 17:20:31.370  2997  2997 I libnfc_nci: [INFO:NativeNfcManager.cpp(6096)] get_lastScreenStateRequest: 0
06-12 17:20:31.370  2997  2997 I libnfc_nci: [INFO:NativeNfcManager.cpp(5816)] Screen state is not changed. 
06-12 17:20:31.370  2997  2997 I libnfc_nci: [INFO:TransactionController.cpp(250)] transactionEnd: Enter
06-12 17:20:31.370  2997  2997 I libnfc_nci: [INFO:TransactionController.cpp(256)] transactionEnd: Transaction control timer killed
06-12 17:20:31.370  2997  2997 I libnfc_nci: [INFO:TransactionController.cpp(261)] transactionEnd: Transaction ended : 15 
06-12 17:20:31.371  2997  2997 D NfcService: Discovery configuration equal, not updating.
06-12 17:20:31.371  1885  3521 I chatty  : uid=1000(system) IzatProvider expire 6 lines
06-12 17:20:31.372  1059  1059 V LocSvc_HIDL_IzatSubscription: [screenStatusUpdate][575] [HS] <<<<= [HC]
06-12 17:20:31.382  3662  3843 V MediaPlayer: resetDrmState:  mDrmInfo=null mDrmProvisioningThread=null mPrepareDrmInProgress=false mActiveDrmScheme=false
06-12 17:20:31.382  3662  3843 V MediaPlayer: cleanDrmObj: mDrmObj=null mDrmSessionId=null
06-12 17:20:31.382  1188  1867 D NuPlayerDriver: reset(0xa34c8600) at state 4
06-12 17:20:31.383  1188  1867 D NuPlayerDriver: notifyListener_l(0xa34c8600), (8, 0, 0, -1), loop setting(0, 0)
06-12 17:20:31.384  1188  4668 W AMessage: failed to post message as target looper for handler 0 is gone.
06-12 17:20:31.384  2692  2692 D OpenGLRenderer: Skia GL Pipeline
06-12 17:20:31.384  1188  4668 D NuPlayerDriver: notifyResetComplete(0xa34c8600)
06-12 17:20:31.400  4662  4662 E android.traceu: Not starting debugger since process cannot load the jdwp agent.
06-12 17:20:31.402  1051  1051 D audio_hw_primary: adev_set_parameters: enter: screen_state=off
06-12 17:20:31.402  1051  1051 V msm8974_platform: platform_set_parameters: enter: screen_state=off
06-12 17:20:31.402  1051  1051 V msm8974_platform: platform_set_parameters: exit with code(0)
06-12 17:20:31.403  1051  1051 D mot_vr_audio_hw: adev_set_parameters: screen_state=off
06-12 17:20:31.405  4662  4662 D LSPosed : magisk_loader.cpp:231#void lspd::MagiskLoader::OnNativeForkAndSpecializePost(JNIEnv *, jstring): skipped com.android.traceur
06-12 17:20:31.408  1885  1885 V FingerprintService: setNavigationState: false
06-12 17:20:31.409  1885  1885 V FingerprintService: setNavigationState: false
06-12 17:20:31.413  3662  3901 I MediaCodec: (0xa7fb4400) init name(OMX.google.vorbis.decoder)
06-12 17:20:31.417  3662  4682 I OMXClient: IOmx service obtained
06-12 17:20:31.417  1212  1376 I OMXMaster: makeComponentInstance(OMX.google.vorbis.decoder) in omx@1.0-service process
06-12 17:20:31.417  2403  3137 I DeviceStatusMonitor: DeviceStatusMonitor.handleBroadcast():123 onReceive() : Action = android.intent.action.SCREEN_OFF
06-12 17:20:31.418  2403  3137 I DeviceStatusMonitor: DeviceStatusMonitor.updateCountryInfo():139 updateCountryInfo(), notifyAnyway = false
06-12 17:20:31.419  3662  4682 I MediaCodec: (0xa7fb4400) Component Allocated (OMX.google.vorbis.decoder)
06-12 17:20:31.420  3662  3901 I MediaCodec: (0xa7fb4400) configure surface(0x0) crypto(0x0) flags(0)
06-12 17:20:31.420  3662  3901 D MediaCodec: (0xa7fb4400) configure format: AMessage(what = 0x00000000) = {
06-12 17:20:31.420  3662  3901 D MediaCodec:       string mime = "audio/vorbis"
06-12 17:20:31.420  3662  3901 D MediaCodec:       int64_t durationUs = 1240770
06-12 17:20:31.420  3662  3901 D MediaCodec:       int32_t bitrate = 50000
06-12 17:20:31.420  3662  3901 D MediaCodec:       int32_t track-id = 1
06-12 17:20:31.420  3662  3901 D MediaCodec:       int32_t channel-count = 1
06-12 17:20:31.420  3662  3901 D MediaCodec:       int32_t sample-rate = 22050
06-12 17:20:31.420  3662  3901 D MediaCodec:       Buffer csd-0 = {
06-12 17:20:31.420  3662  3901 D MediaCodec:         00000000:  01 76 6f 72 62 69 73 00  00 00 00 01 22 56 00 00  .vorbis....."V..
06-12 17:20:31.420  3662  3901 D MediaCodec:         00000010:  00 00 00 00 50 c3 00 00  00 00 00 00 a9 01        ....P.........
06-12 17:20:31.420  3662  3901 D MediaCodec:       }
06-12 17:20:31.420  3662  3901 D MediaCodec:       Buffer *csd-1 = 0xafe9f378
06-12 17:20:31.420  3662  3901 D MediaCodec:     }
06-12 17:20:31.420  1212  1376 E OMXNodeInstance: getConfig(0xa9029900:google.vorbis.decoder, ConfigAndroidVendorExtension(0x6f100004)) ERROR: Undefined(0x80001001)
06-12 17:20:31.421  3662  3901 I MediaCodec: (0xa7fb4400) start
06-12 17:20:31.423  2403  2403 I GoogleInputMethodService: GoogleInputMethodService.updateDeviceLockedStatus():2100 checkRepeatedly = false, unlocked = false
06-12 17:20:31.425  1031  1031 W AshmemAllocator: ashmem_create_region(32768) returning hidl_memory(0xb1218160, 32768)
06-12 17:20:31.425  2403  2403 W JobInfoUtil: JobInfoUtil.setJobInfo():45 The retry policy will be ignored for idle task: TrainingCacheMaintenance.
06-12 17:20:31.425  2403  2403 W JobInfoUtil: JobInfoUtil.setJobInfo():56 The max execution delay will be ignored for periodic task: TrainingCacheMaintenance
06-12 17:20:31.426  1031  1031 W AshmemAllocator: ashmem_create_region(32768) returning hidl_memory(0xb1218160, 32768)
06-12 17:20:31.427  1031  1031 W AshmemAllocator: ashmem_create_region(32768) returning hidl_memory(0xb1218160, 32768)
06-12 17:20:31.428  2558  2656 I QCNEJ   : |QCNEJ/CndHalConnector| -> SND notifyScreenStateChanged(false)
06-12 17:20:31.429  1031  1031 W AshmemAllocator: ashmem_create_region(32768) returning hidl_memory(0xb1218160, 32768)
06-12 17:20:31.429  2403  2403 I JobSchedulerImpl: JobSchedulerImpl.schedule():91 Schedule task: TrainingCacheMaintenance (id=2117337931). Success.
06-12 17:20:31.430  2403  2403 I InputBundle: InputBundle.consumeEvent():890 Skip consuming an event as imeStatus is 0
06-12 17:20:31.430  2558  2656 I QCNEJ   : |QCNEJ/CndHalConnector| -> SND notifyScreenStateChanged(false)
06-12 17:20:31.431  2692  2692 I MotoDisplay: Starting screen for result: .ui.screen.l.e requestCode: -1
06-12 17:20:31.431  1031  1031 W AshmemAllocator: ashmem_create_region(32768) returning hidl_memory(0xb1218160, 32768)
06-12 17:20:31.434  1031  1031 W AshmemAllocator: ashmem_create_region(32768) returning hidl_memory(0xb1218160, 32768)
06-12 17:20:31.434  3662  4682 I MediaCodec: (0xa7fb4400) kWhatStartCompleted
06-12 17:20:31.444  1031  1031 W AshmemAllocator: ashmem_create_region(32768) returning hidl_memory(0xb1218160, 32768)
06-12 17:20:31.447  1031  1031 W AshmemAllocator: ashmem_create_region(32768) returning hidl_memory(0xb1218160, 32768)
06-12 17:20:31.448  3662  4682 D MediaCodec: (0xa7fb4400) kWhatOutputBuffersChanged
06-12 17:20:31.450  3662  4682 D MediaCodec: (0xa7fb4400) [OMX.google.vorbis.decoder] output format changed to: AMessage(what = 0x00000000) = {
06-12 17:20:31.450  3662  4682 D MediaCodec:       string mime = "audio/raw"
06-12 17:20:31.450  3662  4682 D MediaCodec:       int32_t channel-count = 1
06-12 17:20:31.450  3662  4682 D MediaCodec:       int32_t sample-rate = 22050
06-12 17:20:31.450  3662  4682 D MediaCodec:       int32_t pcm-encoding = 2
06-12 17:20:31.450  3662  4682 D MediaCodec:     }
06-12 17:20:31.453  2997  2997 E NfcService: screen state android.intent.action.SCREEN_OFF
06-12 17:20:31.454  2997  2997 E NfcService: screen state OFF required
06-12 17:20:31.454  2692  2692 I MotoDisplay: Releasing wakelock: MotoDisplayUltrasoundWakeLock
06-12 17:20:31.454  2692  2692 E MotoDisplay: No wakelock associated with tag MotoDisplayUltrasoundWakeLock
06-12 17:20:31.456  2997  2997 I libnfc_nci: [INFO:NativeMposManager.cpp(72)] nativeNfcMposManager_doGetEtsiReaederState: Enter 
06-12 17:20:31.456  2997  2997 E libnfc_nci: [ERROR:NativeMposManager.cpp(76)] nativeNfcMposManager_doGetEtsiReaederState: ETSI_READER not available. Returning
06-12 17:20:31.456  2997  2997 E NfcService: screen state 2
06-12 17:20:31.456  2997  2997 E NfcService: screen state mScreenState 4
06-12 17:20:31.457  2997  2997 E libnfc_nci: [ERROR:NativeNfcManager.cpp(6011)] nfcManager_doSetScreenOrPowerState: Enter
06-12 17:20:31.457  2997  2997 I libnfc_nci: [INFO:NativeNfcManager.cpp(5796)] nfcManager_doSetScreenState: Enter state = 2
06-12 17:20:31.457  2997  2997 I libnfc_nci: [INFO:TransactionController.cpp(206)] transactionAttempt: Transaction attempted : 15 when barrier is: 1
06-12 17:20:31.457  2997  2997 I libnfc_nci: [INFO:TransactionController.cpp(130)] transactionLiveLockable: Performing check for long duration transaction
06-12 17:20:31.457  2997  2997 I libnfc_nci: [INFO:TransactionController.cpp(223)] transactionAttempt: Transaction granted : 15 
06-12 17:20:31.457  2997  2997 I libnfc_nci: [INFO:TransactionController.cpp(228)] transactionAttempt: Transaction granted : 15 and barrier is: 0
06-12 17:20:31.457  2997  2997 I libnfc_nci: [INFO:NativeNfcManager.cpp(5228)] startRfDiscovery: is start=0
06-12 17:20:31.457  2997  2997 I libnfc_nci: [INFO:NativeNfcTag.cpp(2625)] nativeNfcTag_acquireRfInterfaceMutexLock: try to acquire lock
06-12 17:20:31.457  2997  2997 I libnfc_nci: [INFO:NativeNfcTag.cpp(2628)] nativeNfcTag_acquireRfInterfaceMutexLock: sRfInterfaceMutex lock
06-12 17:20:31.458  1152  1152 D         : GetInstance NFC config control: property value 
06-12 17:20:31.458  2692  3647 I ADSPD_HIDL_LIB: Loaded ADSP HAL service
06-12 17:20:31.458  1152  3415 E NxpTml  : _i2c_write() errno : 5
06-12 17:20:31.458  1152  3415 E NxpTml  : PN54X - Error in I2C Write.....
06-12 17:20:31.458  1152  3417 E NxpHal  : write error status = 0x1ff
06-12 17:20:31.458  1152  1152 E NxpHal  : write_unlocked failed - PN54X Maybe in Standby Mode - Retry
06-12 17:20:31.459  2692  3647 D ADSPD_HIDL_LIB: adspd_ultrasound_connect_ver: ret 0
06-12 17:20:31.459  1059  1059 V LocSvc_HIDL_IzatSubscription: [screenStatusUpdate][575] [HS] <<<<= [HC]
06-12 17:20:31.468  2997  3359 I libnfc_nci: [INFO:NativeNfcManager.cpp(793)] nfaConnectionCallback: Connection Event = 31
06-12 17:20:31.468  2997  3359 I libnfc_nci: [INFO:NativeNfcManager.cpp(822)] nfaConnectionCallback: NFA_RF_DISCOVERY_STOPPED_EVT: status = 0x0
06-12 17:20:31.468  2997  3359 I libnfc_nci: [INFO:NativeNfcManager.cpp(5280)] notifyPollingEventwhileNfcOff: sDiscCmdwhleNfcOff=0
06-12 17:20:31.468  2997  3359 I libnfc_nci: [INFO:NativeNfcTag.cpp(921)] getReconnectState = 0x0
06-12 17:20:31.468  2997  2997 I libnfc_nci: [INFO:NativeNfcTag.cpp(2643)] nativeNfcTag_releaseRfInterfaceMutexLock: sRfInterfaceMutex unlock
06-12 17:20:31.468  2997  2997 I libnfc_nci: [INFO:NativeNfcManager.cpp(5253)] startRfDiscovery: is exit=0
06-12 17:20:31.468  2997  3359 I libnfc_nci: [INFO:NativeNfcManager.cpp(793)] nfaConnectionCallback: Connection Event = 1
06-12 17:20:31.468  2997  3359 I libnfc_nci: [INFO:NativeNfcManager.cpp(806)] nfaConnectionCallback: NFA_POLL_DISABLED_EVT: status = 0x0
06-12 17:20:31.469  2997  2997 I libnfc_nci: [INFO:NativeNxpFeature.cpp(331)] SetScreenState: enter
06-12 17:20:31.469  2997  2997 I libnfc_nci: [INFO:NativeNxpFeature.cpp(337)] Set Screen OFF
06-12 17:20:31.469  2997  2997 I libnfc_nci: [INFO:NativeNxpFeature.cpp(352)] SetScreenState: Success NFA_SendRawVsCommand
06-12 17:20:31.469  1152  1152 D         : GetInstance NFC config control: property value 
06-12 17:20:31.471  2692  4674 I Adreno  : QUALCOMM build                   : 7adeec4758, I21281c58c8
06-12 17:20:31.471  2692  4674 I Adreno  : Build Date                       : 12/28/18
06-12 17:20:31.471  2692  4674 I Adreno  : OpenGL ES Shader Compiler Version: EV031.25.03.02
06-12 17:20:31.471  2692  4674 I Adreno  : Local Branch                     : 
06-12 17:20:31.471  2692  4674 I Adreno  : Remote Branch                    : refs/tags/AU_LINUX_ANDROID_LA.UM.7.5.R1.09.00.00.464.037
06-12 17:20:31.471  2692  4674 I Adreno  : Remote Branch                    : NONE
06-12 17:20:31.471  2692  4674 I Adreno  : Reconstruct Branch               : NOTHING
06-12 17:20:31.471  2692  4674 I Adreno  : Build Config                     : S L 6.0.7 AArch32
06-12 17:20:31.473  4662  4662 I android.traceu: The ClassLoaderContext is a special shared library.
06-12 17:20:31.474  2997  3359 I libnfc_nci: [INFO:NativeNxpFeature.cpp(110)] NxpResponse_SetDhlf_Cb Received length data = 0x4 status = 0x0
06-12 17:20:31.475  2997  2997 I libnfc_nci: [INFO:NativeNfcManager.cpp(5726)] StoreScreenState: enter
06-12 17:20:31.475  2997  2997 I libnfc_nci: [INFO:NativeNfcManager.cpp(5729)] StoreScreenState: exit
06-12 17:20:31.475  2997  2997 I libnfc_nci: [INFO:NativeNfcManager.cpp(5954)] nfcManager_doSetScreenState: auto_num : 0  sAutonomousSet : 0  sRfFieldOff : 1
06-12 17:20:31.475  2997  2997 I libnfc_nci: [INFO:NativeNfcManager.cpp(5976)] Not sending AUTONOMOUS command state is 2
06-12 17:20:31.475  2997  2997 I libnfc_nci: [INFO:NativeNfcManager.cpp(5228)] startRfDiscovery: is start=1
06-12 17:20:31.475  2997  2997 I libnfc_nci: [INFO:NativeNfcTag.cpp(2625)] nativeNfcTag_acquireRfInterfaceMutexLock: try to acquire lock
06-12 17:20:31.475  2997  2997 I libnfc_nci: [INFO:NativeNfcTag.cpp(2628)] nativeNfcTag_acquireRfInterfaceMutexLock: sRfInterfaceMutex lock
06-12 17:20:31.475  1152  1152 D         : GetInstance NFC config control: property value 
06-12 17:20:31.478  2692  4674 I Adreno  : PFP: 0x005ff110, ME: 0x005ff066
06-12 17:20:31.481  1152  1152 D         : GetInstance NFC config control: property value 
06-12 17:20:31.483  4662  4662 I android.traceu: The ClassLoaderContext is a special shared library.
06-12 17:20:31.485  2692  4674 I ConfigStore: android::hardware::configstore::V1_0::ISurfaceFlingerConfigs::hasWideColorDisplay retrieved: 0
06-12 17:20:31.486  2692  4674 I ConfigStore: android::hardware::configstore::V1_0::ISurfaceFlingerConfigs::hasHDRDisplay retrieved: 0
06-12 17:20:31.486  2997  3359 I libnfc_nci: [INFO:NativeNfcManager.cpp(793)] nfaConnectionCallback: Connection Event = 30
06-12 17:20:31.486  2997  3359 I libnfc_nci: [INFO:NativeNfcManager.cpp(814)] nfaConnectionCallback: NFA_RF_DISCOVERY_STARTED_EVT: status = 0x0
06-12 17:20:31.486  2997  2997 I libnfc_nci: [INFO:NativeNfcTag.cpp(2643)] nativeNfcTag_releaseRfInterfaceMutexLock: sRfInterfaceMutex unlock
06-12 17:20:31.486  2997  2997 I libnfc_nci: [INFO:NativeNfcManager.cpp(5253)] startRfDiscovery: is exit=1
06-12 17:20:31.486  2997  2997 I libnfc_nci: [INFO:TransactionController.cpp(250)] transactionEnd: Enter
06-12 17:20:31.486  2997  2997 I libnfc_nci: [INFO:TransactionController.cpp(256)] transactionEnd: Transaction control timer killed
06-12 17:20:31.486  2997  2997 I libnfc_nci: [INFO:TransactionController.cpp(261)] transactionEnd: Transaction ended : 15 
06-12 17:20:31.486  2997  2997 I libnfc_nci: [INFO:NativeNfcManager.cpp(5991)] nfcManager_doSetScreenState: Exit
06-12 17:20:31.487  2997  2997 I libnfc_nci: [INFO:NativeNfcManager.cpp(2806)] storeLastDiscoveryParams: enter
06-12 17:20:31.487  2997  2997 I libnfc_nci: [INFO:TransactionController.cpp(206)] transactionAttempt: Transaction attempted : 8 when barrier is: 1
06-12 17:20:31.487  2997  2997 I libnfc_nci: [INFO:TransactionController.cpp(130)] transactionLiveLockable: Performing check for long duration transaction
06-12 17:20:31.487  2997  2997 I libnfc_nci: [INFO:TransactionController.cpp(223)] transactionAttempt: Transaction granted : 8 
06-12 17:20:31.487  2997  2997 I libnfc_nci: [INFO:TransactionController.cpp(228)] transactionAttempt: Transaction granted : 8 and barrier is: 0
06-12 17:20:31.487  2997  2997 I libnfc_nci: [INFO:NativeNfcManager.cpp(2925)] nfcManager_enableDiscovery: enter; tech_mask = 00
06-12 17:20:31.487  2997  2997 I libnfc_nci: [INFO:NativeNfcManager.cpp(2937)] nfcManager_enableDiscovery: sIsSecElemSelected=0
06-12 17:20:31.487  2692  4674 I OpenGLRenderer: Initialized EGL, version 1.4
06-12 17:20:31.488  2997  2997 I libnfc_nci: [INFO:PowerSwitch.cpp(173)] PowerSwitch::setLevel: level=PS-FULL (1)
06-12 17:20:31.488  2997  2997 I libnfc_nci: [INFO:NativeNfcManager.cpp(5228)] startRfDiscovery: is start=0
06-12 17:20:31.488  2997  2997 I libnfc_nci: [INFO:NativeNfcTag.cpp(2625)] nativeNfcTag_acquireRfInterfaceMutexLock: try to acquire lock
06-12 17:20:31.488  2997  2997 I libnfc_nci: [INFO:NativeNfcTag.cpp(2628)] nativeNfcTag_acquireRfInterfaceMutexLock: sRfInterfaceMutex lock
06-12 17:20:31.488  2692  4674 D OpenGLRenderer: Swap behavior 2
06-12 17:20:31.488  1152  1152 D         : GetInstance NFC config control: property value 
06-12 17:20:31.491  2692  2692 I MotoDisplay: onCreate
06-12 17:20:31.492  2997  3359 I libnfc_nci: [INFO:NativeNfcManager.cpp(793)] nfaConnectionCallback: Connection Event = 31
06-12 17:20:31.493  2997  3359 I libnfc_nci: [INFO:NativeNfcManager.cpp(822)] nfaConnectionCallback: NFA_RF_DISCOVERY_STOPPED_EVT: status = 0x0
06-12 17:20:31.493  2997  3359 I libnfc_nci: [INFO:NativeNfcManager.cpp(5280)] notifyPollingEventwhileNfcOff: sDiscCmdwhleNfcOff=0
06-12 17:20:31.493  2997  3359 I libnfc_nci: [INFO:NativeNfcTag.cpp(921)] getReconnectState = 0x0
06-12 17:20:31.493  2997  2997 I libnfc_nci: [INFO:NativeNfcTag.cpp(2643)] nativeNfcTag_releaseRfInterfaceMutexLock: sRfInterfaceMutex unlock
06-12 17:20:31.493  2997  2997 I libnfc_nci: [INFO:NativeNfcManager.cpp(5253)] startRfDiscovery: is exit=0
06-12 17:20:31.493  2997  2997 I libnfc_nci: [INFO:NativeNfcManager.cpp(2948)] nfcManager_enableDiscovery:UICC_LISTEN_MASK=0x07;
06-12 17:20:31.493  2997  2997 I libnfc_nci: [INFO:NativeNfcTag.cpp(2625)] nativeNfcTag_acquireRfInterfaceMutexLock: try to acquire lock
06-12 17:20:31.493  2997  2997 I libnfc_nci: [INFO:NativeNfcTag.cpp(2628)] nativeNfcTag_acquireRfInterfaceMutexLock: sRfInterfaceMutex lock
06-12 17:20:31.493  2997  2997 I libnfc_nci: [INFO:NativeNfcManager.cpp(5433)] stopPolling_rfDiscoveryDisabled: disable polling
06-12 17:20:31.493  2997  3359 I libnfc_nci: [INFO:NativeNfcManager.cpp(793)] nfaConnectionCallback: Connection Event = 1
06-12 17:20:31.493  2997  3359 I libnfc_nci: [INFO:NativeNfcManager.cpp(806)] nfaConnectionCallback: NFA_POLL_DISABLED_EVT: status = 0x3
06-12 17:20:31.493  2997  2997 I libnfc_nci: [INFO:NativeNfcTag.cpp(2643)] nativeNfcTag_releaseRfInterfaceMutexLock: sRfInterfaceMutex unlock
06-12 17:20:31.493  2403  2403 I GoogleInputMethodService: GoogleInputMethodService.onStartInput():1903 onStartInput(EditorInfo{inputType=0x0(NULL) imeOptions=0x0 privateImeOptions=null actionName=UNSPECIFIED actionLabel=null actionId=0 initialSelStart=-1 initialSelEnd=-1 initialCapsMode=0x0 hintText=null label=null packageName=com.motorola.motodisplay fieldId=-1 fieldName=null extras=null}, false)
06-12 17:20:31.493  2997  2997 I libnfc_nci: [INFO:NativeNfcManager.cpp(3073)] nfcManager_enableDiscovery: [listen2]uicc slot: 1
06-12 17:20:31.493  2997  2997 I libnfc_nci: [INFO:SecureElement.cpp(3062)] SecureElement::getEseHandleFromGenericId: enter; ESE-ID = 0x02
06-12 17:20:31.493  2997  2997 I libnfc_nci: [INFO:SecureElement.cpp(3083)] SecureElement::getEseHandleFromGenericId: enter; ESE-Handle = 0x402
06-12 17:20:31.493  2997  2997 I libnfc_nci: [INFO:NativeNfcManager.cpp(3088)] nfcManager_enableDiscovery: Disable p2pListening
06-12 17:20:31.493  2997  2997 I libnfc_nci: [INFO:PeerToPeer.cpp(1144)] PeerToPeer::enableP2pListening: enter isEnable: 0  mIsP2pListening: 0
06-12 17:20:31.494  2997  2997 I libnfc_nci: [INFO:PeerToPeer.cpp(1168)] PeerToPeer::enableP2pListening: exit; mIsP2pListening: 0
06-12 17:20:31.494  2997  3359 I libnfc_nci: [INFO:NativeNfcManager.cpp(793)] nfaConnectionCallback: Connection Event = 29
06-12 17:20:31.494  2997  3359 I libnfc_nci: [INFO:NativeNfcManager.cpp(1408)] nfaConnectionCallback: NFA_CE_UICC_LISTEN_CONFIGURED_EVT : status = 0x0
06-12 17:20:31.494  2997  3359 I libnfc_nci: [INFO:NativeNfcManager.cpp(793)] nfaConnectionCallback: Connection Event = 29
06-12 17:20:31.494  2997  3359 I libnfc_nci: [INFO:NativeNfcManager.cpp(1408)] nfaConnectionCallback: NFA_CE_UICC_LISTEN_CONFIGURED_EVT : status = 0x0
06-12 17:20:31.494  2997  2997 I libnfc_nci: [INFO:NativeNfcManager.cpp(5228)] startRfDiscovery: is start=1
06-12 17:20:31.494  2403  2403 I GoogleInputMethodService: GoogleInputMethodService.updateDeviceLockedStatus():2100 checkRepeatedly = true, unlocked = false
06-12 17:20:31.494  2997  2997 I libnfc_nci: [INFO:NativeNfcTag.cpp(2625)] nativeNfcTag_acquireRfInterfaceMutexLock: try to acquire lock
06-12 17:20:31.494  2997  2997 I libnfc_nci: [INFO:NativeNfcTag.cpp(2628)] nativeNfcTag_acquireRfInterfaceMutexLock: sRfInterfaceMutex lock
06-12 17:20:31.495  1152  1152 D         : GetInstance NFC config control: property value 
06-12 17:20:31.498  2403  2403 I ThemeUtil: ThemeUtil.refreshCachedPhenotypeFlags():229 Default theme may be changed.
06-12 17:20:31.500  2403  2403 I DeviceModeUtil: DeviceModeUtil.getDeviceMode():126 Get device mode phone by ui mode:1 and smallestScreenWidthDp:360
06-12 17:20:31.501  2403  2403 I NormalModeController: NormalModeController.getKeyboardBodyViewHolderPaddingBottom():111 currentPrimeKeyboardType:SOFT systemPaddingBottom:-1
06-12 17:20:31.504  1152  1152 D         : GetInstance NFC config control: property value 
06-12 17:20:31.504  2403  2403 I DeviceModeUtil: DeviceModeUtil.getDeviceMode():126 Get device mode phone by ui mode:1 and smallestScreenWidthDp:360
06-12 17:20:31.505  2403  2403 I chatty  : uid=10129(com.google.android.inputmethod.latin) identical 2 lines
06-12 17:20:31.507  2403  2403 I DeviceModeUtil: DeviceModeUtil.getDeviceMode():126 Get device mode phone by ui mode:1 and smallestScreenWidthDp:360
06-12 17:20:31.508  2997  3359 I libnfc_nci: [INFO:NativeNfcManager.cpp(793)] nfaConnectionCallback: Connection Event = 30
06-12 17:20:31.508  2997  3359 I libnfc_nci: [INFO:NativeNfcManager.cpp(814)] nfaConnectionCallback: NFA_RF_DISCOVERY_STARTED_EVT: status = 0x0
06-12 17:20:31.509  2997  2997 I libnfc_nci: [INFO:NativeNfcTag.cpp(2643)] nativeNfcTag_releaseRfInterfaceMutexLock: sRfInterfaceMutex unlock
06-12 17:20:31.509  2997  2997 I libnfc_nci: [INFO:NativeNfcManager.cpp(5253)] startRfDiscovery: is exit=1
06-12 17:20:31.509  2997  2997 I libnfc_nci: [INFO:PowerSwitch.cpp(277)] PowerSwitch::setModeOn(activated=0x1) : mCurrActivity=0x1
06-12 17:20:31.509  2997  2997 I libnfc_nci: [INFO:TransactionController.cpp(250)] transactionEnd: Enter
06-12 17:20:31.509  2997  2997 I libnfc_nci: [INFO:TransactionController.cpp(256)] transactionEnd: Transaction control timer killed
06-12 17:20:31.509  2997  2997 I libnfc_nci: [INFO:TransactionController.cpp(261)] transactionEnd: Transaction ended : 8 
06-12 17:20:31.509  2997  2997 I libnfc_nci: [INFO:NativeNfcManager.cpp(3140)] nfcManager_enableDiscovery: exit
06-12 17:20:31.510  2403  2403 I DeviceModeUtil: DeviceModeUtil.getDeviceMode():126 Get device mode phone by ui mode:1 and smallestScreenWidthDp:360
06-12 17:20:31.516  2403  2403 I DeviceModeUtil: DeviceModeUtil.getDeviceMode():126 Get device mode phone by ui mode:1 and smallestScreenWidthDp:360
06-12 17:20:31.517  2403  2403 I GoogleInputMethodService: GoogleInputMethodService.initializeKeyboardTheme():1381 Apply keyboard theme: theme_top2dp_stylesheet_materialdark_phone_builtin_material_dark.binarypb_port
06-12 17:20:31.531  2403  2403 I GoogleInputMethodService: GoogleInputMethodService.onCreateInputView():1794 onCreateInputView()
06-12 17:20:31.545  2403  2403 I DeviceModeUtil: DeviceModeUtil.getDeviceMode():126 Get device mode phone by ui mode:1 and smallestScreenWidthDp:360
06-12 17:20:31.547  2403  2403 I KeyboardViewUtil: KeyboardViewUtil.getKeyboardHeightRatio():168 systemKeyboardHeightRatio:1.000000; userKeyboardHeightRatio:1.000000.
06-12 17:20:31.554  2403  2403 I DeviceModeUtil: DeviceModeUtil.getDeviceMode():126 Get device mode phone by ui mode:1 and smallestScreenWidthDp:360
06-12 17:20:31.555  2403  2403 I AndroidIME: KeyboardViewManager.updateKeyboardBackgroundFrameVisibility():353 Set background frame visibility. old:8, new:8
06-12 17:20:31.555  2403  2403 I NormalModeController: NormalModeController.getKeyboardBodyViewHolderPaddingBottom():111 currentPrimeKeyboardType:SOFT systemPaddingBottom:-1
06-12 17:20:31.557  2403  2403 I NormalModeController: NormalModeController.getKeyboardBodyViewHolderPaddingBottom():111 currentPrimeKeyboardType:SOFT systemPaddingBottom:-1
06-12 17:20:31.586  2403  2403 I ShortcutsDataManager: AbstractContentDataManager.startImportContentTask():235 startImportContentTask()
06-12 17:20:31.588  2403  2535 I ShortcutsDataManager: AbstractContentDataManager$ImportContentTask.doInBackground():249 doInBackground()
06-12 17:20:31.588  2403  2535 I PersonalDictionaryDataHandler: PersonalDictionaryDataHandler.beginProcess():111 LanguageTags = [pt-BR]
06-12 17:20:31.590  3662  3901 I MediaCodec: (0xa7fb4400) stop
06-12 17:20:31.593  3662  3901 I MediaCodec: (0xa7fb4400) release
06-12 17:20:31.595  3391  3708 I Finsky  : [166] fhb.a(5): AIM: AppInfoManager-Perf > OnDeviceAppInfo > cacheHitCount=0, cacheMissCount=284. Missed  in cache (limit 10) : [com.android.hotwordenrollment.xgoogle, com.android.storagemanager, com.android.printspooler, com.github.marlowww.hidemocklocation, com.motorola.ccc.devicemanagement, com.qti.service.colorservice, com.google.ar.core, com.lmi.motorola.rescuesecurity, com.android.pacprocessor, com.motorola.omadm.service]
06-12 17:20:31.611  3662  3903 I MediaCodec: (0x92d1ac00) init name(OMX.google.vorbis.decoder)
06-12 17:20:31.613  3662  4698 I OMXClient: IOmx service obtained
06-12 17:20:31.614  1212  1376 I OMXMaster: makeComponentInstance(OMX.google.vorbis.decoder) in omx@1.0-service process
06-12 17:20:31.615  3662  4698 I MediaCodec: (0x92d1ac00) Component Allocated (OMX.google.vorbis.decoder)
06-12 17:20:31.615  3662  3903 I MediaCodec: (0x92d1ac00) configure surface(0x0) crypto(0x0) flags(0)
06-12 17:20:31.615  3662  3903 D MediaCodec: (0x92d1ac00) configure format: AMessage(what = 0x00000000) = {
06-12 17:20:31.615  3662  3903 D MediaCodec:       string mime = "audio/vorbis"
06-12 17:20:31.615  3662  3903 D MediaCodec:       int64_t durationUs = 1240770
06-12 17:20:31.615  3662  3903 D MediaCodec:       int32_t bitrate = 50000
06-12 17:20:31.615  3662  3903 D MediaCodec:       int32_t track-id = 1
06-12 17:20:31.615  3662  3903 D MediaCodec:       int32_t channel-count = 1
06-12 17:20:31.615  3662  3903 D MediaCodec:       int32_t sample-rate = 22050
06-12 17:20:31.615  3662  3903 D MediaCodec:       Buffer csd-0 = {
06-12 17:20:31.615  3662  3903 D MediaCodec:         00000000:  01 76 6f 72 62 69 73 00  00 00 00 01 22 56 00 00  .vorbis....."V..
06-12 17:20:31.615  3662  3903 D MediaCodec:         00000010:  00 00 00 00 50 c3 00 00  00 00 00 00 a9 01        ....P.........
06-12 17:20:31.615  3662  3903 D MediaCodec:       }
06-12 17:20:31.615  3662  3903 D MediaCodec:       Buffer *csd-1 = 0xafea0688
06-12 17:20:31.615  3662  3903 D MediaCodec:     }
06-12 17:20:31.616  1212  1376 E OMXNodeInstance: getConfig(0xa9029900:google.vorbis.decoder, ConfigAndroidVendorExtension(0x6f100004)) ERROR: Undefined(0x80001001)
06-12 17:20:31.617  3662  3903 I MediaCodec: (0x92d1ac00) start
06-12 17:20:31.620  1031  1031 W AshmemAllocator: ashmem_create_region(32768) returning hidl_memory(0xb1218160, 32768)
06-12 17:20:31.621  2576  2576 I DaxServiceBooter: onReceive()
06-12 17:20:31.621  2576  2576 D DaxServiceBooter: onReceive, action: android.intent.action.BOOT_COMPLETED
06-12 17:20:31.621  1031  1031 W AshmemAllocator: ashmem_create_region(32768) returning hidl_memory(0xb1218160, 32768)
06-12 17:20:31.622  1031  1031 W AshmemAllocator: ashmem_create_region(32768) returning hidl_memory(0xb1218160, 32768)
06-12 17:20:31.622  2403  2535 I ShortcutsDataManager: AbstractContentDataManager.importRecords():339 importRecords() : Success : Count = 0
06-12 17:20:31.623  1031  1031 W AshmemAllocator: ashmem_create_region(32768) returning hidl_memory(0xb1218160, 32768)
06-12 17:20:31.627  2576  2576 I DaxService: onCreate(), mUserId0
06-12 17:20:31.627  1031  1031 W AshmemAllocator: ashmem_create_region(32768) returning hidl_memory(0xb1218160, 32768)
06-12 17:20:31.630  1031  1031 W AshmemAllocator: ashmem_create_region(32768) returning hidl_memory(0xb1218160, 32768)
06-12 17:20:31.631  2576  2576 I android_os_HwBinder: HwBinder: Starting thread pool for default::vendor.dolby.hardware.dms@1.0::IDms
06-12 17:20:31.631  3662  4698 I MediaCodec: (0x92d1ac00) kWhatStartCompleted
06-12 17:20:31.632  2576  2576 D DaxService: initDolbyHidlClient, register native listeners
06-12 17:20:31.633  1057  1057 I DMSService: registerClient type = 3, uid = 96f3de9
06-12 17:20:31.633  1057  1057 V DolbyManagerService: registerClient() client 0xb41a2780, uid 158285292
06-12 17:20:31.633  1057  1100 D DolbyManagerService: onDapParamUpdate DsManager onDapParamUpdate()
06-12 17:20:31.633  2576  2576 D DaxService: checkAndInitDolbyInstance, DolbyAudioEffect needs to be reinitialized
06-12 17:20:31.635  2576  4702 D DaxService: onDapParamUpdate()
06-12 17:20:31.637  2403  2535 I ShortcutsDataManager: AbstractContentDataManager.importContentData():289 importContentData() : Ending import process
06-12 17:20:31.637  1057  1100 D DolbyManagerService: onDapParamUpdate DsManager onDapParamUpdate()
06-12 17:20:31.637  1031  1031 W AshmemAllocator: ashmem_create_region(32768) returning hidl_memory(0xb1218160, 32768)
06-12 17:20:31.639  1031  1031 W AshmemAllocator: ashmem_create_region(32768) returning hidl_memory(0xb1218160, 32768)
06-12 17:20:31.640  1078  1078 D PermissionCache: checking android.permission.MODIFY_AUDIO_SETTINGS for uid=10135 => granted (315 us)
06-12 17:20:31.640  3662  4698 D MediaCodec: (0x92d1ac00) kWhatOutputBuffersChanged
06-12 17:20:31.644  2576  2576 W DolbyAudioEffect: WARNING: attaching a DolbyAudioEffect to global output mix is deprecated!
06-12 17:20:31.645  3662  4698 D MediaCodec: (0x92d1ac00) [OMX.google.vorbis.decoder] output format changed to: AMessage(what = 0x00000000) = {
06-12 17:20:31.645  3662  4698 D MediaCodec:       string mime = "audio/raw"
06-12 17:20:31.645  3662  4698 D MediaCodec:       int32_t channel-count = 1
06-12 17:20:31.645  3662  4698 D MediaCodec:       int32_t sample-rate = 22050
06-12 17:20:31.645  3662  4698 D MediaCodec:       int32_t pcm-encoding = 2
06-12 17:20:31.645  3662  4698 D MediaCodec:     }
06-12 17:20:31.646  2576  2576 D DaxService: waitForDolbyControl waiting Dolby recovers the control
06-12 17:20:31.690  4080  4153 I GnpSdk  : [GrowthKitBootCompletedListener] GrowthKit enabled by flag, registered to Phenotype and schedule jobs.
06-12 17:20:31.691  2403  2535 I PersonalLanguageModelUpdater: PersonalLanguageModelUpdater$UpdateOperation.performInternal():160 run() : Added 0 words and 0 shortcuts
06-12 17:20:31.694  4080  4172 W DynamiteModule: Local module descriptor class for com.google.android.gms.providerinstaller.dynamite not found.
06-12 17:20:31.695  4080  4080 D WM-RescheduleReceiver: Received intent Intent { act=android.intent.action.BOOT_COMPLETED flg=0x9000010 cmp=com.google.android.apps.messaging/androidx.work.impl.background.systemalarm.RescheduleReceiver (has extras) }
06-12 17:20:31.696  2403  2535 I DynamicLanguageModelOperation: DynamicLanguageModelOperation.perform():38 perform() : 4 : cac : Completed
06-12 17:20:31.701  2403  2403 I ShortcutsDataManager: AbstractContentDataManager$ImportContentTask.onPostExecute():260 onPostExecute() : Result = [2,0]
06-12 17:20:31.701  2403  2403 I ShortcutsDataManager: ShortcutsDataManager.onImportFinished():80 onImportFinished() : Result = 2 : Count = 0
06-12 17:20:31.711  2959  4499 W ProviderHelper: Unknown dynamite feature providerinstaller.dynamite
06-12 17:20:31.721  4080  4172 I DynamiteModule: Considering local module com.google.android.gms.providerinstaller.dynamite:0 and remote module com.google.android.gms.providerinstaller.dynamite:0
06-12 17:20:31.721  4080  4172 W ProviderInstaller: Failed to load providerinstaller module: No acceptable module com.google.android.gms.providerinstaller.dynamite found. Local version is 0 and remote version is 0.
06-12 17:20:31.739  3391  3793 I Finsky  : [171] fet.apply(84): AIM: Got app ownership map. App counts: 97. Unique apps: 97
06-12 17:20:31.748  2576  2576 D DaxService: waitForDolbyControl waiting Dolby recovers the control
06-12 17:20:31.749  4080  4172 I .apps.messagin: The ClassLoaderContext is a special shared library.
06-12 17:20:31.752  4080  4172 I .apps.messagin: The ClassLoaderContext is a special shared library.
06-12 17:20:31.752  3662  3903 I MediaCodec: (0x92d1ac00) stop
06-12 17:20:31.756  4080  4172 I .apps.messagin: The ClassLoaderContext is a special shared library.
06-12 17:20:31.757  3662  3903 I MediaCodec: (0x92d1ac00) release
06-12 17:20:31.788  3391  3726 I Finsky  : [168] rge.accept(45): SCH: Scheduling phonesky job Id: 37-47, CT: 1655065231720, Constraints: [{ L: 0, D: 82800000, C: 1, I: 1, N: 1 }, { L: 0, D: 0, C: 1, I: 1, N: 0 }]
06-12 17:20:31.831  2692  2692 I MotoDisplay: Animations disabled: true
06-12 17:20:31.831  2692  2692 I chatty  : uid=10073(com.motorola.motodisplay) identical 2 lines
06-12 17:20:31.832  2692  2692 I MotoDisplay: Animations disabled: true
06-12 17:20:31.842  2692  4707 E SensorManager: sensor or listener is null
06-12 17:20:31.844  2692  4710 E SensorManager: sensor or listener is null
06-12 17:20:31.848  2576  2576 D DaxService: waitForDolbyControl waiting Dolby recovers the control
06-12 17:20:31.849  2692  3212 I MotoDisplay: Glance register result: true for sensor: {Sensor name="Moto Glance Gesture:Approach", vendor="Motorola", version=2, type=65555, maxRange=1.0, resolution=1.0, power=0.001, minDelay=0}
06-12 17:20:31.874  3391  3726 I Finsky  : [168] rgc.apply(60): SCH: Scheduling 1 system job(s)
06-12 17:20:31.875  3391  3726 I Finsky  : [168] rgc.apply(66): SCH: Scheduling system job Id: 9714, L: 0, D: 0, C: false, I: false, N: 0
06-12 17:20:31.880  3391  3391 I Finsky  : [2] roa.onStartJob(4): SCH: job service start with id 9714.
06-12 17:20:31.911  4080  4372 I BugleNotifications: Silently refreshing notifications after Boot/Package replacement
06-12 17:20:31.930  2692  2692 E RecyclerView: No adapter attached; skipping layout
06-12 17:20:31.931  4080  4172 V NativeCrypto: Registering com/google/android/gms/org/conscrypt/NativeCrypto's 295 native methods...
06-12 17:20:31.948  2576  2576 D DaxService: waitForDolbyControl waiting Dolby recovers the control
06-12 17:20:31.979  4080  4172 D NetworkSecurityConfig: No Network Security Config specified, using platform default
06-12 17:20:31.985  4080  4172 I ProviderInstaller: Installed default security provider GmsCore_OpenSSL
06-12 17:20:31.995  1885  3242 W ActivityManager: Receiver with filter android.content.IntentFilter@1f8ad0d already registered for pid 2692, callerPackage is com.motorola.motodisplay
06-12 17:20:32.018  1892  1893 D LSPosed : zygisk_main.cpp:362#void lspd::CompanionEntry(int): Got cache with fd=7 size=12
06-12 17:20:32.018  3391  3664 I Finsky  : [163] rml.a(64): SCH: Satisfied jobs for 9714 are: 37-47
06-12 17:20:32.019  4713  4713 D LSPosed : symbol_cache.cpp:55#void lspd::InitSymbolCache(lspd::SymbolCache *): InitSymbolCache
06-12 17:20:32.019  4713  4713 D LSPosed : symbol_cache.cpp:57#void lspd::InitSymbolCache(lspd::SymbolCache *): Already initialized
06-12 17:20:32.022  1885  2125 I ActivityManager: Start proc 4713:com.motorola.timeweatherwidget/u0a95 for content provider com.motorola.timeweatherwidget/com.motorola.commandcenter.weather.provider.WeatherProvider
06-12 17:20:32.049  2576  2576 D DaxService: waitForDolbyControl waiting Dolby recovers the control
06-12 17:20:32.091  4080  4173 W .apps.messagin: Unsupported class loader
06-12 17:20:32.095  4080  4173 W .apps.messagin: Skipping duplicate class check due to unsupported classloader
06-12 17:20:32.105  4713  4713 E meweatherwidge: Not starting debugger since process cannot load the jdwp agent.
06-12 17:20:32.105  4080  4173 I DynamiteModule: Considering local module com.google.android.gms.cronet_dynamite:0 and remote module com.google.android.gms.cronet_dynamite:1411
06-12 17:20:32.105  4080  4173 I DynamiteModule: Selected remote version of com.google.android.gms.cronet_dynamite, version >= 1411
06-12 17:20:32.106  4080  4173 V DynamiteModule: Dynamite loader version >= 2, using loadModule2NoCrashUtils
06-12 17:20:32.108  4713  4713 D LSPosed : magisk_loader.cpp:231#void lspd::MagiskLoader::OnNativeForkAndSpecializePost(JNIEnv *, jstring): skipped com.motorola.timeweatherwidget
06-12 17:20:32.121  4080  4152 D MddListenableWorkerFactory: createWorker for class: com.google.android.apps.messaging.shared.datamodel.workqueue.WorkQueueWorkerShim
06-12 17:20:32.149  2576  2576 D DaxService: waitForDolbyControl waiting Dolby recovers the control
06-12 17:20:32.152  4713  4713 I meweatherwidge: The ClassLoaderContext is a special shared library.
06-12 17:20:32.154  4713  4713 I chatty  : uid=10095(com.motorola.timeweatherwidget) identical 1 line
06-12 17:20:32.163  4713  4713 I meweatherwidge: The ClassLoaderContext is a special shared library.
06-12 17:20:32.181  4080  4173 W .apps.messagin: Unsupported class loader
