06-14 01:29:11.708  1143  1143 E mm-camera: <IMGLIB><ERROR> 209: faceproc_hw_comp_get_fd_device_name: Can not discover face-detect device
06-14 01:29:11.708  1143  1143 E mm-camera: <IMGLIB><ERROR> 4710: faceproc_hw_comp_load: Can not find device name
06-14 01:29:11.711  1495  1495 I dex2oat : Explicit concurrent copying GC freed 101(94KB) AllocSpace objects, 0(0B) LOS objects, 98% free, 15KB/1551KB, paused 56us total 5.805ms
06-14 01:29:11.715  1047  1047 D ACDB-LOADER: ACDB -> acdb_loader_send_common_custom_topology: Common custom topology in use
06-14 01:29:11.715  1047  1047 D ACDB-LOADER: ACDB -> init done!
06-14 01:29:11.715  1047  1047 D msm8974_platform: ACDB initialized
06-14 01:29:11.716  1047  1047 E msm8974_platform: init_be_dai_name_table: Could not get ctl for mixer name Backend DAI Name Table
06-14 01:29:11.719  1047  1047 I audio_mot_sp: audio_extn_spkr_prot_calib_init: Speaker Protection(OSPL) cal para loaded on this device
06-14 01:29:11.722  1495  1495 I dex2oat : Explicit concurrent copying GC freed 44(94KB) AllocSpace objects, 0(0B) LOS objects, 98% free, 17KB/1553KB, paused 56us total 5.659ms
06-14 01:29:11.730  1143  1143 E mm-camera: <IMGLIB><ERROR> 1168: frameproc_comp_reload_lib: frameproc_comp_reload_lib:1168] Error opening frameproc library libmmcamera_chromaflash_lib.so error dlopen failed: library "libchromaflash.so" not found
06-14 01:29:11.730  1143  1143 E mm-camera: <IMGLIB><ERROR> 1037: frameproc_comp_load: frameproc_comp_load:1037] cannot load libmmcamera_chromaflash_lib.so
06-14 01:29:11.730  1143  1143 E mm-camera: <IMGLIB><ERROR> 3113: module_imgbase_init: module_imgbase_init_imglib_chroma_flash:3113] Error rc -7
06-14 01:29:11.730  1143  1143 E mm-camera: <IMGLIB><ERROR> 744: module_imglib_create_topology: module_imglib_create_topology:744] Can not init the module imglib_chroma_flash
06-14 01:29:11.732  1047  1047 W audio_hw_primary: adev_open: DLOPEN failed for /vendor/lib/soundfx/libqcompostprocbundle.so
06-14 01:29:11.732  1143  1143 E mm-camera: <IMGLIB><ERROR> 1168: frameproc_comp_reload_lib: frameproc_comp_reload_lib:1168] Error opening frameproc library libmmcamera_optizoom_lib.so error dlopen failed: library "liboptizoom.so" not found
06-14 01:29:11.732  1143  1143 E mm-camera: <IMGLIB><ERROR> 1037: frameproc_comp_load: frameproc_comp_load:1037] cannot load libmmcamera_optizoom_lib.so
06-14 01:29:11.732  1143  1143 E mm-camera: <IMGLIB><ERROR> 3113: module_imgbase_init: module_imgbase_init_imglib_optizoom:3113] Error rc -7
06-14 01:29:11.732  1143  1143 E mm-camera: <IMGLIB><ERROR> 744: module_imglib_create_topology: module_imglib_create_topology:744] Can not init the module imglib_optizoom
06-14 01:29:11.732  1047  1047 W audio_hw_primary: adev_open: DLOPEN failed for libadm.so
06-14 01:29:11.732  1047  1047 D MotCaptureProcessor: audio_extn_motcp_init()
06-14 01:29:11.734  1047  1047 V msm8974_platform: platform_get_output_snd_device: enter: output devices(0x2)
06-14 01:29:11.734  1047  1047 V msm8974_platform: platform_get_output_snd_device: exit: snd_device(speaker)
06-14 01:29:11.734  1047  1047 D audio_hw_primary: select_devices: changing use case deep-buffer-playback output device from(0: none, acdb -1) to (2: speaker, acdb 14)
06-14 01:29:11.734  1047  1047 V msm8974_platform: platform_get_backend_index:napb: backend port - 0 device - 2 
06-14 01:29:11.734  1047  1047 V msm8974_platform: platform_check_and_set_playback_backend_cfg: usecase->stream.out->config.format (0)
06-14 01:29:11.734  1047  1047 V msm8974_platform: platform_check_and_set_playback_backend_cfg:becf: afe: bitwidth 16, samplerate 0 channels 0, backend_idx 0 usecase = 0 device (speaker)
06-14 01:29:11.734  1047  1047 V msm8974_platform: platform_check_and_set_playback_backend_cfg: new_snd_devices[0] is 2
06-14 01:29:11.734  1047  1047 V msm8974_platform: platform_get_backend_index:napb: backend port - 0 device - 2 
06-14 01:29:11.734  1047  1047 V msm8974_platform: platform_check_playback_backend_cfg:becf: afe: bitwidth 16, samplerate 0 channels 0, backend_idx 0 usecase = 0 device (speaker)
06-14 01:29:11.734  1047  1047 V msm8974_platform: platform_check_playback_backend_cfg:becf: afe: Codec selected backend: 0 updated bit width: 16 andsample rate: 48000
06-14 01:29:11.734  1047  1047 V msm8974_platform: platform_send_audio_calibration: sending audio calibration for snd_device(2) acdb_id(14)
06-14 01:29:11.734  1047  1047 D ACDB-LOADER: ACDB -> send_audio_cal, acdb_id = 14, path = 0, app id = 0x11130, sample rate = 48000
06-14 01:29:11.734  1047  1047 D ACDB-LOADER: ACDB -> send_asm_topology
06-14 01:29:11.734  1047  1047 D ACDB-LOADER: ACDB -> ACDB_CMD_GET_AUDPROC_STREAM_TOPOLOGY_ID
06-14 01:29:11.734  1047  1047 D ACDB-LOADER: ACDB -> send_adm_topology
06-14 01:29:11.734  1047  1047 D ACDB-LOADER: ACDB -> ACDB_CMD_GET_AUDPROC_COMMON_TOPOLOGY_ID
06-14 01:29:11.734  1143  1143 E mm-camera: <IMGLIB><ERROR> 1168: frameproc_comp_reload_lib: frameproc_comp_reload_lib:1168] Error opening frameproc library libmmcamera_ubifocus_lib.so error dlopen failed: library "libubifocus.so" not found
06-14 01:29:11.734  1047  1047 D ACDB-LOADER: ACDB -> send_audtable
06-14 01:29:11.734  1047  1047 D ACDB-LOADER: ACDB -> ACDB_CMD_GET_AUDPROC_COMMON_TABLE_SIZE
06-14 01:29:11.734  1143  1143 E mm-camera: <IMGLIB><ERROR> 1037: frameproc_comp_load: frameproc_comp_load:1037] cannot load libmmcamera_ubifocus_lib.so
06-14 01:29:11.734  1047  1047 D         : ACDBFILE_MGR:Read the devices count as zero, please check the acdb file
06-14 01:29:11.734  1143  1143 E mm-camera: <IMGLIB><ERROR> 3113: module_imgbase_init: module_imgbase_init_imglib_ubifocus:3113] Error rc -7
06-14 01:29:11.734  1047  1047 D ACDB-LOADER: ACDB -> ACDB_CMD_GET_AUDPROC_COMMON_TABLE
06-14 01:29:11.734  1143  1143 E mm-camera: <IMGLIB><ERROR> 744: module_imglib_create_topology: module_imglib_create_topology:744] Can not init the module imglib_ubifocus
06-14 01:29:11.734  1047  1047 D         : ACDBFILE_MGR:Read the devices count as zero, please check the acdb file
06-14 01:29:11.734  1047  1047 D ACDB-LOADER: ACDB -> AUDIO_SET_AUDPROC_CAL
06-14 01:29:11.734  1047  1047 D ACDB-LOADER: ACDB -> send_audvoltable
06-14 01:29:11.734  1047  1047 D ACDB-LOADER: ACDB -> ACDB_CMD_GET_AUDPROC_VOL_STEP_TABLE_SIZE
06-14 01:29:11.734  1047  1047 D         : ACDBFILE_MGR:Read the devices count as zero, please check the acdb file
06-14 01:29:11.734  1047  1047 D ACDB-LOADER: ACDB -> ACDB_CMD_GET_AUDPROC_GAIN_DEP_STEP_TABLE, vol index 0
06-14 01:29:11.734  1047  1047 D         : ACDBFILE_MGR:Read the devices count as zero, please check the acdb file
06-14 01:29:11.734  1047  1047 D ACDB-LOADER: ACDB -> AUDIO_SET_VOL_CAL cal type = 12
06-14 01:29:11.734  1047  1047 D ACDB-LOADER: ACDB -> ACDB_CMD_GET_AUDPROC_STREAM_TABLE_SIZE
06-14 01:29:11.734  1047  1047 D ACDB-LOADER: ACDB -> send_audstrmtable
06-14 01:29:11.734  1047  1047 D ACDB-LOADER: ACDB -> ACDB_CMD_GET_AUDPROC_STREAM_TABLE_V2
06-14 01:29:11.734  1047  1047 D ACDB-LOADER: ACDB -> audstrm_cal->cal_type.cal_data.cal_size = 16
06-14 01:29:11.734  1047  1047 D ACDB-LOADER: ACDB -> send_afe_topology
06-14 01:29:11.734  1047  1047 D ACDB-LOADER: ACDB -> ACDB_CMD_GET_AFE_TOPOLOGY_ID
06-14 01:29:11.734  1047  1047 D ACDB-LOADER: ACDB -> GET_AFE_TOPOLOGY_ID for adcd_id 14, Topology Id 112fc
06-14 01:29:11.734  1047  1047 D ACDB-LOADER: ACDB -> send_afe_cal
06-14 01:29:11.734  1047  1047 D ACDB-LOADER: ACDB -> ACDB_CMD_GET_AFE_COMMON_TABLE_SIZE
06-14 01:29:11.734  1047  1047 D         : ACDBFILE_MGR:Read the devices count as zero, please check the acdb file
06-14 01:29:11.734  1047  1047 D         : Failed to fetch the lookup information of the device 0000000E 
06-14 01:29:11.734  1047  1047 E ACDB-LOADER: Error: ACDB_CMD_GET_AFE_COMMON_TABLE_SIZE Returned = -19
06-14 01:29:11.734  1047  1047 D ACDB-LOADER: ACDB -> ACDB_CMD_GET_AFE_COMMON_TABLE
06-14 01:29:11.734  1047  1047 D         : ACDBFILE_MGR:Read the devices count as zero, please check the acdb file
06-14 01:29:11.734  1047  1047 D         : Failed to fetch the lookup information of the device 0000000E 
06-14 01:29:11.734  1047  1047 E ACDB-LOADER: Error: ACDB AFE returned = -19
06-14 01:29:11.734  1047  1047 D ACDB-LOADER: ACDB -> AUDIO_SET_AFE_CAL
06-14 01:29:11.735  1047  1047 D ACDB-LOADER: ACDB -> send_hw_delay : acdb_id = 14 path = 0
06-14 01:29:11.735  1047  1047 D ACDB-LOADER: ACDB -> ACDB_AVSYNC_INFO: ACDB_CMD_GET_DEVICE_PROPERTY
06-14 01:29:11.735  1047  1047 I audio_mot_sp: audio_extn_mot_spkr_send_cal: OSPL spkr calibration data [237742, 16] temperature [27], mixer ctrl: OSPL Rx temp_cal
06-14 01:29:11.735  1143  1143 E mm-camera: <IMGLIB><ERROR> 1168: frameproc_comp_reload_lib: frameproc_comp_reload_lib:1168] Error opening frameproc library libmmcamera_ubifocus_lib.so error dlopen failed: library "libubifocus.so" not found
06-14 01:29:11.735  1143  1143 E mm-camera: <IMGLIB><ERROR> 1037: frameproc_comp_load: frameproc_comp_load:1037] cannot load libmmcamera_ubifocus_lib.so
06-14 01:29:11.735  1143  1143 E mm-camera: <IMGLIB><ERROR> 3113: module_imgbase_init: module_imgbase_init_imglib_refocus:3113] Error rc -7
06-14 01:29:11.735  1143  1143 E mm-camera: <IMGLIB><ERROR> 744: module_imglib_create_topology: module_imglib_create_topology:744] Can not init the module imglib_refocus
06-14 01:29:11.739  1143  1143 E mm-camera: <IMGLIB><ERROR> 1168: frameproc_comp_reload_lib: frameproc_comp_reload_lib:1168] Error opening frameproc library libmmcamera_trueportrait_lib.so error dlopen failed: library "libtrueportrait.so" not found
06-14 01:29:11.739  1143  1143 E mm-camera: <IMGLIB><ERROR> 1037: frameproc_comp_load: frameproc_comp_load:1037] cannot load libmmcamera_trueportrait_lib.so
06-14 01:29:11.739  1143  1143 E mm-camera: <IMGLIB><ERROR> 3113: module_imgbase_init: module_imgbase_init_imglib_trueportrait:3113] Error rc -7
06-14 01:29:11.739  1143  1143 E mm-camera: <IMGLIB><ERROR> 744: module_imglib_create_topology: module_imglib_create_topology:744] Can not init the module imglib_trueportrait
06-14 01:29:11.741  1143  1143 E mm-camera: <IMGLIB><ERROR> 1168: frameproc_comp_reload_lib: frameproc_comp_reload_lib:1168] Error opening frameproc library libmmcamera_stillmore_lib.so error dlopen failed: library "libseemore.so" not found
06-14 01:29:11.741  1143  1143 E mm-camera: <IMGLIB><ERROR> 1037: frameproc_comp_load: frameproc_comp_load:1037] cannot load libmmcamera_stillmore_lib.so
06-14 01:29:11.741  1143  1143 E mm-camera: <IMGLIB><ERROR> 3113: module_imgbase_init: module_imgbase_init_imglib_stillmore:3113] Error rc -7
06-14 01:29:11.741  1143  1143 E mm-camera: <IMGLIB><ERROR> 744: module_imglib_create_topology: module_imglib_create_topology:744] Can not init the module imglib_stillmore
06-14 01:29:11.741  1143  1143 E mm-camera: <IMGLIB><ERROR> 744: module_imglib_create_topology: module_imglib_create_topology:744] Can not init the module imglib_oem1
06-14 01:29:11.741  1143  1143 I mm-camera: <MCT   >< INFO> 170: server_process_module_init: CAMERA_DAEMON: init mods done
06-14 01:29:11.742  1665  1665 E QCamera : <MCI><ERROR> get_num_of_cameras: 1974: dev_info[id=0,name='video1']
06-14 01:29:11.742  1665  1665 E QCamera : <MCI><ERROR> get_num_of_cameras: 1974: dev_info[id=1,name='video2']
06-14 01:29:11.742  1665  1665 E QCamera : <MCI><ERROR> get_num_of_cameras: 1974: dev_info[id=2,name='video3']
06-14 01:29:11.742  1665  1665 I QCamera : <MCI><INFO> sort_camera_info: 1724: YUV Aux camera exposed 0
06-14 01:29:11.742  1665  1665 I QCamera : <MCI><INFO> sort_camera_info: 1801: Camera id: 0 facing: 0, type: 1 is_yuv: 0
06-14 01:29:11.742  1665  1665 I QCamera : <MCI><INFO> sort_camera_info: 1801: Camera id: 1 facing: 1, type: 0 is_yuv: 0
06-14 01:29:11.742  1665  1665 I QCamera : <MCI><INFO> sort_camera_info: 1801: Camera id: 2 facing: 0, type: 2 is_yuv: 0
06-14 01:29:11.742  1665  1665 I QCamera : <MCI><INFO> sort_camera_info: 1804: Number of cameras 3 sorted 3
06-14 01:29:11.742  1665  1665 I QCamera : <MCI><INFO> get_num_of_cameras: 2006: num_cameras=3
06-14 01:29:11.742  1665  1665 I MOTCamProvider@2.4-impl: Loaded "QCamera Module" camera module
06-14 01:29:11.744  1495  1495 I dex2oat : Explicit concurrent copying GC freed 24(14KB) AllocSpace objects, 0(0B) LOS objects, 98% free, 19KB/1555KB, paused 58us total 9.572ms
06-14 01:29:11.744  1665  1665 I QCamera : <HAL><INFO> getCameraInfo: 369: Camera id 0 API version 768
06-14 01:29:11.744  1665  1665 I QCameraHalWatchdog: Starting Watchdog Thread...
06-14 01:29:11.746  1143  1143 I mm-camera: < INFO> 395: enable_memleak_trace: start memleak tracking.
06-14 01:29:11.747  1143  1143 I mm-camera: <MCT   >< INFO> 70: mct_controller_new: Creating new mct_controller with session-id 1
06-14 01:29:11.747  1143  1768 I mm-camera: <MCT   >< INFO> 6452: mct_pipeline_start_session_thread: E sensor
06-14 01:29:11.748  1143  1768 I mm-camera: <MCT   >< INFO> 6459: mct_pipeline_start_session_thread: Calling start_session on Module sensor
06-14 01:29:11.748  1143  1769 I mm-camera: <MCT   >< INFO> 6452: mct_pipeline_start_session_thread: E iface
06-14 01:29:11.748  1143  1769 I mm-camera: <MCT   >< INFO> 6459: mct_pipeline_start_session_thread: Calling start_session on Module iface
06-14 01:29:11.748  1143  1771 I mm-camera: <MCT   >< INFO> 6452: mct_pipeline_start_session_thread: E isp
06-14 01:29:11.748  1143  1771 I mm-camera: <MCT   >< INFO> 6459: mct_pipeline_start_session_thread: Calling start_session on Module isp
06-14 01:29:11.748  1143  1771 I mm-camera: <ISP   >< INFO> 205: isp_module_start_session: session id 1
06-14 01:29:11.750  1143  1772 I mm-camera: <MCT   >< INFO> 6452: mct_pipeline_start_session_thread: E stats
06-14 01:29:11.750  1143  1769 I mm-camera: <MCT   >< INFO> 6462: mct_pipeline_start_session_thread: Module iface start_session rc = 1
06-14 01:29:11.750  1143  1772 I mm-camera: <MCT   >< INFO> 6459: mct_pipeline_start_session_thread: Calling start_session on Module stats
06-14 01:29:11.751  1143  1769 I mm-camera: <MCT   >< INFO> 6470: mct_pipeline_start_session_thread: started_num = 1, success = 1
06-14 01:29:11.751  1143  1774 I mm-camera: <MCT   >< INFO> 6452: mct_pipeline_start_session_thread: E pproc
06-14 01:29:11.751  1143  1769 I mm-camera: <MCT   >< INFO> 6477: mct_pipeline_start_session_thread: X iface
06-14 01:29:11.751  1143  1774 I mm-camera: <MCT   >< INFO> 6459: mct_pipeline_start_session_thread: Calling start_session on Module pproc
06-14 01:29:11.752  1143  1775 I mm-camera: <MCT   >< INFO> 6452: mct_pipeline_start_session_thread: E imglib
06-14 01:29:11.752  1143  1775 I mm-camera: <MCT   >< INFO> 6459: mct_pipeline_start_session_thread: Calling start_session on Module imglib
06-14 01:29:11.753  1143  1775 I mm-camera: <MCT   >< INFO> 6462: mct_pipeline_start_session_thread: Module imglib start_session rc = 1
06-14 01:29:11.753  1143  1775 I mm-camera: <MCT   >< INFO> 6470: mct_pipeline_start_session_thread: started_num = 2, success = 2
06-14 01:29:11.753  1143  1775 I mm-camera: <MCT   >< INFO> 6477: mct_pipeline_start_session_thread: X imglib
06-14 01:29:11.755  1189  1412 I ServiceManager: Waiting for service 'package_native' on '/dev/binder'...
06-14 01:29:11.756  1143  1774 I mm-camera: <MCT   >< INFO> 6462: mct_pipeline_start_session_thread: Module pproc start_session rc = 1
06-14 01:29:11.756  1143  1774 I mm-camera: <MCT   >< INFO> 6470: mct_pipeline_start_session_thread: started_num = 3, success = 3
06-14 01:29:11.756  1143  1774 I mm-camera: <MCT   >< INFO> 6477: mct_pipeline_start_session_thread: X pproc
06-14 01:29:11.757  1495  1495 I dex2oat : Explicit concurrent copying GC freed 56(62KB) AllocSpace objects, 0(0B) LOS objects, 98% free, 21KB/1557KB, paused 107us total 6.541ms
06-14 01:29:11.757  1143  1768 I mm-camera: <MCT   >< INFO> 6462: mct_pipeline_start_session_thread: Module sensor start_session rc = 1
06-14 01:29:11.757  1143  1770 I mm-camera: <SENSOR>< INFO> 130: module_sensor_offload_init_config: E OFFLOAD_FUNC sensor name: mot_ov12a10
06-14 01:29:11.758  1143  1768 I mm-camera: <MCT   >< INFO> 6470: mct_pipeline_start_session_thread: started_num = 4, success = 4
06-14 01:29:11.758  1143  1768 I mm-camera: <MCT   >< INFO> 6477: mct_pipeline_start_session_thread: X sensor
06-14 01:29:11.758  1143  1770 I mm-camera: <SENSOR>< INFO> 1070: sensor_init: E SENSOR_INIT
06-14 01:29:11.761  1437  1643 D BootAnimation: Parsed Video[0] minPlays=1 repeat=0
06-14 01:29:11.764  1143  1772 E libsensor1: check_sensors_enabled: Sensors enabled = true
06-14 01:29:11.764  1143  1771 I mm-camera: <MCT   >< INFO> 6462: mct_pipeline_start_session_thread: Module isp start_session rc = 1
06-14 01:29:11.764  1143  1771 I mm-camera: <MCT   >< INFO> 6470: mct_pipeline_start_session_thread: started_num = 5, success = 5
06-14 01:29:11.764  1143  1771 I mm-camera: <MCT   >< INFO> 6477: mct_pipeline_start_session_thread: X isp
06-14 01:29:11.764  1143  1772 E Diag_Lib:  Diag_LSM_Init: Failed to open handle to diag driver, error = 13
06-14 01:29:11.765  1143  1772 E mm-camera: <STATS_AIS ><ERROR> 173: dsps_send_req: DSPS Send Request Timeout!!
06-14 01:29:11.766  1143  1772 I mm-camera: <MCT   >< INFO> 6462: mct_pipeline_start_session_thread: Module stats start_session rc = 1
06-14 01:29:11.766  1143  1772 I mm-camera: <MCT   >< INFO> 6470: mct_pipeline_start_session_thread: started_num = 6, success = 6
06-14 01:29:11.766  1143  1772 I mm-camera: <MCT   >< INFO> 6477: mct_pipeline_start_session_thread: X stats
06-14 01:29:11.770  1495  1495 I dex2oat : Explicit concurrent copying GC freed 20(30KB) AllocSpace objects, 0(0B) LOS objects, 98% free, 23KB/1559KB, paused 62us total 6.685ms
06-14 01:29:11.774  1140  1242 D QC-time-services: Daemon:genoff_wlan_qmi_service_request: qmi_client_get_service_list returned -2num_services 0
06-14 01:29:11.782  1143  1143 I mm-camera: <MCT   >< INFO> 6373: mct_pipeline_start_stream_internal: Adding session stream streamid= 0xf for session=1
06-14 01:29:11.782  1143  1143 I mm-camera: <MCT   >< INFO> 6421: mct_pipeline_start_stream_internal: Linking session stream for session 1
06-14 01:29:11.782  1143  1143 I mm-camera: <MCT   >< INFO> 571: mct_stream_start_link: Start linking Session-stream 0x1000f
06-14 01:29:11.782  1143  1143 I mm-camera: <ISP   >< INFO> 872: isp_port_check_caps_reserve: port 0xb1a6abc0 ide 1000f type 10 dim 0 0
06-14 01:29:11.782  1143  1143 I mm-camera: <PPROC >< INFO> 562: pproc_port_create_stream_topology: manufacturer = motorola
06-14 01:29:11.782  1143  1143 I mm-camera: <PPROC >< INFO> 567: pproc_port_create_stream_topology: manufacturer is motorola, create mot_vstab module
06-14 01:29:11.782  1143  1143 I mm-camera: <PPROC >< INFO> 446: pproc_port_add_modules_to_stream: in identity 1000f stream 10 int_link = 0xb1a70340
06-14 01:29:11.783  1143  1143 I mm-camera: <PPROC >< INFO> 458: pproc_port_add_modules_to_stream: :LINK linking mods tmod and paaf for identity 1000f
06-14 01:29:11.783  1143  1143 I mm-camera: <PPROC >< INFO> 458: pproc_port_add_modules_to_stream: :LINK linking mods paaf and mot_vstab for identity 1000f
06-14 01:29:11.783  1143  1143 D MotISP_VSTAB: created
06-14 01:29:11.783  1143  1143 D         : VSTAB sink port width is 0x0 for stream 10
06-14 01:29:11.783  1143  1143 I mm-camera: <PPROC >< INFO> 458: pproc_port_add_modules_to_stream: :LINK linking mods mot_vstab and c2d for identity 1000f
06-14 01:29:11.784  1143  1143 I mm-camera: <C2D   >< INFO> 1490: c2d_module_notify_add_stream: width 0, height 0, stride 0, scanline 0, is_type 0
06-14 01:29:11.784  1143  1143 I mm-camera: <PPROC >< INFO> 458: pproc_port_add_modules_to_stream: :LINK linking mods c2d and cpp for identity 1000f
06-14 01:29:11.784  1143  1143 I mm-camera: <CPP   >< INFO> 2205: cpp_module_notify_add_stream: :width 0, height 0, stride 0, scanline 0, framelen 0
06-14 01:29:11.784  1143  1143 I mm-camera: <CPP   >< INFO> 2370: cpp_module_notify_add_stream: : stream 10, fmt 1, asf_mode 0, sharpness_level 0.000000,asf mask 0, denoise 0, denoise_mask 0, dsdn mask 0,dsdn enable 0, tnr mask 0, tnr enable 0, ds_mask 0
06-14 01:29:11.784  1143  1143 I mm-camera: <PPROC >< INFO> 458: pproc_port_add_modules_to_stream: :LINK linking mods cpp and ezt for identity 1000f
06-14 01:29:11.784  1143  1143 I mm-camera: <PPROC >< INFO> 458: pproc_port_add_modules_to_stream: :LINK linking mods ezt and quadracfa for identity 1000f
06-14 01:29:11.784  1143  1143 E mm-camera: <STATS ><ERROR> 3270: stats_port_check_caps_reserve: Invalid Port capability type!
06-14 01:29:11.785  1143  1143 I chatty  : uid=1006(camera) mm-qcamera-daem identical 3 lines
06-14 01:29:11.785  1143  1143 E mm-camera: <STATS ><ERROR> 3270: stats_port_check_caps_reserve: Invalid Port capability type!
06-14 01:29:11.785  1143  1143 I mm-camera: <MCT   >< INFO> 6430: mct_pipeline_start_stream_internal: Session stream linked successfully session 1
06-14 01:29:11.790  1143  1770 I mm-camera: <SENSOR>< INFO> 1092: sensor_init: SENSOR_INIT sensor power up successful
06-14 01:29:11.800  1143  1770 I mm-camera: <SENSOR>< INFO> 1127: sensor_init: X SENSOR_INIT success
06-14 01:29:11.800  1143  1770 I mm-camera: <SENSOR>< INFO> 231: flash_init: E LED_FLASH_INIT flash name: pmic
06-14 01:29:11.800  1143  1770 I mm-camera: <SENSOR>< INFO> 136: flash_load_lib: Loading library libflash_pmic.so
06-14 01:29:11.803  1143  1770 I mm-camera: <SENSOR>< INFO> 153: flash_load_lib: Loading library libflash_pmic.so success
06-14 01:29:11.803  1143  1770 I mm-camera: <SENSOR>< INFO> 361: flash_init: X LED_FLASH_INIT success flash name: pmic
06-14 01:29:11.803  1143  1770 I mm-camera: <SENSOR>< INFO> 886: af_actuator_init: E ACTUATOR_INIT sensor name: lc898217xh
06-14 01:29:11.809  1143  1770 I mm-camera: <SENSOR>< INFO> 925: af_actuator_init: X ACTUATOR_INIT success
06-14 01:29:11.809  1143  1770 E mm-camera: <SENSOR><ERROR> mot_ov12a10_eeprom_autofocus_calibration: 1192: infinity_dac_range -55 180 macro_dac_range +61 844 
06-14 01:29:11.809  1143  1770 E mm-camera: <SENSOR><ERROR> mot_ov12a10_eeprom_autofocus_calibration: 1211: initial code 180, adjusted code_per_step: 116, qvalue: 128
06-14 01:29:11.814  1143  1770 I mm-camera: <SENSOR>< INFO> 1046: module_sensor_actuator_init_calibrate: successful
06-14 01:29:11.814  1143  1770 I mm-camera: <SENSOR>< INFO> 2388: sensor_get_fast_aec_wait_frames: E SENSOR_GET_FAST_AEC_WAIT_FRAMES
06-14 01:29:11.814  1143  1770 I mm-camera: <SENSOR>< INFO> 2427: sensor_get_fast_aec_wait_frames: X SENSOR_GET_FAST_AEC_WAIT_FRAMES success wait_frame_count 0
06-14 01:29:11.814  1143  1770 I mm-camera: <SENSOR>< INFO> 302: module_sensor_offload_init_config: X OFFLOAD_FUNC sensor name: mot_ov12a10, success
06-14 01:29:11.814  1143  1801 I mm-camera: <IMGLIB>< INFO> 2062: module_faceproc_query_mod: Caps ROI 10 scene_mode_cnt 1 HW analysis supported 0
06-14 01:29:11.815  1143  1801 I mm-camera: <MCT   >< INFO> 2129: mct_pipeline_append_fps_entry:  Added hal_table[0]: (15.000000, 15.000000)
06-14 01:29:11.815  1143  1801 I mm-camera: <MCT   >< INFO> 2129: mct_pipeline_append_fps_entry:  Added hal_table[1]: (7.500000, 20.000000)
06-14 01:29:11.815  1143  1801 I mm-camera: <MCT   >< INFO> 2142: mct_pipeline_append_fps_entry:  Added hal_table[2]: (20.000000, 20.000000)
06-14 01:29:11.815  1143  1801 I mm-camera: <MCT   >< INFO> 2129: mct_pipeline_append_fps_entry:  Added hal_table[3]: (15.000000, 20.000000)
06-14 01:29:11.815  1143  1801 I mm-camera: <MCT   >< INFO> 2129: mct_pipeline_append_fps_entry:  Added hal_table[4]: (7.000000, 30.000000)
06-14 01:29:11.815  1143  1801 I mm-camera: <MCT   >< INFO> 2142: mct_pipeline_append_fps_entry:  Added hal_table[5]: (30.000000, 30.000000)
06-14 01:29:11.815  1143  1801 I mm-camera: <MCT   >< INFO> 2129: mct_pipeline_append_fps_entry:  Added hal_table[6]: (15.000000, 30.000000)
06-14 01:29:11.815  1143  1801 I mm-camera: <MCT   >< INFO> 2129: mct_pipeline_append_fps_entry:  Added hal_table[7]: (24.000000, 30.000000)
06-14 01:29:11.815  1143  1801 I mm-camera: <MCT   >< INFO> 2129: mct_pipeline_append_fps_entry:  Added hal_table[8]: (60.000000, 60.000000)
06-14 01:29:11.815  1143  1801 I mm-camera: <MCT   >< INFO> 3380: mct_pipeline_fill_dimensions_snapshot: Cam 0: FPS range selection complete. Publishing 9 ranges.
06-14 01:29:11.816  1143  1143 I mm-camera: <MCT   >< INFO> 232: mct_controller_destroy: Initiating destroy sequence for session = 1
06-14 01:29:11.816  1143  1143 I mm-camera: <MCT   >< INFO> 250: mct_controller_destroy: serv_thread closed
06-14 01:29:11.817  1143  1143 I mm-camera: <MCT   >< INFO> 265: mct_controller_destroy: bus_handler thread closed
06-14 01:29:11.817  1143  1143 I mm-camera: <MCT   >< INFO> 6530: mct_pipeline_stop_session: Initiating stop_session on session 1
06-14 01:29:11.817  1143  1143 I mm-camera: <MCT   >< INFO> 5789: mct_pipeline_process_set: Issuing DEL_STREAM on stream 0x1000f and stream type=10
06-14 01:29:11.817  1143  1143 I mm-camera: <ISP   >< INFO> 961: isp_port_check_caps_unreserve: ide 1000f port 0xb1a6abc0
06-14 01:29:11.817  1143  1143 D MotISP_VSTAB: destroyed
06-14 01:29:11.818  1143  1143 I mm-camera: <MCT   >< INFO> 5800: mct_pipeline_process_set: Stream 0x1000f and stream type=10, successfully deleted
06-14 01:29:11.818  1143  1806 I mm-camera: <MCT   >< INFO> 6264: mct_pipeline_stop_session_thread: Stop module name: sensor - E
06-14 01:29:11.818  1143  1807 I mm-camera: <MCT   >< INFO> 6264: mct_pipeline_stop_session_thread: Stop module name: iface - E
06-14 01:29:11.819  1143  1808 I mm-camera: <MCT   >< INFO> 6264: mct_pipeline_stop_session_thread: Stop module name: isp - E
06-14 01:29:11.819  1143  1808 I mm-camera: <ISP   >< INFO> 491: isp_module_stop_session: session id 1
06-14 01:29:11.819  1143  1806 I mm-camera: <MCT   >< INFO> 6272: mct_pipeline_stop_session_thread: Stop module name: sensor - X
06-14 01:29:11.819  1143  1809 I mm-camera: <MCT   >< INFO> 6264: mct_pipeline_stop_session_thread: Stop module name: stats - E
06-14 01:29:11.819  1143  1807 I mm-camera: <MCT   >< INFO> 6272: mct_pipeline_stop_session_thread: Stop module name: iface - X
06-14 01:29:11.819  1143  1810 I mm-camera: <MCT   >< INFO> 6264: mct_pipeline_stop_session_thread: Stop module name: pproc - E
06-14 01:29:11.820  1143  1143 I mm-camera: <MCT   >< INFO> 6552: mct_pipeline_stop_session: Modules left: 5
06-14 01:29:11.820  1143  1143 I mm-camera: <MCT   >< INFO> 6552: mct_pipeline_stop_session: Modules left: 4
06-14 01:29:11.820  1143  1811 I mm-camera: <MCT   >< INFO> 6264: mct_pipeline_stop_session_thread: Stop module name: imglib - E
06-14 01:29:11.821  1143  1810 I mm-camera: <MCT   >< INFO> 6272: mct_pipeline_stop_session_thread: Stop module name: pproc - X
06-14 01:29:11.821  1143  1811 I mm-camera: <MCT   >< INFO> 6272: mct_pipeline_stop_session_thread: Stop module name: imglib - X
06-14 01:29:11.821  1143  1143 I mm-camera: <MCT   >< INFO> 6552: mct_pipeline_stop_session: Modules left: 3
06-14 01:29:11.821  1143  1143 I mm-camera: <MCT   >< INFO> 6552: mct_pipeline_stop_session: Modules left: 2
06-14 01:29:11.821  1143  1808 I mm-camera: <MCT   >< INFO> 6272: mct_pipeline_stop_session_thread: Stop module name: isp - X
06-14 01:29:11.821  1143  1143 I mm-camera: <MCT   >< INFO> 6552: mct_pipeline_stop_session: Modules left: 1
06-14 01:29:11.824  1495  1495 I dex2oat : Explicit concurrent copying GC freed 729(95KB) AllocSpace objects, 0(0B) LOS objects, 98% free, 28KB/1564KB, paused 57us total 6.715ms
06-14 01:29:11.824  1143  1809 I mm-camera: <MCT   >< INFO> 6272: mct_pipeline_stop_session_thread: Stop module name: stats - X
06-14 01:29:11.824  1143  1143 I mm-camera: <MCT   >< INFO> 6552: mct_pipeline_stop_session: Modules left: 0
06-14 01:29:11.824  1143  1143 I mm-camera: <MCT   >< INFO> 6562: mct_pipeline_stop_session: Stopped session 1 successfully
06-14 01:29:11.825  1143  1143 I mm-camera: <MCT   >< INFO> 6853: mct_pipeline_destroy: E: session:1
06-14 01:29:11.825  1143  1143 I mm-camera: <MCT   >< INFO> 6940: mct_pipeline_destroy: X: Pipeline destroyed successfully session =1
06-14 01:29:11.825  1143  1143 I mm-camera: <MCT   >< INFO> 299: mct_controller_destroy: X Successfully closed mct_controller session 1
06-14 01:29:11.825  1665  1665 I QCamera : <HAL><INFO> getCamInfo: 10365: camera 0 resource cost is 100
06-14 01:29:11.826  1665  1665 I QCameraHalWatchdog: Stopped Watchdog Thread (79ms)[getCamInfo]
06-14 01:29:11.826  1665  1665 I QCamera : <HAL><INFO> getCameraInfo: 369: Camera id 1 API version 768
06-14 01:29:11.826  1665  1665 I QCameraHalWatchdog: Starting Watchdog Thread...
06-14 01:29:11.826  1143  1143 I mm-camera: < INFO> 395: enable_memleak_trace: start memleak tracking.
06-14 01:29:11.828  1143  1143 I mm-camera: <MCT   >< INFO> 70: mct_controller_new: Creating new mct_controller with session-id 3
06-14 01:29:11.828  1143  1813 I mm-camera: <MCT   >< INFO> 6452: mct_pipeline_start_session_thread: E sensor
06-14 01:29:11.828  1143  1813 I mm-camera: <MCT   >< INFO> 6459: mct_pipeline_start_session_thread: Calling start_session on Module sensor
06-14 01:29:11.828  1143  1814 I mm-camera: <MCT   >< INFO> 6452: mct_pipeline_start_session_thread: E iface
06-14 01:29:11.828  1143  1814 I mm-camera: <MCT   >< INFO> 6459: mct_pipeline_start_session_thread: Calling start_session on Module iface
06-14 01:29:11.828  1143  1816 I mm-camera: <MCT   >< INFO> 6452: mct_pipeline_start_session_thread: E isp
06-14 01:29:11.828  1143  1816 I mm-camera: <MCT   >< INFO> 6459: mct_pipeline_start_session_thread: Calling start_session on Module isp
06-14 01:29:11.828  1143  1816 I mm-camera: <ISP   >< INFO> 205: isp_module_start_session: session id 3
06-14 01:29:11.829  1143  1817 I mm-camera: <MCT   >< INFO> 6452: mct_pipeline_start_session_thread: E stats
06-14 01:29:11.829  1143  1817 I mm-camera: <MCT   >< INFO> 6459: mct_pipeline_start_session_thread: Calling start_session on Module stats
06-14 01:29:11.830  1143  1819 I mm-camera: <MCT   >< INFO> 6452: mct_pipeline_start_session_thread: E pproc
06-14 01:29:11.830  1143  1819 I mm-camera: <MCT   >< INFO> 6459: mct_pipeline_start_session_thread: Calling start_session on Module pproc
06-14 01:29:11.830  1143  1814 I mm-camera: <MCT   >< INFO> 6462: mct_pipeline_start_session_thread: Module iface start_session rc = 1
06-14 01:29:11.831  1143  1814 I mm-camera: <MCT   >< INFO> 6470: mct_pipeline_start_session_thread: started_num = 1, success = 1
06-14 01:29:11.831  1143  1814 I mm-camera: <MCT   >< INFO> 6477: mct_pipeline_start_session_thread: X iface
06-14 01:29:11.832  1143  1819 I mm-camera: <MCT   >< INFO> 6462: mct_pipeline_start_session_thread: Module pproc start_session rc = 1
06-14 01:29:11.832  1143  1819 I mm-camera: <MCT   >< INFO> 6470: mct_pipeline_start_session_thread: started_num = 2, success = 2
06-14 01:29:11.832  1143  1819 I mm-camera: <MCT   >< INFO> 6477: mct_pipeline_start_session_thread: X pproc
06-14 01:29:11.834  1143  1820 I mm-camera: <MCT   >< INFO> 6452: mct_pipeline_start_session_thread: E imglib
06-14 01:29:11.834  1143  1820 I mm-camera: <MCT   >< INFO> 6459: mct_pipeline_start_session_thread: Calling start_session on Module imglib
06-14 01:29:11.835  1143  1820 I mm-camera: <MCT   >< INFO> 6462: mct_pipeline_start_session_thread: Module imglib start_session rc = 1
06-14 01:29:11.835  1143  1820 I mm-camera: <MCT   >< INFO> 6470: mct_pipeline_start_session_thread: started_num = 3, success = 3
06-14 01:29:11.835  1143  1820 I mm-camera: <MCT   >< INFO> 6477: mct_pipeline_start_session_thread: X imglib
06-14 01:29:11.837  1143  1817 E mm-camera: <STATS_AIS ><ERROR> 173: dsps_send_req: DSPS Send Request Timeout!!
06-14 01:29:11.838  1143  1813 I mm-camera: <MCT   >< INFO> 6462: mct_pipeline_start_session_thread: Module sensor start_session rc = 1
06-14 01:29:11.838  1143  1813 I mm-camera: <MCT   >< INFO> 6470: mct_pipeline_start_session_thread: started_num = 4, success = 4
06-14 01:29:11.838  1143  1813 I mm-camera: <MCT   >< INFO> 6477: mct_pipeline_start_session_thread: X sensor
06-14 01:29:11.838  1143  1815 I mm-camera: <SENSOR>< INFO> 130: module_sensor_offload_init_config: E OFFLOAD_FUNC sensor name: s5k4h7
06-14 01:29:11.838  1143  1815 I mm-camera: <SENSOR>< INFO> 1070: sensor_init: E SENSOR_INIT
06-14 01:29:11.838  1143  1817 I mm-camera: <MCT   >< INFO> 6462: mct_pipeline_start_session_thread: Module stats start_session rc = 1
06-14 01:29:11.838  1143  1817 I mm-camera: <MCT   >< INFO> 6470: mct_pipeline_start_session_thread: started_num = 5, success = 5
06-14 01:29:11.838  1143  1817 I mm-camera: <MCT   >< INFO> 6477: mct_pipeline_start_session_thread: X stats
06-14 01:29:11.841  1143  1816 I mm-camera: <MCT   >< INFO> 6462: mct_pipeline_start_session_thread: Module isp start_session rc = 1
06-14 01:29:11.841  1143  1816 I mm-camera: <MCT   >< INFO> 6470: mct_pipeline_start_session_thread: started_num = 6, success = 6
06-14 01:29:11.841  1143  1816 I mm-camera: <MCT   >< INFO> 6477: mct_pipeline_start_session_thread: X isp
06-14 01:29:11.843  1495  1495 I dex2oat : dex2oat took 960.574ms (1.134s cpu) (threads: 6) arena alloc=23KB (23744B) java alloc=28KB (28944B) native alloc=1474KB (1509864B) free=3MB (3208728B)
06-14 01:29:11.847  1143  1815 I mm-camera: <SENSOR>< INFO> 1092: sensor_init: SENSOR_INIT sensor power up successful
06-14 01:29:11.849  1143  1143 I mm-camera: <MCT   >< INFO> 6373: mct_pipeline_start_stream_internal: Adding session stream streamid= 0xf for session=3
06-14 01:29:11.849  1143  1143 I mm-camera: <MCT   >< INFO> 6421: mct_pipeline_start_stream_internal: Linking session stream for session 3
06-14 01:29:11.849  1143  1143 I mm-camera: <MCT   >< INFO> 571: mct_stream_start_link: Start linking Session-stream 0x3000f
06-14 01:29:11.849  1143  1143 I mm-camera: <ISP   >< INFO> 872: isp_port_check_caps_reserve: port 0xb1a6abc0 ide 3000f type 10 dim 0 0
06-14 01:29:11.849  1143  1143 I mm-camera: <PPROC >< INFO> 562: pproc_port_create_stream_topology: manufacturer = motorola
06-14 01:29:11.849  1143  1143 I mm-camera: <PPROC >< INFO> 567: pproc_port_create_stream_topology: manufacturer is motorola, create mot_vstab module
06-14 01:29:11.849  1143  1143 I mm-camera: <PPROC >< INFO> 446: pproc_port_add_modules_to_stream: in identity 3000f stream 10 int_link = 0xb1a70340
06-14 01:29:11.849  1143  1143 I mm-camera: <PPROC >< INFO> 458: pproc_port_add_modules_to_stream: :LINK linking mods tmod and paaf for identity 3000f
06-14 01:29:11.849  1143  1143 I mm-camera: <PPROC >< INFO> 458: pproc_port_add_modules_to_stream: :LINK linking mods paaf and mot_vstab for identity 3000f
06-14 01:29:11.849  1143  1143 D MotISP_VSTAB: created
06-14 01:29:11.850  1143  1143 D         : VSTAB sink port width is 0x0 for stream 10
06-14 01:29:11.850  1143  1143 I mm-camera: <PPROC >< INFO> 458: pproc_port_add_modules_to_stream: :LINK linking mods mot_vstab and c2d for identity 3000f
06-14 01:29:11.850  1143  1143 I mm-camera: <C2D   >< INFO> 1490: c2d_module_notify_add_stream: width 0, height 0, stride 0, scanline 0, is_type 0
06-14 01:29:11.850  1143  1143 I mm-camera: <PPROC >< INFO> 458: pproc_port_add_modules_to_stream: :LINK linking mods c2d and cpp for identity 3000f
06-14 01:29:11.850  1143  1143 I mm-camera: <CPP   >< INFO> 2205: cpp_module_notify_add_stream: :width 0, height 0, stride 0, scanline 0, framelen 0
06-14 01:29:11.850  1143  1143 I mm-camera: <CPP   >< INFO> 2370: cpp_module_notify_add_stream: : stream 10, fmt 1, asf_mode 0, sharpness_level 0.000000,asf mask 0, denoise 0, denoise_mask 0, dsdn mask 0,dsdn enable 0, tnr mask 0, tnr enable 0, ds_mask 0
06-14 01:29:11.850  1143  1143 I mm-camera: <PPROC >< INFO> 458: pproc_port_add_modules_to_stream: :LINK linking mods cpp and ezt for identity 3000f
06-14 01:29:11.850  1143  1143 I mm-camera: <PPROC >< INFO> 458: pproc_port_add_modules_to_stream: :LINK linking mods ezt and quadracfa for identity 3000f
06-14 01:29:11.851  1143  1143 E mm-camera: <STATS ><ERROR> 3270: stats_port_check_caps_reserve: Invalid Port capability type!
06-14 01:29:11.851  1143  1143 I chatty  : uid=1006(camera) mm-qcamera-daem identical 3 lines
06-14 01:29:11.851  1143  1143 E mm-camera: <STATS ><ERROR> 3270: stats_port_check_caps_reserve: Invalid Port capability type!
06-14 01:29:11.852  1143  1143 I mm-camera: <MCT   >< INFO> 6430: mct_pipeline_start_stream_internal: Session stream linked successfully session 3
06-14 01:29:11.852  1143  1815 I mm-camera: <SENSOR>< INFO> 1127: sensor_init: X SENSOR_INIT success
06-14 01:29:11.852  1143  1815 I mm-camera: <SENSOR>< INFO> 231: flash_init: E LED_FLASH_INIT flash name: aw3641
06-14 01:29:11.852  1143  1815 I mm-camera: <SENSOR>< INFO> 136: flash_load_lib: Loading library libflash_aw3641.so
06-14 01:29:11.854   948   948 I lspd    : The ClassLoaderContext is a special shared library.
06-14 01:29:11.855  1340  1340 W lspd    : Failed to stat, will retry: /data/adb/modules/zygisk_lsposed/daemon.apk.arm.flock: No such file or directory
06-14 01:29:11.856  1189  1412 I ServiceManager: Waiting for service 'package_native' on '/dev/binder'...
06-14 01:29:11.856  1047  1047 D audio_hw_primary: enable_snd_device: snd_device(2: speaker)
06-14 01:29:11.856  1047  1047 D audio_route: Apply path: speaker
06-14 01:29:11.856  1143  1815 I mm-camera: <SENSOR>< INFO> 153: flash_load_lib: Loading library libflash_aw3641.so success
06-14 01:29:11.856  1143  1815 I mm-camera: <SENSOR>< INFO> 361: flash_init: X LED_FLASH_INIT success flash name: aw3641
06-14 01:29:11.856  1143  1815 I mm-camera: <SENSOR>< INFO> 2388: sensor_get_fast_aec_wait_frames: E SENSOR_GET_FAST_AEC_WAIT_FRAMES
06-14 01:29:11.856  1143  1815 I mm-camera: <SENSOR>< INFO> 2427: sensor_get_fast_aec_wait_frames: X SENSOR_GET_FAST_AEC_WAIT_FRAMES success wait_frame_count 0
06-14 01:29:11.856  1143  1815 I mm-camera: <SENSOR>< INFO> 302: module_sensor_offload_init_config: X OFFLOAD_FUNC sensor name: s5k4h7, success
06-14 01:29:11.857  1143  1834 I mm-camera: <IMGLIB>< INFO> 2062: module_faceproc_query_mod: Caps ROI 10 scene_mode_cnt 1 HW analysis supported 0
06-14 01:29:11.857  1143  1834 I mm-camera: <MCT   >< INFO> 3366: mct_pipeline_fill_dimensions_snapshot: Running out of table limit for mct_fps_table. Consider increasing           MAX_FPS_RANGE_ENTRIES 
06-14 01:29:11.857  1143  1834 I mm-camera: <MCT   >< INFO> 2129: mct_pipeline_append_fps_entry:  Added hal_table[0]: (15.000000, 15.000000)
06-14 01:29:11.857  1143  1834 I mm-camera: <MCT   >< INFO> 2129: mct_pipeline_append_fps_entry:  Added hal_table[1]: (15.000000, 20.000000)
06-14 01:29:11.857  1143  1834 I mm-camera: <MCT   >< INFO> 2142: mct_pipeline_append_fps_entry:  Added hal_table[2]: (20.000000, 20.000000)
06-14 01:29:11.857  1143  1834 I mm-camera: <MCT   >< INFO> 2129: mct_pipeline_append_fps_entry:  Added hal_table[3]: (15.000000, 30.000000)
06-14 01:29:11.857  1143  1834 I mm-camera: <MCT   >< INFO> 2142: mct_pipeline_append_fps_entry:  Added hal_table[4]: (30.000000, 30.000000)
06-14 01:29:11.857  1143  1834 I mm-camera: <MCT   >< INFO> 2129: mct_pipeline_append_fps_entry:  Added hal_table[5]: (24.000000, 30.000000)
06-14 01:29:11.857  1143  1834 I mm-camera: <MCT   >< INFO> 3380: mct_pipeline_fill_dimensions_snapshot: Cam 1: FPS range selection complete. Publishing 6 ranges.
06-14 01:29:11.859  1143  1143 I mm-camera: <MCT   >< INFO> 232: mct_controller_destroy: Initiating destroy sequence for session = 3
06-14 01:29:11.859  1340  1340 I lspd    : The ClassLoaderContext is a special shared library.
06-14 01:29:11.859  1143  1143 I mm-camera: <MCT   >< INFO> 250: mct_controller_destroy: serv_thread closed
06-14 01:29:11.859  1143  1143 I mm-camera: <MCT   >< INFO> 265: mct_controller_destroy: bus_handler thread closed
06-14 01:29:11.859  1143  1143 I mm-camera: <MCT   >< INFO> 6530: mct_pipeline_stop_session: Initiating stop_session on session 3
06-14 01:29:11.859  1143  1143 I mm-camera: <MCT   >< INFO> 5789: mct_pipeline_process_set: Issuing DEL_STREAM on stream 0x3000f and stream type=10
06-14 01:29:11.859  1143  1143 I mm-camera: <ISP   >< INFO> 961: isp_port_check_caps_unreserve: ide 3000f port 0xb1a6abc0
06-14 01:29:11.860  1143  1143 D MotISP_VSTAB: destroyed
06-14 01:29:11.862  1143  1143 I mm-camera: <MCT   >< INFO> 5800: mct_pipeline_process_set: Stream 0x3000f and stream type=10, successfully deleted
06-14 01:29:11.862  1143  1845 I mm-camera: <MCT   >< INFO> 6264: mct_pipeline_stop_session_thread: Stop module name: sensor - E
06-14 01:29:11.863  1143  1848 I mm-camera: <MCT   >< INFO> 6264: mct_pipeline_stop_session_thread: Stop module name: iface - E
06-14 01:29:11.863  1143  1845 I mm-camera: <MCT   >< INFO> 6272: mct_pipeline_stop_session_thread: Stop module name: sensor - X
06-14 01:29:11.864  1143  1848 I mm-camera: <MCT   >< INFO> 6272: mct_pipeline_stop_session_thread: Stop module name: iface - X
06-14 01:29:11.864  1143  1849 I mm-camera: <MCT   >< INFO> 6264: mct_pipeline_stop_session_thread: Stop module name: isp - E
06-14 01:29:11.864  1143  1849 I mm-camera: <ISP   >< INFO> 491: isp_module_stop_session: session id 3
06-14 01:29:11.869  1047  1047 V msm8974_platform: platform_get_snd_device_backend_index: enter with device 2
06-14 01:29:11.869  1047  1047 E msm8974_platform: platform_get_snd_device_backend_index: BE DAI Name Table is not present
06-14 01:29:11.869  1047  1047 V msm8974_platform: platform_get_backend_index:napb: backend port - 0 device - 2 
06-14 01:29:11.869  1047  1047 I audio_hw_utils: Set Audio Stream 0 App Type Cfg: app_type 69936, acdb_dev_id 14, sample_rate 48000, snd_device_be_idx -14
06-14 01:29:11.870  1047  1047 D audio_hw_primary: enable_audio_route: usecase(0) apply and update mixer path: deep-buffer-playback
06-14 01:29:11.870  1047  1047 D audio_route: Apply path: deep-buffer-playback
06-14 01:29:11.870  1143  1851 I mm-camera: <MCT   >< INFO> 6264: mct_pipeline_stop_session_thread: Stop module name: stats - E
06-14 01:29:11.871  1143  1849 I mm-camera: <MCT   >< INFO> 6272: mct_pipeline_stop_session_thread: Stop module name: isp - X
06-14 01:29:11.872  1143  1855 I mm-camera: <MCT   >< INFO> 6264: mct_pipeline_stop_session_thread: Stop module name: pproc - E
06-14 01:29:11.873  1143  1143 I mm-camera: <MCT   >< INFO> 6552: mct_pipeline_stop_session: Modules left: 5
06-14 01:29:11.873  1143  1856 I mm-camera: <MCT   >< INFO> 6264: mct_pipeline_stop_session_thread: Stop module name: imglib - E
06-14 01:29:11.873  1143  1143 I mm-camera: <MCT   >< INFO> 6552: mct_pipeline_stop_session: Modules left: 4
06-14 01:29:11.873  1143  1143 I mm-camera: <MCT   >< INFO> 6552: mct_pipeline_stop_session: Modules left: 3
06-14 01:29:11.874  1143  1856 I mm-camera: <MCT   >< INFO> 6272: mct_pipeline_stop_session_thread: Stop module name: imglib - X
06-14 01:29:11.874  1143  1143 I mm-camera: <MCT   >< INFO> 6552: mct_pipeline_stop_session: Modules left: 2
06-14 01:29:11.875  1143  1855 I mm-camera: <MCT   >< INFO> 6272: mct_pipeline_stop_session_thread: Stop module name: pproc - X
06-14 01:29:11.875  1143  1143 I mm-camera: <MCT   >< INFO> 6552: mct_pipeline_stop_session: Modules left: 1
06-14 01:29:11.875  1484  1484 E QTI_SDM_INFO: [qti_rmnet_peripheral.c:739] qti_file_open():Could not open device file. Errno 2 error msg=No such file or directory
06-14 01:29:11.877  1143  1851 I mm-camera: <MCT   >< INFO> 6272: mct_pipeline_stop_session_thread: Stop module name: stats - X
06-14 01:29:11.877  1143  1143 I mm-camera: <MCT   >< INFO> 6552: mct_pipeline_stop_session: Modules left: 0
06-14 01:29:11.877  1143  1143 I mm-camera: <MCT   >< INFO> 6562: mct_pipeline_stop_session: Stopped session 3 successfully
06-14 01:29:11.877  1143  1143 I mm-camera: <MCT   >< INFO> 6853: mct_pipeline_destroy: E: session:3
06-14 01:29:11.877  1143  1143 I mm-camera: <MCT   >< INFO> 6940: mct_pipeline_destroy: X: Pipeline destroyed successfully session =3
06-14 01:29:11.877  1143  1143 I mm-camera: <MCT   >< INFO> 299: mct_controller_destroy: X Successfully closed mct_controller session 3
06-14 01:29:11.877  1047  1047 D audio_hw_primary: disable_audio_route: usecase(0) reset and update mixer path: deep-buffer-playback
06-14 01:29:11.878  1665  1665 I QCamera : <HAL><INFO> getCamInfo: 10365: camera 1 resource cost is 100
06-14 01:29:11.878  1665  1665 I QCameraHalWatchdog: Stopped Watchdog Thread (51ms)[getCamInfo]
06-14 01:29:11.878  1665  1665 I QCamera : <HAL><INFO> getCameraInfo: 369: Camera id 2 API version 768
06-14 01:29:11.878  1665  1665 I QCameraHalWatchdog: Starting Watchdog Thread...
06-14 01:29:11.879  1143  1143 I mm-camera: < INFO> 395: enable_memleak_trace: start memleak tracking.
06-14 01:29:11.881  1143  1143 I mm-camera: <MCT   >< INFO> 70: mct_controller_new: Creating new mct_controller with session-id 2
06-14 01:29:11.881  1143  1858 I mm-camera: <MCT   >< INFO> 6452: mct_pipeline_start_session_thread: E sensor
06-14 01:29:11.881  1143  1858 I mm-camera: <MCT   >< INFO> 6459: mct_pipeline_start_session_thread: Calling start_session on Module sensor
06-14 01:29:11.882  1143  1859 I mm-camera: <MCT   >< INFO> 6452: mct_pipeline_start_session_thread: E iface
06-14 01:29:11.882  1143  1859 I mm-camera: <MCT   >< INFO> 6459: mct_pipeline_start_session_thread: Calling start_session on Module iface
06-14 01:29:11.882  1143  1861 I mm-camera: <MCT   >< INFO> 6452: mct_pipeline_start_session_thread: E isp
06-14 01:29:11.882  1143  1861 I mm-camera: <MCT   >< INFO> 6459: mct_pipeline_start_session_thread: Calling start_session on Module isp
06-14 01:29:11.882  1143  1861 I mm-camera: <ISP   >< INFO> 205: isp_module_start_session: session id 2
06-14 01:29:11.882  1143  1862 I mm-camera: <MCT   >< INFO> 6452: mct_pipeline_start_session_thread: E stats
06-14 01:29:11.882  1143  1862 I mm-camera: <MCT   >< INFO> 6459: mct_pipeline_start_session_thread: Calling start_session on Module stats
06-14 01:29:11.882  1143  1859 I mm-camera: <MCT   >< INFO> 6462: mct_pipeline_start_session_thread: Module iface start_session rc = 1
06-14 01:29:11.883  1143  1859 I mm-camera: <MCT   >< INFO> 6470: mct_pipeline_start_session_thread: started_num = 1, success = 1
06-14 01:29:11.883  1143  1859 I mm-camera: <MCT   >< INFO> 6477: mct_pipeline_start_session_thread: X iface
06-14 01:29:11.883  1143  1864 I mm-camera: <MCT   >< INFO> 6452: mct_pipeline_start_session_thread: E pproc
06-14 01:29:11.883  1143  1864 I mm-camera: <MCT   >< INFO> 6459: mct_pipeline_start_session_thread: Calling start_session on Module pproc
06-14 01:29:11.884  1143  1865 I mm-camera: <MCT   >< INFO> 6452: mct_pipeline_start_session_thread: E imglib
06-14 01:29:11.884  1143  1865 I mm-camera: <MCT   >< INFO> 6459: mct_pipeline_start_session_thread: Calling start_session on Module imglib
06-14 01:29:11.885  1143  1865 I mm-camera: <MCT   >< INFO> 6462: mct_pipeline_start_session_thread: Module imglib start_session rc = 1
06-14 01:29:11.885  1143  1865 I mm-camera: <MCT   >< INFO> 6470: mct_pipeline_start_session_thread: started_num = 2, success = 2
06-14 01:29:11.885  1143  1865 I mm-camera: <MCT   >< INFO> 6477: mct_pipeline_start_session_thread: X imglib
06-14 01:29:11.886  1143  1864 I mm-camera: <MCT   >< INFO> 6462: mct_pipeline_start_session_thread: Module pproc start_session rc = 1
06-14 01:29:11.886  1143  1864 I mm-camera: <MCT   >< INFO> 6470: mct_pipeline_start_session_thread: started_num = 3, success = 3
06-14 01:29:11.886  1143  1864 I mm-camera: <MCT   >< INFO> 6477: mct_pipeline_start_session_thread: X pproc
06-14 01:29:11.890  1143  1858 I mm-camera: <MCT   >< INFO> 6462: mct_pipeline_start_session_thread: Module sensor start_session rc = 1
06-14 01:29:11.890  1143  1858 I mm-camera: <MCT   >< INFO> 6470: mct_pipeline_start_session_thread: started_num = 4, success = 4
06-14 01:29:11.890  1143  1858 I mm-camera: <MCT   >< INFO> 6477: mct_pipeline_start_session_thread: X sensor
06-14 01:29:11.891  1143  1860 I mm-camera: <SENSOR>< INFO> 130: module_sensor_offload_init_config: E OFFLOAD_FUNC sensor name: mot_ov5675
06-14 01:29:11.891  1143  1860 I mm-camera: <SENSOR>< INFO> 1070: sensor_init: E SENSOR_INIT
06-14 01:29:11.892  1143  1862 E mm-camera: <STATS_AIS ><ERROR> 173: dsps_send_req: DSPS Send Request Timeout!!
06-14 01:29:11.893  1143  1861 I mm-camera: <MCT   >< INFO> 6462: mct_pipeline_start_session_thread: Module isp start_session rc = 1
06-14 01:29:11.893  1143  1861 I mm-camera: <MCT   >< INFO> 6470: mct_pipeline_start_session_thread: started_num = 5, success = 5
06-14 01:29:11.893  1143  1861 I mm-camera: <MCT   >< INFO> 6477: mct_pipeline_start_session_thread: X isp
06-14 01:29:11.893  1143  1862 I mm-camera: <MCT   >< INFO> 6462: mct_pipeline_start_session_thread: Module stats start_session rc = 1
06-14 01:29:11.893  1143  1862 I mm-camera: <MCT   >< INFO> 6470: mct_pipeline_start_session_thread: started_num = 6, success = 6
06-14 01:29:11.893  1143  1862 I mm-camera: <MCT   >< INFO> 6477: mct_pipeline_start_session_thread: X stats
06-14 01:29:11.901  1143  1860 I mm-camera: <SENSOR>< INFO> 1092: sensor_init: SENSOR_INIT sensor power up successful
06-14 01:29:11.901  1143  1143 I mm-camera: <MCT   >< INFO> 6373: mct_pipeline_start_stream_internal: Adding session stream streamid= 0xf for session=2
06-14 01:29:11.901  1143  1143 I mm-camera: <MCT   >< INFO> 6421: mct_pipeline_start_stream_internal: Linking session stream for session 2
06-14 01:29:11.901  1143  1143 I mm-camera: <MCT   >< INFO> 571: mct_stream_start_link: Start linking Session-stream 0x2000f
06-14 01:29:11.901  1143  1143 I mm-camera: <ISP   >< INFO> 872: isp_port_check_caps_reserve: port 0xb1a6abc0 ide 2000f type 10 dim 0 0
06-14 01:29:11.902  1143  1143 I mm-camera: <PPROC >< INFO> 562: pproc_port_create_stream_topology: manufacturer = motorola
06-14 01:29:11.902  1143  1143 I mm-camera: <PPROC >< INFO> 567: pproc_port_create_stream_topology: manufacturer is motorola, create mot_vstab module
06-14 01:29:11.902  1143  1143 I mm-camera: <PPROC >< INFO> 446: pproc_port_add_modules_to_stream: in identity 2000f stream 10 int_link = 0xb1a70340
