06-14 01:29:16.730  1184  1931 I ServiceManager: Waiting for service 'media.audio_policy' on '/dev/binder'...
06-14 01:29:16.744  1047  1946 W ServiceManagement: Waited one second for android.frameworks.sensorservice@1.0::ISensorManager/default. Waiting another...
06-14 01:29:16.778  1189  1412 I ServiceManager: Waiting for service 'package_native' on '/dev/binder'...
06-14 01:29:16.831  1184  1931 I ServiceManager: Waiting for service 'media.audio_policy' on '/dev/binder'...
06-14 01:29:16.877  1484  1484 E QTI_SDM_INFO: [qti_rmnet_peripheral.c:739] qti_file_open():Could not open device file. Errno 2 error msg=No such file or directory
06-14 01:29:16.878  1189  1412 I ServiceManager: Waiting for service 'package_native' on '/dev/binder'...
06-14 01:29:16.931  1184  1931 I ServiceManager: Waiting for service 'media.audio_policy' on '/dev/binder'...
06-14 01:29:16.979  1189  1412 I ServiceManager: Waiting for service 'package_native' on '/dev/binder'...
06-14 01:29:16.982  1953  1953 E UsbAlsaJackDetectorJNI: Can't register UsbAlsaJackDetector native methods
06-14 01:29:17.012  1953  1953 I SystemServer: StartServices
06-14 01:29:17.012  1953  1953 I SystemServer: Reading configuration...
06-14 01:29:17.012  1953  1953 I SystemServer: ReadingSystemConfig
06-14 01:29:17.013  1953  1953 I SystemServer: StartInstaller
06-14 01:29:17.014  1953  1953 I SystemServiceManager: Starting com.android.server.pm.Installer
06-14 01:29:17.022  1953  1953 I SystemServer: DeviceIdentifiersPolicyService
06-14 01:29:17.022  1953  1953 I SystemServiceManager: Starting com.android.server.os.DeviceIdentifiersPolicyService
06-14 01:29:17.023  1953  1953 I SystemServer: StartActivityManager
06-14 01:29:17.023  1953  1953 I SystemServiceManager: Starting com.android.server.am.ActivityManagerService$Lifecycle
06-14 01:29:17.031  1184  1931 I ServiceManager: Waiting for service 'media.audio_policy' on '/dev/binder'...
06-14 01:29:17.059  1953  1953 I ActivityManager: Memory class: 192
06-14 01:29:17.079  1189  1412 I ServiceManager: Waiting for service 'package_native' on '/dev/binder'...
06-14 01:29:17.099  1953  1953 E SystemServiceRegistry: No service published for: batterystats
06-14 01:29:17.099  1953  1953 E SystemServiceRegistry: android.os.ServiceManager$ServiceNotFoundException: No service published for: batterystats
06-14 01:29:17.099  1953  1953 E SystemServiceRegistry: 	at android.os.ServiceManager.getServiceOrThrow(ServiceManager.java:143)
06-14 01:29:17.099  1953  1953 E SystemServiceRegistry: 	at android.app.SystemServiceRegistry$17.createService(SystemServiceRegistry.java:326)
06-14 01:29:17.099  1953  1953 E SystemServiceRegistry: 	at android.app.SystemServiceRegistry$17.createService(SystemServiceRegistry.java:322)
06-14 01:29:17.099  1953  1953 E SystemServiceRegistry: 	at android.app.SystemServiceRegistry$CachedServiceFetcher.getService(SystemServiceRegistry.java:1130)
06-14 01:29:17.099  1953  1953 E SystemServiceRegistry: 	at android.app.SystemServiceRegistry.getSystemService(SystemServiceRegistry.java:1046)
06-14 01:29:17.099  1953  1953 E SystemServiceRegistry: 	at android.app.ContextImpl.getSystemService(ContextImpl.java:1736)
06-14 01:29:17.099  1953  1953 E SystemServiceRegistry: 	at com.android.internal.os.PowerProfile.getBatteryCapacity(PowerProfile.java:487)
06-14 01:29:17.099  1953  1953 E SystemServiceRegistry: 	at com.android.internal.os.BatteryStatsImpl.setPowerProfileLocked(BatteryStatsImpl.java:10279)
06-14 01:29:17.099  1953  1953 E SystemServiceRegistry: 	at com.android.server.am.BatteryStatsService.<init>(BatteryStatsService.java:182)
06-14 01:29:17.099  1953  1953 E SystemServiceRegistry: 	at com.android.server.am.ActivityManagerService.<init>(ActivityManagerService.java:3319)
06-14 01:29:17.099  1953  1953 E SystemServiceRegistry: 	at com.android.server.am.ActivityManagerService$Lifecycle.<init>(ActivityManagerService.java:3096)
06-14 01:29:17.099  1953  1953 E SystemServiceRegistry: 	at java.lang.reflect.Constructor.newInstance0(Native Method)
06-14 01:29:17.099  1953  1953 E SystemServiceRegistry: 	at java.lang.reflect.Constructor.newInstance(Constructor.java:343)
06-14 01:29:17.099  1953  1953 E SystemServiceRegistry: 	at com.android.server.SystemServiceManager.startService(SystemServiceManager.java:98)
06-14 01:29:17.099  1953  1953 E SystemServiceRegistry: 	at com.android.server.SystemServer.startBootstrapServices(SystemServer.java:570)
06-14 01:29:17.099  1953  1953 E SystemServiceRegistry: 	at com.android.server.SystemServer.run(SystemServer.java:440)
06-14 01:29:17.099  1953  1953 E SystemServiceRegistry: 	at com.android.server.SystemServer.main(SystemServer.java:305)
06-14 01:29:17.099  1953  1953 E SystemServiceRegistry: 	at java.lang.reflect.Method.invoke(Native Method)
06-14 01:29:17.099  1953  1953 E SystemServiceRegistry: 	at com.android.internal.os.RuntimeInit$MethodAndArgsCaller.run(RuntimeInit.java:493)
06-14 01:29:17.099  1953  1953 E SystemServiceRegistry: 	at com.android.internal.os.ZygoteInit.main(ZygoteInit.java:850)
06-14 01:29:17.103  1953  1953 E AndroidRuntime: Error reporting WTF
06-14 01:29:17.103  1953  1953 E AndroidRuntime: java.lang.NullPointerException: Attempt to invoke interface method 'boolean android.app.IActivityManager.handleApplicationWtf(android.os.IBinder, java.lang.String, boolean, android.app.ApplicationErrorReport$ParcelableCrashInfo)' on a null object reference
06-14 01:29:17.103  1953  1953 E AndroidRuntime: 	at com.android.internal.os.RuntimeInit.wtf(RuntimeInit.java:387)
06-14 01:29:17.103  1953  1953 E AndroidRuntime: 	at android.util.Log$1.onTerribleFailure(Log.java:117)
06-14 01:29:17.103  1953  1953 E AndroidRuntime: 	at android.util.Log.wtf(Log.java:481)
06-14 01:29:17.103  1953  1953 E AndroidRuntime: 	at android.util.Log.wtf(Log.java:471)
06-14 01:29:17.103  1953  1953 E AndroidRuntime: 	at android.app.SystemServiceRegistry.onServiceNotFound(SystemServiceRegistry.java:1226)
06-14 01:29:17.103  1953  1953 E AndroidRuntime: 	at android.app.SystemServiceRegistry$CachedServiceFetcher.getService(SystemServiceRegistry.java:1134)
06-14 01:29:17.103  1953  1953 E AndroidRuntime: 	at android.app.SystemServiceRegistry.getSystemService(SystemServiceRegistry.java:1046)
06-14 01:29:17.103  1953  1953 E AndroidRuntime: 	at android.app.ContextImpl.getSystemService(ContextImpl.java:1736)
06-14 01:29:17.103  1953  1953 E AndroidRuntime: 	at com.android.internal.os.PowerProfile.getBatteryCapacity(PowerProfile.java:487)
06-14 01:29:17.103  1953  1953 E AndroidRuntime: 	at com.android.internal.os.BatteryStatsImpl.setPowerProfileLocked(BatteryStatsImpl.java:10279)
06-14 01:29:17.103  1953  1953 E AndroidRuntime: 	at com.android.server.am.BatteryStatsService.<init>(BatteryStatsService.java:182)
06-14 01:29:17.103  1953  1953 E AndroidRuntime: 	at com.android.server.am.ActivityManagerService.<init>(ActivityManagerService.java:3319)
06-14 01:29:17.103  1953  1953 E AndroidRuntime: 	at com.android.server.am.ActivityManagerService$Lifecycle.<init>(ActivityManagerService.java:3096)
06-14 01:29:17.103  1953  1953 E AndroidRuntime: 	at java.lang.reflect.Constructor.newInstance0(Native Method)
06-14 01:29:17.103  1953  1953 E AndroidRuntime: 	at java.lang.reflect.Constructor.newInstance(Constructor.java:343)
06-14 01:29:17.103  1953  1953 E AndroidRuntime: 	at com.android.server.SystemServiceManager.startService(SystemServiceManager.java:98)
06-14 01:29:17.103  1953  1953 E AndroidRuntime: 	at com.android.server.SystemServer.startBootstrapServices(SystemServer.java:570)
06-14 01:29:17.103  1953  1953 E AndroidRuntime: 	at com.android.server.SystemServer.run(SystemServer.java:440)
06-14 01:29:17.103  1953  1953 E AndroidRuntime: 	at com.android.server.SystemServer.main(SystemServer.java:305)
06-14 01:29:17.103  1953  1953 E AndroidRuntime: 	at java.lang.reflect.Method.invoke(Native Method)
06-14 01:29:17.103  1953  1953 E AndroidRuntime: 	at com.android.internal.os.RuntimeInit$MethodAndArgsCaller.run(RuntimeInit.java:493)
06-14 01:29:17.103  1953  1953 E AndroidRuntime: 	at com.android.internal.os.ZygoteInit.main(ZygoteInit.java:850)
06-14 01:29:17.103  1953  1953 E AndroidRuntime: Original WTF:
06-14 01:29:17.103  1953  1953 E AndroidRuntime: android.util.Log$TerribleFailure: No service published for: batterystats
06-14 01:29:17.103  1953  1953 E AndroidRuntime: 	at android.util.Log.wtf(Log.java:476)
06-14 01:29:17.103  1953  1953 E AndroidRuntime: 	at android.util.Log.wtf(Log.java:471)
06-14 01:29:17.103  1953  1953 E AndroidRuntime: 	at android.app.SystemServiceRegistry.onServiceNotFound(SystemServiceRegistry.java:1226)
06-14 01:29:17.103  1953  1953 E AndroidRuntime: 	at android.app.SystemServiceRegistry$CachedServiceFetcher.getService(SystemServiceRegistry.java:1134)
06-14 01:29:17.103  1953  1953 E AndroidRuntime: 	at android.app.SystemServiceRegistry.getSystemService(SystemServiceRegistry.java:1046)
06-14 01:29:17.103  1953  1953 E AndroidRuntime: 	at android.app.ContextImpl.getSystemService(ContextImpl.java:1736)
06-14 01:29:17.103  1953  1953 E AndroidRuntime: 	at com.android.internal.os.PowerProfile.getBatteryCapacity(PowerProfile.java:487)
06-14 01:29:17.103  1953  1953 E AndroidRuntime: 	at com.android.internal.os.BatteryStatsImpl.setPowerProfileLocked(BatteryStatsImpl.java:10279)
06-14 01:29:17.103  1953  1953 E AndroidRuntime: 	at com.android.server.am.BatteryStatsService.<init>(BatteryStatsService.java:182)
06-14 01:29:17.103  1953  1953 E AndroidRuntime: 	at com.android.server.am.ActivityManagerService.<init>(ActivityManagerService.java:3319)
06-14 01:29:17.103  1953  1953 E AndroidRuntime: 	at com.android.server.am.ActivityManagerService$Lifecycle.<init>(ActivityManagerService.java:3096)
06-14 01:29:17.103  1953  1953 E AndroidRuntime: 	at java.lang.reflect.Constructor.newInstance0(Native Method)
06-14 01:29:17.103  1953  1953 E AndroidRuntime: 	at java.lang.reflect.Constructor.newInstance(Constructor.java:343)
06-14 01:29:17.103  1953  1953 E AndroidRuntime: 	at com.android.server.SystemServiceManager.startService(SystemServiceManager.java:98)
06-14 01:29:17.103  1953  1953 E AndroidRuntime: 	at com.android.server.SystemServer.startBootstrapServices(SystemServer.java:570)
06-14 01:29:17.103  1953  1953 E AndroidRuntime: 	at com.android.server.SystemServer.run(SystemServer.java:440)
06-14 01:29:17.103  1953  1953 E AndroidRuntime: 	at com.android.server.SystemServer.main(SystemServer.java:305)
06-14 01:29:17.103  1953  1953 E AndroidRuntime: 	at java.lang.reflect.Method.invoke(Native Method)
06-14 01:29:17.103  1953  1953 E AndroidRuntime: 	at com.android.internal.os.RuntimeInit$MethodAndArgsCaller.run(RuntimeInit.java:493)
06-14 01:29:17.103  1953  1953 E AndroidRuntime: 	at com.android.internal.os.ZygoteInit.main(ZygoteInit.java:850)
06-14 01:29:17.103  1953  1953 E AndroidRuntime: Caused by: android.os.ServiceManager$ServiceNotFoundException: No service published for: batterystats
06-14 01:29:17.103  1953  1953 E AndroidRuntime: 	at android.os.ServiceManager.getServiceOrThrow(ServiceManager.java:143)
06-14 01:29:17.103  1953  1953 E AndroidRuntime: 	at android.app.SystemServiceRegistry$17.createService(SystemServiceRegistry.java:326)
06-14 01:29:17.103  1953  1953 E AndroidRuntime: 	at android.app.SystemServiceRegistry$17.createService(SystemServiceRegistry.java:322)
06-14 01:29:17.103  1953  1953 E AndroidRuntime: 	at android.app.SystemServiceRegistry$CachedServiceFetcher.getService(SystemServiceRegistry.java:1130)
06-14 01:29:17.103  1953  1953 E AndroidRuntime: 	... 16 more
06-14 01:29:17.103  1953  1953 D BatteryStatsImpl: Reading daily items from /data/system/batterystats-daily.xml
06-14 01:29:17.132  1184  1931 I ServiceManager: Waiting for service 'media.audio_policy' on '/dev/binder'...
06-14 01:29:17.142  1953  2207 E BluetoothAdapter: Bluetooth binder is null
06-14 01:29:17.149  1953  2207 E BatteryExternalStatsWorker: no controller energy info supplied for telephony
06-14 01:29:17.150  1953  2207 E KernelUidCpuFreqTimeReader: Failed to read /proc/uid_time_in_state: java.io.FileNotFoundException: /proc/uid_time_in_state (No such file or directory)
06-14 01:29:17.158  1953  2207 W KernelCpuProcReader: File not exist: /proc/uid_cpupower/concurrent_active_time
06-14 01:29:17.159  1953  2207 W KernelCpuProcReader: File not exist: /proc/uid_cpupower/concurrent_policy_time
06-14 01:29:17.167  1953  2207 W KernelMemoryBandwidthStats: No kernel memory bandwidth stats available
06-14 01:29:17.170  1953  2207 I PowerManagerService-JNI: Loaded power HAL 1.0 service
06-14 01:29:17.171  1953  2207 E KernelUidCpuFreqTimeReader: Failed to read /proc/uid_time_in_state: java.io.FileNotFoundException: /proc/uid_time_in_state (No such file or directory)
06-14 01:29:17.179  1189  1412 I ServiceManager: Waiting for service 'package_native' on '/dev/binder'...
06-14 01:29:17.232  1184  1931 I ServiceManager: Waiting for service 'media.audio_policy' on '/dev/binder'...
06-14 01:29:17.233  1404  1633 W ServiceManagement: Waited one second for android.frameworks.sensorservice@1.0::ISensorManager/default. Waiting another...
06-14 01:29:17.272  1953  1953 W AppOps  : Unknown attribute in 'op' tag: n
06-14 01:29:17.279  1189  1412 I ServiceManager: Waiting for service 'package_native' on '/dev/binder'...
06-14 01:29:17.296  1953  1953 I chatty  : uid=1000 system_server identical 288 lines
06-14 01:29:17.296  1953  1953 W AppOps  : Unknown attribute in 'op' tag: n
06-14 01:29:17.297  1953  2195 W SystemConfig: No directory /oem/etc/sysconfig, skipping
06-14 01:29:17.297  1953  1953 W AppOps  : Unknown attribute in 'op' tag: n
06-14 01:29:17.307  1953  1953 I chatty  : uid=1000 system_server identical 137 lines
06-14 01:29:17.307  1953  1953 W AppOps  : Unknown attribute in 'op' tag: n
06-14 01:29:17.307  1953  2195 W SystemConfig: No directory /oem/etc/motorola/bgintents, skipping
06-14 01:29:17.307  1953  1953 W AppOps  : Unknown attribute in 'op' tag: n
06-14 01:29:17.307  1953  1953 I chatty  : uid=1000 system_server identical 1 line
06-14 01:29:17.308  1953  1953 W AppOps  : Unknown attribute in 'op' tag: n
06-14 01:29:17.308  1953  2195 W SystemConfig: No directory /system/etc/motorola/sysconfig, skipping
06-14 01:29:17.308  1953  1953 W AppOps  : Unknown attribute in 'op' tag: n
06-14 01:29:17.308  1953  2195 W SystemConfig: No directory /oem/etc/motorola/sysconfig, skipping
06-14 01:29:17.308  1953  1953 W AppOps  : Unknown attribute in 'op' tag: n
06-14 01:29:17.326  1953  1953 I chatty  : uid=1000 system_server identical 257 lines
06-14 01:29:17.326  1953  1953 W AppOps  : Unknown attribute in 'op' tag: n
06-14 01:29:17.332  1184  1931 I ServiceManager: Waiting for service 'media.audio_policy' on '/dev/binder'...
06-14 01:29:17.354  1953  1953 I IntentFirewall: Read new rules (A:0 B:2 S:1)
06-14 01:29:17.368  1953  1953 I RestrictProcess: isRestrictEmptyProcess: true mNumCacheMemLeft: 700 isLowRamDevice: true
06-14 01:29:17.371  1953  1953 I LaunchCheckinHandler: Next checkin scheduled in 1351 minutes
06-14 01:29:17.373  1953  1953 W libprocessgroup: Failed to remove /acct/uid_0/pid_1028: Device or resource busy
06-14 01:29:17.373  1953  1953 W libprocessgroup: Failed to remove /acct/uid_0/pid_1042: Device or resource busy
06-14 01:29:17.373  1953  1953 W libprocessgroup: Failed to remove /acct/uid_0/pid_1055: Device or resource busy
06-14 01:29:17.373  1953  1953 W libprocessgroup: Failed to remove /acct/uid_0/pid_1062: Device or resource busy
06-14 01:29:17.373  1953  1953 W libprocessgroup: Failed to remove /acct/uid_0/pid_1063: Device or resource busy
06-14 01:29:17.373  1953  1953 W libprocessgroup: Failed to remove /acct/uid_0/pid_1069: Device or resource busy
06-14 01:29:17.374  1953  1953 W libprocessgroup: Failed to remove /acct/uid_0/pid_1140: Device or resource busy
06-14 01:29:17.374  1953  1953 W libprocessgroup: Failed to remove /acct/uid_0/pid_1146: Device or resource busy
06-14 01:29:17.374  1953  1953 W libprocessgroup: Failed to remove /acct/uid_0/pid_1174: Device or resource busy
06-14 01:29:17.374  1953  1953 W libprocessgroup: Failed to remove /acct/uid_0/pid_1189: Device or resource busy
06-14 01:29:17.374  1953  1953 W libprocessgroup: Failed to remove /acct/uid_0/pid_1402: Device or resource busy
06-14 01:29:17.374  1953  1953 W libprocessgroup: Failed to remove /acct/uid_0/pid_1512: Device or resource busy
06-14 01:29:17.374  1953  1953 W libprocessgroup: Failed to remove /acct/uid_0/pid_421: Device or resource busy
06-14 01:29:17.374  1953  1953 W libprocessgroup: Failed to remove /acct/uid_0/pid_863: Device or resource busy
06-14 01:29:17.374  1953  1953 W libprocessgroup: Failed to remove /acct/uid_0/pid_878: Device or resource busy
06-14 01:29:17.375  1953  1953 W libprocessgroup: Failed to remove /acct/uid_0/pid_957: Device or resource busy
06-14 01:29:17.375  1953  1953 W libprocessgroup: Failed to remove /acct/uid_0/pid_958: Device or resource busy
06-14 01:29:17.375  1953  1953 W libprocessgroup: Failed to remove /acct/uid_0: Permission denied
06-14 01:29:17.375  1953  1953 W libprocessgroup: Failed to remove /acct/uid_1000/pid_1026: Device or resource busy
06-14 01:29:17.375  1953  1953 W libprocessgroup: Failed to remove /acct/uid_1000/pid_1027: Device or resource busy
06-14 01:29:17.375  1953  1953 W libprocessgroup: Failed to remove /acct/uid_1000/pid_1031: Device or resource busy
06-14 01:29:17.375  1953  1953 W libprocessgroup: Failed to remove /acct/uid_1000/pid_1035: Device or resource busy
06-14 01:29:17.375  1953  1953 W libprocessgroup: Failed to remove /acct/uid_1000/pid_1036: Device or resource busy
06-14 01:29:17.375  1953  1953 W libprocessgroup: Failed to remove /acct/uid_1000/pid_1037: Device or resource busy
06-14 01:29:17.375  1953  1953 W libprocessgroup: Failed to remove /acct/uid_1000/pid_1038: Device or resource busy
06-14 01:29:17.375  1953  1953 W libprocessgroup: Failed to remove /acct/uid_1000/pid_1039: Device or resource busy
06-14 01:29:17.375  1953  1953 W libprocessgroup: Failed to remove /acct/uid_1000/pid_1040: Device or resource busy
06-14 01:29:17.375  1953  1953 W libprocessgroup: Failed to remove /acct/uid_1000/pid_1041: Device or resource busy
06-14 01:29:17.375  1953  1953 W libprocessgroup: Failed to remove /acct/uid_1000/pid_1043: Device or resource busy
06-14 01:29:17.375  1953  1953 W libprocessgroup: Failed to remove /acct/uid_1000/pid_1045: Device or resource busy
06-14 01:29:17.375  1953  1953 W libprocessgroup: Failed to remove /acct/uid_1000/pid_1049: Device or resource busy
06-14 01:29:17.375  1953  1953 W libprocessgroup: Failed to remove /acct/uid_1000/pid_1050: Device or resource busy
06-14 01:29:17.375  1953  1953 W libprocessgroup: Failed to remove /acct/uid_1000/pid_1052: Device or resource busy
06-14 01:29:17.375  1953  1953 W libprocessgroup: Failed to remove /acct/uid_1000/pid_1054: Device or resource busy
06-14 01:29:17.375  1953  1953 W libprocessgroup: Failed to remove /acct/uid_1000/pid_1056: Device or resource busy
06-14 01:29:17.376  1953  1953 W libprocessgroup: Failed to remove /acct/uid_1000/pid_1057: Device or resource busy
06-14 01:29:17.376  1953  1953 W libprocessgroup: Failed to remove /acct/uid_1000/pid_1058: Device or resource busy
06-14 01:29:17.376  1953  1953 W libprocessgroup: Failed to remove /acct/uid_1000/pid_1065: Device or resource busy
06-14 01:29:17.376  1953  1953 W libprocessgroup: Failed to remove /acct/uid_1000/pid_1070: Device or resource busy
06-14 01:29:17.376  1953  1953 W libprocessgroup: Failed to remove /acct/uid_1000/pid_1071: Device or resource busy
06-14 01:29:17.376  1953  1953 W libprocessgroup: Failed to remove /acct/uid_1000/pid_1102: Device or resource busy
06-14 01:29:17.376  1953  1953 W libprocessgroup: Failed to remove /acct/uid_1000/pid_1119: Device or resource busy
06-14 01:29:17.376  1953  1953 W libprocessgroup: Failed to remove /acct/uid_1000/pid_1120: Device or resource busy
06-14 01:29:17.376  1953  1953 W libprocessgroup: Failed to remove /acct/uid_1000/pid_1138: Device or resource busy
06-14 01:29:17.376  1953  1953 W libprocessgroup: Failed to remove /acct/uid_1000/pid_1147: Device or resource busy
06-14 01:29:17.376  1953  1953 W libprocessgroup: Failed to remove /acct/uid_1000/pid_1153: Device or resource busy
06-14 01:29:17.376  1953  1953 W libprocessgroup: Failed to remove /acct/uid_1000/pid_1155: Device or resource busy
06-14 01:29:17.376  1953  1953 W libprocessgroup: Failed to remove /acct/uid_1000/pid_1156: Device or resource busy
06-14 01:29:17.376  1953  1953 W libprocessgroup: Failed to remove /acct/uid_1000/pid_1186: Device or resource busy
06-14 01:29:17.376  1953  1953 W libprocessgroup: Failed to remove /acct/uid_1000/pid_1255: Device or resource busy
06-14 01:29:17.376  1953  1953 W libprocessgroup: Failed to remove /acct/uid_1000/pid_1275: Device or resource busy
06-14 01:29:17.376  1953  1953 W libprocessgroup: Failed to remove /acct/uid_1000/pid_1294: Device or resource busy
06-14 01:29:17.376  1953  1953 W libprocessgroup: Failed to remove /acct/uid_1000/pid_1312: Device or resource busy
06-14 01:29:17.376  1953  1953 W libprocessgroup: Failed to remove /acct/uid_1000/pid_1335: Device or resource busy
06-14 01:29:17.376  1953  1953 W libprocessgroup: Failed to remove /acct/uid_1000/pid_1399: Device or resource busy
06-14 01:29:17.377  1953  1953 W libprocessgroup: Failed to remove /acct/uid_1000/pid_854: Device or resource busy
06-14 01:29:17.377  1953  1953 W libprocessgroup: Failed to remove /acct/uid_1000/pid_855: Device or resource busy
06-14 01:29:17.377  1953  1953 W libprocessgroup: Failed to remove /acct/uid_1000/pid_856: Device or resource busy
06-14 01:29:17.377  1953  1953 W libprocessgroup: Failed to remove /acct/uid_1000/pid_876: Device or resource busy
06-14 01:29:17.377  1953  1953 W libprocessgroup: Failed to remove /acct/uid_1000/pid_877: Device or resource busy
06-14 01:29:17.377  1953  1953 W libprocessgroup: Failed to remove /acct/uid_1000: Permission denied
06-14 01:29:17.377  1953  1953 W libprocessgroup: Failed to remove /acct/uid_1001/pid_1261: Device or resource busy
06-14 01:29:17.377  1953  1953 W libprocessgroup: Failed to remove /acct/uid_1001/pid_1404: Device or resource busy
06-14 01:29:17.377  1953  1953 W libprocessgroup: Failed to remove /acct/uid_1001/pid_1435: Device or resource busy
06-14 01:29:17.377  1953  1953 W libprocessgroup: Failed to remove /acct/uid_1001/pid_1451: Device or resource busy
06-14 01:29:17.377  1953  1953 W libprocessgroup: Failed to remove /acct/uid_1001/pid_1468: Device or resource busy
06-14 01:29:17.377  1953  1953 W libprocessgroup: Failed to remove /acct/uid_1001/pid_1484: Device or resource busy
06-14 01:29:17.377  1953  1953 W libprocessgroup: Failed to remove /acct/uid_1001: Permission denied
06-14 01:29:17.377  1953  1953 W libprocessgroup: Failed to remove /acct/uid_1002/pid_1029: Device or resource busy
06-14 01:29:17.377  1953  1953 W libprocessgroup: Failed to remove /acct/uid_1002: Permission denied
06-14 01:29:17.377  1953  1953 W libprocessgroup: Failed to remove /acct/uid_1003/pid_1437: Device or resource busy
06-14 01:29:17.377  1953  1953 W libprocessgroup: Failed to remove /acct/uid_1003: Permission denied
06-14 01:29:17.378  1953  1953 W libprocessgroup: Failed to remove /acct/uid_1005/pid_1046: Device or resource busy
06-14 01:29:17.378  1953  1953 W libprocessgroup: Failed to remove /acct/uid_1005: Permission denied
06-14 01:29:17.378  1953  1953 W libprocessgroup: Failed to remove /acct/uid_1006/pid_1048: Device or resource busy
06-14 01:29:17.378  1953  1953 W libprocessgroup: Failed to remove /acct/uid_1006/pid_1143: Device or resource busy
06-14 01:29:17.378  1953  1953 W libprocessgroup: Failed to remove /acct/uid_1006: Permission denied
06-14 01:29:17.378  1953  1953 W libprocessgroup: Failed to remove /acct/uid_1010/pid_1044: Device or resource busy
06-14 01:29:17.378  1953  1953 W libprocessgroup: Failed to remove /acct/uid_1010/pid_1200: Device or resource busy
06-14 01:29:17.378  1953  1953 W libprocessgroup: Failed to remove /acct/uid_1010: Permission denied
06-14 01:29:17.378  1953  1953 W libprocessgroup: Failed to remove /acct/uid_1013/pid_1030: Device or resource busy
06-14 01:29:17.378  1953  1953 W libprocessgroup: Failed to remove /acct/uid_1013/pid_1032: Device or resource busy
06-14 01:29:17.378  1953  1953 W libprocessgroup: Failed to remove /acct/uid_1013/pid_1033: Device or resource busy
06-14 01:29:17.378  1953  1953 W libprocessgroup: Failed to remove /acct/uid_1013/pid_1034: Device or resource busy
06-14 01:29:17.378  1953  1953 W libprocessgroup: Failed to remove /acct/uid_1013/pid_1051: Device or resource busy
06-14 01:29:17.378  1953  1953 W libprocessgroup: Failed to remove /acct/uid_1013/pid_1158: Device or resource busy
06-14 01:29:17.378  1953  1953 W libprocessgroup: Failed to remove /acct/uid_1013/pid_1179: Device or resource busy
06-14 01:29:17.378  1953  1953 W libprocessgroup: Failed to remove /acct/uid_1013/pid_1183: Device or resource busy
06-14 01:29:17.378  1953  1953 W libprocessgroup: Failed to remove /acct/uid_1013/pid_1184: Device or resource busy
06-14 01:29:17.378  1953  1953 W libprocessgroup: Failed to remove /acct/uid_1013: Permission denied
06-14 01:29:17.378  1953  1953 W libprocessgroup: Failed to remove /acct/uid_1017/pid_1175: Device or resource busy
06-14 01:29:17.378  1953  1953 W libprocessgroup: Failed to remove /acct/uid_1017: Permission denied
06-14 01:29:17.378  1953  1953 W libprocessgroup: Failed to remove /acct/uid_1019/pid_1168: Device or resource busy
06-14 01:29:17.379  1953  1953 W libprocessgroup: Failed to remove /acct/uid_1019: Permission denied
06-14 01:29:17.379  1953  1953 W libprocessgroup: Failed to remove /acct/uid_1021/pid_1053: Device or resource busy
06-14 01:29:17.379  1953  1953 W libprocessgroup: Failed to remove /acct/uid_1021/pid_1278: Device or resource busy
06-14 01:29:17.379  1953  1953 W libprocessgroup: Failed to remove /acct/uid_1021/pid_1284: Device or resource busy
06-14 01:29:17.379  1953  1953 W libprocessgroup: Failed to remove /acct/uid_1021: Permission denied
06-14 01:29:17.379  1953  1953 W libprocessgroup: Failed to remove /acct/uid_1027/pid_1135: Device or resource busy
06-14 01:29:17.379  1953  1953 W libprocessgroup: Failed to remove /acct/uid_1027: Permission denied
06-14 01:29:17.379  1953  1953 W libprocessgroup: Failed to remove /acct/uid_1036/pid_853: Device or resource busy
06-14 01:29:17.379  1953  1953 W libprocessgroup: Failed to remove /acct/uid_1036: Permission denied
06-14 01:29:17.379  1953  1953 W libprocessgroup: Failed to remove /acct/uid_1040/pid_1181: Device or resource busy
06-14 01:29:17.379  1953  1953 W libprocessgroup: Failed to remove /acct/uid_1040: Permission denied
06-14 01:29:17.379  1953  1953 W libprocessgroup: Failed to remove /acct/uid_1041/pid_1047: Device or resource busy
06-14 01:29:17.379  1953  1953 W libprocessgroup: Failed to remove /acct/uid_1041/pid_1068: Device or resource busy
06-14 01:29:17.379  1953  1953 W libprocessgroup: Failed to remove /acct/uid_1041: Permission denied
06-14 01:29:17.379  1953  1953 W libprocessgroup: Failed to remove /acct/uid_1046/pid_1205: Device or resource busy
06-14 01:29:17.379  1953  1953 W libprocessgroup: Failed to remove /acct/uid_1046: Permission denied
06-14 01:29:17.379  1953  1953 W libprocessgroup: Failed to remove /acct/uid_1047/pid_1167: Device or resource busy
06-14 01:29:17.379  1953  1953 W libprocessgroup: Failed to remove /acct/uid_1047/pid_1665: Device or resource busy
06-14 01:29:17.379  1953  1953 W libprocessgroup: Failed to remove /acct/uid_1047: Permission denied
06-14 01:29:17.379  1953  1953 W libprocessgroup: Failed to remove /acct/uid_1058/pid_1325: Device or resource busy
06-14 01:29:17.380  1953  1953 W libprocessgroup: Failed to remove /acct/uid_1058: Permission denied
06-14 01:29:17.380  1953  1953 W libprocessgroup: Failed to remove /acct/uid_1066/pid_1187: Device or resource busy
06-14 01:29:17.380  1953  1953 W libprocessgroup: Failed to remove /acct/uid_1066: Permission denied
06-14 01:29:17.380  1189  1412 I ServiceManager: Waiting for service 'package_native' on '/dev/binder'...
06-14 01:29:17.380  1953  1953 W libprocessgroup: Failed to remove /acct/uid_1067/pid_1170: Device or resource busy
06-14 01:29:17.380  1953  1953 W libprocessgroup: Failed to remove /acct/uid_1067: Permission denied
06-14 01:29:17.380  1953  1953 W libprocessgroup: Failed to remove /acct/uid_2906/pid_1060: Device or resource busy
06-14 01:29:17.380  1953  1953 W libprocessgroup: Failed to remove /acct/uid_2906: Permission denied
06-14 01:29:17.382  1953  1953 D AppOps  : AppOpsService published
06-14 01:29:17.382  1953  1953 I SystemServer: StartPowerManager
06-14 01:29:17.382  1953  1953 I SystemServiceManager: Starting com.android.server.power.PowerManagerService
06-14 01:29:17.395  1040  1040 E QTI PowerHAL: Failed to acquire lock.
06-14 01:29:17.395  1040  1040 I QTI PowerHAL: Got set_interactive hint
06-14 01:29:17.395  1040  1040 E QTI PowerHAL: Invalid hint ID.
06-14 01:29:17.395  1040  1040 I QTI PowerHAL: Got set_interactive hint on= 1, count= 1
06-14 01:29:17.395  1040  1040 E QTI PowerHAL: Error opening /sys/kernel/hbtp/display_pwr: No such file or directory
06-14 01:29:17.397  1953  1953 I SystemServer: InitPowerManagement
06-14 01:29:17.398  1953  1953 I SystemServer: StartRecoverySystemService
06-14 01:29:17.398  1953  1953 I SystemServiceManager: Starting com.android.server.RecoverySystemService
06-14 01:29:17.406  1953  1953 W RescueParty: Noticed 1 events for UID 0 in last 46 sec
06-14 01:29:17.406  1953  1953 I SystemServer: StartLightsService
06-14 01:29:17.406  1953  1953 I SystemServiceManager: Starting com.android.server.lights.LightsService
06-14 01:29:17.408  1953  1953 I SystemServer: StartSidekickService
06-14 01:29:17.408  1953  1953 I SystemServiceManager: Starting com.motorola.server.display.PanelsService
06-14 01:29:17.411  1953  1953 I DisplayPanelService: Loaded display panel HAL service
06-14 01:29:17.412  1045  1045 I DisplayPanel: setMode: panel mode = NORMAL
06-14 01:29:17.412  1045  1045 I DisplayPanel: setParam: HBM = 0
06-14 01:29:17.412  1045  1045 I DisplayPanel: setParam: CABC = UI
06-14 01:29:17.414  1953  1953 I SystemServer: StartDisplayManager
06-14 01:29:17.414  1953  1953 I SystemServiceManager: Starting com.android.server.display.DisplayManagerService
06-14 01:29:17.426  1953  1953 D DisplayTransformManager: Moto Night Mode is false
06-14 01:29:17.426  1953  1953 I SystemServer: WaitForDisplay
06-14 01:29:17.426  1953  1953 I SystemServiceManager: Starting phase 100
06-14 01:29:17.428  1036  1434 I SDM     : HWCDisplay::GetColorModeCount: Supported color mode count = 26
06-14 01:29:17.428  1036  1434 I SDM     : HWCDisplay::GetColorModes: Supports color mode[0] = 0
06-14 01:29:17.428  1036  1434 I SDM     : HWCDisplay::GetColorModes: Supports color mode[1] = 7
06-14 01:29:17.428  1036  1434 I SDM     : HWCDisplay::GetColorModes: Supports color mode[2] = 8
06-14 01:29:17.428  1036  1434 I SDM     : HWCDisplay::GetColorModes: Supports color mode[3] = 13
06-14 01:29:17.428  1036  1434 I SDM     : HWCDisplay::GetColorModes: Supports color mode[4] = 14
06-14 01:29:17.428  1036  1434 I SDM     : HWCDisplay::GetColorModes: Supports color mode[5] = 15
06-14 01:29:17.428  1036  1434 I SDM     : HWCDisplay::GetColorModes: Supports color mode[6] = 16
06-14 01:29:17.428  1036  1434 I SDM     : HWCDisplay::GetColorModes: Supports color mode[7] = 17
06-14 01:29:17.428  1036  1434 I SDM     : HWCDisplay::GetColorModes: Supports color mode[8] = 18
06-14 01:29:17.428  1036  1434 I SDM     : HWCDisplay::GetColorModes: Supports color mode[9] = 19
06-14 01:29:17.428  1036  1434 I SDM     : HWCDisplay::GetColorModes: Supports color mode[10] = 20
06-14 01:29:17.428  1036  1434 I SDM     : HWCDisplay::GetColorModes: Supports color mode[11] = 21
06-14 01:29:17.428  1036  1434 I SDM     : HWCDisplay::GetColorModes: Supports color mode[12] = 22
06-14 01:29:17.428  1036  1434 I SDM     : HWCDisplay::GetColorModes: Supports color mode[13] = 23
06-14 01:29:17.428  1036  1434 I SDM     : HWCDisplay::GetColorModes: Supports color mode[14] = 24
06-14 01:29:17.428  1036  1434 I SDM     : HWCDisplay::GetColorModes: Supports color mode[15] = 25
06-14 01:29:17.428  1036  1434 I SDM     : HWCDisplay::GetColorModes: Supports color mode[16] = 26
06-14 01:29:17.428  1036  1434 I SDM     : HWCDisplay::GetColorModes: Supports color mode[17] = 27
06-14 01:29:17.428  1036  1434 I SDM     : HWCDisplay::GetColorModes: Supports color mode[18] = 28
06-14 01:29:17.428  1036  1434 I SDM     : HWCDisplay::GetColorModes: Supports color mode[19] = 29
06-14 01:29:17.428  1036  1434 I SDM     : HWCDisplay::GetColorModes: Supports color mode[20] = 30
06-14 01:29:17.428  1036  1434 I SDM     : HWCDisplay::GetColorModes: Supports color mode[21] = 31
06-14 01:29:17.428  1036  1434 I SDM     : HWCDisplay::GetColorModes: Supports color mode[22] = 34
06-14 01:29:17.428  1036  1434 I SDM     : HWCDisplay::GetColorModes: Supports color mode[23] = 35
06-14 01:29:17.428  1036  1434 I SDM     : HWCDisplay::GetColorModes: Supports color mode[24] = 36
06-14 01:29:17.428  1036  1434 I SDM     : HWCDisplay::GetColorModes: Supports color mode[25] = 37
06-14 01:29:17.431  1036  1434 I SDM     : HWCDisplay::GetColorModeCount: Supported color mode count = 26
06-14 01:29:17.431  1036  1434 I SDM     : HWCDisplay::GetColorModes: Supports color mode[0] = 0
06-14 01:29:17.431  1036  1434 I SDM     : HWCDisplay::GetColorModes: Supports color mode[1] = 7
06-14 01:29:17.431  1036  1434 I SDM     : HWCDisplay::GetColorModes: Supports color mode[2] = 8
06-14 01:29:17.431  1036  1434 I SDM     : HWCDisplay::GetColorModes: Supports color mode[3] = 13
06-14 01:29:17.431  1036  1434 I SDM     : HWCDisplay::GetColorModes: Supports color mode[4] = 14
06-14 01:29:17.431  1036  1434 I SDM     : HWCDisplay::GetColorModes: Supports color mode[5] = 15
06-14 01:29:17.431  1036  1434 I SDM     : HWCDisplay::GetColorModes: Supports color mode[6] = 16
06-14 01:29:17.431  1036  1434 I SDM     : HWCDisplay::GetColorModes: Supports color mode[7] = 17
06-14 01:29:17.431  1036  1434 I SDM     : HWCDisplay::GetColorModes: Supports color mode[8] = 18
06-14 01:29:17.431  1036  1434 I SDM     : HWCDisplay::GetColorModes: Supports color mode[9] = 19
06-14 01:29:17.431  1036  1434 I SDM     : HWCDisplay::GetColorModes: Supports color mode[10] = 20
06-14 01:29:17.431  1036  1434 I SDM     : HWCDisplay::GetColorModes: Supports color mode[11] = 21
06-14 01:29:17.431  1036  1434 I SDM     : HWCDisplay::GetColorModes: Supports color mode[12] = 22
06-14 01:29:17.431  1036  1434 I SDM     : HWCDisplay::GetColorModes: Supports color mode[13] = 23
06-14 01:29:17.431  1036  1434 I SDM     : HWCDisplay::GetColorModes: Supports color mode[14] = 24
06-14 01:29:17.431  1036  1434 I SDM     : HWCDisplay::GetColorModes: Supports color mode[15] = 25
06-14 01:29:17.431  1036  1434 I SDM     : HWCDisplay::GetColorModes: Supports color mode[16] = 26
06-14 01:29:17.431  1036  1434 I SDM     : HWCDisplay::GetColorModes: Supports color mode[17] = 27
06-14 01:29:17.431  1036  1434 I SDM     : HWCDisplay::GetColorModes: Supports color mode[18] = 28
06-14 01:29:17.431  1036  1434 I SDM     : HWCDisplay::GetColorModes: Supports color mode[19] = 29
06-14 01:29:17.431  1036  1434 I SDM     : HWCDisplay::GetColorModes: Supports color mode[20] = 30
06-14 01:29:17.431  1036  1434 I SDM     : HWCDisplay::GetColorModes: Supports color mode[21] = 31
06-14 01:29:17.431  1036  1434 I SDM     : HWCDisplay::GetColorModes: Supports color mode[22] = 34
06-14 01:29:17.431  1036  1434 I SDM     : HWCDisplay::GetColorModes: Supports color mode[23] = 35
06-14 01:29:17.431  1036  1434 I SDM     : HWCDisplay::GetColorModes: Supports color mode[24] = 36
06-14 01:29:17.431  1036  1434 I SDM     : HWCDisplay::GetColorModes: Supports color mode[25] = 37
06-14 01:29:17.433  1184  1931 I ServiceManager: Waiting for service 'media.audio_policy' on '/dev/binder'...
06-14 01:29:17.437  1953  2224 I DisplayManagerService: Display device added: DisplayDeviceInfo{"Tela integrada": uniqueId="local:0", 1080 x 2160, modeId 1, defaultModeId 1, supportedModes [{id=1, width=1080, height=2160, fps=60.000004}], colorMode 0, supportedColorModes [0, 7, 8, 13, 14, 15, 16, 17, 18, 19, 20, 21, 22, 23, 24, 25, 26, 27, 28, 29, 30, 31, 34, 35, 36, 37], HdrCapabilities android.view.Display$HdrCapabilities@40f16308, density 480, 428.625 x 428.625 dpi, appVsyncOff 1000000, presDeadline 16666666, touch INTERNAL, rotation 0, type BUILT_IN, state UNKNOWN, FLAG_DEFAULT_DISPLAY, FLAG_ROTATES_WITH_CONTENT, FLAG_SECURE, FLAG_SUPPORTS_PROTECTED_BUFFERS}
06-14 01:29:17.438  1070  1070 D SurfaceFlinger: Set power mode=2, type=0 flinger=0xa9960000
06-14 01:29:17.441  1953  2224 I DisplayManagerService: Display device changed state: "Tela integrada", ON
06-14 01:29:17.441  1953  1953 I SystemServer: StartPackageManagerService
06-14 01:29:17.470  1953  1953 E MotoSigPermissionXml: parseFile exception: java.io.FileNotFoundException: oem/etc/sig-permission.xml (No such file or directory)
06-14 01:29:17.471  1953  1953 E MotoSigPermissionXml: parseConsentFile exception: java.io.FileNotFoundException: /data/system/sig-consent.xml (No such file or directory)
06-14 01:29:17.480  1189  1412 I ServiceManager: Waiting for service 'package_native' on '/dev/binder'...
06-14 01:29:17.487  1953  1953 D SELinuxMMAC: Using policy file /system/etc/selinux/plat_mac_permissions.xml
06-14 01:29:17.489  1953  1953 D SELinuxMMAC: Using policy file /vendor/etc/selinux/vendor_mac_permissions.xml
06-14 01:29:17.497  1953  1953 D FallbackCategoryProvider: Found 41 fallback categories
06-14 01:29:17.499  1953  2227 W ProcessCpuTracker: Skipping unknown process pid 2225
06-14 01:29:17.533  1184  1931 I ServiceManager: Waiting for service 'media.audio_policy' on '/dev/binder'...
06-14 01:29:17.580  1189  1412 I ServiceManager: Waiting for service 'package_native' on '/dev/binder'...
06-14 01:29:17.633  1184  1931 I ServiceManager: Waiting for service 'media.audio_policy' on '/dev/binder'...
06-14 01:29:17.681  1189  1412 I ServiceManager: Waiting for service 'package_native' on '/dev/binder'...
06-14 01:29:17.734  1184  1931 W ServiceManager: Service media.audio_policy didn't start. Returning NULL
06-14 01:29:17.734  1184  1931 W AudioSystem: AudioPolicyService not published, waiting...
06-14 01:29:17.744  1047  1946 W ServiceManagement: Waited one second for android.frameworks.sensorservice@1.0::ISensorManager/default. Waiting another...
06-14 01:29:17.775  1140  1242 D QC-time-services: Daemon:genoff_wlan_qmi_service_request: qmi_client_get_service_list returned -2num_services 0
06-14 01:29:17.781  1189  1412 I ServiceManager: Waiting for service 'package_native' on '/dev/binder'...
06-14 01:29:17.877  1484  1484 E QTI_SDM_INFO: [qti_rmnet_peripheral.c:739] qti_file_open():Could not open device file. Errno 2 error msg=No such file or directory
06-14 01:29:17.881  1189  1412 I ServiceManager: Waiting for service 'package_native' on '/dev/binder'...
06-14 01:29:18.082  1189  1412 I chatty  : uid=0(root) /system/bin/storaged identical 2 lines
06-14 01:29:18.182  1189  1412 I ServiceManager: Waiting for service 'package_native' on '/dev/binder'...
06-14 01:29:18.233  1404  1633 W ServiceManagement: Waited one second for android.frameworks.sensorservice@1.0::ISensorManager/default. Waiting another...
06-14 01:29:18.234  1184  1931 I ServiceManager: Waiting for service 'media.audio_policy' on '/dev/binder'...
06-14 01:29:18.283  1189  1412 I ServiceManager: Waiting for service 'package_native' on '/dev/binder'...
06-14 01:29:18.334  1184  1931 I ServiceManager: Waiting for service 'media.audio_policy' on '/dev/binder'...
06-14 01:29:18.361  1953  1953 D PackageManager: No files in app dir /product/overlay
06-14 01:29:18.374  1953  2277 I PackageParser: Skipping target and overlay pair com.android.providers.settings and null: overlay ignored due to required system property: ro.carrier with value: dteu
06-14 01:29:18.375  1953  1953 W PackageManager: Failed to parse /oem/overlay/SettingsProvider-oemres-dteu: /oem/overlay/SettingsProvider-oemres-dteu/SettingsProvider-oemres-dteu.apk (at Binary XML file line #11): null
06-14 01:29:18.379  1953  1953 W PackageManager: Failed to parse /system/framework/oat: Missing base APK in /system/framework/oat
06-14 01:29:18.379  1953  1953 W PackageManager: Failed to parse /system/framework/arm: Missing base APK in /system/framework/arm
06-14 01:29:18.383  1189  1412 I ServiceManager: Waiting for service 'package_native' on '/dev/binder'...
06-14 01:29:18.396  1953  1953 D PackageManager: No files in app dir /oem/app
06-14 01:29:18.434  1184  1931 I ServiceManager: Waiting for service 'media.audio_policy' on '/dev/binder'...
06-14 01:29:18.472  1953  1953 W PackageManager: Failed to scan /system/priv-app/GmsCore: Package com.google.android.gms at /system/priv-app/GmsCore ignored: updated version 221820027 better than this 13292036
06-14 01:29:18.473  1953  1953 W PackageManager: Failed to scan /system/priv-app/3c_notification: Package com.motorola.ccc.notification at /system/priv-app/3c_notification ignored: updated version 79163 better than this 78013
06-14 01:29:18.482  1953  1953 W PackageManager: Failed to scan /system/priv-app/Phonesky: Package com.android.vending at /system/priv-app/Phonesky ignored: updated version 83093010 better than this 81211800
06-14 01:29:18.483  1189  1412 I ServiceManager: Waiting for service 'package_native' on '/dev/binder'...
06-14 01:29:18.496  1953  1953 W PackageManager: Failed to scan /system/priv-app/CarrierServices: Package com.google.android.ims at /system/priv-app/CarrierServices ignored: updated version 30807036 better than this 30046155
06-14 01:29:18.511  1953  1953 W PackageManager: Failed to scan /system/priv-app/MotoActions: Package com.motorola.actions at /system/priv-app/MotoActions ignored: updated version 281065611 better than this 281050271
06-14 01:29:18.520  1953  1953 W PackageManager: Failed to scan /system/priv-app/MotoTimeZoneDataPrebuilt: Package com.motorola.timezonedata at /system/priv-app/MotoTimeZoneDataPrebuilt ignored: updated version 28010014 better than this 28010004
06-14 01:29:18.521  1953  1953 W PackageManager: Failed to scan /system/priv-app/MotCamera2: Package com.motorola.camera2 at /system/priv-app/MotCamera2 ignored: updated version 70205718 better than this 70203239
06-14 01:29:18.527  1953  1953 W PackageManager: Failed to scan /system/priv-app/ARselfie: Package com.motorola.arselfie at /system/priv-app/ARselfie ignored: updated version 10005002 better than this 10004800
06-14 01:29:18.535  1184  1931 I ServiceManager: Waiting for service 'media.audio_policy' on '/dev/binder'...
06-14 01:29:18.541  1953  1953 W PackageManager: Failed to scan /system/priv-app/MotoDisplayV6: Package com.motorola.motodisplay at /system/priv-app/MotoDisplayV6 ignored: updated version 280063505 better than this 250060871
06-14 01:29:18.550  1953  1953 W PackageManager: Failed to scan /system/priv-app/Turbo: Package com.google.android.apps.turbo at /system/priv-app/Turbo ignored: updated version 10249321 better than this 10209577
06-14 01:29:18.555  1953  1953 W PackageManager: Failed to scan /system/priv-app/GoogleDialer: Package com.google.android.dialer at /system/priv-app/GoogleDialer ignored: updated version 9279007 better than this 3118480
06-14 01:29:18.567  1953  1953 W PackageManager: Failed to scan /system/app/CalendarGoogle: Package com.google.android.calendar at /system/app/CalendarGoogle ignored: updated version 2017077928 better than this 2015967351
06-14 01:29:18.570  1953  1953 W PackageManager: Failed to scan /system/app/DeskClockGoogle: Package com.google.android.deskclock at /system/app/DeskClockGoogle ignored: updated version 71001997 better than this 54001012
06-14 01:29:18.578  1953  1953 W PackageManager: Failed to scan /system/app/FMPlayer: Package com.motorola.fmplayer at /system/app/FMPlayer ignored: updated version 20400010 better than this 20205080
06-14 01:29:18.580  1953  1953 W PackageManager: Failed to scan /system/app/GuideMe: Package com.motorola.genie at /system/app/GuideMe ignored: updated version 1000700 better than this 500913
06-14 01:29:18.584  1189  1412 I ServiceManager: Waiting for service 'package_native' on '/dev/binder'...
06-14 01:29:18.584  1953  1953 W PackageManager: Failed to scan /system/app/GoogleContacts: Package com.google.android.contacts at /system/app/GoogleContacts ignored: updated version 2818066 better than this 2133515
06-14 01:29:18.591  1953  1953 W PackageManager: Failed to scan /system/app/Gmail2: Package com.google.android.gm at /system/app/Gmail2 ignored: updated version 63288287 better than this 60804175
06-14 01:29:18.591  1953  1953 W PackageManager: Failed to scan /system/app/CalculatorGoogle: Package com.google.android.calculator at /system/app/CalculatorGoogle ignored: updated version 81000803 better than this 75013172
06-14 01:29:18.602  1953  1953 W PackageManager: Failed to scan /system/app/GoogleTTS: Package com.google.android.tts at /system/app/GoogleTTS ignored: updated version 210375932 better than this 210315243
06-14 01:29:18.612  1953  1953 W PackageManager: Failed to scan /system/app/LatinImeGoogle: Package com.google.android.inputmethod.latin at /system/app/LatinImeGoogle ignored: updated version 83221721 better than this 26761313
06-14 01:29:18.614  1953  1953 W PackageManager: Failed to scan /system/app/Messages: Package com.google.android.apps.messaging at /system/app/Messages ignored: updated version 131485063 better than this 36046238
06-14 01:29:18.626  1953  1953 W PackageManager: Failed to scan /system/app/talkback: Package com.google.android.marvin.talkback at /system/app/talkback ignored: updated version 60123270 better than this 60101186
06-14 01:29:18.634  1953  1953 W PackageManager: Failed to scan /system/app/Chrome: Package com.android.chrome at /system/app/Chrome ignored: updated version 500509920 better than this 353808002
06-14 01:29:18.635  1184  1931 I ServiceManager: Waiting for service 'media.audio_policy' on '/dev/binder'...
06-14 01:29:18.638  1953  1953 D PackageManager: No files in app dir /vendor/priv-app
06-14 01:29:18.646  1953  1953 D PackageManager: No files in app dir /odm/priv-app
06-14 01:29:18.646  1953  1953 D PackageManager: No files in app dir /odm/app
06-14 01:29:18.646  1953  1953 D PackageManager: No files in app dir /system/product/priv-app
06-14 01:29:18.646  1953  1953 D PackageManager: No files in app dir /system/product/app
06-14 01:29:18.647  1953  1953 W PackageManager: Expecting better updated system app for com.google.android.apps.messaging; removing system app.  Last known codePath=/data/app/com.google.android.apps.messaging-yi0bKOyxzSNvvJT7FwD73g==, versionCode=131485063; scanned versionCode=36046238
06-14 01:29:18.650  1953  1953 W PackageManager: Expecting better updated system app for com.motorola.timezonedata; removing system app.  Last known codePath=/data/app/com.motorola.timezonedata-RRiliCAWhoVnDqFmy9pGsQ==, versionCode=28010014; scanned versionCode=28010004
06-14 01:29:18.651  1953  1953 W PackageManager: Expecting better updated system app for com.motorola.camera2; removing system app.  Last known codePath=/data/app/com.motorola.camera2-hs8dQs0m9orvA2bSYDk1Og==, versionCode=70205718; scanned versionCode=70203239
06-14 01:29:18.652  1953  1953 W PackageManager: Expecting better updated system app for com.motorola.ccc.notification; removing system app.  Last known codePath=/data/app/com.motorola.ccc.notification-24pOVaS9tiHRLRoof-VQwg==, versionCode=79163; scanned versionCode=78013
06-14 01:29:18.653  1953  1953 W PackageManager: Expecting better updated system app for com.android.vending; removing system app.  Last known codePath=/data/app/com.android.vending-hx93HN5xgfSsBsUHEP4erA==, versionCode=83093010; scanned versionCode=81211800
06-14 01:29:18.655  1953  1953 W PackageManager: Expecting better updated system app for com.google.android.marvin.talkback; removing system app.  Last known codePath=/data/app/com.google.android.marvin.talkback-zy4Pmi_Kj86jp8NfJ077Nw==, versionCode=60123270; scanned versionCode=60101186
06-14 01:29:18.656  1953  1953 W PackageManager: Expecting better updated system app for com.google.android.deskclock; removing system app.  Last known codePath=/data/app/com.google.android.deskclock-z0r9aghFBsfUljL7mdvMlw==, versionCode=71001997; scanned versionCode=54001012
06-14 01:29:18.657  1953  1953 W PackageManager: Expecting better updated system app for com.google.android.gm; removing system app.  Last known codePath=/data/app/com.google.android.gm-zvmqRtO5wDGiWCqzArNl1w==, versionCode=63288287; scanned versionCode=60804175
06-14 01:29:18.659  1953  1953 W PackageManager: Expecting better updated system app for com.google.android.dialer; removing system app.  Last known codePath=/data/app/com.google.android.dialer-3UgzngcOiGFUbsURw74Qxg==, versionCode=9279007; scanned versionCode=3118480
06-14 01:29:18.660  1953  1953 W PackageManager: Expecting better updated system app for com.google.android.contacts; removing system app.  Last known codePath=/data/app/com.google.android.contacts-YhtAlGLDCTG1HMFMdPuFwg==, versionCode=2818066; scanned versionCode=2133515
06-14 01:29:18.661  1953  1953 W PackageManager: Expecting better updated system app for com.google.android.calculator; removing system app.  Last known codePath=/data/app/com.google.android.calculator-GivibiHzZ3nMsnOIhL8-1A==, versionCode=81000803; scanned versionCode=75013172
