06-12 17:38:21.749  4767  4767 E gedprovisionin: Not starting debugger since process cannot load the jdwp agent.
06-12 17:38:21.752  4767  4767 D LSPosed : magisk_loader.cpp:231#void lspd::MagiskLoader::OnNativeForkAndSpecializePost(JNIEnv *, jstring): skipped com.android.managedprovisioning
06-12 17:38:21.767  3342  4062 I chatty  : uid=10031(com.google.android.gms) lowpool[3] expire 1 line
06-12 17:38:21.771  3342  3556 I chatty  : uid=10031(com.google.android.gms) expire 3 lines
06-12 17:38:21.772  3068  3242 I DialerCallRecordingDataSource: com.android.dialer.callrecording.impl.calllog.CallRecordingDataSource.fill:97 enter
06-12 17:38:21.773  3068  3242 I DialerCallRecordingDataSource: com.android.dialer.callrecording.impl.calllog.CallRecordingDataSource.handleInsertsAndUpdatesFromAnnotatedCallLog:112 enter
06-12 17:38:21.773  2653  2944 D IccSmsInterfaceManager: [IccSmsInterfaceManager] Added GSM cell broadcast subscription for MID range 4373 to 4378 from client com.android.cellbroadcastreceiver
06-12 17:38:21.774  2653  2944 D IccSmsInterfaceManager: [IccSmsInterfaceManager] Calling setCellBroadcastActivation(true)
06-12 17:38:21.783  3068  3187 I DialerCallRecordingDataSourceStatusService: com.android.dialer.callrecording.impl.calllog.CallRecordingDataSourceStatusService.lambda$getTimestampOfLastSyncedCallRecordingInfoMillis$6:117 lastSyncedCallRecordingInfoTimestamp 0
06-12 17:38:21.784  4685  4685 I cr_LibraryLoader: Successfully loaded native library
06-12 17:38:21.785  3068  3186 I DialerCallRecordingDataSource: com.android.dialer.callrecording.impl.calllog.CallRecordingDataSource.lambda$getAnnotatedCallLogIdsToCallRecordingInfoMap$13:333 lastSyncedCallRecordingInfoTimestamp 0
06-12 17:38:21.787  3032  3541 E ActivityThread: Failed to find provider info for instantapp-dev-manager
06-12 17:38:21.789  2653  2979 D IccSmsInterfaceManager: [IccSmsInterfaceManager] Calling setCdmaBroadcastConfig with 1 configurations
06-12 17:38:21.792  2653  2979 D IccSmsInterfaceManager: [IccSmsInterfaceManager] Failed to add cdma broadcast subscription for MID range 4098 to 4098 from client com.android.cellbroadcastreceiver
06-12 17:38:21.794  4685  4685 I cr_CachingUmaRecorder: Flushed 9 samples from 9 histograms.
06-12 17:38:21.803  2653  2944 D IccSmsInterfaceManager: [IccSmsInterfaceManager] Calling setGsmBroadcastConfig with 3 configurations
06-12 17:38:21.819   886   892 I fsck_msdos: ** Phase 4 - Checking for Lost Files
06-12 17:38:21.821  4767  4767 I gedprovisionin: The ClassLoaderContext is a special shared library.
06-12 17:38:21.822  2653  2944 D IccSmsInterfaceManager: [IccSmsInterfaceManager] Added GSM cell broadcast subscription for MID range 4386 to 4391 from client com.android.cellbroadcastreceiver
06-12 17:38:21.822  2653  2944 D IccSmsInterfaceManager: [IccSmsInterfaceManager] Calling setCellBroadcastActivation(true)
06-12 17:38:21.830  3068  3235 I DialerCallRecordingDataSource: com.android.dialer.callrecording.impl.calllog.CallRecordingDataSource.handleDeletesFromAnnotatedCallLog:152 enter
06-12 17:38:21.831  3068  3581 I DialerCallRecordingInfoStorageAsyncSqlite: com.android.dialer.callrecording.impl.storage.CallRecordingInfoStorageAsyncSqlite.deleteCallLogInitiated:472 enter
06-12 17:38:21.838  2653  2944 D IccSmsInterfaceManager: [IccSmsInterfaceManager] Calling setGsmBroadcastConfig with 3 configurations
06-12 17:38:21.850   886   890 E vold    : Failed to find mounted volume for /dev/null/Android/data/com.opera.browser/files/
06-12 17:38:21.852  4641  4784 W ContextImpl: Failed to ensure /dev/null/Android/data/com.opera.browser/files: java.lang.IllegalStateException: Failed to prepare /dev/null/Android/data/com.opera.browser/files/: android.os.ServiceSpecificException:  (code -22)
06-12 17:38:21.861   886   890 E vold    : Failed to find mounted volume for /dev/null/Android/data/com.opera.browser/files/
06-12 17:38:21.862  4641  4784 W ContextImpl: Failed to ensure /dev/null/Android/data/com.opera.browser/files: java.lang.IllegalStateException: Failed to prepare /dev/null/Android/data/com.opera.browser/files/: android.os.ServiceSpecificException:  (code -22)
06-12 17:38:21.863  2653  2944 D IccSmsInterfaceManager: [IccSmsInterfaceManager] Added GSM cell broadcast subscription for MID range 4379 to 4379 from client com.android.cellbroadcastreceiver
06-12 17:38:21.863  2653  2944 D IccSmsInterfaceManager: [IccSmsInterfaceManager] Calling setCellBroadcastActivation(true)
06-12 17:38:21.864   886   892 I fsck_msdos: 4741 files, 701728 free (1136292 clusters)
06-12 17:38:21.878  2653  2944 D IccSmsInterfaceManager: [IccSmsInterfaceManager] Calling setCdmaBroadcastConfig with 1 configurations
06-12 17:38:21.882  2653  2944 D IccSmsInterfaceManager: [IccSmsInterfaceManager] Failed to add cdma broadcast subscription for MID range 4099 to 4099 from client com.android.cellbroadcastreceiver
06-12 17:38:21.890  3097  3097 D NfcBootCompletedReceiver: bootcomplete enter
06-12 17:38:21.890  3695  3924 I MediaCodec: (0x927cc000) stop
06-12 17:38:21.891  3068  3581 I DialerCallHistoryCoalescer: com.android.dialer.calllog.coalescer.CallHistoryCoalescer.coalesce:107 coalesce
06-12 17:38:21.891  3068  3187 I DialerConversationHistoryCoalescer: com.android.dialer.calllog.coalescer.ConversationHistoryCoalescer.coalesce:99 coalesce
06-12 17:38:21.893  3068  3204 I DialerCallerIdFeedbackPhoneLookupContributor: com.android.dialer.calleridfeedback.impl.phonelookup.CallerIdFeedbackPhoneLookupContributor.onSuccessfulBulkUpdate:133 Writing timestampOfLastCallerIdFeedbackLookup : 1655066300925
06-12 17:38:21.893  3068  3242 I DialerCallRecordingDataSource: com.android.dialer.callrecording.impl.calllog.CallRecordingDataSource.onSuccessfulFill:219 enter
06-12 17:38:21.893  3068  3186 I DialerConversationHistoryCoalescer: com.android.dialer.calllog.coalescer.ConversationHistoryCoalescer.coalesceInternal:124 coalesceInternal
06-12 17:38:21.893   886   892 I vold    : Filesystem check completed OK
06-12 17:38:21.893  3068  3581 I DialerCallHistoryCoalescer: com.android.dialer.calllog.coalescer.CallHistoryCoalescer.coalesceWithSelection:164 coalesceWithSelection
06-12 17:38:21.893  3068  3581 I DialerCallHistoryCoalescer: com.android.dialer.calllog.coalescer.CallHistoryCoalescer.coalesceWithSelection:164 coalesceWithSelection
06-12 17:38:21.894  2653  2653 I VvmSimStateTracker: android.intent.action.BOOT_COMPLETED
06-12 17:38:21.895  1944  2155 I ActivityManager: Start proc 4806:com.android.chrome:sandboxed_process0/u0i0 for webview_service com.motorola.coresettingsext/org.chromium.content.app.SandboxedProcessService0
06-12 17:38:21.897  2653  2944 D IccSmsInterfaceManager: [IccSmsInterfaceManager] Calling setGsmBroadcastConfig with 3 configurations
06-12 17:38:21.897  3695  3924 I MediaCodec: (0x927cc000) release
06-12 17:38:21.901  3068  3128 I DialerCallHistoryCoalescer: com.android.dialer.calllog.coalescer.CallHistoryCoalescer.coalesceInternal:202 coalesceInternal
06-12 17:38:21.904  3068  3187 I DialerCoalescedRowsDao: com.android.dialer.calllog.coalescer.CoalescedRowsDao.saveToFileForMissedCalls:118 saveToFileForMissedCalls
06-12 17:38:21.905  3068  3188 I DialerCallHistoryCoalescer: com.android.dialer.calllog.coalescer.CallHistoryCoalescer.coalesceInternal:202 coalesceInternal
06-12 17:38:21.911  3068  3204 I DialerCoalescedRowsDao: com.android.dialer.calllog.coalescer.CoalescedRowsDao.save:159 start writing coalesced_rows_for_missed_calls
06-12 17:38:21.918  4806  4806 E dboxed_process: Not starting debugger since process cannot load the jdwp agent.
06-12 17:38:21.919  3068  3204 I DialerCoalescedRowsDao: com.android.dialer.calllog.coalescer.CoalescedRowsDao.save:164 finished writing coalesced_rows_for_missed_calls
06-12 17:38:21.919  3068  3581 I DialerCoalescedRowsDao: com.android.dialer.calllog.coalescer.CoalescedRowsDao.saveToFileForAllCallsInConversationHistory:139 saveToFileForAllCallsInConversationHistory
06-12 17:38:21.919  3068  3581 I DialerCoalescedRowsDao: com.android.dialer.calllog.coalescer.CoalescedRowsDao.saveToFileForAllCalls:98 saveToFileForAllCalls
06-12 17:38:21.920  3068  3581 I DialerCoalescedRowsUpdatedNotifier: com.android.dialer.calllog.coalescer.CoalescedRowsUpdatedNotifier.notifyForCallLogMissedCalls:68 notifyForCallLogMissedCalls
06-12 17:38:21.920   886   892 D vold    : EncryptedVolume:  encryption has never been enabled
06-12 17:38:21.921   886   892 V vold    : sdcardfs: Waiting for sdcard exit...
06-12 17:38:21.928  3068  3128 I DialerCoalescedRowsDao: com.android.dialer.calllog.coalescer.CoalescedRowsDao.save:159 start writing coalesced_rows_for_conversation_history_all_calls
06-12 17:38:21.931  3068  3128 I DialerCoalescedRowsDao: com.android.dialer.calllog.coalescer.CoalescedRowsDao.save:164 finished writing coalesced_rows_for_conversation_history_all_calls
06-12 17:38:21.931  3068  3187 I DialerCoalescedRowsUpdatedNotifier: com.android.dialer.calllog.coalescer.CoalescedRowsUpdatedNotifier.notifyForConversationHistory:79 notifyForConversationHistory
06-12 17:38:21.934   886   892 V vold    : sdcardfs: Waiting for sdcard exit...
06-12 17:38:21.938  2653  2944 D IccSmsInterfaceManager: [IccSmsInterfaceManager] Added GSM cell broadcast subscription for MID range 4392 to 4392 from client com.android.cellbroadcastreceiver
06-12 17:38:21.938  2653  2944 D IccSmsInterfaceManager: [IccSmsInterfaceManager] Calling setCellBroadcastActivation(true)
06-12 17:38:21.939  4818  4818 W sdcard  : Device explicitly enabled sdcardfs
06-12 17:38:21.940  3068  3186 I DialerCoalescedRowsDao: com.android.dialer.calllog.coalescer.CoalescedRowsDao.save:159 start writing coalesced_rows_for_all_calls
06-12 17:38:21.941  3068  3186 I DialerCoalescedRowsDao: com.android.dialer.calllog.coalescer.CoalescedRowsDao.save:164 finished writing coalesced_rows_for_all_calls
06-12 17:38:21.942  3068  3581 I DialerCoalescedRowsUpdatedNotifier: com.android.dialer.calllog.coalescer.CoalescedRowsUpdatedNotifier.notifyForCallLogAllCalls:57 notifyForCallLogAllCalls
06-12 17:38:21.943  3068  3188 I DialerLogcatLoggingBindings: com.android.dialer.logging.logcat.LogcatLoggingBindings.logImpression:41 Impression: ANNOTATED_CALL_LOG_FORCE_REFRESH_NO_CHANGES_NEEDED
06-12 17:38:21.944  3068  3204 I DialerSystemCallLogUpdater: com.android.dialer.calllog.refresh.impl.SystemCallLogUpdater.getCallTypeUpdates:182 There are no system call log mutations
06-12 17:38:21.945   886   892 V vold    : sdcardfs: Waiting for sdcard exit...
06-12 17:38:21.949  3068  3204 I DialerSystemCallLogUpdater: com.android.dialer.calllog.refresh.impl.SystemCallLogUpdater.updateSystemCallLog:209 updated 0 rows
06-12 17:38:21.950  2653  2944 D IccSmsInterfaceManager: [IccSmsInterfaceManager] Failed to remove GSM cell broadcast subscription for MID range 4380 to 4380 from client com.android.cellbroadcastreceiver
06-12 17:38:21.950  3695  3928 I MediaCodec: (0xa7626400) init name(OMX.google.vorbis.decoder)
06-12 17:38:21.954  2653  2944 D IccSmsInterfaceManager: [IccSmsInterfaceManager] Failed to remove cdma broadcast subscription for MID range 4100 to 4100 from client com.android.cellbroadcastreceiver
06-12 17:38:21.955  3695  4824 I OMXClient: IOmx service obtained
06-12 17:38:21.955  1263  1381 I OMXMaster: makeComponentInstance(OMX.google.vorbis.decoder) in omx@1.0-service process
06-12 17:38:21.957  3695  4824 I MediaCodec: (0xa7626400) Component Allocated (OMX.google.vorbis.decoder)
06-12 17:38:21.957  3695  3928 I MediaCodec: (0xa7626400) configure surface(0x0) crypto(0x0) flags(0)
06-12 17:38:21.957  3695  3928 D MediaCodec: (0xa7626400) configure format: AMessage(what = 0x00000000) = {
06-12 17:38:21.957  3695  3928 D MediaCodec:       string mime = "audio/vorbis"
06-12 17:38:21.957  3695  3928 D MediaCodec:       int64_t durationUs = 6118231
06-12 17:38:21.957  3695  3928 D MediaCodec:       int32_t bitrate = 50000
06-12 17:38:21.957  3695  3928 D MediaCodec:       int32_t track-id = 1
06-12 17:38:21.957  3695  3928 D MediaCodec:       int32_t channel-count = 1
06-12 17:38:21.957  3695  3928 D MediaCodec:       int32_t sample-rate = 22050
06-12 17:38:21.957  3695  3928 D MediaCodec:       Buffer csd-0 = {
06-12 17:38:21.957  3695  3928 D MediaCodec:         00000000:  01 76 6f 72 62 69 73 00  00 00 00 01 22 56 00 00  .vorbis....."V..
06-12 17:38:21.957  3695  3928 D MediaCodec:         00000010:  00 00 00 00 50 c3 00 00  00 00 00 00 a9 01        ....P.........
06-12 17:38:21.957  3695  3928 D MediaCodec:       }
06-12 17:38:21.957  3695  3928 D MediaCodec:       Buffer *csd-1 = 0xaf6a0368
06-12 17:38:21.957  3695  3928 D MediaCodec:     }
06-12 17:38:21.958  1263  1382 E OMXNodeInstance: getConfig(0xb1eaa1a0:google.vorbis.decoder, ConfigAndroidVendorExtension(0x6f100004)) ERROR: Undefined(0x80001001)
06-12 17:38:21.959  3695  3928 I MediaCodec: (0xa7626400) start
06-12 17:38:21.959  2653  2944 D IccSmsInterfaceManager: [IccSmsInterfaceManager] Failed to remove GSM cell broadcast subscription for MID range 4393 to 4393 from client com.android.cellbroadcastreceiver
06-12 17:38:21.962  2475  2475 D StorageNotification: Notifying about public volume: VolumeInfo{public:179,65}:
06-12 17:38:21.962  2475  2475 D StorageNotification:     type=PUBLIC diskId=disk:179,64 partGuid= mountFlags=VISIBLE mountUserId=0 
06-12 17:38:21.962  2475  2475 D StorageNotification:     state=MOUNTED 
06-12 17:38:21.962  2475  2475 D StorageNotification:     fsType=vfat fsUuid=626F-64B9 fsLabel= 
06-12 17:38:21.962  2475  2475 D StorageNotification:     path=/storage/626F-64B9 internalPath=/mnt/media_rw/626F-64B9 
06-12 17:38:21.962  1035  1035 W AshmemAllocator: ashmem_create_region(32768) returning hidl_memory(0xac898160, 32768)
06-12 17:38:21.963  2475  2475 D StorageNotification: rec.isSnoozed() == true & disk.isSd() == true.
06-12 17:38:21.964  1035  1035 W AshmemAllocator: ashmem_create_region(32768) returning hidl_memory(0xac898160, 32768)
06-12 17:38:21.967  1944  2429 D StorageManagerService: Volume public:179,65 broadcasting checking to UserHandle{0}
06-12 17:38:21.968  1944  2429 D StorageManagerService: Volume public:179,65 broadcasting mounted to UserHandle{0}
06-12 17:38:21.974  1035  1035 W AshmemAllocator: ashmem_create_region(32768) returning hidl_memory(0xac898160, 32768)
06-12 17:38:21.975  3695  4824 I MediaCodec: (0xa7626400) kWhatStartCompleted
06-12 17:38:21.988  1035  1035 W AshmemAllocator: ashmem_create_region(32768) returning hidl_memory(0xac898160, 32768)
06-12 17:38:21.989  1035  1035 W AshmemAllocator: ashmem_create_region(32768) returning hidl_memory(0xac898160, 32768)
06-12 17:38:21.989  4051  4619 D CBRUtil : isUAE = false
06-12 17:38:21.990  1035  1035 W AshmemAllocator: ashmem_create_region(32768) returning hidl_memory(0xac898160, 32768)
06-12 17:38:21.991  1035  1035 W AshmemAllocator: ashmem_create_region(32768) returning hidl_memory(0xac898160, 32768)
06-12 17:38:21.993  3695  4824 D MediaCodec: (0xa7626400) kWhatOutputBuffersChanged
06-12 17:38:21.996  3695  4824 D MediaCodec: (0xa7626400) [OMX.google.vorbis.decoder] output format changed to: AMessage(what = 0x00000000) = {
06-12 17:38:21.996  3695  4824 D MediaCodec:       string mime = "audio/raw"
06-12 17:38:21.996  3695  4824 D MediaCodec:       int32_t channel-count = 1
06-12 17:38:21.996  3695  4824 D MediaCodec:       int32_t sample-rate = 22050
06-12 17:38:21.996  3695  4824 D MediaCodec:       int32_t pcm-encoding = 2
06-12 17:38:21.996  3695  4824 D MediaCodec:     }
06-12 17:38:21.996  2653  2944 D IccSmsInterfaceManager: [IccSmsInterfaceManager] Failed to remove GSM cell broadcast subscription for MID range 4381 to 4381 from client com.android.cellbroadcastreceiver
06-12 17:38:22.006  2653  2944 D IccSmsInterfaceManager: [IccSmsInterfaceManager] Failed to remove GSM cell broadcast subscription for MID range 4394 to 4394 from client com.android.cellbroadcastreceiver
06-12 17:38:22.013  4806  4806 I cr_SplitCompatApp: Launched version=102.0.5005.99 minSdkVersion=24 isBundle=true processName=com.android.chrome:sandboxed_process0 isIsolated=true
06-12 17:38:22.016  2653  2979 D IccSmsInterfaceManager: [IccSmsInterfaceManager] Failed to remove GSM cell broadcast subscription for MID range 4382 to 4382 from client com.android.cellbroadcastreceiver
06-12 17:38:22.028  2653  2979 D IccSmsInterfaceManager: [IccSmsInterfaceManager] Failed to remove GSM cell broadcast subscription for MID range 4395 to 4395 from client com.android.cellbroadcastreceiver
06-12 17:38:22.031  4806  4806 W SystemServiceRegistry: No service published for: uimode
06-12 17:38:22.034  2653  2979 D IccSmsInterfaceManager: [IccSmsInterfaceManager] Calling setGsmBroadcastConfig with 3 configurations
06-12 17:38:22.040  4806  4806 I cr_ChildProcessService: Creating new ChildProcessService pid=4806
06-12 17:38:22.066  2653  2979 D IccSmsInterfaceManager: [IccSmsInterfaceManager] Added GSM cell broadcast subscription for MID range 4352 to 4354 from client com.android.cellbroadcastreceiver
06-12 17:38:22.067  2653  2979 D IccSmsInterfaceManager: [IccSmsInterfaceManager] Calling setCellBroadcastActivation(true)
06-12 17:38:22.070  4198  4198 D MtpService: starting MTP server in MTP mode with storage /storage/emulated/0 as user 0
06-12 17:38:22.086  4198  4198 I MtpService: Couldn't get control FD!
06-12 17:38:22.090  2653  2979 D IccSmsInterfaceManager: [IccSmsInterfaceManager] Calling setGsmBroadcastConfig with 4 configurations
06-12 17:38:22.116  1944  2155 I ActivityManager: Start proc 4855:com.android.traceur/u0a145 for broadcast com.android.traceur/.Receiver
06-12 17:38:22.123  2653  2979 D IccSmsInterfaceManager: [IccSmsInterfaceManager] Added GSM cell broadcast subscription for MID range 4356 to 4356 from client com.android.cellbroadcastreceiver
06-12 17:38:22.123  2653  2979 D IccSmsInterfaceManager: [IccSmsInterfaceManager] Calling setCellBroadcastActivation(true)
06-12 17:38:22.137  2653  2979 D IccSmsInterfaceManager: [IccSmsInterfaceManager] Failed to remove GSM cell broadcast subscription for MID range 4355 to 4355 from client com.android.cellbroadcastreceiver
06-12 17:38:22.138  1951  1952 D LSPosed : zygisk_main.cpp:362#void lspd::CompanionEntry(int): Got cache with fd=7 size=12
06-12 17:38:22.140  4855  4855 D LSPosed : symbol_cache.cpp:55#void lspd::InitSymbolCache(lspd::SymbolCache *): InitSymbolCache
06-12 17:38:22.141  4855  4855 D LSPosed : symbol_cache.cpp:57#void lspd::InitSymbolCache(lspd::SymbolCache *): Already initialized
06-12 17:38:22.146  2653  2979 D IccSmsInterfaceManager: [IccSmsInterfaceManager] Failed to remove GSM cell broadcast subscription for MID range 4396 to 4396 from client com.android.cellbroadcastreceiver
06-12 17:38:22.151  4641  4641 W m.opera.browse: Accessing hidden method Landroid/os/FileUtils;->copy(Ljava/io/InputStream;Ljava/io/OutputStream;)J (dark greylist, linking)
06-12 17:38:22.160  2653  2979 D IccSmsInterfaceManager: [IccSmsInterfaceManager] Failed to remove GSM cell broadcast subscription for MID range 4397 to 4397 from client com.android.cellbroadcastreceiver
06-12 17:38:22.168  2653  2979 D IccSmsInterfaceManager: [IccSmsInterfaceManager] Failed to remove GSM cell broadcast subscription for MID range 4398 to 4398 from client com.android.cellbroadcastreceiver
06-12 17:38:22.169  3419  3479 I android.vendin: Background concurrent copying GC freed 56177(3MB) AllocSpace objects, 20(496KB) LOS objects, 50% free, 6MB/13MB, paused 197us total 139.702ms
06-12 17:38:22.171  2653  2979 D IccSmsInterfaceManager: [IccSmsInterfaceManager] Failed to remove GSM cell broadcast subscription for MID range 4399 to 4399 from client com.android.cellbroadcastreceiver
06-12 17:38:22.180  2653  2979 D IccSmsInterfaceManager: [IccSmsInterfaceManager] Calling setGsmBroadcastConfig with 5 configurations
06-12 17:38:22.210  4855  4855 E android.traceu: Not starting debugger since process cannot load the jdwp agent.
06-12 17:38:22.213  4855  4855 D LSPosed : magisk_loader.cpp:231#void lspd::MagiskLoader::OnNativeForkAndSpecializePost(JNIEnv *, jstring): skipped com.android.traceur
06-12 17:38:22.222  2653  2979 D IccSmsInterfaceManager: [IccSmsInterfaceManager] Added GSM cell broadcast subscription for MID range 50 to 50 from client com.android.cellbroadcastreceiver
06-12 17:38:22.223  2653  2979 D IccSmsInterfaceManager: [IccSmsInterfaceManager] Calling setCellBroadcastActivation(true)
06-12 17:38:22.259  2653  2979 D IccSmsInterfaceManager: [IccSmsInterfaceManager] Added GSM cell broadcast subscription for MID range 50 to 50 from client com.android.cellbroadcastreceiver
06-12 17:38:22.259  2653  2979 D IccSmsInterfaceManager: [IccSmsInterfaceManager] Calling setCellBroadcastActivation(true)
06-12 17:38:22.276  1944  2129 D ConnectivityService: requestNetwork for uid/pid:10043/4685 NetworkRequest [ TRACK_DEFAULT id=24, [ Capabilities: INTERNET&NOT_RESTRICTED&TRUSTED Unwanted:  Uid: 10043] ]
06-12 17:38:22.278  1944  2457 I chatty  : uid=1000(system) EthernetService expire 2 lines
06-12 17:38:22.278  2653  2653 D PhoneSwitcherNetworkRequstListener: got request NetworkRequest [ TRACK_DEFAULT id=24, [ Capabilities: INTERNET&NOT_RESTRICTED&TRUSTED Unwanted:  Uid: 10043] ] with score 60
06-12 17:38:22.288  3854  3854 V ClearcutMetricXmitter: Transmission is done.
06-12 17:38:22.290  3854  3854 V ClearcutMetricXmitter: Transmission is done.
06-12 17:38:22.293  4855  4855 I android.traceu: The ClassLoaderContext is a special shared library.
06-12 17:38:22.300  4855  4855 I android.traceu: The ClassLoaderContext is a special shared library.
06-12 17:38:22.382  4806  4838 I cr_LibraryLoader: Successfully loaded native library
06-12 17:38:22.385  4685  4863 W cr_media: Requires BLUETOOTH permission
06-12 17:38:22.390  4806  4838 I cr_CachingUmaRecorder: Flushed 3 samples from 3 histograms.
06-12 17:38:22.392  4685  4904 I Adreno  : QUALCOMM build                   : 7adeec4758, I21281c58c8
06-12 17:38:22.392  4685  4904 I Adreno  : Build Date                       : 12/28/18
06-12 17:38:22.392  4685  4904 I Adreno  : OpenGL ES Shader Compiler Version: EV031.25.03.02
06-12 17:38:22.392  4685  4904 I Adreno  : Local Branch                     : 
06-12 17:38:22.392  4685  4904 I Adreno  : Remote Branch                    : refs/tags/AU_LINUX_ANDROID_LA.UM.7.5.R1.09.00.00.464.037
06-12 17:38:22.392  4685  4904 I Adreno  : Remote Branch                    : NONE
06-12 17:38:22.392  4685  4904 I Adreno  : Reconstruct Branch               : NOTHING
06-12 17:38:22.392  4685  4904 I Adreno  : Build Config                     : S L 6.0.7 AArch32
06-12 17:38:22.402  4685  4904 I Adreno  : PFP: 0x005ff110, ME: 0x005ff066
06-12 17:38:22.408  2633  2633 I DaxServiceBooter: onReceive()
06-12 17:38:22.409  2633  2633 D DaxServiceBooter: onReceive, action: android.intent.action.BOOT_COMPLETED
06-12 17:38:22.414  4685  4904 I ConfigStore: android::hardware::configstore::V1_0::ISurfaceFlingerConfigs::hasWideColorDisplay retrieved: 0
06-12 17:38:22.414  4685  4904 I ConfigStore: android::hardware::configstore::V1_0::ISurfaceFlingerConfigs::hasHDRDisplay retrieved: 0
06-12 17:38:22.420  2633  2633 I DaxService: onCreate(), mUserId0
06-12 17:38:22.424  2633  2633 I android_os_HwBinder: HwBinder: Starting thread pool for default::vendor.dolby.hardware.dms@1.0::IDms
06-12 17:38:22.429  2633  2633 D DaxService: initDolbyHidlClient, register native listeners
06-12 17:38:22.429  1059  1059 I DMSService: registerClient type = 3, uid = 41830a5
06-12 17:38:22.429  1059  1059 V DolbyManagerService: registerClient() client 0xa7ea2780, uid 68694184
06-12 17:38:22.430  1059  1132 D DolbyManagerService: onDapParamUpdate DsManager onDapParamUpdate()
06-12 17:38:22.430  2633  2633 D DaxService: checkAndInitDolbyInstance, DolbyAudioEffect needs to be reinitialized
06-12 17:38:22.437  1076  1901 D PermissionCache: checking android.permission.MODIFY_AUDIO_SETTINGS for uid=10135 => granted (833 us)
06-12 17:38:22.440  2633  4911 D DaxService: onDapParamUpdate()
06-12 17:38:22.440  2633  2633 W DolbyAudioEffect: WARNING: attaching a DolbyAudioEffect to global output mix is deprecated!
06-12 17:38:22.441  1059  1132 D DolbyManagerService: onDapParamUpdate DsManager onDapParamUpdate()
06-12 17:38:22.443  2633  2633 D DaxService: waitForDolbyControl waiting Dolby recovers the control
06-12 17:38:22.458  2617  2711 I QCNEJ   : |CORE| CNE received action RSSI/Link Changed events: android.net.wifi.RSSI_CHANGED
06-12 17:38:22.458  2617  2711 D QCNEJ   : |CORE| Updating RSSI: -55
06-12 17:38:22.463  3854  4293 I CarrierServices: [203] cfy.c: Connected state: [1], networkType: [WIFI]
06-12 17:38:22.487  3032  3452 I chatty  : uid=10031(com.google.android.gms) Binder:3032_5 expire 8 lines
06-12 17:38:22.493  4075  4185 I GnpSdk  : [GrowthKitBootCompletedListener] GrowthKit enabled by flag, registered to Phenotype and schedule jobs.
06-12 17:38:22.494  3854  4281 I CarrierServices: [202] cvv.f: No RCS Configuration was found in Bugle for simID: redacted-pii:sim_id[chars:20]
06-12 17:38:22.515  4075  4075 D WM-RescheduleReceiver: Received intent Intent { act=android.intent.action.BOOT_COMPLETED flg=0x9000010 cmp=com.google.android.apps.messaging/androidx.work.impl.background.systemalarm.RescheduleReceiver (has extras) }
06-12 17:38:22.521  4075  4196 W DynamiteModule: Local module descriptor class for com.google.android.gms.providerinstaller.dynamite not found.
06-12 17:38:22.538  3032  3050 I chatty  : uid=10031(com.google.android.gms) Binder:3032_1 expire 10 lines
06-12 17:38:22.543  2633  2633 D DaxService: waitForDolbyControl waiting Dolby recovers the control
06-12 17:38:22.552  4075  4196 I DynamiteModule: Considering local module com.google.android.gms.providerinstaller.dynamite:0 and remote module com.google.android.gms.providerinstaller.dynamite:0
06-12 17:38:22.552  4075  4196 W ProviderInstaller: Failed to load providerinstaller module: No acceptable module com.google.android.gms.providerinstaller.dynamite found. Local version is 0 and remote version is 0.
06-12 17:38:22.596  4294  4343 I .apps.translat: Waiting for a blocking GC ProfileSaver
06-12 17:38:22.598  4075  4196 I .apps.messagin: The ClassLoaderContext is a special shared library.
06-12 17:38:22.606  4075  4196 I chatty  : uid=10130(com.google.android.apps.messaging) identical 1 line
06-12 17:38:22.610  4075  4196 I .apps.messagin: The ClassLoaderContext is a special shared library.
06-12 17:38:22.630  4685  4920 I OpenGLRenderer: Initialized EGL, version 1.4
06-12 17:38:22.630  4685  4920 D OpenGLRenderer: Swap behavior 2
06-12 17:38:22.644  2633  2633 D DaxService: waitForDolbyControl waiting Dolby recovers the control
06-12 17:38:22.675  4294  4343 I .apps.translat: WaitForGcToComplete blocked ProfileSaver on AddRemoveAppImageSpace for 79.096ms
06-12 17:38:22.726  3419  3867 I Finsky  : [168] rge.accept(45): SCH: Scheduling phonesky job Id: 37-53, CT: 1655066302427, Constraints: [{ L: 0, D: 82800000, C: 1, I: 1, N: 1 }, { L: 0, D: 0, C: 1, I: 1, N: 0 }]
06-12 17:38:22.744  2633  2633 D DaxService: waitForDolbyControl waiting Dolby recovers the control
06-12 17:38:22.778  3419  3843 I Finsky  : [166] rgc.apply(60): SCH: Scheduling 1 system job(s)
06-12 17:38:22.779  3419  3843 I Finsky  : [166] rgc.apply(66): SCH: Scheduling system job Id: 9800, L: 0, D: 0, C: false, I: false, N: 0
06-12 17:38:22.790  3419  3419 I Finsky  : [2] roa.onStartJob(4): SCH: job service start with id 9800.
06-12 17:38:22.790  4075  4196 V NativeCrypto: Registering com/google/android/gms/org/conscrypt/NativeCrypto's 295 native methods...
06-12 17:38:22.830  4075  4195 I BugleNotifications: Silently refreshing notifications after Boot/Package replacement
06-12 17:38:22.832  4075  4196 D NetworkSecurityConfig: No Network Security Config specified, using platform default
06-12 17:38:22.833  4075  4196 I ProviderInstaller: Installed default security provider GmsCore_OpenSSL
06-12 17:38:22.845  2633  2633 D DaxService: waitForDolbyControl waiting Dolby recovers the control
06-12 17:38:22.879  1944  2174 I LaunchCheckinHandler: Displayed com.motorola.coresettingsext/.MotoHelpWebView,cp,ca,1757
06-12 17:38:22.928  4075  4173 W .apps.messagin: Unsupported class loader
06-12 17:38:22.929  3419  3815 I Finsky  : [163] rml.a(64): SCH: Satisfied jobs for 9800 are: 37-53
06-12 17:38:22.935  4075  4173 W .apps.messagin: Skipping duplicate class check due to unsupported classloader
06-12 17:38:22.942  4075  4173 I DynamiteModule: Considering local module com.google.android.gms.cronet_dynamite:0 and remote module com.google.android.gms.cronet_dynamite:1411
06-12 17:38:22.942  4075  4173 I DynamiteModule: Selected remote version of com.google.android.gms.cronet_dynamite, version >= 1411
06-12 17:38:22.942  4075  4173 V DynamiteModule: Dynamite loader version >= 2, using loadModule2NoCrashUtils
06-12 17:38:22.943  3695  3928 I MediaCodec: (0xa7626400) stop
06-12 17:38:22.946  2633  2633 D DaxService: waitForDolbyControl waiting Dolby recovers the control
06-12 17:38:22.948  3695  3928 I MediaCodec: (0xa7626400) release
06-12 17:38:22.969  1191  1923 D NuPlayerDriver: NuPlayerDriver(0xa8eff080) created, clientPid(3695)
06-12 17:38:22.981  3683  3683 I AndroidPlus: [CardProviderContract] getVersion :2
06-12 17:38:22.985  1191  4947 D GenericSource: FileSource remote
06-12 17:38:22.996  1191  4946 D NuPlayerDriver: notifyListener_l(0xa8eff080), (1, 0, 0, -1), loop setting(0, 0)
06-12 17:38:23.001  4075  4168 D MddListenableWorkerFactory: createWorker for class: com.google.android.apps.messaging.shared.datamodel.workqueue.WorkQueueWorkerShim
06-12 17:38:23.001  3695  3868 V MediaPlayer: resetDrmState:  mDrmInfo=null mDrmProvisioningThread=null mPrepareDrmInProgress=false mActiveDrmScheme=false
06-12 17:38:23.001  3695  3868 V MediaPlayer: cleanDrmObj: mDrmObj=null mDrmSessionId=null
06-12 17:38:23.001  1191  4121 D NuPlayerDriver: reset(0xa8eff080) at state 4
06-12 17:38:23.001  1191  4121 D NuPlayerDriver: notifyListener_l(0xa8eff080), (8, 0, 0, -1), loop setting(0, 0)
06-12 17:38:23.007  4075  4173 W .apps.messagin: Unsupported class loader
06-12 17:38:23.007  1191  4946 W AMessage: failed to post message as target looper for handler 0 is gone.
06-12 17:38:23.008  1191  4946 D NuPlayerDriver: notifyResetComplete(0xa8eff080)
06-12 17:38:23.014  4075  4173 W .apps.messagin: Skipping duplicate class check due to unsupported classloader
06-12 17:38:23.032  3695  3924 I MediaCodec: (0x927cc000) init name(OMX.google.vorbis.decoder)
06-12 17:38:23.034  3695  4950 I OMXClient: IOmx service obtained
06-12 17:38:23.035  1263  1382 I OMXMaster: makeComponentInstance(OMX.google.vorbis.decoder) in omx@1.0-service process
06-12 17:38:23.039  3695  4950 I MediaCodec: (0x927cc000) Component Allocated (OMX.google.vorbis.decoder)
06-12 17:38:23.040  3695  3924 I MediaCodec: (0x927cc000) configure surface(0x0) crypto(0x0) flags(0)
06-12 17:38:23.040  3695  3924 D MediaCodec: (0x927cc000) configure format: AMessage(what = 0x00000000) = {
06-12 17:38:23.040  3695  3924 D MediaCodec:       string mime = "audio/vorbis"
06-12 17:38:23.040  3695  3924 D MediaCodec:       int64_t durationUs = 1240770
06-12 17:38:23.040  3695  3924 D MediaCodec:       int32_t bitrate = 50000
06-12 17:38:23.040  3695  3924 D MediaCodec:       int32_t track-id = 1
06-12 17:38:23.040  3695  3924 D MediaCodec:       int32_t channel-count = 1
06-12 17:38:23.040  3695  3924 D MediaCodec:       int32_t sample-rate = 22050
06-12 17:38:23.040  3695  3924 D MediaCodec:       Buffer csd-0 = {
06-12 17:38:23.040  3695  3924 D MediaCodec:         00000000:  01 76 6f 72 62 69 73 00  00 00 00 01 22 56 00 00  .vorbis....."V..
06-12 17:38:23.040  3695  3924 D MediaCodec:         00000010:  00 00 00 00 50 c3 00 00  00 00 00 00 a9 01        ....P.........
06-12 17:38:23.040  3695  3924 D MediaCodec:       }
06-12 17:38:23.040  3695  3924 D MediaCodec:       Buffer *csd-1 = 0xa94926e0
06-12 17:38:23.040  3695  3924 D MediaCodec:     }
06-12 17:38:23.041  1263  4226 E OMXNodeInstance: getConfig(0xb1eaa1a0:google.vorbis.decoder, ConfigAndroidVendorExtension(0x6f100004)) ERROR: Undefined(0x80001001)
06-12 17:38:23.042  3695  3924 I MediaCodec: (0x927cc000) start
06-12 17:38:23.044  1035  1035 W AshmemAllocator: ashmem_create_region(32768) returning hidl_memory(0xac898160, 32768)
06-12 17:38:23.046  1035  1035 W AshmemAllocator: ashmem_create_region(32768) returning hidl_memory(0xac898160, 32768)
06-12 17:38:23.046  2633  2633 D DaxService: waitForDolbyControl waiting Dolby recovers the control
06-12 17:38:23.049  1035  1035 W AshmemAllocator: ashmem_create_region(32768) returning hidl_memory(0xac898160, 32768)
06-12 17:38:23.051  1035  1035 W AshmemAllocator: ashmem_create_region(32768) returning hidl_memory(0xac898160, 32768)
06-12 17:38:23.051  3695  4950 I MediaCodec: (0x927cc000) kWhatStartCompleted
06-12 17:38:23.066  1035  1035 W AshmemAllocator: ashmem_create_region(32768) returning hidl_memory(0xac898160, 32768)
06-12 17:38:23.069  1035  1035 W AshmemAllocator: ashmem_create_region(32768) returning hidl_memory(0xac898160, 32768)
06-12 17:38:23.076  3695  4950 D MediaCodec: (0x927cc000) kWhatOutputBuffersChanged
06-12 17:38:23.078  3695  4950 D MediaCodec: (0x927cc000) [OMX.google.vorbis.decoder] output format changed to: AMessage(what = 0x00000000) = {
06-12 17:38:23.078  3695  4950 D MediaCodec:       string mime = "audio/raw"
06-12 17:38:23.078  3695  4950 D MediaCodec:       int32_t channel-count = 1
06-12 17:38:23.078  3695  4950 D MediaCodec:       int32_t sample-rate = 22050
06-12 17:38:23.078  3695  4950 D MediaCodec:       int32_t pcm-encoding = 2
06-12 17:38:23.078  3695  4950 D MediaCodec:     }
06-12 17:38:23.111  4685  4861 D NetworkSecurityConfig: No Network Security Config specified, using platform default
06-12 17:38:23.147  2633  2633 D DaxService: waitForDolbyControl waiting Dolby recovers the control
06-12 17:38:23.169  4075  4173 I cr_CronetLibraryLoader: Cronet version: 101.0.4951.41, arch: armv7l
06-12 17:38:23.191  1944  3307 D ConnectivityService: requestNetwork for uid/pid:10130/4075 NetworkRequest [ TRACK_DEFAULT id=26, [ Capabilities: INTERNET&NOT_RESTRICTED&TRUSTED Unwanted:  Uid: 10130] ]
06-12 17:38:23.192  2653  2653 D PhoneSwitcherNetworkRequstListener: got request NetworkRequest [ TRACK_DEFAULT id=26, [ Capabilities: INTERNET&NOT_RESTRICTED&TRUSTED Unwanted:  Uid: 10130] ] with score 60
06-12 17:38:23.213  3342  3342 I chatty  : uid=10031(com.google.android.gms) expire 1 line
06-12 17:38:23.247  2633  2633 D DaxService: waitForDolbyControl waiting Dolby recovers the control
06-12 17:38:23.251  4075  4712 W .apps.messagin: Verification of boge agoo.U(j$.util.Optional, boolean, boolean, boolean, java.lang.String) took 204.186ms
06-12 17:38:23.268  4075  4712 I BugleNotifications: Starting refreshIncomingMessageNotifications: silent - true, isSmartReplyUpdate - false, isFromNotification - false
06-12 17:38:23.283  3695  3924 I MediaCodec: (0x927cc000) stop
06-12 17:38:23.291  3695  3924 I MediaCodec: (0x927cc000) release
06-12 17:38:23.311  3419  3843 I Finsky  : [166] fjr.run(25): Initializing the instant apps module.
06-12 17:38:23.318  4685  4685 W InputEventReceiver: Attempted to finish an input event but the input event receiver has already been disposed.
06-12 17:38:23.324  3695  3928 I MediaCodec: (0xa7626400) init name(OMX.google.vorbis.decoder)
06-12 17:38:23.330  3695  4973 I OMXClient: IOmx service obtained
06-12 17:38:23.331  1263  4226 I OMXMaster: makeComponentInstance(OMX.google.vorbis.decoder) in omx@1.0-service process
06-12 17:38:23.332  3695  4973 I MediaCodec: (0xa7626400) Component Allocated (OMX.google.vorbis.decoder)
06-12 17:38:23.332  2465  2465 I GoogleInputMethodService: GoogleInputMethodService.onFinishInput():3204 
06-12 17:38:23.333  3695  3928 I MediaCodec: (0xa7626400) configure surface(0x0) crypto(0x0) flags(0)
06-12 17:38:23.333  3695  3928 D MediaCodec: (0xa7626400) configure format: AMessage(what = 0x00000000) = {
06-12 17:38:23.333  3695  3928 D MediaCodec:       string mime = "audio/vorbis"
06-12 17:38:23.333  3695  3928 D MediaCodec:       int64_t durationUs = 1240770
06-12 17:38:23.333  3695  3928 D MediaCodec:       int32_t bitrate = 50000
06-12 17:38:23.333  3695  3928 D MediaCodec:       int32_t track-id = 1
06-12 17:38:23.333  3695  3928 D MediaCodec:       int32_t channel-count = 1
06-12 17:38:23.333  3695  3928 D MediaCodec:       int32_t sample-rate = 22050
06-12 17:38:23.333  3695  3928 D MediaCodec:       Buffer csd-0 = {
06-12 17:38:23.333  3695  3928 D MediaCodec:         00000000:  01 76 6f 72 62 69 73 00  00 00 00 01 22 56 00 00  .vorbis....."V..
06-12 17:38:23.333  3695  3928 D MediaCodec:         00000010:  00 00 00 00 50 c3 00 00  00 00 00 00 a9 01        ....P.........
06-12 17:38:23.333  3695  3928 D MediaCodec:       }
06-12 17:38:23.333  3695  3928 D MediaCodec:       Buffer *csd-1 = 0xaf69fe40
06-12 17:38:23.333  3695  3928 D MediaCodec:     }
06-12 17:38:23.333  3419  3935 I Finsky  : [172] pjk.h(1): Triggered update for experiment package com.google.android.finsky.stable.
06-12 17:38:23.334  1263  1381 E OMXNodeInstance: getConfig(0xb1ea9c00:google.vorbis.decoder, ConfigAndroidVendorExtension(0x6f100004)) ERROR: Undefined(0x80001001)
06-12 17:38:23.336  2465  2465 I GoogleInputMethodService: GoogleInputMethodService.updateDeviceLockedStatus():2100 checkRepeatedly = false, unlocked = true
06-12 17:38:23.336  3695  3928 I MediaCodec: (0xa7626400) start
06-12 17:38:23.337  2465  2465 I GoogleInputMethodService: GoogleInputMethodService.onStartInput():1903 onStartInput(EditorInfo{inputType=0x0(NULL) imeOptions=0x0 privateImeOptions=null actionName=UNSPECIFIED actionLabel=null actionId=0 initialSelStart=-1 initialSelEnd=-1 initialCapsMode=0x0 hintText=null label=null packageName=com.motorola.coresettingsext fieldId=-1 fieldName=null extras=null}, false)
06-12 17:38:23.338  2465  2465 I GoogleInputMethodService: GoogleInputMethodService.updateDeviceLockedStatus():2100 checkRepeatedly = true, unlocked = true
06-12 17:38:23.339  1035  1035 W AshmemAllocator: ashmem_create_region(32768) returning hidl_memory(0xac898160, 32768)
06-12 17:38:23.345  1035  1035 W AshmemAllocator: ashmem_create_region(32768) returning hidl_memory(0xac898160, 32768)
06-12 17:38:23.347  2633  2633 D DaxService: waitForDolbyControl waiting Dolby recovers the control
06-12 17:38:23.348  1035  1035 W AshmemAllocator: ashmem_create_region(32768) returning hidl_memory(0xac898160, 32768)
06-12 17:38:23.352  1035  1035 W AshmemAllocator: ashmem_create_region(32768) returning hidl_memory(0xac898160, 32768)
06-12 17:38:23.353  3695  4973 I MediaCodec: (0xa7626400) kWhatStartCompleted
06-12 17:38:23.361  4075  4195 I Bugle   : BootAndPackageReplacedReceiver: run post-reboot oobe tasks
06-12 17:38:23.362  4075  4712 I BugleNotifications: No unseen incoming message notifications
06-12 17:38:23.366  4075  4712 I BugleNotifications: No incomingMessageNotification created, canceling existing incomingMessageNotifications
06-12 17:38:23.367  1035  1035 W AshmemAllocator: ashmem_create_region(32768) returning hidl_memory(0xac898160, 32768)
06-12 17:38:23.375  1035  1035 W AshmemAllocator: ashmem_create_region(32768) returning hidl_memory(0xac898160, 32768)
06-12 17:38:23.378  3695  4973 D MediaCodec: (0xa7626400) kWhatOutputBuffersChanged
06-12 17:38:23.381  3695  4973 D MediaCodec: (0xa7626400) [OMX.google.vorbis.decoder] output format changed to: AMessage(what = 0x00000000) = {
06-12 17:38:23.381  3695  4973 D MediaCodec:       string mime = "audio/raw"
06-12 17:38:23.381  3695  4973 D MediaCodec:       int32_t channel-count = 1
06-12 17:38:23.381  3695  4973 D MediaCodec:       int32_t sample-rate = 22050
06-12 17:38:23.381  3695  4973 D MediaCodec:       int32_t pcm-encoding = 2
06-12 17:38:23.381  3695  4973 D MediaCodec:     }
06-12 17:38:23.388  3419  4582 E PhenotypeCombinedFlags: Config package com.google.android.gms.phenotype cannot use PROCESS_STABLE backing without declarative registration. See go/phenotype-android-integration#phenotype for more information. This will lead to stale flags.
06-12 17:38:23.388  3419  3600 I SnapshotHandler: Unable to retrieve flag snapshot for com.google.android.gms.phenotype, using defaults.
06-12 17:38:23.408  1078  2414 W SurfaceFlinger: Attempting to set client state on removed layer: Ajuda#0
06-12 17:38:23.408  1078  2414 W SurfaceFlinger: Attempting to set client state on removed layer: Dim Layer for - Task=199#0
06-12 17:38:23.408  1078  2414 W SurfaceFlinger: Attempting to destroy on removed layer: Ajuda#0
06-12 17:38:23.408  1078  2414 W SurfaceFlinger: Attempting to destroy on removed layer: Dim Layer for - Task=199#0
06-12 17:38:23.422  4075  4195 I BugleRcsProvisioning: BugleSystemBindingManager: onBootComplete
06-12 17:38:23.423  4075  4195 I BugleRcsProvisioning: BugleSystemBindingManager: onCsLibPhenotypeUpdated
06-12 17:38:23.423  4075  4195 I BugleRcsEngine: [207] anzj.b: SystemBindingManager: force P/H Flag update scheduled and start updateBinding
06-12 17:38:23.433  3419  4582 E PhenotypeCombinedFlags: Config package com.google.android.gms.phenotype cannot use PROCESS_STABLE backing without declarative registration. See go/phenotype-android-integration#phenotype for more information. This will lead to stale flags.
06-12 17:38:23.437  4075  4173 I BugleRcsEngine: [197] awkv.run: SystemBindingManager: SystemBinding enabled: false
06-12 17:38:23.438  3419  4582 E PhenotypeCombinedFlags: Config package com.google.android.gms.phenotype cannot use PROCESS_STABLE backing without declarative registration. See go/phenotype-android-integration#phenotype for more information. This will lead to stale flags.
06-12 17:38:23.445  4075  4195 I BugleRcsProvisioning: RcsProvisioningTrigger: onBootComplete
06-12 17:38:23.445  4075  4173 I BugleRcsEngine: [197] awkw.b: System Binding updated
06-12 17:38:23.448  2633  2633 D DaxService: onDmsServiceInitialized, Dolby audio effect is out of control.Loading instance with greater priority
06-12 17:38:23.449  4075  4185 I WM-WorkerWrapper: Worker result SUCCESS for Work [ id=9fd9170e-0f7b-4912-8e9d-9e438c5e46e9, tags={ com.google.android.apps.messaging.shared.datamodel.workqueue.WorkQueueWorkerShim, refresh_incoming_message_notifications- } ]
06-12 17:38:23.451  4075  4195 I BugleRcsProvisioning: RcsProvisioningTrigger: updateRcsAvailabilityAsync : hint = BOOT_COMPLETE
06-12 17:38:23.451  2633  2633 W DolbyAudioEffect: WARNING: attaching a DolbyAudioEffect to global output mix is deprecated!
06-12 17:38:23.454  3419  4582 E PhenotypeCombinedFlags: Config package com.google.android.gms.phenotype cannot use PROCESS_STABLE backing without declarative registration. See go/phenotype-android-integration#phenotype for more information. This will lead to stale flags.
06-12 17:38:23.454  4075  4712 I BugleRcsEngine: [220] ayfa.b: Using RCS compliant config URL
06-12 17:38:23.456  1055  2299 D DlbDlbEffect: handle_EFFECT_CMD_SET_PARAM()
06-12 17:38:23.457  1059  1132 D DolbyManagerService: parseAndSendParam : EFFECT_PARAM_EFFECT_ENABLE, on: 1
06-12 17:38:23.459  2633  2633 D DaxService: initDaxSettings()
06-12 17:38:23.464  4075  4173 I BugleRcsProvisioning: RcsProvisioningTrigger: updateRcsAvailability : hint = BOOT_COMPLETE
06-12 17:38:23.468  2633  2633 D DaxService: initDaxSettings, loading user settings, userId: 0
06-12 17:38:23.469  2633  2633 D DaxService: initDaxSettings, same user [0] is still being used
06-12 17:38:23.473  2633  2633 I DaxService: onStartCommand() executed
06-12 17:38:23.475  2633  2633 D DaxService: handleMessage, msg.what: 1
06-12 17:38:23.475  2633  2633 D DaxService: mHandler::handleMessage, MSG_DOLBY_EVENT_CPDP_PARAM_UPDATED
06-12 17:38:23.481  4075  4173 I Bugle   : RcsAvailabilityUtilForProvisioningEngineV2: updateAvailabilityAsync, hint: BOOT_COMPLETE
06-12 17:38:23.484  1059  1132 D DolbyManagerService: onDapParamUpdate DsManager onDapParamUpdate()
06-12 17:38:23.484  4075  4173 I BugleRcsProvisioning: RcsAvailabilityUpdaterLocal: updateAvailabilityAsync: scheduling updateRcsAvailability call, hint: BOOT_COMPLETE, enableWelcomePopupWithoutGoogleTos: false, reshowSuccessPopup: false
06-12 17:38:23.484  2633  4911 D DaxService: onDapParamUpdate()
06-12 17:38:23.485  2633  2633 D DaxService: handleMessage, msg.what: 1
06-12 17:38:23.485  2633  2633 D DaxService: mHandler::handleMessage, MSG_DOLBY_EVENT_CPDP_PARAM_UPDATED
06-12 17:38:23.485  1059  1132 D DolbyManagerService: onDapParamUpdate DsManager onDapParamUpdate()
06-12 17:38:23.485  2633  2633 D DaxService: mHandler::handleMessage, profile update event: EFFECT_PARAM_EFFECT_ENABLE, on: 1
06-12 17:38:23.485  2633  2633 D DaxService: onUpdateDolbyState, on: 1
06-12 17:38:23.493  2633  2633 D DaxService: sendCallbackIntent, DOLBY_UPDATE_EVENT: ds_state_change
06-12 17:38:23.494  1944  2279 I chatty  : uid=1000(system) Binder:1944_3 expire 2 lines
06-12 17:38:23.518  4075  4173 I BugleRcs: ClientInfoProvider: MSIM Rcs enabled because default{subid:1} matches data{subid:1} . Unrelated: sms{subid:1}
06-12 17:38:23.524  4075  4758 I Bugle   : BroadcastReceiverAsyncWorkTracker: Acknowledging broadcast of com.google.android.apps.messaging.receiver.PhoneBootAndPackageReplacedReceiver@6b363de
06-12 17:38:23.528  4075  4173 W BugleRcsEngine: [197] axto.b: [SR]: Single Registration is disabled. Skipping Single Registration capability check for subId: 1
06-12 17:38:23.556  1944  2155 I ActivityManager: Start proc 4980:com.google.android.apps.turbo/u0a77 for broadcast com.google.android.apps.turbo/.deadline.library.BootReceiver
06-12 17:38:23.559  4075  4173 E TraceManager: Duplicate trace
06-12 17:38:23.559  4075  4173 E TraceManager: boai: Starting new trace SharedStorageProvider#call when already associated with a trace. For more help, see http://go/tiktok-tracing#fixing-duplicate-trace-issues
06-12 17:38:23.559  4075  4173 E TraceManager: 	at bodx.g(PG:6)
06-12 17:38:23.559  4075  4173 E TraceManager: 	at bodx.c(PG:2)
06-12 17:38:23.559  4075  4173 E TraceManager: 	at bodx.b(PG:2)
06-12 17:38:23.559  4075  4173 E TraceManager: 	at bodk.j(PG:1)
06-12 17:38:23.559  4075  4173 E TraceManager: 	at aced.call(PG:7)
06-12 17:38:23.559  4075  4173 E TraceManager: 	at accr.call(PG:1)
06-12 17:38:23.559  4075  4173 E TraceManager: 	at android.content.ContentProvider$Transport.call(ContentProvider.java:403)
06-12 17:38:23.559  4075  4173 E TraceManager: 	at android.content.ContentResolver.call(ContentResolver.java:1756)
06-12 17:38:23.559  4075  4173 E TraceManager: 	at ayxm.h(PG:9)
06-12 17:38:23.559  4075  4173 E TraceManager: 	at ayxm.k(PG:3)
06-12 17:38:23.559  4075  4173 E TraceManager: 	at ayxk.b(PG:1)
06-12 17:38:23.559  4075  4173 E TraceManager: 	at aydn.d(PG:2)
06-12 17:38:23.559  4075  4173 E TraceManager: 	at aydn.E(PG:1)
06-12 17:38:23.559  4075  4173 E TraceManager: 	at ahcq.j(PG:25)
06-12 17:38:23.559  4075  4173 E TraceManager: 	at ahcq.i(PG:1)
06-12 17:38:23.559  4075  4173 E TraceManager: 	at ahcm.run(Unknown Source:4)
06-12 17:38:23.559  4075  4173 E TraceManager: 	at boei.run(PG:2)
06-12 17:38:23.559  4075  4173 E TraceManager: 	at java.util.concurrent.Executors$RunnableAdapter.call(Executors.java:458)
06-12 17:38:23.559  4075  4173 E TraceManager: 	at bsqs.a(PG:1)
06-12 17:38:23.559  4075  4173 E TraceManager: 	at bspu.run(PG:4)
06-12 17:38:23.559  4075  4173 E TraceManager: 	at bsqt.run(PG:1)
06-12 17:38:23.559  4075  4173 E TraceManager: 	at bcrs.run(PG:1)
06-12 17:38:23.559  4075  4173 E TraceManager: 	at java.util.concurrent.ThreadPoolExecutor.runWorker(ThreadPoolExecutor.java:1167)
06-12 17:38:23.559  4075  4173 E TraceManager: 	at java.util.concurrent.ThreadPoolExecutor$Worker.run(ThreadPoolExecutor.java:641)
06-12 17:38:23.559  4075  4173 E TraceManager: 	at bcqx.run(PG:2)
06-12 17:38:23.559  4075  4173 E TraceManager: 	at bcrd.run(PG:4)
06-12 17:38:23.559  4075  4173 E TraceManager: 	at java.lang.Thread.run(Thread.java:764)
06-12 17:38:23.559  4075  4173 E TraceManager: 	Suppressed: bofb: 
06-12 17:38:23.559  4075  4173 E TraceManager: 		at tk_trace.ReceiverDoInBackground(Unknown Source:0)
06-12 17:38:23.559  4075  4173 E TraceManager: 		at tk_trace.PhoneBootAndPackageReplacedReceiver Receive broadcast(Unknown Source:0)
06-12 17:38:23.560  4075  4173 I BugleRcsEngine: [197] aydn.d: No RCS Configuration was found in Bugle for simID: redacted-pii:sim_id[chars:20]
06-12 17:38:23.561  1951  1952 D LSPosed : zygisk_main.cpp:362#void lspd::CompanionEntry(int): Got cache with fd=7 size=12
06-12 17:38:23.562  4980  4980 D LSPosed : symbol_cache.cpp:55#void lspd::InitSymbolCache(lspd::SymbolCache *): InitSymbolCache
06-12 17:38:23.562  4980  4980 D LSPosed : symbol_cache.cpp:57#void lspd::InitSymbolCache(lspd::SymbolCache *): Already initialized
06-12 17:38:23.569  4075  4173 I BugleRcsProvisioning: RcsAvailabilityUpdaterLocal: [SR]: SingleRegistration configuration, singleRegistrationRcsConfigAvailableAndEnabled: false, simId: redacted-pii:sim_id[chars:20]
06-12 17:38:23.569  3419  4582 E PhenotypeCombinedFlags: Config package com.google.android.gms.phenotype cannot use PROCESS_STABLE backing without declarative registration. See go/phenotype-android-integration#phenotype for more information. This will lead to stale flags.
06-12 17:38:23.580  3419  4582 I chatty  : uid=10038(com.android.vending) ProcessStablePh identical 3 lines
06-12 17:38:23.580  3419  4582 E PhenotypeCombinedFlags: Config package com.google.android.gms.phenotype cannot use PROCESS_STABLE backing without declarative registration. See go/phenotype-android-integration#phenotype for more information. This will lead to stale flags.
06-12 17:38:23.595  4075  4075 V ClearcutMetricXmitter: Transmission is done.
06-12 17:38:23.596  4075  4173 E TraceManager: Duplicate trace
