06-12 17:38:27.850  2653  2653 D PhoneSwitcherNetworkRequstListener: got request NetworkRequest [ TRACK_DEFAULT id=32, [ Capabilities: INTERNET&NOT_RESTRICTED&TRUSTED Unwanted:  Uid: 10085] ] with score 60
06-12 17:38:27.851  1944  2436 D WIFI    : got request NetworkRequest [ TRACK_DEFAULT id=32, [ Capabilities: INTERNET&NOT_RESTRICTED&TRUSTED Unwanted:  Uid: 10085] ] with score 60
06-12 17:38:27.932  1951  1952 D LSPosed : zygisk_main.cpp:362#void lspd::CompanionEntry(int): Got cache with fd=7 size=12
06-12 17:38:27.933  5320  5320 D LSPosed : symbol_cache.cpp:55#void lspd::InitSymbolCache(lspd::SymbolCache *): InitSymbolCache
06-12 17:38:27.933  5320  5320 D LSPosed : symbol_cache.cpp:57#void lspd::InitSymbolCache(lspd::SymbolCache *): Already initialized
06-12 17:38:27.934  1944  2155 I ActivityManager: Start proc 5320:com.google.android.gms.unstable/u0a31 for service com.google.android.gms/.droidguard.DroidGuardService
06-12 17:38:27.964  1944  3306 I ActivityManager: START u0 {act=android.intent.action.MAIN cmp=com.android.settings/.SubSettings (has extras)} from uid 1000
06-12 17:38:27.981  5320  5320 I chatty  : uid=10031(com.google.android.gms) identical 2 lines
06-12 17:38:27.992  3342  3388 I chatty  : uid=10031(com.google.android.gms) HeapTaskDaemon expire 1 line
06-12 17:38:28.013  1944  3307 I ActivityManager: Killing 4490:com.sonymobile.androidapp.audiorecorder/u0a173 (adj 906): empty #17
06-12 17:38:28.017  1944  2156 W libprocessgroup: kill(-4490, 9) failed: No such process
06-12 17:38:28.030  5320  5320 I chatty  : uid=10031(com.google.android.gms) expire 11 lines
06-12 17:38:28.032  1944  2156 W libprocessgroup: kill(-4490, 9) failed: No such process
06-12 17:38:28.047  1944  2156 W libprocessgroup: kill(-4490, 9) failed: No such process
06-12 17:38:28.051   966   966 I Zygote  : Process 4490 exited due to signal (9)
06-12 17:38:28.062  1944  2156 W libprocessgroup: kill(-4490, 9) failed: No such process
06-12 17:38:28.062  1944  2156 I libprocessgroup: Successfully killed process cgroup uid 10173 pid 4490 in 45ms
06-12 17:38:28.128  1944  3306 E UserRestrictionsUtils: Unknown restriction: null
06-12 17:38:28.131  1944  3299 E UserRestrictionsUtils: Unknown restriction: null
06-12 17:38:28.143  1944  3299 E UserRestrictionsUtils: Unknown restriction: null
06-12 17:38:28.154  5284  5284 D ActivityThread: Loading provider com.google.android.gm.sapi: com.google.android.gm.sapi.SapiUiProvider
06-12 17:38:28.211  1944  3299 I ProcessStatsService: Added stats: 2022-06-12-17-30-59, over +6m3s229ms
06-12 17:38:28.224  1944  3299 I ProcessStatsService: Added stats: 2022-06-12-17-20-11, over +9m55s572ms
06-12 17:38:28.236  1944  3299 I ProcessStatsService: Added stats: 2022-06-12-17-16-55, over +2m20s160ms
06-12 17:38:28.248  1944  3299 I ProcessStatsService: Added stats: 2022-06-12-17-06-20, over +9m38s348ms
06-12 17:38:28.259  1944  3299 I ProcessStatsService: Added stats: 2022-06-12-16-58-27, over +6m6s57ms
06-12 17:38:28.271  1944  3299 I ProcessStatsService: Added stats: 2022-06-12-16-43-45, over +13m47s91ms
06-12 17:38:28.282  1944  3307 D ConnectivityService: requestNetwork for uid/pid:10085/3068 NetworkRequest [ TRACK_DEFAULT id=34, [ Capabilities: INTERNET&NOT_RESTRICTED&TRUSTED Unwanted:  Uid: 10085] ]
06-12 17:38:28.282  1944  3299 I ProcessStatsService: Added stats: 2022-06-12-16-37-50, over +5m4s156ms
06-12 17:38:28.282  1944  2436 D WIFI_UT : got request NetworkRequest [ TRACK_DEFAULT id=34, [ Capabilities: INTERNET&NOT_RESTRICTED&TRUSTED Unwanted:  Uid: 10085] ] with score 60
06-12 17:38:28.283  1944  2436 D WIFI    : got request NetworkRequest [ TRACK_DEFAULT id=34, [ Capabilities: INTERNET&NOT_RESTRICTED&TRUSTED Unwanted:  Uid: 10085] ] with score 60
06-12 17:38:28.283  1944  2457 D Ethernet: got request NetworkRequest [ TRACK_DEFAULT id=34, [ Capabilities: INTERNET&NOT_RESTRICTED&TRUSTED Unwanted:  Uid: 10085] ] with score 60
06-12 17:38:28.283  2653  2653 D PhoneSwitcherNetworkRequstListener: got request NetworkRequest [ TRACK_DEFAULT id=34, [ Capabilities: INTERNET&NOT_RESTRICTED&TRUSTED Unwanted:  Uid: 10085] ] with score 60
06-12 17:38:28.294  5320  5356 I chatty  : uid=10031(com.google.android.gms) expire 1 line
06-12 17:38:28.295  5320  5355 I chatty  : uid=10031(com.google.android.gms) expire 1 line
06-12 17:38:28.303  5284  5361 I chatty  : uid=10111(com.google.android.gm) expire 3 lines
06-12 17:38:28.307  1944  3299 I ProcessStatsService: Added stats: 2022-06-12-15-07-42, over +1h29m13s896ms
06-12 17:38:28.405  2661  2661 W ProcStatsManager: No process com.android.chrome:webview_service/10143 for service org.chromium.android_webview.services.ComponentsProviderService
06-12 17:38:28.405  2661  2661 W ProcStatsManager: No process com.android.chrome:webview_service/10143 for service org.chromium.android_webview.services.VariationsSeedServer
06-12 17:38:28.405  2661  2661 W ProcStatsManager: No process com.android.chrome:sandboxed_process0/10152 for service org.chromium.content.app.SandboxedProcessService0
06-12 17:38:28.405  2661  2661 W ProcStatsManager: No process com.android.chrome:sandboxed_process0/10153 for service org.chromium.content.app.SandboxedProcessService0
06-12 17:38:28.405  2661  2661 W ProcStatsManager: No process com.android.chrome:sandboxed_process0/10153 for service org.chromium.content.app.SandboxedProcessService0
06-12 17:38:28.406  2661  2661 W ProcStatsManager: No process com.android.chrome:sandboxed_process10/10154 for service org.chromium.content.app.SandboxedProcessService10
06-12 17:38:28.406  2661  2661 W ProcStatsManager: No process com.android.chrome:sandboxed_process11/10154 for service org.chromium.content.app.SandboxedProcessService11
06-12 17:38:28.406  2661  2661 W ProcStatsManager: No process com.android.chrome:sandboxed_process12/10154 for service org.chromium.content.app.SandboxedProcessService12
06-12 17:38:28.406  2661  2661 W ProcStatsManager: No process com.android.chrome:sandboxed_process13/10154 for service org.chromium.content.app.SandboxedProcessService13
06-12 17:38:28.406  2661  2661 W ProcStatsManager: No process com.android.chrome:sandboxed_process14/10154 for service org.chromium.content.app.SandboxedProcessService14
06-12 17:38:28.406  2661  2661 W ProcStatsManager: No process com.android.chrome:sandboxed_process0/10154 for service org.chromium.content.app.SandboxedProcessService0
06-12 17:38:28.406  2661  2661 W ProcStatsManager: No process com.android.chrome:sandboxed_process1/10154 for service org.chromium.content.app.SandboxedProcessService1
06-12 17:38:28.406  2661  2661 W ProcStatsManager: No process com.android.chrome:sandboxed_process2/10154 for service org.chromium.content.app.SandboxedProcessService2
06-12 17:38:28.406  2661  2661 W ProcStatsManager: No process com.android.chrome:sandboxed_process3/10154 for service org.chromium.content.app.SandboxedProcessService3
06-12 17:38:28.406  2661  2661 W ProcStatsManager: No process com.android.chrome:sandboxed_process4/10154 for service org.chromium.content.app.SandboxedProcessService4
06-12 17:38:28.406  2661  2661 W ProcStatsManager: No process com.android.chrome:sandboxed_process5/10154 for service org.chromium.content.app.SandboxedProcessService5
06-12 17:38:28.406  2661  2661 W ProcStatsManager: No process com.android.chrome:sandboxed_process6/10154 for service org.chromium.content.app.SandboxedProcessService6
06-12 17:38:28.406  2661  2661 W ProcStatsManager: No process com.android.chrome:sandboxed_process7/10154 for service org.chromium.content.app.SandboxedProcessService7
06-12 17:38:28.406  2661  2661 W ProcStatsManager: No process com.android.chrome:sandboxed_process8/10154 for service org.chromium.content.app.SandboxedProcessService8
06-12 17:38:28.406  2661  2661 W ProcStatsManager: No process com.android.chrome:sandboxed_process9/10154 for service org.chromium.content.app.SandboxedProcessService9
06-12 17:38:28.406  2661  2661 W ProcStatsManager: No process com.android.chrome:sandboxed_process0/10155 for service org.chromium.content.app.SandboxedProcessService0
06-12 17:38:28.406  2661  2661 W ProcStatsManager: No process com.android.chrome:sandboxed_process1/10155 for service org.chromium.content.app.SandboxedProcessService1
06-12 17:38:28.406  2661  2661 W ProcStatsManager: No process com.android.chrome:sandboxed_process2/10155 for service org.chromium.content.app.SandboxedProcessService2
06-12 17:38:28.406  2661  2661 W ProcStatsManager: No process com.android.chrome:sandboxed_process3/10155 for service org.chromium.content.app.SandboxedProcessService3
06-12 17:38:28.407  2661  2661 W ProcStatsManager: No process com.android.chrome:sandboxed_process4/10155 for service org.chromium.content.app.SandboxedProcessService4
06-12 17:38:28.407  2661  2661 W ProcStatsManager: No process com.android.chrome:sandboxed_process5/10155 for service org.chromium.content.app.SandboxedProcessService5
06-12 17:38:28.407  2661  2661 W ProcStatsManager: No process com.android.chrome:sandboxed_process6/10155 for service org.chromium.content.app.SandboxedProcessService6
06-12 17:38:28.407  2661  2661 W ProcStatsManager: No process com.android.chrome:sandboxed_process7/10155 for service org.chromium.content.app.SandboxedProcessService7
06-12 17:38:28.407  2661  2661 W ProcStatsManager: No process com.android.chrome:sandboxed_process8/10155 for service org.chromium.content.app.SandboxedProcessService8
06-12 17:38:28.407  2661  2661 W ProcStatsManager: No process com.android.chrome:sandboxed_process0/10158 for service org.chromium.content.app.SandboxedProcessService0
06-12 17:38:28.407  2661  2661 W ProcStatsManager: No process com.android.chrome:sandboxed_process0/10159 for service org.chromium.content.app.SandboxedProcessService0
06-12 17:38:28.407  2661  2661 W ProcStatsManager: No process com.android.chrome:sandboxed_process0/10161 for service org.chromium.content.app.SandboxedProcessService0
06-12 17:38:28.407  2661  2661 W ProcStatsManager: No process com.android.chrome:sandboxed_process0/10164 for service org.chromium.content.app.SandboxedProcessService0
06-12 17:38:28.407  2661  2661 W ProcStatsManager: No process com.android.chrome:sandboxed_process0/10178 for service org.chromium.content.app.SandboxedProcessService0
06-12 17:38:28.408  2661  2661 W ProcStatsManager: No process com.android.chrome:sandboxed_process0/10183 for service org.chromium.content.app.SandboxedProcessService0
06-12 17:38:28.408  2661  2661 W ProcStatsManager: No process com.android.chrome:sandboxed_process0/10196 for service org.chromium.content.app.SandboxedProcessService0
06-12 17:38:28.408  2661  2661 W ProcStatsManager: No process com.android.chrome:sandboxed_process0/10214 for service org.chromium.content.app.SandboxedProcessService0
06-12 17:38:28.408  2661  2661 W ProcStatsManager: No process com.android.chrome:sandboxed_process0/10223 for service org.chromium.content.app.SandboxedProcessService0
06-12 17:38:28.409  2661  2661 W ProcStatsManager: No process com.google.android.gms:car/10031 for service com.google.android.gms.chimera.CarBoundBrokerService
06-12 17:38:28.413  2661  2661 W ProcStatsManager: No process com.google.android.partnersetup/10072 for service com.google.android.partnersetup.InstalledAppJobService
06-12 17:38:28.413  2661  2661 W ProcStatsManager: No process com.motorola.genie/10101 for service com.motorola.genie.firebase.MyFirebaseMessagingService
06-12 17:38:28.413  2661  2661 W ProcStatsManager: No process com.google.android.videos/10128 for service com.google.android.apps.play.movies.common.service.drm.RefreshLicenseTaskService
06-12 17:38:28.413  2661  2661 W ProcStatsManager: No process com.google.android.videos/10128 for service com.google.android.apps.play.movies.common.store.sync.SyncService
06-12 17:38:28.413  2661  2661 W ProcStatsManager: No process com.google.android.videos/10128 for service com.google.android.apps.play.movies.common.service.accounts.AccountsChangedTaskService
06-12 17:38:28.413  2661  2661 W ProcStatsManager: No process com.motorola.lifetimedata/10051 for service com.motorola.lifetimedata.LifetimeDataService
06-12 17:38:28.413  2661  2661 W ProcStatsManager: No process com.motorola.appdirectedsmsproxy/1001 for service com.motorola.appdirectedsmsproxy.AppDirectedSmsProxy
06-12 17:38:28.413  2661  2661 W ProcStatsManager: No process com.google.android.apps.photos:mediametadataservice/10118 for service com.google.android.apps.photos.mediametadataservice.MediaMetadataService
06-12 17:38:28.414  2661  2661 W ProcStatsManager: No process com.google.android.apps.translate/10226 for service com.google.android.libraries.internal.growth.growthkit.internal.jobs.impl.GrowthKitJobService
06-12 17:38:28.414  2661  2661 W ProcStatsManager: No process com.google.android.apps.translate/10226 for service com.google.android.apps.translate.offline.service.Opmv4DataControllerService
06-12 17:38:28.414  2661  2661 W ProcStatsManager: No process com.motorola.msimsettings/10088 for service com.motorola.msimsettings.services.SimSelectNotificationJobService
06-12 17:38:28.414  2661  2661 W ProcStatsManager: No process com.motorola.msimsettings/10088 for service com.motorola.smartsim.checkin.SmartSimCheckinJobService
06-12 17:38:28.414  2661  2661 W ProcStatsManager: No process com.motorola.msimsettings/10088 for service com.motorola.smartsim.bestcost.carriercodesync.CarrierCodeSyncJobService
06-12 17:38:28.414  2661  2661 W ProcStatsManager: No process com.google.android.inputmethod.pinyin/10110 for service com.google.android.apps.inputmethod.pinyin.preference.SyncService
06-12 17:38:28.414  2661  2661 W ProcStatsManager: No process com.google.android.apps.turbo:aab/10077 for service com.google.android.libraries.smartbattery.common.phenotype.UpdatePhenotypeFlagsJob
06-12 17:38:28.414  2661  2661 W ProcStatsManager: No process com.google.android.apps.turbo:aab/10077 for service com.google.android.libraries.smartbattery.appusage.library.InferAppBucketsJob
06-12 17:38:28.415  2661  2661 W ProcStatsManager: No process com.google.android.apps.turbo:aab/10077 for service com.google.android.libraries.smartbattery.common.phenotype.UpdatePhenotypeFlagsJob
06-12 17:38:28.415  2661  2661 W ProcStatsManager: No process com.google.android.apps.turbo:aab/10077 for service com.google.android.libraries.smartbattery.appusage.library.InferAppBucketsJob
06-12 17:38:28.415  2661  2661 W ProcStatsManager: No process com.sonymobile.androidapp.audiorecorder/10173 for service com.google.firebase.iid.FirebaseInstanceIdService
06-12 17:38:28.416  2661  2661 W ProcStatsManager: No process com.motorola.config.wifi/10007 for service com.motorola.config.wifi.WpaConfigService
06-12 17:38:28.416  2661  2661 W ProcStatsManager: No process com.motorola.config.wifi/10007 for service com.motorola.config.wifi.xficonnect.XfiAlgoDetectedActivitiesIntentService
06-12 17:38:28.416  2661  2661 W ProcStatsManager: No process com.maxmpz.audioplayer/10215 for service com.maxmpz.audioplayer.scanner.ScanDispatcherService
06-12 17:38:28.416  2661  2661 W ProcStatsManager: No process com.maxmpz.audioplayer/10215 for service com.maxmpz.audioplayer.player.HeadsetMicroService
06-12 17:38:28.416  2661  2661 W ProcStatsManager: No process com.maxmpz.audioplayer/10215 for service com.maxmpz.audioplayer.player.PlayerService
06-12 17:38:28.416  2661  2661 W ProcStatsManager: No process com.maxmpz.audioplayer/10215 for service com.maxmpz.milk.scanner.MilkScanService
06-12 17:38:28.417  5320  5333 I chatty  : uid=10031(com.google.android.gms) expire 1 line
06-12 17:38:28.435  5284  5284 I chatty  : uid=10111(com.google.android.gm) expire 623 lines
06-12 17:38:28.444  5320  5335 I chatty  : uid=10031(com.google.android.gms) expire 2 lines
06-12 17:38:28.478  2661  4476 D SharedPreferencesLogger: Tried to log string preference development.DevelopmentSettingsDashboardFragment/bluetooth_select_a2dp_channel_mode = 0
06-12 17:38:28.479  2661  4521 D SharedPreferencesLogger: Tried to log string preference development.DevelopmentSettingsDashboardFragment/bluetooth_select_a2dp_codec = 1000000
06-12 17:38:28.506  2661  2661 D SettingsActivity: Executed frag manager pendingTransactions
06-12 17:38:28.553  2661  4450 D SharedPreferencesLogger: Tried to log string preference development.DevelopmentSettingsDashboardFragment/bluetooth_max_connected_audio_devices = 
06-12 17:38:28.567  2661  4454 I DeviceIndex: Skipping: device index is not enabled
06-12 17:38:28.572  2661  4515 W TileUtils: Found com.android.settings.Settings$NotificationAppListActivity for intent Intent { act=com.android.settings.action.SETTINGS pkg=com.android.settings } missing metadata com.android.settings.category
06-12 17:38:28.572  2661  2661 W Settings: Setting bugreport_in_power_menu has moved from android.provider.Settings.Secure to android.provider.Settings.Global.
06-12 17:38:28.576  1944  3299 I ActivityManager: Force stopping org.lsposed.manager appid=10238 user=-1: set debug app
06-12 17:38:28.592  2661  4521 D SharedPreferencesLogger: Tried to log string preference development.DevelopmentSettingsDashboardFragment/dark_ui_mode = no
06-12 17:38:28.594  2661  4515 D SettingsActivity: No enabled state changed, skipping updateCategory call
06-12 17:38:28.594  2661  4450 D SharedPreferencesLogger: Tried to log string preference development.DevelopmentSettingsDashboardFragment/select_logd_size = 1048576
06-12 17:38:28.596  2661  4476 D SharedPreferencesLogger: Tried to log string preference development.DevelopmentSettingsDashboardFragment/simulate_color_space = -1
06-12 17:38:28.597  2661  4521 D SharedPreferencesLogger: Tried to log string preference development.DevelopmentSettingsDashboardFragment/show_non_rect_clip = hide
06-12 17:38:28.615  2661  4515 D SharedPreferencesLogger: Tried to log string preference development.DevelopmentSettingsDashboardFragment/transition_animation_scale = .5
06-12 17:38:28.616  2661  4450 D SharedPreferencesLogger: Tried to log string preference development.DevelopmentSettingsDashboardFragment/bluetooth_select_avrcp_version = avrcp16
06-12 17:38:28.620  2661  4476 D SharedPreferencesLogger: Tried to log string preference development.DevelopmentSettingsDashboardFragment/debug_hw_overdraw = false
06-12 17:38:28.622  2661  4521 D SharedPreferencesLogger: Tried to log string preference development.DevelopmentSettingsDashboardFragment/window_animation_scale = .5
06-12 17:38:28.633  2661  4515 D SharedPreferencesLogger: Tried to log string preference development.DevelopmentSettingsDashboardFragment/animator_duration_scale = .5
06-12 17:38:28.635  2661  4450 D SharedPreferencesLogger: Tried to log string preference development.DevelopmentSettingsDashboardFragment/app_process_limit = -1
06-12 17:38:28.637  2661  4476 D SharedPreferencesLogger: Tried to log string preference development.DevelopmentSettingsDashboardFragment/track_frame_time = false
06-12 17:38:28.640  2661  4521 D SharedPreferencesLogger: Tried to log string preference development.DevelopmentSettingsDashboardFragment/overlay_display_devices = 
06-12 17:38:28.647  4198  4291 D MediaScanner: Skipping: /storage/emulated/0/DCIM/.thumbnails/
06-12 17:38:28.655  1944  3113 I ProcessStatsService: Added stats: 2022-06-12-17-30-59, over +6m3s229ms
06-12 17:38:28.665  1944  3113 I ProcessStatsService: Added stats: 2022-06-12-17-20-11, over +9m55s572ms
06-12 17:38:28.670  2661  4515 D SharedPreferencesLogger: Tried to log string preference development.DevelopmentSettingsDashboardFragment/display_cutout_emulation = 
06-12 17:38:28.675  1944  3113 I ProcessStatsService: Added stats: 2022-06-12-17-16-55, over +2m20s160ms
06-12 17:38:28.684  2661  2661 I Choreographer: Skipped 41 frames!  The application may be doing too much work on its main thread.
06-12 17:38:28.686  1944  3113 I ProcessStatsService: Added stats: 2022-06-12-17-06-20, over +9m38s348ms
06-12 17:38:28.697  1944  3113 I ProcessStatsService: Added stats: 2022-06-12-16-58-27, over +6m6s57ms
06-12 17:38:28.701  3342  3342 I chatty  : uid=10031(com.google.android.gms) expire 5 lines
06-12 17:38:28.708  1944  3113 I ProcessStatsService: Added stats: 2022-06-12-16-43-45, over +13m47s91ms
06-12 17:38:28.719  1944  3113 I ProcessStatsService: Added stats: 2022-06-12-16-37-50, over +5m4s156ms
06-12 17:38:28.767  1944  3113 I ProcessStatsService: Added stats: 2022-06-12-15-07-42, over +1h29m13s896ms
06-12 17:38:28.784  2661  2661 W pool-1-thread-1: type=1400 audit(0.0:145): avc: denied { read } for uid=1000 name="pagetypeinfo" dev="proc" ino=4026532378 scontext=u:r:system_app:s0 tcontext=u:object_r:proc_pagetypeinfo:s0 tclass=file permissive=0
06-12 17:38:28.832  2661  2721 I OpenGLRenderer: Davey! duration=840ms; Flags=1, IntendedVsync=67069800078, Vsync=67753133384, OldestInputEvent=9223372036854775807, NewestInputEvent=0, HandleInputStart=67762706018, AnimationStart=67762740706, PerformTraversalsStart=67763145914, DrawStart=67901695199, SyncQueued=67904903688, SyncStart=67904986553, IssueDrawCommandsStart=67905541553, SwapBuffers=67908692491, FrameCompleted=67910186866, DequeueBufferDuration=398000, QueueBufferDuration=477000, 
06-12 17:38:28.862  2661  4454 W ProcStatsManager: No process com.qualcomm.qti.qms.service.telemetry/10147 for service com.qualcomm.qti.qms.service.telemetry.configuration.ConfigurationService
06-12 17:38:28.863  2661  4454 W ProcStatsManager: No process com.google.android.youtube/10108 for service com.firebase.jobdispatcher.GooglePlayReceiver
06-12 17:38:28.863  2661  4454 W ProcStatsManager: No process com.google.android.youtube/10108 for service com.google.android.libraries.youtube.mdx.background.MdxBackgroundScanJobService
06-12 17:38:28.863  2661  4454 W ProcStatsManager: No process com.google.android.youtube/10108 for service com.google.android.libraries.youtube.account.AccountsChangedJobIntentService
06-12 17:38:28.863  2661  4454 W ProcStatsManager: No process com.motorola.omadm.service/10033 for service com.motorola.omadm.service.persist.PersistableNodesService
06-12 17:38:28.863  3342  3556 I chatty  : uid=10031(com.google.android.gms) expire 9 lines
06-12 17:38:28.863  2661  4454 W ProcStatsManager: No process com.google.android.configupdater/10036 for service com.google.android.configupdater.MainJobService
06-12 17:38:28.863  2661  4454 W ProcStatsManager: No process com.android.vending:instant_app_installer/10038 for service com.google.android.finsky.instantapps.PhenotypeUpdateService
06-12 17:38:28.863  2661  4454 W ProcStatsManager: No process com.android.vending:download_service/10038 for service com.google.android.finsky.ipcservers.downloadservice.DownloadServiceGrpcServerAndroidService
06-12 17:38:28.863  2661  4454 W ProcStatsManager: No process com.android.vending:download_service/10038 for service com.google.android.finsky.downloadservice.DownloadService
06-12 17:38:28.863  2661  4454 W ProcStatsManager: No process com.android.vending:instant_app_installer/10038 for service com.google.android.finsky.instantapps.PhenotypeUpdateService
06-12 17:38:28.863  2661  4454 W ProcStatsManager: No process com.android.vending:instant_app_installer/10038 for service com.google.android.finsky.instantapps.InstantAppsSharedPreferencesService
06-12 17:38:28.864  2661  4454 W ProcStatsManager: No process com.android.vending:instant_app_installer/10038 for service com.google.android.finsky.instantapps.metrics.LogFlushJob
06-12 17:38:28.864  2661  4454 W ProcStatsManager: No process com.android.vending:instant_app_installer/10038 for service com.google.android.finsky.instantapps.statussync.EnabledStatusSyncService
06-12 17:38:28.864  2661  4454 W ProcStatsManager: No process com.android.vending:instant_app_installer/10038 for service com.google.android.finsky.instantapps.InstantAppsLoggingService
06-12 17:38:28.864  2661  4454 W ProcStatsManager: No process com.android.vending:quick_launch/10038 for service com.google.android.finsky.ipcservers.quicklaunch.QuickLaunchGrpcServerAndroidService
06-12 17:38:28.864  2661  4454 W ProcStatsManager: No process com.android.vending:instant_app_installer/10038 for service com.google.android.finsky.instantapps.hint.AppPreloadHygieneService
06-12 17:38:28.864  2661  4454 W ProcStatsManager: No process com.android.vending:instant_app_installer/10038 for service com.google.android.finsky.instantapps.dna.ArchivePrefetchService
06-12 17:38:28.864  2661  4454 W ProcStatsManager: No process com.motorola.android.provisioning/10052 for service com.motorola.android.provisioning.service.DMProvMsgHandlerService
06-12 17:38:28.864  2661  4454 W ProcStatsManager: No process com.jrummy.apps.build.prop.editor/10178 for service com.google.firebase.iid.FirebaseInstanceIdService
06-12 17:38:28.864  2661  4454 W ProcStatsManager: No process com.motorola.timeweatherwidget/10095 for service com.motorola.commandcenter.WidgetService
06-12 17:38:28.864  2661  4454 W ProcStatsManager: No process com.motorola.timeweatherwidget/10095 for service com.motorola.commandcenter.weather.WakeUpService
06-12 17:38:28.864  2661  4454 W ProcStatsManager: No process com.motorola.timeweatherwidget/10095 for service com.motorola.commandcenter.weather.WeatherService
06-12 17:38:28.864  2661  4454 W ProcStatsManager: No process com.google.android.apps.tachyon/10136 for service com.google.android.apps.tachyon.jobs.NativeJobSchedulerJobService
06-12 17:38:28.864  2661  4454 W ProcStatsManager: No process com.google.android.apps.tachyon/10136 for service com.google.android.apps.tachyon.clientapi.ClientApiService
06-12 17:38:28.864  2661  4454 W ProcStatsManager: No process com.google.android.apps.tachyon/10136 for service com.google.android.apps.tachyon.contacts.sync.DuoAccountService
06-12 17:38:28.864  2661  4454 W ProcStatsManager: No process com.everycircuit.free/10192 for service com.google.firebase.iid.FirebaseInstanceIdService
06-12 17:38:28.864  2661  4454 W ProcStatsManager: No process com.josegd.monthcalwidget/10208 for service com.josegd.mcwupdateservicelib.MCWUpdateService
06-12 17:38:28.864  2661  4454 W ProcStatsManager: No process com.google.android.apps.inputmethod.zhuyin/10137 for service com.google.android.apps.inputmethod.zhuyin.preference.SyncService
06-12 17:38:28.864  2661  4454 W ProcStatsManager: No process com.google.android.music:main/10098 for service com.google.android.music.sync.SyncAdapterService
06-12 17:38:28.864  2661  4454 W ProcStatsManager: No process com.google.android.music:main/10098 for service com.google.android.music.download.artwork.ArtDownloadService
06-12 17:38:28.864  2661  4454 W ProcStatsManager: No process com.android.printspooler/10124 for service com.android.printspooler.model.PrintSpoolerService
06-12 17:38:28.865  2661  4454 W ProcStatsManager: No process com.socialnmobile.dictapps.notepad.color.note/10185 for service com.socialnmobile.colornote.service.BootJobIntentService
06-12 17:38:28.865  2661  4454 W ProcStatsManager: No process com.google.android.apps.maps/10119 for service com.google.android.apps.gmm.directions.commute.setup.service.CommuteSetupService
06-12 17:38:28.865  2661  4454 W ProcStatsManager: No process com.motorola.invisiblenet/10074 for service com.motorola.invisiblenet.ShortcutInstallerService
06-12 17:38:28.865  2661  4454 W ProcStatsManager: No process com.opera.browser:sandboxed_process0/10214 for service com.opera.android.browser.chromium.services.SandboxedProcessService0
06-12 17:38:28.865  2661  4454 W ProcStatsManager: No process com.opera.browser:sandboxed_process3/10214 for service com.opera.android.browser.chromium.services.SandboxedProcessService3
06-12 17:38:28.866  2661  4454 W ProcStatsManager: No process com.opera.browser:sandboxed_process7/10214 for service com.opera.android.browser.chromium.services.SandboxedProcessService7
06-12 17:38:28.866  2661  4454 W ProcStatsManager: No process com.opera.browser:sandboxed_process8/10214 for service com.opera.android.browser.chromium.services.SandboxedProcessService8
06-12 17:38:28.866  2661  4454 W ProcStatsManager: No process com.opera.browser:sandboxed_process9/10214 for service com.opera.android.browser.chromium.services.SandboxedProcessService9
06-12 17:38:28.866  2661  4454 W ProcStatsManager: No process com.motorola.contacts.preloadcontacts/10023 for service com.motorola.contacts.preloadcontacts.syncadapter.LoadContactsJobService
06-12 17:38:28.866  2661  4454 W ProcStatsManager: No process com.android.keychain/1000 for service com.android.keychain.KeyChainService
06-12 17:38:28.867  2661  4454 W ProcStatsManager: No process com.android.chrome:sandboxed_process0/10031 for service org.chromium.content.app.SandboxedProcessService0
06-12 17:38:28.867  2661  4454 W ProcStatsManager: No process com.android.chrome:sandboxed_process1/10031 for service org.chromium.content.app.SandboxedProcessService1
06-12 17:38:28.867  2661  4454 W ProcStatsManager: No process com.android.chrome:sandboxed_process2/10031 for service org.chromium.content.app.SandboxedProcessService2
06-12 17:38:28.867  2661  4454 W ProcStatsManager: No process com.android.chrome:sandboxed_process3/10031 for service org.chromium.content.app.SandboxedProcessService3
06-12 17:38:28.867  2661  4454 W ProcStatsManager: No process com.android.chrome:sandboxed_process4/10031 for service org.chromium.content.app.SandboxedProcessService4
06-12 17:38:28.867  2661  4454 W ProcStatsManager: No process com.android.chrome:sandboxed_process5/10031 for service org.chromium.content.app.SandboxedProcessService5
06-12 17:38:28.867  2661  4454 W ProcStatsManager: No process com.android.chrome:sandboxed_process6/10031 for service org.chromium.content.app.SandboxedProcessService6
06-12 17:38:28.867  2661  4454 W ProcStatsManager: No process com.android.chrome:sandboxed_process7/10031 for service org.chromium.content.app.SandboxedProcessService7
06-12 17:38:28.867  2661  4454 W ProcStatsManager: No process com.android.chrome:sandboxed_process0/10031 for service org.chromium.content.app.SandboxedProcessService0
06-12 17:38:28.867  2661  4454 W ProcStatsManager: No process com.android.chrome:sandboxed_process0/10043 for service org.chromium.content.app.SandboxedProcessService0
06-12 17:38:28.867  2661  4454 W ProcStatsManager: No process com.android.chrome:sandboxed_process0/10111 for service org.chromium.content.app.SandboxedProcessService0
06-12 17:38:28.867  2661  4454 W ProcStatsManager: No process com.android.chrome:webview_service/10143 for service org.chromium.android_webview.services.VariationsSeedServer
06-12 17:38:28.867  2661  4454 W ProcStatsManager: No process com.android.chrome/10143 for service org.chromium.chrome.browser.customtabs.CustomTabsConnectionService
06-12 17:38:28.867  2661  4454 W ProcStatsManager: No process com.android.chrome/10143 for service org.chromium.chrome.browser.invalidation.ChromeBrowserSyncAdapterService
06-12 17:38:28.867  2661  4454 W ProcStatsManager: No process com.android.chrome:webview_apk/10143 for service org.chromium.android_webview.nonembedded.AwComponentUpdateService
06-12 17:38:28.867  2661  4454 W ProcStatsManager: No process com.android.chrome:webview_service/10143 for service org.chromium.android_webview.services.MetricsBridgeService
06-12 17:38:28.867  2661  4454 W ProcStatsManager: No process com.android.chrome/10143 for service org.chromium.chrome.browser.ChromeBackgroundService
06-12 17:38:28.867  2661  4454 W ProcStatsManager: No process com.android.chrome:webview_service/10143 for service org.chromium.android_webview.services.AwVariationsSeedFetcher
06-12 17:38:28.867  2661  4454 W ProcStatsManager: No process com.android.chrome/10143 for service org.chromium.components.background_task_scheduler.internal.BackgroundTaskGcmTaskService
06-12 17:38:28.867  2661  4454 W ProcStatsManager: No process com.android.chrome/10143 for service org.chromium.components.background_task_scheduler.internal.BackgroundTaskJobService
06-12 17:38:28.867  2661  4454 W ProcStatsManager: No process com.android.chrome/10143 for service com.google.ipc.invalidation.ticl.android2.channel.GcmRegistrationTaskService
06-12 17:38:28.867  2661  4454 W ProcStatsManager: No process com.android.chrome:webview_service/10143 for service org.chromium.android_webview.services.ComponentsProviderService
06-12 17:38:28.867  2661  4454 W ProcStatsManager: No process com.android.chrome:webview_service/10143 for service org.chromium.android_webview.services.VariationsSeedServer
06-12 17:38:28.867  2661  4454 W ProcStatsManager: No process com.android.chrome:sandboxed_process0/10152 for service org.chromium.content.app.SandboxedProcessService0
06-12 17:38:28.868  2661  4454 W ProcStatsManager: No process com.android.chrome:sandboxed_process0/10153 for service org.chromium.content.app.SandboxedProcessService0
06-12 17:38:28.868  2661  4454 W ProcStatsManager: No process com.android.chrome:sandboxed_process0/10153 for service org.chromium.content.app.SandboxedProcessService0
06-12 17:38:28.868  2661  4454 W ProcStatsManager: No process com.android.chrome:sandboxed_process10/10154 for service org.chromium.content.app.SandboxedProcessService10
06-12 17:38:28.868  2661  4454 W ProcStatsManager: No process com.android.chrome:sandboxed_process11/10154 for service org.chromium.content.app.SandboxedProcessService11
06-12 17:38:28.868  2661  4454 W ProcStatsManager: No process com.android.chrome:sandboxed_process12/10154 for service org.chromium.content.app.SandboxedProcessService12
06-12 17:38:28.868  2661  4454 W ProcStatsManager: No process com.android.chrome:sandboxed_process13/10154 for service org.chromium.content.app.SandboxedProcessService13
06-12 17:38:28.868  2661  4454 W ProcStatsManager: No process com.android.chrome:sandboxed_process14/10154 for service org.chromium.content.app.SandboxedProcessService14
06-12 17:38:28.868  2661  4454 W ProcStatsManager: No process com.android.chrome:sandboxed_process0/10154 for service org.chromium.content.app.SandboxedProcessService0
06-12 17:38:28.868  2661  4454 W ProcStatsManager: No process com.android.chrome:sandboxed_process1/10154 for service org.chromium.content.app.SandboxedProcessService1
06-12 17:38:28.868  2661  4454 W ProcStatsManager: No process com.android.chrome:sandboxed_process2/10154 for service org.chromium.content.app.SandboxedProcessService2
06-12 17:38:28.868  2661  4454 W ProcStatsManager: No process com.android.chrome:sandboxed_process3/10154 for service org.chromium.content.app.SandboxedProcessService3
06-12 17:38:28.868  2661  4454 W ProcStatsManager: No process com.android.chrome:sandboxed_process4/10154 for service org.chromium.content.app.SandboxedProcessService4
06-12 17:38:28.868  2661  4454 W ProcStatsManager: No process com.android.chrome:sandboxed_process5/10154 for service org.chromium.content.app.SandboxedProcessService5
06-12 17:38:28.868  2661  4454 W ProcStatsManager: No process com.android.chrome:sandboxed_process6/10154 for service org.chromium.content.app.SandboxedProcessService6
06-12 17:38:28.868  2661  4454 W ProcStatsManager: No process com.android.chrome:sandboxed_process7/10154 for service org.chromium.content.app.SandboxedProcessService7
06-12 17:38:28.868  2661  4454 W ProcStatsManager: No process com.android.chrome:sandboxed_process8/10154 for service org.chromium.content.app.SandboxedProcessService8
06-12 17:38:28.868  2661  4454 W ProcStatsManager: No process com.android.chrome:sandboxed_process9/10154 for service org.chromium.content.app.SandboxedProcessService9
06-12 17:38:28.868  2661  4454 W ProcStatsManager: No process com.android.chrome:sandboxed_process0/10155 for service org.chromium.content.app.SandboxedProcessService0
06-12 17:38:28.868  2661  4454 W ProcStatsManager: No process com.android.chrome:sandboxed_process1/10155 for service org.chromium.content.app.SandboxedProcessService1
06-12 17:38:28.868  2661  4454 W ProcStatsManager: No process com.android.chrome:sandboxed_process2/10155 for service org.chromium.content.app.SandboxedProcessService2
06-12 17:38:28.868  2661  4454 W ProcStatsManager: No process com.android.chrome:sandboxed_process3/10155 for service org.chromium.content.app.SandboxedProcessService3
06-12 17:38:28.868  2661  4454 W ProcStatsManager: No process com.android.chrome:sandboxed_process4/10155 for service org.chromium.content.app.SandboxedProcessService4
06-12 17:38:28.868  2661  4454 W ProcStatsManager: No process com.android.chrome:sandboxed_process5/10155 for service org.chromium.content.app.SandboxedProcessService5
06-12 17:38:28.868  2661  4454 W ProcStatsManager: No process com.android.chrome:sandboxed_process6/10155 for service org.chromium.content.app.SandboxedProcessService6
06-12 17:38:28.868  2661  4454 W ProcStatsManager: No process com.android.chrome:sandboxed_process7/10155 for service org.chromium.content.app.SandboxedProcessService7
06-12 17:38:28.868  2661  4454 W ProcStatsManager: No process com.android.chrome:sandboxed_process8/10155 for service org.chromium.content.app.SandboxedProcessService8
06-12 17:38:28.868  2661  4454 W ProcStatsManager: No process com.android.chrome:sandboxed_process0/10158 for service org.chromium.content.app.SandboxedProcessService0
06-12 17:38:28.869  2661  4454 W ProcStatsManager: No process com.android.chrome:sandboxed_process0/10159 for service org.chromium.content.app.SandboxedProcessService0
06-12 17:38:28.869  2661  4454 W ProcStatsManager: No process com.android.chrome:sandboxed_process0/10161 for service org.chromium.content.app.SandboxedProcessService0
06-12 17:38:28.869  2661  4454 W ProcStatsManager: No process com.android.chrome:sandboxed_process0/10164 for service org.chromium.content.app.SandboxedProcessService0
06-12 17:38:28.869  2661  4454 W ProcStatsManager: No process com.android.chrome:sandboxed_process0/10178 for service org.chromium.content.app.SandboxedProcessService0
06-12 17:38:28.869  2661  4454 W ProcStatsManager: No process com.android.chrome:sandboxed_process0/10183 for service org.chromium.content.app.SandboxedProcessService0
06-12 17:38:28.869  2661  4454 W ProcStatsManager: No process com.android.chrome:sandboxed_process0/10196 for service org.chromium.content.app.SandboxedProcessService0
06-12 17:38:28.869  2661  4454 W ProcStatsManager: No process com.android.chrome:sandboxed_process0/10214 for service org.chromium.content.app.SandboxedProcessService0
06-12 17:38:28.869  2661  4454 W ProcStatsManager: No process com.android.chrome:sandboxed_process0/10223 for service org.chromium.content.app.SandboxedProcessService0
06-12 17:38:28.869  2661  4454 W ProcStatsManager: No process com.google.android.gms:car/10031 for service com.google.android.gms.chimera.CarBoundBrokerService
06-12 17:38:28.870  2661  4454 W ProcStatsManager: No process com.google.android.partnersetup/10072 for service com.google.android.partnersetup.InstalledAppJobService
06-12 17:38:28.870  2661  4454 W ProcStatsManager: No process com.motorola.genie/10101 for service com.motorola.genie.firebase.MyFirebaseMessagingService
06-12 17:38:28.870  2661  4454 W ProcStatsManager: No process com.google.android.videos/10128 for service com.google.android.apps.play.movies.common.service.drm.RefreshLicenseTaskService
06-12 17:38:28.870  2661  4454 W ProcStatsManager: No process com.google.android.videos/10128 for service com.google.android.apps.play.movies.common.store.sync.SyncService
06-12 17:38:28.870  2661  4454 W ProcStatsManager: No process com.google.android.videos/10128 for service com.google.android.apps.play.movies.common.service.accounts.AccountsChangedTaskService
06-12 17:38:28.870  2661  4454 W ProcStatsManager: No process com.motorola.lifetimedata/10051 for service com.motorola.lifetimedata.LifetimeDataService
06-12 17:38:28.870  2661  4454 W ProcStatsManager: No process com.motorola.appdirectedsmsproxy/1001 for service com.motorola.appdirectedsmsproxy.AppDirectedSmsProxy
06-12 17:38:28.870  2661  4454 W ProcStatsManager: No process com.google.android.apps.photos:mediametadataservice/10118 for service com.google.android.apps.photos.mediametadataservice.MediaMetadataService
06-12 17:38:28.870  2661  4454 W ProcStatsManager: No process com.google.android.apps.translate/10226 for service com.google.android.libraries.internal.growth.growthkit.internal.jobs.impl.GrowthKitJobService
06-12 17:38:28.870  2661  4454 W ProcStatsManager: No process com.google.android.apps.translate/10226 for service com.google.android.apps.translate.offline.service.Opmv4DataControllerService
06-12 17:38:28.870  2661  4454 W ProcStatsManager: No process com.motorola.msimsettings/10088 for service com.motorola.msimsettings.services.SimSelectNotificationJobService
06-12 17:38:28.870  2661  4454 W ProcStatsManager: No process com.motorola.msimsettings/10088 for service com.motorola.smartsim.checkin.SmartSimCheckinJobService
06-12 17:38:28.870  2661  4454 W ProcStatsManager: No process com.motorola.msimsettings/10088 for service com.motorola.smartsim.bestcost.carriercodesync.CarrierCodeSyncJobService
06-12 17:38:28.870  2661  4454 W ProcStatsManager: No process com.google.android.inputmethod.pinyin/10110 for service com.google.android.apps.inputmethod.pinyin.preference.SyncService
06-12 17:38:28.870  2661  4454 W ProcStatsManager: No process com.google.android.apps.turbo:aab/10077 for service com.google.android.libraries.smartbattery.common.phenotype.UpdatePhenotypeFlagsJob
06-12 17:38:28.870  2661  4454 W ProcStatsManager: No process com.google.android.apps.turbo:aab/10077 for service com.google.android.libraries.smartbattery.appusage.library.InferAppBucketsJob
06-12 17:38:28.870  2661  4454 W ProcStatsManager: No process com.google.android.apps.turbo:aab/10077 for service com.google.android.libraries.smartbattery.common.phenotype.UpdatePhenotypeFlagsJob
06-12 17:38:28.870  2661  4454 W ProcStatsManager: No process com.google.android.apps.turbo:aab/10077 for service com.google.android.libraries.smartbattery.appusage.library.InferAppBucketsJob
06-12 17:38:28.871  2661  4454 W ProcStatsManager: No process com.sonymobile.androidapp.audiorecorder/10173 for service com.google.firebase.iid.FirebaseInstanceIdService
06-12 17:38:28.871  2661  4454 W ProcStatsManager: No process com.motorola.config.wifi/10007 for service com.motorola.config.wifi.WpaConfigService
06-12 17:38:28.871  2661  4454 W ProcStatsManager: No process com.motorola.config.wifi/10007 for service com.motorola.config.wifi.xficonnect.XfiAlgoDetectedActivitiesIntentService
06-12 17:38:28.871  2661  4454 W ProcStatsManager: No process com.maxmpz.audioplayer/10215 for service com.maxmpz.audioplayer.scanner.ScanDispatcherService
06-12 17:38:28.871  2661  4454 W ProcStatsManager: No process com.maxmpz.audioplayer/10215 for service com.maxmpz.audioplayer.player.HeadsetMicroService
06-12 17:38:28.871  2661  4454 W ProcStatsManager: No process com.maxmpz.audioplayer/10215 for service com.maxmpz.audioplayer.player.PlayerService
06-12 17:38:28.871  5284  5377 I chatty  : uid=10111(com.google.android.gm) expire 1 line
06-12 17:38:28.872  2661  4454 W ProcStatsManager: No process com.maxmpz.audioplayer/10215 for service com.maxmpz.milk.scanner.MilkScanService
06-12 17:38:28.907  1944  2174 I LaunchCheckinHandler: Displayed com.android.settings/.SubSettings,wp,ca,931
06-12 17:38:28.908  1944  2174 I ActivityManager: Displayed com.android.settings/.SubSettings: +916ms
06-12 17:38:28.908  2465  2465 I GoogleInputMethodService: GoogleInputMethodService.onFinishInput():3204 
06-12 17:38:28.916  2465  2465 I GoogleInputMethodService: GoogleInputMethodService.updateDeviceLockedStatus():2100 checkRepeatedly = false, unlocked = true
06-12 17:38:28.916  2465  2465 I GoogleInputMethodService: GoogleInputMethodService.onStartInput():1903 onStartInput(EditorInfo{inputType=0x0(NULL) imeOptions=0x0 privateImeOptions=null actionName=UNSPECIFIED actionLabel=null actionId=0 initialSelStart=-1 initialSelEnd=-1 initialCapsMode=0x0 hintText=null label=null packageName=com.android.settings fieldId=-1 fieldName=null extras=null}, false)
06-12 17:38:28.921  2465  2465 I GoogleInputMethodService: GoogleInputMethodService.updateDeviceLockedStatus():2100 checkRepeatedly = true, unlocked = true
06-12 17:38:28.985  5284  5284 I chatty  : uid=10111(com.google.android.gm) expire 31 lines
06-12 17:38:28.989  5284  5404 I chatty  : uid=10111(com.google.android.gm) expire 5 lines
06-12 17:38:29.080  1944  2120 I system_server: Background concurrent copying GC freed 330576(15MB) AllocSpace objects, 233(13MB) LOS objects, 42% free, 21MB/37MB, paused 484us total 357.255ms
06-12 17:38:29.174  5284  5373 I chatty  : uid=10111(com.google.android.gm) expire 2 lines
06-12 17:38:29.284  3032  3452 I chatty  : uid=10031(com.google.android.gms) Binder:3032_5 expire 4 lines
06-12 17:38:29.294  3342  3618 I chatty  : uid=10031(com.google.android.gms) Binder:3342_4 expire 1 line
06-12 17:38:29.320  3032  4468 I chatty  : uid=10031(com.google.android.gms) Binder:3032_8 expire 4 lines
06-12 17:38:29.329  3342  3618 I chatty  : uid=10031(com.google.android.gms) Binder:3342_4 expire 1 line
06-12 17:38:29.397  5284  5394 I chatty  : uid=10111(com.google.android.gm) expire 3 lines
06-12 17:38:29.419  4369  4369 I Finsky:background: [2] ltk.onDestroy(8): IPC-SERVER: Stopping gRPC host service...
06-12 17:38:29.427  1944  3306 I ActivityManager: Killing 2897:com.google.android.marvin.talkback/u0a141 (adj 906): empty #17
06-12 17:38:29.428  1944  2156 W libprocessgroup: kill(-2897, 9) failed: No such process
06-12 17:38:29.443  1944  2156 W libprocessgroup: kill(-2897, 9) failed: No such process
06-12 17:38:29.455   966   966 I Zygote  : Process 2897 exited due to signal (9)
06-12 17:38:29.456  1944  2156 W libprocessgroup: kill(-2897, 9) failed: No such process
06-12 17:38:29.456  1944  2156 I libprocessgroup: Successfully killed process cgroup uid 10141 pid 2897 in 28ms
06-12 17:38:29.547  4075  4701 I BugleRcsEngine: [218] axbb.l: Reinitialize CSLib Flags: com.google.android.ims.library
06-12 17:38:29.588  3342  5293 I chatty  : uid=10031(com.google.android.gms) expire 1 line
06-12 17:38:29.591  3068  3187 W DialerVerifiedNumberProvider: com.android.dialer.businessvoice.verifiedcall.impl.constellation.VerifiedNumberProvider.lambda$getConstellationResponse$1:150 Failed to get constellation token because there is no consent.
06-12 17:38:29.591  3068  3187 W DialerVerifiedNumberProvider: lvc: 5001: 
06-12 17:38:29.591  3068  3187 W DialerVerifiedNumberProvider: 	at lza.e(PG:1)
06-12 17:38:29.591  3068  3187 W DialerVerifiedNumberProvider: 	at lxo.e(PG:2)
06-12 17:38:29.591  3068  3187 W DialerVerifiedNumberProvider: 	at mad.a(Unknown Source:2)
06-12 17:38:29.591  3068  3187 W DialerVerifiedNumberProvider: 	at mar.dj(PG:9)
06-12 17:38:29.591  3068  3187 W DialerVerifiedNumberProvider: 	at lnu.onTransact(PG:4)
06-12 17:38:29.591  3068  3187 W DialerVerifiedNumberProvider: 	at android.os.Binder.execTransact(Binder.java:735)
06-12 17:38:29.599  3342  3342 I chatty  : uid=10031(com.google.android.gms) expire 3 lines
06-12 17:38:29.610  3068  3581 I DialerConstellationSyncWorker: com.android.dialer.businessvoice.control.worker.ConstellationSyncWorker.lambda$syncConstellation$2:118 Constellation token refreshed
06-12 17:38:29.616  3068  3186 I WM-WorkerWrapper: Worker result SUCCESS for Work [ id=0afdeeba-d41e-4c10-8e25-98552be9e473, tags={ com.google.apps.tiktok.contrib.work.TikTokListenableWorker, TikTokWorker#com.android.dialer.businessvoice.control.worker.ConstellationSyncWorker } ]
06-12 17:38:29.621  3032  3049 I chatty  : uid=10031(com.google.android.gms) HeapTaskDaemon expire 1 line
06-12 17:38:29.634  1944  3299 I ActivityManager: Killing 4623:com.android.hotwordenrollment.okgoogle/u0a6 (adj 906): empty #17
06-12 17:38:29.635  1944  2156 W libprocessgroup: kill(-4623, 9) failed: No such process
06-12 17:38:29.649  1944  2156 I chatty  : uid=1000(system) ActivityManager identical 2 lines
06-12 17:38:29.652  1944  2441 D ConnectivityService: releasing NetworkRequest [ TRACK_DEFAULT id=29, [ Capabilities: INTERNET&NOT_RESTRICTED&TRUSTED Unwanted:  Uid: 10085] ] (release request)
06-12 17:38:29.664  1944  2156 W libprocessgroup: kill(-4623, 9) failed: No such process
06-12 17:38:29.667   966   966 I Zygote  : Process 4623 exited due to signal (9)
06-12 17:38:29.674  5284  5399 I chatty  : uid=10111(com.google.android.gm) expire 7 lines
06-12 17:38:29.679  1944  2156 W libprocessgroup: kill(-4623, 9) failed: No such process
06-12 17:38:29.679  1944  2156 I libprocessgroup: Successfully killed process cgroup uid 10006 pid 4623 in 44ms
06-12 17:38:29.705  3419  3419 I Finsky  : [2] shm.run(26): Detected restoreservicev2://recovery not needed, will not run
06-12 17:38:29.743  4075  4701 I BugleRcsEngine: [218] axbb.l: Reinitialize CSLib Flags: com.google.android.ims.library
06-12 17:38:29.744  4075  4701 I BugleRcsEngine: [218] axbb.l: Reinitialize CSLib Flags: com.google.android.ims.library
06-12 17:38:29.802  4075  4701 W Bugle   : BuglePhoneNumberUtils: canonicalizeMccMnc: invalid mccmnc. mcc: null, mnc: null
06-12 17:38:29.807  4075  4701 W Bugle   : BuglePhoneNumberUtils: canonicalizeMccMnc: invalid mccmnc. mcc: null, mnc: null
06-12 17:38:29.907  3342  4231 I chatty  : uid=10031(com.google.android.gms) highpool[3] expire 1 line
06-12 17:38:29.943  3419  5460 I Finsky  : [228] adfv.c(2): registerListener
06-12 17:38:29.945  3419  5460 I Finsky  : [228] ind.g(1): getDownloads()
06-12 17:38:29.947  3854  3854 I CarrierServices: [2] CarrierServicesBaseApp.initialize:116 Initialized already, return.
06-12 17:38:29.959  4369  4369 I Finsky:background: [2] ltk.onCreate(2): IPC-SERVER: Starting gRPC host service...
06-12 17:38:29.960  3854  3854 I CarrierServices: [2] RcsAutoStartReceiver.a: Starting RcsService in CS.apk.
06-12 17:38:29.961  3854  3854 I CarrierServices: [2] dsz.b: EngineBroadcaster: Broadcasting provisioning intent rcs.intent.action.csApkInitialized to Bugle with extras redacted-pii:[null]
06-12 17:38:29.961  3419  5460 I Finsky  : [228] qw.run(15): Initialized AssetModuleDownloader.
