--------- beginning of system
08-01 16:29:45.777   874   880 I QISL    : QSEE Interrupt Service Listener Thread is started
08-01 16:29:45.778   874   880 I QISL    : QSEE Interrupt Service Listener was activated successfully
08-01 16:29:45.977   886   886 I vold    : Vold 3.0 (the awakening) firing up
08-01 16:29:45.977   886   886 V vold    : Detected support for: ext4 f2fs vfat
08-01 16:29:45.988   886   886 W vold    : Failed to LOOP_GET_STATUS64 /dev/block/loop0: No such device or address
08-01 16:29:45.988   886   886 W vold    : Failed to LOOP_GET_STATUS64 /dev/block/loop2: No such device or address
08-01 16:29:45.988   886   886 W vold    : Failed to LOOP_GET_STATUS64 /dev/block/loop1: No such device or address
08-01 16:29:45.988   886   886 W vold    : Failed to LOOP_GET_STATUS64 /dev/block/loop7: No such device or address
08-01 16:29:45.988   886   886 W vold    : Failed to LOOP_GET_STATUS64 /dev/block/loop3: No such device or address
08-01 16:29:45.988   886   886 W vold    : Failed to LOOP_GET_STATUS64 /dev/block/loop6: No such device or address
08-01 16:29:45.988   886   886 W vold    : Failed to LOOP_GET_STATUS64 /dev/block/loop4: No such device or address
08-01 16:29:45.988   886   886 W vold    : Failed to LOOP_GET_STATUS64 /dev/block/loop5: No such device or address
08-01 16:29:45.990   886   886 E vold    : [libfs_mgr]Warning: unknown flag =/dev/block/bootdevice/by-name/metadata
08-01 16:29:45.992   886   886 D vold    : VoldNativeService::start() completed OK
08-01 16:29:46.012   886   886 D vold    : e4crypt_init_user0
08-01 16:29:46.012   886   886 D vold    : e4crypt_prepare_user_storage for volume null, user 0, serial 0, flags 1
08-01 16:29:46.012   886   886 D vold    : Preparing: /data/system/users/0
08-01 16:29:46.013   886   886 D vold    : Preparing: /data/misc/profiles/cur/0
08-01 16:29:46.013   886   886 D vold    : Preparing: /data/system_de/0
08-01 16:29:46.014   886   886 D vold    : Preparing: /data/misc_de/0
08-01 16:29:46.014   886   886 D vold    : Preparing: /data/vendor_de/0
08-01 16:29:46.015   886   886 D vold    : Preparing: /data/user_de/0
08-01 16:29:46.015   886   886 V vold    : /system/bin/vold_prepare_subdirs
08-01 16:29:46.015   886   886 V vold    :     prepare
08-01 16:29:46.015   886   886 V vold    :     
08-01 16:29:46.015   886   886 V vold    :     0
08-01 16:29:46.015   886   886 V vold    :     1
08-01 16:29:46.056   886   886 D vold    : e4crypt_unlock_user_key 0 serial=0 token_present=0
08-01 16:29:47.770  1069  1069 I irsc_util: Starting irsc tool
08-01 16:29:47.815  1069  1069 I irsc_util: Num of entries:297
08-01 16:29:47.817  1069  1069 I irsc_util: Ending irsc tool
08-01 16:29:47.963  1052  1052 I android.hardware.wifi@1.0-service: Wifi Hal is booting up...
08-01 16:29:48.231  1170  1170 I imsrcsd : Uce Service HAL  is starting up...
08-01 16:29:48.231  1170  1170 I imsrcsd : Uce Service HAL  loading imsrcsbaseimpl
06-12 17:37:52.423  1181  1181 I installd: installd firing up
06-12 17:37:52.488  1170  1170 I imsrcsd : Starting Service for First Time imsbaseimpl
06-12 17:37:52.491  1170  1170 I imsrcsd : ImsRcsBaseImpl CM_IMSCONNECTIONMANAGER_CREATE_CONNECTION Before Registering Service
06-12 17:37:52.492  1170  1170 I imsrcsd : ImsRcsBaseImpl CM_IMSCONNECTIONMANAGER_CREATE_CONNECTION After Registering Service
06-12 17:37:52.497  1170  1170 I imsrcsd : ImsRcsBaseImpl ImsCallInfo After Registering Service
06-12 17:37:52.820  1221  1221 I wificond: wificond is starting up...
--------- beginning of crash
06-12 17:37:54.570   956   956 E AndroidRuntime: FATAL EXCEPTION: main
06-12 17:37:54.570   956   956 E AndroidRuntime: PID: 956
06-12 17:37:54.570   956   956 E AndroidRuntime: java.lang.ExceptionInInitializerError
06-12 17:37:54.570   956   956 E AndroidRuntime: 	at android.os.Build.access$000(Build.java:42)
06-12 17:37:54.570   956   956 E AndroidRuntime: 	at android.os.Build$VERSION.<clinit>(Build.java:201)
06-12 17:37:54.570   956   956 E AndroidRuntime: 	at com.android.internal.os.RuntimeInit.getDefaultUserAgent(RuntimeInit.java:258)
06-12 17:37:54.570   956   956 E AndroidRuntime: 	at com.android.internal.os.RuntimeInit.commonInit(RuntimeInit.java:225)
06-12 17:37:54.570   956   956 E AndroidRuntime: 	at com.android.internal.os.RuntimeInit.main(RuntimeInit.java:334)
06-12 17:37:54.570   956   956 E AndroidRuntime: Caused by: java.lang.NullPointerException: Attempt to invoke virtual method 'boolean java.lang.String.startsWith(java.lang.String)' on a null object reference
06-12 17:37:54.570   956   956 E AndroidRuntime: 	at android.os.Build.getBuildNumber(Build.java:1207)
06-12 17:37:54.570   956   956 E AndroidRuntime: 	at android.os.Build.deriveFingerprint(Build.java:959)
06-12 17:37:54.570   956   956 E AndroidRuntime: 	at android.os.Build.<clinit>(Build.java:945)
06-12 17:37:54.570   956   956 E AndroidRuntime: 	... 5 more
06-12 17:37:54.570  1358  1358 E AndroidRuntime: FATAL EXCEPTION: main
06-12 17:37:54.570  1358  1358 E AndroidRuntime: PID: 1358
06-12 17:37:54.570  1358  1358 E AndroidRuntime: java.lang.ExceptionInInitializerError
06-12 17:37:54.570  1358  1358 E AndroidRuntime: 	at android.os.Build.access$000(Build.java:42)
06-12 17:37:54.570  1358  1358 E AndroidRuntime: 	at android.os.Build$VERSION.<clinit>(Build.java:201)
06-12 17:37:54.570  1358  1358 E AndroidRuntime: 	at com.android.internal.os.RuntimeInit.getDefaultUserAgent(RuntimeInit.java:258)
06-12 17:37:54.570  1358  1358 E AndroidRuntime: 	at com.android.internal.os.RuntimeInit.commonInit(RuntimeInit.java:225)
06-12 17:37:54.570  1358  1358 E AndroidRuntime: 	at com.android.internal.os.RuntimeInit.main(RuntimeInit.java:334)
06-12 17:37:54.570  1358  1358 E AndroidRuntime: Caused by: java.lang.NullPointerException: Attempt to invoke virtual method 'boolean java.lang.String.startsWith(java.lang.String)' on a null object reference
06-12 17:37:54.570  1358  1358 E AndroidRuntime: 	at android.os.Build.getBuildNumber(Build.java:1207)
06-12 17:37:54.570  1358  1358 E AndroidRuntime: 	at android.os.Build.deriveFingerprint(Build.java:959)
06-12 17:37:54.570  1358  1358 E AndroidRuntime: 	at android.os.Build.<clinit>(Build.java:945)
06-12 17:37:54.570  1358  1358 E AndroidRuntime: 	... 5 more
06-12 17:37:54.578   956   956 E AndroidRuntime: Error reporting crash
06-12 17:37:54.578   956   956 E AndroidRuntime: java.lang.NullPointerException: Attempt to invoke interface method 'void android.app.IActivityManager.handleApplicationCrash(android.os.IBinder, android.app.ApplicationErrorReport$ParcelableCrashInfo)' on a null object reference
06-12 17:37:54.578   956   956 E AndroidRuntime: 	at com.android.internal.os.RuntimeInit$KillApplicationHandler.uncaughtException(RuntimeInit.java:143)
06-12 17:37:54.578   956   956 E AndroidRuntime: 	at java.lang.ThreadGroup.uncaughtException(ThreadGroup.java:1068)
06-12 17:37:54.578   956   956 E AndroidRuntime: 	at java.lang.ThreadGroup.uncaughtException(ThreadGroup.java:1063)
06-12 17:37:54.578   956   956 E AndroidRuntime: 	at java.lang.Thread.dispatchUncaughtException(Thread.java:1955)
06-12 17:37:54.578  1358  1358 E AndroidRuntime: Error reporting crash
06-12 17:37:54.578  1358  1358 E AndroidRuntime: java.lang.NullPointerException: Attempt to invoke interface method 'void android.app.IActivityManager.handleApplicationCrash(android.os.IBinder, android.app.ApplicationErrorReport$ParcelableCrashInfo)' on a null object reference
06-12 17:37:54.578  1358  1358 E AndroidRuntime: 	at com.android.internal.os.RuntimeInit$KillApplicationHandler.uncaughtException(RuntimeInit.java:143)
06-12 17:37:54.578  1358  1358 E AndroidRuntime: 	at java.lang.ThreadGroup.uncaughtException(ThreadGroup.java:1068)
06-12 17:37:54.578  1358  1358 E AndroidRuntime: 	at java.lang.ThreadGroup.uncaughtException(ThreadGroup.java:1063)
06-12 17:37:54.578  1358  1358 E AndroidRuntime: 	at java.lang.Thread.dispatchUncaughtException(Thread.java:1955)
06-12 17:37:55.876   886   889 I vold    : Found disk at /devices/soc/7864900.sdhci/mmc_host/mmc1/mmc1:0001/block/mmcblk1 but delaying scan due to secure keyguard
06-12 17:37:58.348  1217  1457 E storaged: getService package_native failed
06-12 17:37:58.351  1217  1457 I storaged: storaged: Start
06-12 17:37:58.351  1217  1457 E storaged: getDiskStats failed with result NOT_SUPPORTED and size 0
06-12 17:37:59.272  1944  1944 I SystemServer: InitBeforeStartServices
06-12 17:37:59.273  1944  1944 I SystemServer: Entered the Android system server!
06-12 17:37:59.580  1944  1944 I SystemServer: StartServices
06-12 17:37:59.580  1944  1944 I SystemServer: Reading configuration...
06-12 17:37:59.580  1944  1944 I SystemServer: ReadingSystemConfig
06-12 17:37:59.582  1944  1944 I SystemServer: StartInstaller
06-12 17:37:59.582  1944  1944 I SystemServiceManager: Starting com.android.server.pm.Installer
06-12 17:37:59.589  1944  1944 I SystemServer: DeviceIdentifiersPolicyService
06-12 17:37:59.589  1944  1944 I SystemServiceManager: Starting com.android.server.os.DeviceIdentifiersPolicyService
06-12 17:37:59.590  1944  1944 I SystemServer: StartActivityManager
06-12 17:37:59.590  1944  1944 I SystemServiceManager: Starting com.android.server.am.ActivityManagerService$Lifecycle
06-12 17:37:59.623  1944  1944 I ActivityManager: Memory class: 192
06-12 17:37:59.663  1944  1944 E AndroidRuntime: Error reporting WTF
06-12 17:37:59.663  1944  1944 E AndroidRuntime: java.lang.NullPointerException: Attempt to invoke interface method 'boolean android.app.IActivityManager.handleApplicationWtf(android.os.IBinder, java.lang.String, boolean, android.app.ApplicationErrorReport$ParcelableCrashInfo)' on a null object reference
06-12 17:37:59.663  1944  1944 E AndroidRuntime: 	at com.android.internal.os.RuntimeInit.wtf(RuntimeInit.java:387)
06-12 17:37:59.663  1944  1944 E AndroidRuntime: 	at android.util.Log$1.onTerribleFailure(Log.java:117)
06-12 17:37:59.663  1944  1944 E AndroidRuntime: 	at android.util.Log.wtf(Log.java:481)
06-12 17:37:59.663  1944  1944 E AndroidRuntime: 	at android.util.Log.wtf(Log.java:471)
06-12 17:37:59.663  1944  1944 E AndroidRuntime: 	at android.app.SystemServiceRegistry.onServiceNotFound(SystemServiceRegistry.java:1226)
06-12 17:37:59.663  1944  1944 E AndroidRuntime: 	at android.app.SystemServiceRegistry$CachedServiceFetcher.getService(SystemServiceRegistry.java:1134)
06-12 17:37:59.663  1944  1944 E AndroidRuntime: 	at android.app.SystemServiceRegistry.getSystemService(SystemServiceRegistry.java:1046)
06-12 17:37:59.663  1944  1944 E AndroidRuntime: 	at android.app.ContextImpl.getSystemService(ContextImpl.java:1736)
06-12 17:37:59.663  1944  1944 E AndroidRuntime: 	at com.android.internal.os.PowerProfile.getBatteryCapacity(PowerProfile.java:487)
06-12 17:37:59.663  1944  1944 E AndroidRuntime: 	at com.android.internal.os.BatteryStatsImpl.setPowerProfileLocked(BatteryStatsImpl.java:10279)
06-12 17:37:59.663  1944  1944 E AndroidRuntime: 	at com.android.server.am.BatteryStatsService.<init>(BatteryStatsService.java:182)
06-12 17:37:59.663  1944  1944 E AndroidRuntime: 	at com.android.server.am.ActivityManagerService.<init>(ActivityManagerService.java:3319)
06-12 17:37:59.663  1944  1944 E AndroidRuntime: 	at com.android.server.am.ActivityManagerService$Lifecycle.<init>(ActivityManagerService.java:3096)
06-12 17:37:59.663  1944  1944 E AndroidRuntime: 	at java.lang.reflect.Constructor.newInstance0(Native Method)
06-12 17:37:59.663  1944  1944 E AndroidRuntime: 	at java.lang.reflect.Constructor.newInstance(Constructor.java:343)
06-12 17:37:59.663  1944  1944 E AndroidRuntime: 	at com.android.server.SystemServiceManager.startService(SystemServiceManager.java:98)
06-12 17:37:59.663  1944  1944 E AndroidRuntime: 	at com.android.server.SystemServer.startBootstrapServices(SystemServer.java:570)
06-12 17:37:59.663  1944  1944 E AndroidRuntime: 	at com.android.server.SystemServer.run(SystemServer.java:440)
06-12 17:37:59.663  1944  1944 E AndroidRuntime: 	at com.android.server.SystemServer.main(SystemServer.java:305)
06-12 17:37:59.663  1944  1944 E AndroidRuntime: 	at java.lang.reflect.Method.invoke(Native Method)
06-12 17:37:59.663  1944  1944 E AndroidRuntime: 	at com.android.internal.os.RuntimeInit$MethodAndArgsCaller.run(RuntimeInit.java:493)
06-12 17:37:59.663  1944  1944 E AndroidRuntime: 	at com.android.internal.os.ZygoteInit.main(ZygoteInit.java:850)
06-12 17:37:59.664  1944  1944 E AndroidRuntime: Original WTF:
06-12 17:37:59.664  1944  1944 E AndroidRuntime: android.util.Log$TerribleFailure: No service published for: batterystats
06-12 17:37:59.664  1944  1944 E AndroidRuntime: 	at android.util.Log.wtf(Log.java:476)
06-12 17:37:59.664  1944  1944 E AndroidRuntime: 	at android.util.Log.wtf(Log.java:471)
06-12 17:37:59.664  1944  1944 E AndroidRuntime: 	at android.app.SystemServiceRegistry.onServiceNotFound(SystemServiceRegistry.java:1226)
06-12 17:37:59.664  1944  1944 E AndroidRuntime: 	at android.app.SystemServiceRegistry$CachedServiceFetcher.getService(SystemServiceRegistry.java:1134)
06-12 17:37:59.664  1944  1944 E AndroidRuntime: 	at android.app.SystemServiceRegistry.getSystemService(SystemServiceRegistry.java:1046)
06-12 17:37:59.664  1944  1944 E AndroidRuntime: 	at android.app.ContextImpl.getSystemService(ContextImpl.java:1736)
06-12 17:37:59.664  1944  1944 E AndroidRuntime: 	at com.android.internal.os.PowerProfile.getBatteryCapacity(PowerProfile.java:487)
06-12 17:37:59.664  1944  1944 E AndroidRuntime: 	at com.android.internal.os.BatteryStatsImpl.setPowerProfileLocked(BatteryStatsImpl.java:10279)
06-12 17:37:59.664  1944  1944 E AndroidRuntime: 	at com.android.server.am.BatteryStatsService.<init>(BatteryStatsService.java:182)
06-12 17:37:59.664  1944  1944 E AndroidRuntime: 	at com.android.server.am.ActivityManagerService.<init>(ActivityManagerService.java:3319)
06-12 17:37:59.664  1944  1944 E AndroidRuntime: 	at com.android.server.am.ActivityManagerService$Lifecycle.<init>(ActivityManagerService.java:3096)
06-12 17:37:59.664  1944  1944 E AndroidRuntime: 	at java.lang.reflect.Constructor.newInstance0(Native Method)
06-12 17:37:59.664  1944  1944 E AndroidRuntime: 	at java.lang.reflect.Constructor.newInstance(Constructor.java:343)
06-12 17:37:59.664  1944  1944 E AndroidRuntime: 	at com.android.server.SystemServiceManager.startService(SystemServiceManager.java:98)
06-12 17:37:59.664  1944  1944 E AndroidRuntime: 	at com.android.server.SystemServer.startBootstrapServices(SystemServer.java:570)
06-12 17:37:59.664  1944  1944 E AndroidRuntime: 	at com.android.server.SystemServer.run(SystemServer.java:440)
06-12 17:37:59.664  1944  1944 E AndroidRuntime: 	at com.android.server.SystemServer.main(SystemServer.java:305)
06-12 17:37:59.664  1944  1944 E AndroidRuntime: 	at java.lang.reflect.Method.invoke(Native Method)
06-12 17:37:59.664  1944  1944 E AndroidRuntime: 	at com.android.internal.os.RuntimeInit$MethodAndArgsCaller.run(RuntimeInit.java:493)
06-12 17:37:59.664  1944  1944 E AndroidRuntime: 	at com.android.internal.os.ZygoteInit.main(ZygoteInit.java:850)
06-12 17:37:59.664  1944  1944 E AndroidRuntime: Caused by: android.os.ServiceManager$ServiceNotFoundException: No service published for: batterystats
06-12 17:37:59.664  1944  1944 E AndroidRuntime: 	at android.os.ServiceManager.getServiceOrThrow(ServiceManager.java:143)
06-12 17:37:59.664  1944  1944 E AndroidRuntime: 	at android.app.SystemServiceRegistry$17.createService(SystemServiceRegistry.java:326)
06-12 17:37:59.664  1944  1944 E AndroidRuntime: 	at android.app.SystemServiceRegistry$17.createService(SystemServiceRegistry.java:322)
06-12 17:37:59.664  1944  1944 E AndroidRuntime: 	at android.app.SystemServiceRegistry$CachedServiceFetcher.getService(SystemServiceRegistry.java:1130)
06-12 17:37:59.664  1944  1944 E AndroidRuntime: 	... 16 more
06-12 17:37:59.664  1944  1944 D BatteryStatsImpl: Reading daily items from /data/system/batterystats-daily.xml
06-12 17:37:59.709  1944  2164 E BatteryExternalStatsWorker: no controller energy info supplied for telephony
06-12 17:37:59.710  1944  2164 E KernelUidCpuFreqTimeReader: Failed to read /proc/uid_time_in_state: java.io.FileNotFoundException: /proc/uid_time_in_state (No such file or directory)
06-12 17:37:59.718  1944  2164 W KernelCpuProcReader: File not exist: /proc/uid_cpupower/concurrent_active_time
06-12 17:37:59.719  1944  2164 W KernelCpuProcReader: File not exist: /proc/uid_cpupower/concurrent_policy_time
06-12 17:37:59.727  1944  2164 W KernelMemoryBandwidthStats: No kernel memory bandwidth stats available
06-12 17:37:59.731  1944  2164 E KernelUidCpuFreqTimeReader: Failed to read /proc/uid_time_in_state: java.io.FileNotFoundException: /proc/uid_time_in_state (No such file or directory)
06-12 17:37:59.834  1944  1944 W AppOps  : Unknown attribute in 'op' tag: n
06-12 17:37:59.843  1944  1944 I chatty  : uid=1000 system_server identical 124 lines
06-12 17:37:59.843  1944  1944 W AppOps  : Unknown attribute in 'op' tag: n
06-12 17:37:59.844  1944  2148 W SystemConfig: No directory /oem/etc/sysconfig, skipping
06-12 17:37:59.844  1944  1944 W AppOps  : Unknown attribute in 'op' tag: n
06-12 17:37:59.853  1944  1944 I chatty  : uid=1000 system_server identical 143 lines
06-12 17:37:59.853  1944  1944 W AppOps  : Unknown attribute in 'op' tag: n
06-12 17:37:59.853  1944  2148 W SystemConfig: No directory /oem/etc/motorola/bgintents, skipping
06-12 17:37:59.853  1944  1944 W AppOps  : Unknown attribute in 'op' tag: n
06-12 17:37:59.853  1944  1944 W AppOps  : Unknown attribute in 'op' tag: n
06-12 17:37:59.853  1944  2148 W SystemConfig: No directory /system/etc/motorola/sysconfig, skipping
06-12 17:37:59.853  1944  1944 W AppOps  : Unknown attribute in 'op' tag: n
06-12 17:37:59.853  1944  2148 W SystemConfig: No directory /oem/etc/motorola/sysconfig, skipping
06-12 17:37:59.853  1944  1944 W AppOps  : Unknown attribute in 'op' tag: n
06-12 17:37:59.870  1944  1944 I chatty  : uid=1000 system_server identical 240 lines
06-12 17:37:59.870  1944  1944 W AppOps  : Unknown attribute in 'op' tag: n
06-12 17:37:59.882  1944  1944 I IntentFirewall: Read new rules (A:0 B:0 S:0)
06-12 17:37:59.896  1944  1944 I RestrictProcess: isRestrictEmptyProcess: true mNumCacheMemLeft: 700 isLowRamDevice: true
06-12 17:37:59.903  1944  1944 I LaunchCheckinHandler: Next checkin scheduled in 383 minutes
06-12 17:37:59.915  1944  1944 D AppOps  : AppOpsService published
06-12 17:37:59.915  1944  1944 I SystemServer: StartPowerManager
06-12 17:37:59.915  1944  1944 I SystemServiceManager: Starting com.android.server.power.PowerManagerService
06-12 17:37:59.930  1944  1944 I SystemServer: InitPowerManagement
06-12 17:37:59.931  1944  1944 I SystemServer: StartRecoverySystemService
06-12 17:37:59.931  1944  1944 I SystemServiceManager: Starting com.android.server.RecoverySystemService
06-12 17:37:59.939  1944  1944 W RescueParty: Noticed 1 events for UID 0 in last 38 sec
06-12 17:37:59.939  1944  1944 I SystemServer: StartLightsService
06-12 17:37:59.939  1944  1944 I SystemServiceManager: Starting com.android.server.lights.LightsService
06-12 17:37:59.941  1944  1944 I SystemServer: StartSidekickService
06-12 17:37:59.941  1944  1944 I SystemServiceManager: Starting com.motorola.server.display.PanelsService
06-12 17:37:59.947  1944  1944 I SystemServer: StartDisplayManager
06-12 17:37:59.947  1944  1944 I SystemServiceManager: Starting com.android.server.display.DisplayManagerService
06-12 17:37:59.956  1944  1944 D DisplayTransformManager: Moto Night Mode is false
06-12 17:37:59.956  1944  1944 I SystemServer: WaitForDisplay
06-12 17:37:59.956  1944  1944 I SystemServiceManager: Starting phase 100
06-12 17:37:59.965  1944  2174 I DisplayManagerService: Display device added: DisplayDeviceInfo{"Tela integrada": uniqueId="local:0", 1080 x 2160, modeId 1, defaultModeId 1, supportedModes [{id=1, width=1080, height=2160, fps=60.000004}], colorMode 0, supportedColorModes [0, 7, 8, 13, 14, 15, 16, 17, 18, 19, 20, 21, 22, 23, 24, 25, 26, 27, 28, 29, 30, 31, 34, 35, 36, 37], HdrCapabilities android.view.Display$HdrCapabilities@40f16308, density 480, 428.625 x 428.625 dpi, appVsyncOff 1000000, presDeadline 16666666, touch INTERNAL, rotation 0, type BUILT_IN, state UNKNOWN, FLAG_DEFAULT_DISPLAY, FLAG_ROTATES_WITH_CONTENT, FLAG_SECURE, FLAG_SUPPORTS_PROTECTED_BUFFERS}
06-12 17:37:59.969  1944  2174 I DisplayManagerService: Display device changed state: "Tela integrada", ON
06-12 17:37:59.969  1944  1944 I SystemServer: StartPackageManagerService
06-12 17:37:59.996  1944  1944 E MotoSigPermissionXml: parseFile exception: java.io.FileNotFoundException: oem/etc/sig-permission.xml (No such file or directory)
06-12 17:37:59.997  1944  1944 E MotoSigPermissionXml: parseConsentFile exception: java.io.FileNotFoundException: /data/system/sig-consent.xml (No such file or directory)
06-12 17:38:00.013  1944  1944 D SELinuxMMAC: Using policy file /system/etc/selinux/plat_mac_permissions.xml
06-12 17:38:00.016  1944  1944 D SELinuxMMAC: Using policy file /vendor/etc/selinux/vendor_mac_permissions.xml
06-12 17:38:00.027  1944  2180 W ProcessCpuTracker: Skipping unknown process pid 2175
06-12 17:38:00.908  1944  2254 I PackageParser: Skipping target and overlay pair com.android.providers.settings and null: overlay ignored due to required system property: ro.carrier with value: dteu
06-12 17:38:00.908  1944  1944 W PackageManager: Failed to parse /oem/overlay/SettingsProvider-oemres-dteu: /oem/overlay/SettingsProvider-oemres-dteu/SettingsProvider-oemres-dteu.apk (at Binary XML file line #11): null
06-12 17:38:00.913  1944  1944 W PackageManager: Failed to parse /system/framework/oat: Missing base APK in /system/framework/oat
06-12 17:38:00.914  1944  1944 W PackageManager: Failed to parse /system/framework/arm: Missing base APK in /system/framework/arm
06-12 17:38:01.004  1944  1944 W PackageManager: Failed to scan /system/priv-app/GmsCore: Package com.google.android.gms at /system/priv-app/GmsCore ignored: updated version 221820027 better than this 13292036
06-12 17:38:01.017  1944  1944 W PackageManager: Failed to scan /system/priv-app/Phonesky: Package com.android.vending at /system/priv-app/Phonesky ignored: updated version 83093010 better than this 81211800
06-12 17:38:01.018  1944  1944 W PackageManager: Failed to scan /system/priv-app/3c_notification: Package com.motorola.ccc.notification at /system/priv-app/3c_notification ignored: updated version 79163 better than this 78013
06-12 17:38:01.034  1944  1944 W PackageManager: Failed to scan /system/priv-app/CarrierServices: Package com.google.android.ims at /system/priv-app/CarrierServices ignored: updated version 30807036 better than this 30046155
06-12 17:38:01.050  1944  1944 W PackageManager: Failed to scan /system/priv-app/MotoActions: Package com.motorola.actions at /system/priv-app/MotoActions ignored: updated version 281065611 better than this 281050271
06-12 17:38:01.061  1944  1944 W PackageManager: Failed to scan /system/priv-app/MotCamera2: Package com.motorola.camera2 at /system/priv-app/MotCamera2 ignored: updated version 70205718 better than this 70203239
06-12 17:38:01.062  1944  1944 W PackageManager: Failed to scan /system/priv-app/MotoTimeZoneDataPrebuilt: Package com.motorola.timezonedata at /system/priv-app/MotoTimeZoneDataPrebuilt ignored: updated version 28010014 better than this 28010004
06-12 17:38:01.069  1944  1944 W PackageManager: Failed to scan /system/priv-app/ARselfie: Package com.motorola.arselfie at /system/priv-app/ARselfie ignored: updated version 10005002 better than this 10004800
06-12 17:38:01.082  1944  1944 W PackageManager: Failed to scan /system/priv-app/MotoDisplayV6: Package com.motorola.motodisplay at /system/priv-app/MotoDisplayV6 ignored: updated version 280063505 better than this 250060871
06-12 17:38:01.090  1944  1944 W PackageManager: Failed to scan /system/priv-app/Turbo: Package com.google.android.apps.turbo at /system/priv-app/Turbo ignored: updated version 10249321 better than this 10209577
06-12 17:38:01.096  1944  1944 W PackageManager: Failed to scan /system/priv-app/GoogleDialer: Package com.google.android.dialer at /system/priv-app/GoogleDialer ignored: updated version 9279007 better than this 3118480
06-12 17:38:01.114  1944  1944 W PackageManager: Failed to scan /system/app/CalendarGoogle: Package com.google.android.calendar at /system/app/CalendarGoogle ignored: updated version 2017077928 better than this 2015967351
06-12 17:38:01.118  1944  1944 W PackageManager: Failed to scan /system/app/DeskClockGoogle: Package com.google.android.deskclock at /system/app/DeskClockGoogle ignored: updated version 71001997 better than this 54001012
06-12 17:38:01.126  1944  1944 W PackageManager: Failed to scan /system/app/FMPlayer: Package com.motorola.fmplayer at /system/app/FMPlayer ignored: updated version 20400010 better than this 20205080
06-12 17:38:01.129  1944  1944 W PackageManager: Failed to scan /system/app/GuideMe: Package com.motorola.genie at /system/app/GuideMe ignored: updated version 1000700 better than this 500913
06-12 17:38:01.135  1944  1944 W PackageManager: Failed to scan /system/app/GoogleContacts: Package com.google.android.contacts at /system/app/GoogleContacts ignored: updated version 2818066 better than this 2133515
06-12 17:38:01.141  1944  1944 W PackageManager: Failed to scan /system/app/Gmail2: Package com.google.android.gm at /system/app/Gmail2 ignored: updated version 63288287 better than this 60804175
06-12 17:38:01.143  1944  1944 W PackageManager: Failed to scan /system/app/CalculatorGoogle: Package com.google.android.calculator at /system/app/CalculatorGoogle ignored: updated version 81000803 better than this 75013172
06-12 17:38:01.156  1944  1944 W PackageManager: Failed to scan /system/app/GoogleTTS: Package com.google.android.tts at /system/app/GoogleTTS ignored: updated version 210375932 better than this 210315243
06-12 17:38:01.164  1944  1944 W PackageManager: Failed to scan /system/app/LatinImeGoogle: Package com.google.android.inputmethod.latin at /system/app/LatinImeGoogle ignored: updated version 83221721 better than this 26761313
06-12 17:38:01.167  1944  1944 W PackageManager: Failed to scan /system/app/Messages: Package com.google.android.apps.messaging at /system/app/Messages ignored: updated version 131485063 better than this 36046238
06-12 17:38:01.183  1944  1944 W PackageManager: Failed to scan /system/app/talkback: Package com.google.android.marvin.talkback at /system/app/talkback ignored: updated version 60123270 better than this 60101186
06-12 17:38:01.190  1944  1944 W PackageManager: Failed to scan /system/app/Chrome: Package com.android.chrome at /system/app/Chrome ignored: updated version 500509920 better than this 353808002
06-12 17:38:01.202  1944  1944 W PackageManager: Expecting better updated system app for com.google.android.apps.messaging; removing system app.  Last known codePath=/data/app/com.google.android.apps.messaging-hlSKeP5S0zS_U9AEPL7PtA==, versionCode=131485063; scanned versionCode=36046238
06-12 17:38:01.205  1944  1944 W PackageManager: Expecting better updated system app for com.motorola.timezonedata; removing system app.  Last known codePath=/data/app/com.motorola.timezonedata-RRiliCAWhoVnDqFmy9pGsQ==, versionCode=28010014; scanned versionCode=28010004
06-12 17:38:01.206  1944  1944 W PackageManager: Expecting better updated system app for com.motorola.camera2; removing system app.  Last known codePath=/data/app/com.motorola.camera2-hs8dQs0m9orvA2bSYDk1Og==, versionCode=70205718; scanned versionCode=70203239
06-12 17:38:01.207  1944  1944 W PackageManager: Expecting better updated system app for com.motorola.ccc.notification; removing system app.  Last known codePath=/data/app/com.motorola.ccc.notification-24pOVaS9tiHRLRoof-VQwg==, versionCode=79163; scanned versionCode=78013
06-12 17:38:01.208  1944  1944 W PackageManager: Expecting better updated system app for com.android.vending; removing system app.  Last known codePath=/data/app/com.android.vending-heyaLWLflVaqC-wDDURmsw==, versionCode=83093010; scanned versionCode=81211800
06-12 17:38:01.210  1944  1944 W PackageManager: Expecting better updated system app for com.google.android.marvin.talkback; removing system app.  Last known codePath=/data/app/com.google.android.marvin.talkback-zy4Pmi_Kj86jp8NfJ077Nw==, versionCode=60123270; scanned versionCode=60101186
06-12 17:38:01.211  1944  1944 W PackageManager: Expecting better updated system app for com.google.android.deskclock; removing system app.  Last known codePath=/data/app/com.google.android.deskclock-z0r9aghFBsfUljL7mdvMlw==, versionCode=71001997; scanned versionCode=54001012
06-12 17:38:01.212  1944  1944 W PackageManager: Expecting better updated system app for com.google.android.gm; removing system app.  Last known codePath=/data/app/com.google.android.gm-kYOTqW61Ly1ekalg-qyvNQ==, versionCode=63288287; scanned versionCode=60804175
06-12 17:38:01.214  1944  1944 W PackageManager: Expecting better updated system app for com.google.android.dialer; removing system app.  Last known codePath=/data/app/com.google.android.dialer-3UgzngcOiGFUbsURw74Qxg==, versionCode=9279007; scanned versionCode=3118480
06-12 17:38:01.215  1944  1944 W PackageManager: Expecting better updated system app for com.google.android.contacts; removing system app.  Last known codePath=/data/app/com.google.android.contacts-YhtAlGLDCTG1HMFMdPuFwg==, versionCode=2818066; scanned versionCode=2133515
06-12 17:38:01.216  1944  1944 W PackageManager: Expecting better updated system app for com.google.android.calculator; removing system app.  Last known codePath=/data/app/com.google.android.calculator-GivibiHzZ3nMsnOIhL8-1A==, versionCode=81000803; scanned versionCode=75013172
06-12 17:38:01.217  1944  1944 W PackageManager: Expecting better updated system app for com.android.chrome; removing system app.  Last known codePath=/data/app/com.android.chrome-W7tquw9LMNGATSaVawaZSQ==, versionCode=500509920; scanned versionCode=353808002
06-12 17:38:01.219  1944  1944 W PackageManager: Expecting better updated system app for com.google.android.gms; removing system app.  Last known codePath=/data/app/com.google.android.gms-__8EKly_BdYDkpyRr8vX9g==, versionCode=221820027; scanned versionCode=13292036
06-12 17:38:01.224  1944  1944 W PackageManager: Expecting better updated system app for com.google.android.ims; removing system app.  Last known codePath=/data/app/com.google.android.ims-7T7RljvdCDPq6NRnKNgFXg==, versionCode=30807036; scanned versionCode=30046155
06-12 17:38:01.225  1944  1944 W PackageManager: Expecting better updated system app for com.google.android.tts; removing system app.  Last known codePath=/data/app/com.google.android.tts-1duj0fqU8ZNelECt_dgJRQ==, versionCode=210375932; scanned versionCode=210315243
06-12 17:38:01.226  1944  1944 W PackageManager: Expecting better updated system app for com.motorola.genie; removing system app.  Last known codePath=/data/app/com.motorola.genie-PDckvyTSsw3kZZJJnDnH_g==, versionCode=1000700; scanned versionCode=500913
06-12 17:38:01.227  1944  1944 W PackageManager: Expecting better updated system app for com.google.android.calendar; removing system app.  Last known codePath=/data/app/com.google.android.calendar-P7BWaS-j3LKx3GfVKy7ZVw==, versionCode=2017077928; scanned versionCode=2015967351
06-12 17:38:01.228  1944  1944 W PackageManager: Expecting better updated system app for com.motorola.fmplayer; removing system app.  Last known codePath=/data/app/com.motorola.fmplayer-4tArsMwhoHzJ6jElXUiIng==, versionCode=20400010; scanned versionCode=20205080
06-12 17:38:01.229  1944  1944 W PackageManager: Expecting better updated system app for com.motorola.arselfie; removing system app.  Last known codePath=/data/app/com.motorola.arselfie-CSX3RjQ0NBRMXLA3UfQrHw==, versionCode=10005002; scanned versionCode=10004800
06-12 17:38:01.230  1944  1944 W PackageManager: Expecting better updated system app for com.google.android.apps.turbo; removing system app.  Last known codePath=/data/app/com.google.android.apps.turbo-jensAv2vLp4OqkeFTZ4ZpQ==, versionCode=10249321; scanned versionCode=10209577
06-12 17:38:01.231  1944  1944 W PackageManager: Expecting better updated system app for com.motorola.actions; removing system app.  Last known codePath=/data/app/com.motorola.actions-Ksed760Dx27ZK2Dg5OpccA==, versionCode=281065611; scanned versionCode=281050271
06-12 17:38:01.232  1944  1944 W PackageManager: Expecting better updated system app for com.motorola.motodisplay; removing system app.  Last known codePath=/data/app/com.motorola.motodisplay-gN8uoGnPQ84EVys9XcZPrQ==, versionCode=280063505; scanned versionCode=250060871
06-12 17:38:01.233  1944  1944 W PackageManager: Expecting better updated system app for com.google.android.inputmethod.latin; removing system app.  Last known codePath=/data/app/com.google.android.inputmethod.latin-qUvvxCtIVNkFpDkgjkJyqQ==, versionCode=83221721; scanned versionCode=26761313
06-12 17:38:01.235  1944  1944 I PackageManager: Finished scanning system apps. Time: 350 ms, packageCount: 180 , timePerPackage: 1 , cached: 203
06-12 17:38:01.255  1944  1944 W PackageManager: Relax SCAN_REQUIRE_KNOWN requirement for package com.android.vending
06-12 17:38:01.307  1944  1944 W PackageManager: Skipping provider name dev.ukanth.ufirewall (in package dev.ukanth.ufirewall): name already used by dev.ukanth.ufirewall
06-12 17:38:01.376  1944  1944 W PackageManager: Relax SCAN_REQUIRE_KNOWN requirement for package com.google.android.gms
06-12 17:38:01.420  1944  1944 W PackageManager: Relax SCAN_REQUIRE_KNOWN requirement for package com.google.android.apps.messaging
06-12 17:38:01.437  1944  1944 W PackageManager: Relax SCAN_REQUIRE_KNOWN requirement for package com.android.chrome
06-12 17:38:01.459  1944  1944 W PackageManager: Relax SCAN_REQUIRE_KNOWN requirement for package com.motorola.actions
06-12 17:38:01.464  1944  1944 W PackageManager: Relax SCAN_REQUIRE_KNOWN requirement for package com.google.android.marvin.talkback
06-12 17:38:01.476  1944  1944 W PackageManager: Relax SCAN_REQUIRE_KNOWN requirement for package com.google.android.tts
06-12 17:38:01.484  1944  1944 W PackageManager: Relax SCAN_REQUIRE_KNOWN requirement for package com.motorola.arselfie
06-12 17:38:01.494  1944  1944 W PackageManager: Relax SCAN_REQUIRE_KNOWN requirement for package com.google.android.gm
06-12 17:38:01.506  1944  1944 W PackageManager: Relax SCAN_REQUIRE_KNOWN requirement for package com.google.android.apps.turbo
06-12 17:38:01.546  1944  1944 W PackageManager: Relax SCAN_REQUIRE_KNOWN requirement for package com.google.android.contacts
06-12 17:38:01.551  1944  1944 W PackageManager: Relax SCAN_REQUIRE_KNOWN requirement for package com.google.android.dialer
06-12 17:38:01.558  1944  1944 W PackageManager: Relax SCAN_REQUIRE_KNOWN requirement for package com.google.android.inputmethod.latin
06-12 17:38:01.568  1944  1944 W PackageManager: Relax SCAN_REQUIRE_KNOWN requirement for package com.motorola.camera2
06-12 17:38:01.571  1944  1944 W PackageManager: Relax SCAN_REQUIRE_KNOWN requirement for package com.motorola.ccc.notification
06-12 17:38:01.575  1944  1944 W PackageManager: Relax SCAN_REQUIRE_KNOWN requirement for package com.motorola.genie
06-12 17:38:01.592  1944  1944 W PackageManager: Relax SCAN_REQUIRE_KNOWN requirement for package com.google.android.ims
06-12 17:38:01.605  1944  1944 W PackageManager: Relax SCAN_REQUIRE_KNOWN requirement for package com.motorola.fmplayer
06-12 17:38:01.609  1944  1944 W PackageManager: Relax SCAN_REQUIRE_KNOWN requirement for package com.google.android.calculator
06-12 17:38:01.613  1944  1944 W PackageManager: Relax SCAN_REQUIRE_KNOWN requirement for package com.google.android.calendar
06-12 17:38:01.617  1944  1944 W PackageManager: Relax SCAN_REQUIRE_KNOWN requirement for package com.google.android.deskclock
06-12 17:38:01.623  1944  1944 W PackageManager: Relax SCAN_REQUIRE_KNOWN requirement for package com.motorola.motodisplay
06-12 17:38:01.625  1944  1944 W PackageManager: Relax SCAN_REQUIRE_KNOWN requirement for package com.motorola.timezonedata
06-12 17:38:01.628  1944  1944 I PackageManager: Finished scanning non-system apps. Time: 394 ms, packageCount: 104 , timePerPackage: 3 , cached: 102
06-12 17:38:01.632  1944  1944 E PackageManager: updateAllSharedLibrariesLPw failed: Package com.motorola.android.fmradio requires unavailable shared library qcom.fmradio; failing!
06-12 17:38:01.632  1944  1944 E PackageManager: updateAllSharedLibrariesLPw failed: Package com.android.providers.downloads requires unavailable shared library com.motorola.android.encryption; failing!
06-12 17:38:01.633  1944  1944 E PackageManager: updateAllSharedLibrariesLPw failed: Package com.qualcomm.qcrilmsgtunnel requires unavailable shared library android.hidl.manager@1.0-java; failing!
06-12 17:38:01.633  1944  1944 E PackageManager: updateAllSharedLibrariesLPw failed: Package com.qualcomm.qti.lpa requires unavailable shared library com.qualcomm.qti.lpa.uimlpalibrary; failing!
06-12 17:38:01.633  1944  1944 E PackageManager: updateAllSharedLibrariesLPw failed: Package com.qualcomm.qti.uim requires unavailable shared library com.qualcomm.qti.uim.uimservicelibrary; failing!
06-12 17:38:01.642  1944  1944 I PackageManager: Time to scan packages: 0.758 seconds
06-12 17:38:01.647  1944  1944 I PackageManager: Un-granting permission android.permission.INSTALL_GRANT_RUNTIME_PERMISSIONS from package com.android.vending (protectionLevel=770 flags=0x284abec5)
06-12 17:38:01.648  1944  1944 I PackageManager: Un-granting permission android.permission.GRANT_RUNTIME_PERMISSIONS from package com.android.vending (protectionLevel=770 flags=0x284abec5)
06-12 17:38:01.648  1944  1944 I PackageManager: Un-granting permission android.permission.REVOKE_RUNTIME_PERMISSIONS from package com.android.vending (protectionLevel=770 flags=0x284abec5)
06-12 17:38:01.648  1944  1944 I PackageManager: Un-granting permission android.permission.SET_PREFERRED_APPLICATIONS from package com.android.vending (protectionLevel=514 flags=0x284abec5)
06-12 17:38:01.648  1944  1944 I PackageManager: Un-granting permission android.permission.ACCESS_INSTANT_APPS from package com.android.vending (protectionLevel=770 flags=0x284abec5)
06-12 17:38:01.648  1944  1944 I PackageManager: Un-granting permission android.permission.MANAGE_APP_OPS_MODES from package com.android.vending (protectionLevel=770 flags=0x284abec5)
06-12 17:38:01.648  1944  1944 I PackageManager: Un-granting permission android.permission.SET_HARMFUL_APP_WARNINGS from package com.android.vending (protectionLevel=514 flags=0x284abec5)
06-12 17:38:01.653  1944  1944 I PackageManager: Un-granting permission android.permission.CLEAR_APP_USER_DATA from package com.google.android.packageinstaller (protectionLevel=258 flags=0x30483e45)
06-12 17:38:01.653  1944  1944 I PackageManager: Un-granting permission android.permission.GRANT_RUNTIME_PERMISSIONS from package com.google.android.packageinstaller (protectionLevel=770 flags=0x30483e45)
06-12 17:38:01.653  1944  1944 I PackageManager: Un-granting permission android.permission.REVOKE_RUNTIME_PERMISSIONS from package com.google.android.packageinstaller (protectionLevel=770 flags=0x30483e45)
06-12 17:38:01.653  1944  1944 I PackageManager: Un-granting permission android.permission.INSTALL_GRANT_RUNTIME_PERMISSIONS from package com.google.android.packageinstaller (protectionLevel=770 flags=0x30483e45)
06-12 17:38:01.653  1944  1944 I PackageManager: Un-granting permission android.permission.INTERACT_ACROSS_USERS_FULL from package com.google.android.packageinstaller (protectionLevel=258 flags=0x30483e45)
06-12 17:38:01.653  1944  1944 I PackageManager: Un-granting permission android.permission.MANAGE_APP_OPS_MODES from package com.google.android.packageinstaller (protectionLevel=770 flags=0x30483e45)
06-12 17:38:01.653  1944  1944 I PackageManager: Un-granting permission android.permission.KILL_UID from package com.google.android.packageinstaller (protectionLevel=258 flags=0x30483e45)
06-12 17:38:01.653  1944  1944 I PackageManager: Un-granting permission android.permission.MANAGE_APP_OPS_RESTRICTIONS from package com.google.android.packageinstaller (protectionLevel=258 flags=0x30483e45)
06-12 17:38:01.653  1944  1944 I PackageManager: Un-granting permission android.permission.HIDE_NON_SYSTEM_OVERLAY_WINDOWS from package com.google.android.packageinstaller (protectionLevel=258 flags=0x30483e45)
06-12 17:38:01.653  1944  1944 I PackageManager: Un-granting permission android.permission.ACCESS_INSTANT_APPS from package com.google.android.packageinstaller (protectionLevel=770 flags=0x30483e45)
06-12 17:38:01.662  1944  1944 V PackageManager: reconcileAppsData for null u0 0x3 migrateAppData=true
06-12 17:38:01.985  1944  1944 V PackageManager: reconcileAppsData finished 26 packages
06-12 17:38:02.549  1944  1944 I SystemServer: StartOtaDexOptService
06-12 17:38:02.550  1944  1944 D OTADexopt: No upgrade, skipping A/B artifacts check.
06-12 17:38:02.550  1944  1944 I SystemServer: StartUserManagerService
06-12 17:38:02.550  1944  1944 I SystemServiceManager: Starting com.android.server.pm.UserManagerService$LifeCycle
06-12 17:38:02.551  1944  1944 I SystemServer: InitAttributerCache
06-12 17:38:02.552  1944  1944 I SystemServer: SetSystemProcess
06-12 17:38:02.572  1944  1944 I SystemServer: StartOverlayManagerService
06-12 17:38:02.575  1944  1944 I SystemServer: StartBatteryService
06-12 17:38:02.575  1944  1944 I SystemServiceManager: Starting com.android.server.BatteryService
06-12 17:38:02.581  1944  1944 E BatteryService: mothealth: cannot get service. (no supported health HAL service)
06-12 17:38:02.595  1944  2164 E KernelUidCpuFreqTimeReader: Failed to read /proc/uid_time_in_state: java.io.FileNotFoundException: /proc/uid_time_in_state (No such file or directory)
06-12 17:38:02.596  1944  1944 I HealthServiceWrapper: health: HealthServiceWrapper listening to instance default
06-12 17:38:02.596  1944  1944 I BatteryService: health: Waited 0ms and received the update.
06-12 17:38:02.599  1944  1944 I SystemServer: StartUsageService
06-12 17:38:02.599  1944  1944 I SystemServiceManager: Starting com.android.server.usage.UsageStatsService
06-12 17:38:02.604  1944  2164 E KernelUidCpuFreqTimeReader: Failed to read /proc/uid_time_in_state: java.io.FileNotFoundException: /proc/uid_time_in_state (No such file or directory)
06-12 17:38:02.605  1944  2164 E KernelUidCpuFreqTimeReader: Failed to read /proc/uid_time_in_state: java.io.FileNotFoundException: /proc/uid_time_in_state (No such file or directory)
06-12 17:38:02.926  1944  1944 I UsageStatsService: User[0] Rollover scheduled @ 2022-06-13 14:49:21(1655142561038)
06-12 17:38:02.927  1944  1944 W SystemServiceManager: Service com.android.server.usage.UsageStatsService took 324 ms in onStart
06-12 17:38:02.927  1944  1944 I SystemServer: StartWebViewUpdateService
06-12 17:38:02.927  1944  1944 I SystemServiceManager: Starting com.android.server.webkit.WebViewUpdateService
06-12 17:38:02.935  1944  1944 I SystemServer: StartBinderCallsStatsService
06-12 17:38:02.936  1944  1944 I SystemServer: StartKeyAttestationApplicationIdProviderService
06-12 17:38:02.936  1944  2148 I SystemServer: SecondaryZygotePreload
06-12 17:38:02.939  1944  1944 I SystemServer: StartKeyChainSystemService
06-12 17:38:02.939  1944  1944 I SystemServiceManager: Starting com.android.server.security.KeyChainSystemService
06-12 17:38:02.940  1944  1944 I SystemServer: StartSchedulingPolicyService
06-12 17:38:02.941  1944  1944 I SystemServer: StartTelecomLoaderService
06-12 17:38:02.941  1944  1944 I SystemServiceManager: Starting com.android.server.telecom.TelecomLoaderService
06-12 17:38:02.942  1944  1944 I SystemServer: StartTelephonyRegistry
06-12 17:38:02.945  1944  1944 I SystemServer: StartEntropyMixer
06-12 17:38:02.948  1944  1944 W EntropyMixer: Failed to add HW RNG output to entropy pool
06-12 17:38:02.948  1944  1944 W EntropyMixer: java.io.FileNotFoundException: /dev/hw_random (Permission denied)
06-12 17:38:02.948  1944  1944 W EntropyMixer: 	at java.io.FileInputStream.open0(Native Method)
06-12 17:38:02.948  1944  1944 W EntropyMixer: 	at java.io.FileInputStream.open(FileInputStream.java:231)
06-12 17:38:02.948  1944  1944 W EntropyMixer: 	at java.io.FileInputStream.<init>(FileInputStream.java:165)
06-12 17:38:02.948  1944  1944 W EntropyMixer: 	at java.io.FileInputStream.<init>(FileInputStream.java:112)
06-12 17:38:02.948  1944  1944 W EntropyMixer: 	at com.android.server.RandomBlock.fromFile(RandomBlock.java:45)
06-12 17:38:02.948  1944  1944 W EntropyMixer: 	at com.android.server.EntropyMixer.addHwRandomEntropy(EntropyMixer.java:205)
06-12 17:38:02.948  1944  1944 W EntropyMixer: 	at com.android.server.EntropyMixer.<init>(EntropyMixer.java:115)
06-12 17:38:02.948  1944  1944 W EntropyMixer: 	at com.android.server.EntropyMixer.<init>(EntropyMixer.java:97)
06-12 17:38:02.948  1944  1944 W EntropyMixer: 	at com.android.server.SystemServer.startOtherServices(SystemServer.java:827)
06-12 17:38:02.948  1944  1944 W EntropyMixer: 	at com.android.server.SystemServer.run(SystemServer.java:442)
06-12 17:38:02.948  1944  1944 W EntropyMixer: 	at com.android.server.SystemServer.main(SystemServer.java:305)
06-12 17:38:02.948  1944  1944 W EntropyMixer: 	at java.lang.reflect.Method.invoke(Native Method)
06-12 17:38:02.948  1944  1944 W EntropyMixer: 	at com.android.internal.os.RuntimeInit$MethodAndArgsCaller.run(RuntimeInit.java:493)
06-12 17:38:02.948  1944  1944 W EntropyMixer: 	at com.android.internal.os.ZygoteInit.main(ZygoteInit.java:850)
06-12 17:38:02.948  1944  1944 I EntropyMixer: Writing entropy...
06-12 17:38:02.950  1944  1944 I SystemServer: StartAccountManagerService
06-12 17:38:02.952  1944  1944 I SystemServiceManager: Starting com.android.server.accounts.AccountManagerService$Lifecycle
06-12 17:38:02.960  1944  1944 I SystemServer: StartContentService
06-12 17:38:02.962  1944  1944 I SystemServiceManager: Starting com.android.server.content.ContentService$Lifecycle
06-12 17:38:02.968  1944  1944 I SystemServer: InstallSystemProviders
06-12 17:38:02.968  1944  2148 E SystemServer: Unable to preload default resources
06-12 17:38:03.111  1944  1944 I SystemServer: StartDropBoxManager
06-12 17:38:03.111  1944  1944 I SystemServiceManager: Starting com.android.server.DropBoxManagerService
06-12 17:38:03.112  1944  1944 I SystemServer: StartVibratorService
06-12 17:38:03.118  1944  1944 I VibratorService: motovibrator mHasCustomVibrationFeature: false
06-12 17:38:03.119  1944  1944 I SystemServer: StartConsumerIrService
06-12 17:38:03.122  1944  1944 I SystemServer: StartAlarmManagerService
06-12 17:38:03.122  1944  1944 I SystemServiceManager: Starting com.android.server.AlarmManagerService
06-12 17:38:03.131  1944  1944 I SystemServer: InitWatchdog
06-12 17:38:03.132  1944  1944 I SystemServer: StartInputManagerService
06-12 17:38:03.132  1944  1944 I InputManager: Initializing input manager, mUseDevInputEventForAudioJack=false
06-12 17:38:03.137  1944  1944 I SystemServer: StartWindowManagerService
06-12 17:38:03.152  1944  2174 I WindowManager: No existing display settings /data/system/display_settings.xml; starting empty
06-12 17:38:03.175  1944  1944 I SystemServer: SetWindowManagerService
06-12 17:38:03.213  1944  1944 I SystemServer: WindowManagerServiceOnInitReady
06-12 17:38:03.335  1944  2154 W Looper  : Slow dispatch took 122ms android.ui h=android.os.Handler c=android.os.Handler$BlockingRunnable@17f1d87 m=0
06-12 17:38:03.336  1944  1944 I SystemServer: StartVrManagerService
06-12 17:38:03.336  1944  1944 I SystemServiceManager: Starting com.android.server.vr.VrManagerService
06-12 17:38:03.340  1944  1944 I SystemServer: StartInputManager
06-12 17:38:03.340  1944  1944 I InputManager: Starting input manager
06-12 17:38:03.342  1944  1944 I SystemServer: DisplayManagerWindowManagerAndInputReady
06-12 17:38:03.342  1944  1944 I SystemServer: StartBluetoothService
06-12 17:38:03.342  1944  1944 I SystemServiceManager: Starting com.android.server.BluetoothService
06-12 17:38:03.346  1944  1944 D BluetoothManagerService: Loading stored name and address
06-12 17:38:03.346  1944  1944 D BluetoothManagerService: Stored bluetooth Name=moto g(6),Address=90:73:5A:C0:25:A3
06-12 17:38:03.346  1944  1944 D BluetoothManagerService: Bluetooth persisted state: 0
06-12 17:38:03.347  1944  1944 D BluetoothManagerService: Detected SystemUiUid: 10046
06-12 17:38:03.347  1944  1944 I SystemServer: IpConnectivityMetrics
06-12 17:38:03.347  1944  1944 I SystemServiceManager: Starting com.android.server.connectivity.IpConnectivityMetrics
06-12 17:38:03.350  1944  1944 I SystemServer: NetworkWatchlistService
06-12 17:38:03.350  1944  1944 I SystemServiceManager: Starting com.android.server.net.watchlist.NetworkWatchlistService$Lifecycle
06-12 17:38:03.370  1944  1944 I WatchlistSettings: Reload watchlist settings done
06-12 17:38:03.371  1944  2426 I WatchlistLoggingHandler: No need to aggregate record yet.
06-12 17:38:03.371  1944  2426 I WatchlistLoggingHandler: Milliseconds spent on tryAggregateRecords(): 0
06-12 17:38:03.371  1944  1944 I SystemServer: PinnerService
06-12 17:38:03.371  1944  1944 I SystemServiceManager: Starting com.android.server.PinnerService
06-12 17:38:03.374  1944  1944 I SystemServer: StartInputMethodManagerLifecycle
06-12 17:38:03.374  1944  2151 D PinnerService: pinRangeStream: null
06-12 17:38:03.374  1944  1944 I SystemServiceManager: Starting com.android.server.InputMethodManagerService$Lifecycle
06-12 17:38:03.389  1944  1944 I SystemServer: StartAccessibilityManagerService
06-12 17:38:03.393  1944  1944 I SystemServer: MakeDisplayReady
