06-12 17:38:03.395  1944  1944 I ActivityManager: Config changes=20005df8 {1.0 ?mcc?mnc [pt_BR] ldltr sw360dp w360dp h720dp 480dpi nrml long port ?uimode ?night -touch -keyb/v/h -nav/h winConfig={ mBounds=Rect(0, 0 - 0, 0) mAppBounds=Rect(0, 0 - 1080, 2160) mWindowingMode=fullscreen mActivityType=undefined} s.2 ?spn ?gid}
06-12 17:38:03.397  1944  2151 D PinnerService: pinRangeStream: null
06-12 17:38:03.399  1944  2151 E PinnerService: Could not pin file /system/framework/arm/boot-framework.vdex
06-12 17:38:03.399  1944  2151 E PinnerService: android.system.ErrnoException: open failed: ELOOP (Too many symbolic links encountered)
06-12 17:38:03.399  1944  2151 E PinnerService: 	at libcore.io.Linux.open(Native Method)
06-12 17:38:03.399  1944  2151 E PinnerService: 	at libcore.io.BlockGuardOs.open(BlockGuardOs.java:210)
06-12 17:38:03.399  1944  2151 E PinnerService: 	at android.system.Os.open(Os.java:358)
06-12 17:38:03.399  1944  2151 E PinnerService: 	at com.android.server.PinnerService.pinFileRanges(PinnerService.java:478)
06-12 17:38:03.399  1944  2151 E PinnerService: 	at com.android.server.PinnerService.pinFile(PinnerService.java:358)
06-12 17:38:03.399  1944  2151 E PinnerService: 	at com.android.server.PinnerService.handlePinOnStart(PinnerService.java:163)
06-12 17:38:03.399  1944  2151 E PinnerService: 	at com.android.server.PinnerService.access$600(PinnerService.java:70)
06-12 17:38:03.399  1944  2151 E PinnerService: 	at com.android.server.PinnerService$PinnerHandler.handleMessage(PinnerService.java:657)
06-12 17:38:03.399  1944  2151 E PinnerService: 	at android.os.Handler.dispatchMessage(Handler.java:106)
06-12 17:38:03.399  1944  2151 E PinnerService: 	at android.os.Looper.loop(Looper.java:193)
06-12 17:38:03.399  1944  2151 E PinnerService: 	at android.os.HandlerThread.run(HandlerThread.java:65)
06-12 17:38:03.399  1944  2151 E PinnerService: Failed to pin file = /system/framework/arm/boot-framework.vdex
06-12 17:38:03.399  1944  2151 D PinnerService: pinRangeStream: null
06-12 17:38:03.417  1944  1944 I ActivityManager: Override config changes=60007dfc {1.0 ?mcc?mnc [pt_BR] ldltr sw360dp w360dp h720dp 480dpi nrml long port ?uimode ?night -touch -keyb/v/h -nav/h winConfig={ mBounds=Rect(0, 0 - 1080, 2160) mAppBounds=Rect(0, 0 - 1080, 2160) mWindowingMode=fullscreen mActivityType=undefined} s.2 ?spn ?gid} for displayId=0
06-12 17:38:03.425  1944  1944 I ActivityManager: Config changes=20000400 {1.0 ?mcc?mnc [pt_BR] ldltr sw360dp w360dp h648dp 480dpi nrml long port ?uimode ?night -touch -keyb/v/h -nav/h winConfig={ mBounds=Rect(0, 0 - 0, 0) mAppBounds=Rect(0, 0 - 1080, 2016) mWindowingMode=fullscreen mActivityType=undefined} s.3 ?spn ?gid}
06-12 17:38:03.428  1944  2151 D PinnerService: pinRangeStream: null
06-12 17:38:03.440  1944  2151 I chatty  : uid=1000(system) android.bg identical 1 line
06-12 17:38:03.441  1944  2151 D PinnerService: pinRangeStream: null
06-12 17:38:03.441  1944  1944 I ActivityManager: Override config changes=20000400 {1.0 ?mcc?mnc [pt_BR] ldltr sw360dp w360dp h648dp 480dpi nrml long port ?uimode ?night -touch -keyb/v/h -nav/h winConfig={ mBounds=Rect(0, 0 - 1080, 2160) mAppBounds=Rect(0, 0 - 1080, 2016) mWindowingMode=fullscreen mActivityType=undefined} s.3 ?spn ?gid} for displayId=0
06-12 17:38:03.441  1944  2151 E PinnerService: Could not pin file /system/framework/arm/boot-core-libart.vdex
06-12 17:38:03.441  1944  2151 E PinnerService: android.system.ErrnoException: open failed: ELOOP (Too many symbolic links encountered)
06-12 17:38:03.441  1944  2151 E PinnerService: 	at libcore.io.Linux.open(Native Method)
06-12 17:38:03.441  1944  2151 E PinnerService: 	at libcore.io.BlockGuardOs.open(BlockGuardOs.java:210)
06-12 17:38:03.441  1944  2151 E PinnerService: 	at android.system.Os.open(Os.java:358)
06-12 17:38:03.441  1944  2151 E PinnerService: 	at com.android.server.PinnerService.pinFileRanges(PinnerService.java:478)
06-12 17:38:03.441  1944  2151 E PinnerService: 	at com.android.server.PinnerService.pinFile(PinnerService.java:358)
06-12 17:38:03.441  1944  2151 E PinnerService: 	at com.android.server.PinnerService.handlePinOnStart(PinnerService.java:163)
06-12 17:38:03.441  1944  2151 E PinnerService: 	at com.android.server.PinnerService.access$600(PinnerService.java:70)
06-12 17:38:03.441  1944  2151 E PinnerService: 	at com.android.server.PinnerService$PinnerHandler.handleMessage(PinnerService.java:657)
06-12 17:38:03.441  1944  2151 E PinnerService: 	at android.os.Handler.dispatchMessage(Handler.java:106)
06-12 17:38:03.441  1944  2151 E PinnerService: 	at android.os.Looper.loop(Looper.java:193)
06-12 17:38:03.441  1944  2151 E PinnerService: 	at android.os.HandlerThread.run(HandlerThread.java:65)
06-12 17:38:03.441  1944  2151 E PinnerService: Failed to pin file = /system/framework/arm/boot-core-libart.vdex
06-12 17:38:03.441  1944  2151 D PinnerService: pinRangeStream: null
06-12 17:38:03.444  1944  2151 D PinnerService: pinRangeStream: null
06-12 17:38:03.444  1944  2151 E PinnerService: Could not pin file /system/framework/arm/boot-core-oj.vdex
06-12 17:38:03.444  1944  2151 E PinnerService: android.system.ErrnoException: open failed: ELOOP (Too many symbolic links encountered)
06-12 17:38:03.444  1944  2151 E PinnerService: 	at libcore.io.Linux.open(Native Method)
06-12 17:38:03.444  1944  2151 E PinnerService: 	at libcore.io.BlockGuardOs.open(BlockGuardOs.java:210)
06-12 17:38:03.444  1944  2151 E PinnerService: 	at android.system.Os.open(Os.java:358)
06-12 17:38:03.444  1944  2151 E PinnerService: 	at com.android.server.PinnerService.pinFileRanges(PinnerService.java:478)
06-12 17:38:03.444  1944  2151 E PinnerService: 	at com.android.server.PinnerService.pinFile(PinnerService.java:358)
06-12 17:38:03.444  1944  2151 E PinnerService: 	at com.android.server.PinnerService.handlePinOnStart(PinnerService.java:163)
06-12 17:38:03.444  1944  2151 E PinnerService: 	at com.android.server.PinnerService.access$600(PinnerService.java:70)
06-12 17:38:03.444  1944  2151 E PinnerService: 	at com.android.server.PinnerService$PinnerHandler.handleMessage(PinnerService.java:657)
06-12 17:38:03.444  1944  2151 E PinnerService: 	at android.os.Handler.dispatchMessage(Handler.java:106)
06-12 17:38:03.444  1944  2151 E PinnerService: 	at android.os.Looper.loop(Looper.java:193)
06-12 17:38:03.444  1944  2151 E PinnerService: 	at android.os.HandlerThread.run(HandlerThread.java:65)
06-12 17:38:03.444  1944  2151 E PinnerService: Failed to pin file = /system/framework/arm/boot-core-oj.vdex
06-12 17:38:03.444  1944  2151 D PinnerService: pinRangeStream: null
06-12 17:38:03.451  1944  2151 D PinnerService: pinRangeStream: null
06-12 17:38:03.452  1944  2151 E PinnerService: Could not pin file /system/framework/arm/boot-telephony-common.vdex
06-12 17:38:03.452  1944  2151 E PinnerService: android.system.ErrnoException: open failed: ELOOP (Too many symbolic links encountered)
06-12 17:38:03.452  1944  2151 E PinnerService: 	at libcore.io.Linux.open(Native Method)
06-12 17:38:03.452  1944  2151 E PinnerService: 	at libcore.io.BlockGuardOs.open(BlockGuardOs.java:210)
06-12 17:38:03.452  1944  2151 E PinnerService: 	at android.system.Os.open(Os.java:358)
06-12 17:38:03.452  1944  2151 E PinnerService: 	at com.android.server.PinnerService.pinFileRanges(PinnerService.java:478)
06-12 17:38:03.452  1944  2151 E PinnerService: 	at com.android.server.PinnerService.pinFile(PinnerService.java:358)
06-12 17:38:03.452  1944  2151 E PinnerService: 	at com.android.server.PinnerService.handlePinOnStart(PinnerService.java:163)
06-12 17:38:03.452  1944  2151 E PinnerService: 	at com.android.server.PinnerService.access$600(PinnerService.java:70)
06-12 17:38:03.452  1944  2151 E PinnerService: 	at com.android.server.PinnerService$PinnerHandler.handleMessage(PinnerService.java:657)
06-12 17:38:03.452  1944  2151 E PinnerService: 	at android.os.Handler.dispatchMessage(Handler.java:106)
06-12 17:38:03.452  1944  2151 E PinnerService: 	at android.os.Looper.loop(Looper.java:193)
06-12 17:38:03.452  1944  2151 E PinnerService: 	at android.os.HandlerThread.run(HandlerThread.java:65)
06-12 17:38:03.452  1944  2151 E PinnerService: Failed to pin file = /system/framework/arm/boot-telephony-common.vdex
06-12 17:38:03.461  1944  1944 I SystemServer: StartStorageManagerService
06-12 17:38:03.461  1944  1944 I SystemServiceManager: Starting com.android.server.StorageManagerService$Lifecycle
06-12 17:38:03.472  1944  2429 D StorageManagerService: Thinking about init, mSystemReady=false, mDaemonConnected=true
06-12 17:38:03.472  1944  2429 D StorageManagerService: Thinking about reset, mSystemReady=false, mDaemonConnected=true
06-12 17:38:03.472  1944  1944 I SystemServer: StartStorageStatsService
06-12 17:38:03.472   886   886 E vold    : Failed to read field SystemLocale: No such file or directory
06-12 17:38:03.472  1944  1944 I SystemServiceManager: Starting com.android.server.usage.StorageStatsService$Lifecycle
06-12 17:38:03.473  1944  2429 E StorageManagerService: Failed to read field SystemLocale
06-12 17:38:03.473  1944  2429 E StorageManagerService: android.os.ServiceSpecificException: Failed to read field SystemLocale (code 2)
06-12 17:38:03.473  1944  2429 E StorageManagerService: 	at android.os.Parcel.createException(Parcel.java:1964)
06-12 17:38:03.473  1944  2429 E StorageManagerService: 	at android.os.Parcel.readException(Parcel.java:1918)
06-12 17:38:03.473  1944  2429 E StorageManagerService: 	at android.os.Parcel.readException(Parcel.java:1868)
06-12 17:38:03.473  1944  2429 E StorageManagerService: 	at android.os.IVold$Stub$Proxy.fdeGetField(IVold.java:1116)
06-12 17:38:03.473  1944  2429 E StorageManagerService: 	at com.android.server.StorageManagerService.getField(StorageManagerService.java:2427)
06-12 17:38:03.473  1944  2429 E StorageManagerService: 	at com.android.server.StorageManagerService.copyLocaleFromMountService(StorageManagerService.java:983)
06-12 17:38:03.473  1944  2429 E StorageManagerService: 	at com.android.server.StorageManagerService.handleDaemonConnected(StorageManagerService.java:976)
06-12 17:38:03.473  1944  2429 E StorageManagerService: 	at com.android.server.StorageManagerService.access$900(StorageManagerService.java:172)
06-12 17:38:03.473  1944  2429 E StorageManagerService: 	at com.android.server.StorageManagerService$StorageManagerServiceHandler.handleMessage(StorageManagerService.java:573)
06-12 17:38:03.473  1944  2429 E StorageManagerService: 	at android.os.Handler.dispatchMessage(Handler.java:106)
06-12 17:38:03.473  1944  2429 E StorageManagerService: 	at android.os.Looper.loop(Looper.java:193)
06-12 17:38:03.473  1944  2429 E StorageManagerService: 	at android.os.HandlerThread.run(HandlerThread.java:65)
06-12 17:38:03.478  1944  1944 I SystemServer: StartUiModeManager
06-12 17:38:03.478  1944  1944 I SystemServiceManager: Starting com.android.server.UiModeManagerService
06-12 17:38:03.481  1944  2148 I ActivityManager: Config changes=200 {1.0 ?mcc?mnc [pt_BR] ldltr sw360dp w360dp h648dp 480dpi nrml long port -touch -keyb/v/h -nav/h winConfig={ mBounds=Rect(0, 0 - 0, 0) mAppBounds=Rect(0, 0 - 1080, 2016) mWindowingMode=fullscreen mActivityType=undefined} s.4 ?spn ?gid}
06-12 17:38:03.481  1944  1944 I SystemServer: UpdatePackagesIfNeeded
06-12 17:38:03.481  1944  1944 I SystemServer: PerformFstrimIfNeeded
06-12 17:38:03.482  1944  1944 I SystemServer: StartLockSettingsService
06-12 17:38:03.482  1944  1944 I SystemServiceManager: Starting com.android.server.locksettings.LockSettingsService$Lifecycle
06-12 17:38:03.509  1944  2148 I ActivityManager: Override config changes=200 {1.0 ?mcc?mnc [pt_BR] ldltr sw360dp w360dp h648dp 480dpi nrml long port -touch -keyb/v/h -nav/h winConfig={ mBounds=Rect(0, 0 - 1080, 2160) mAppBounds=Rect(0, 0 - 1080, 2016) mWindowingMode=fullscreen mActivityType=undefined} s.4 ?spn ?gid} for displayId=0
06-12 17:38:03.514  1944  1944 I SystemServer: StartPersistentDataBlock
06-12 17:38:03.515  1944  1944 I SystemServiceManager: Starting com.android.server.PersistentDataBlockService
06-12 17:38:03.515  1944  1944 I SystemServer: StartOemLockService
06-12 17:38:03.516  1944  1944 I SystemServiceManager: Starting com.android.server.oemlock.OemLockService
06-12 17:38:03.518  1944  1944 I OemLock : OemLock HAL not present on device
06-12 17:38:03.518  1944  1944 I OemLock : Using persistent data block based lock
06-12 17:38:03.520  1944  1944 I SystemServer: StartDeviceIdleController
06-12 17:38:03.520  1944  1944 I SystemServiceManager: Starting com.android.server.DeviceIdleController
06-12 17:38:03.526  1944  1944 I SystemServer: StartDevicePolicyManager
06-12 17:38:03.526  1944  1944 I SystemServiceManager: Starting com.android.server.devicepolicy.DevicePolicyManagerService$Lifecycle
06-12 17:38:03.541  1944  1944 I SystemServer: StartStatusBarManagerService
06-12 17:38:03.542  1944  1944 I SystemServer: StartClipboardService
06-12 17:38:03.542  1944  1944 I SystemServiceManager: Starting com.android.server.clipboard.ClipboardService
06-12 17:38:03.544  1944  1944 I SystemServer: StartNetworkManagementService
06-12 17:38:03.547  1944  2430 I NetworkManagement: onDaemonConnected()
06-12 17:38:03.549  1944  1944 I SystemServer: StartIpSecService
06-12 17:38:03.551  1944  1944 I SystemServer: StartTextServicesManager
06-12 17:38:03.551  1944  1944 I SystemServiceManager: Starting com.android.server.TextServicesManagerService$Lifecycle
06-12 17:38:03.553  1944  1944 I SystemServer: StartTextClassificationManagerService
06-12 17:38:03.553  1944  1944 I SystemServiceManager: Starting com.android.server.textclassifier.TextClassificationManagerService$Lifecycle
06-12 17:38:03.555  1944  1944 I SystemServer: StartNetworkScoreService
06-12 17:38:03.555  1944  1944 I SystemServiceManager: Starting com.android.server.NetworkScoreService$Lifecycle
06-12 17:38:03.558  1944  1944 I SystemServer: StartNetworkStatsService
06-12 17:38:03.561  1944  1944 I SystemServer: StartNetworkPolicyManagerService
06-12 17:38:03.567  1944  1944 I SystemServer: StartWifi
06-12 17:38:03.586  1944  1944 I SystemServiceManager: Starting com.android.server.wifi.WifiService
06-12 17:38:03.751  1944  2417 I ActivityManager: Config changes=8 {1.0 ?mcc?mnc [pt_BR] ldltr sw360dp w360dp h648dp 480dpi nrml long port finger -keyb/v/h -nav/h winConfig={ mBounds=Rect(0, 0 - 0, 0) mAppBounds=Rect(0, 0 - 1080, 2016) mWindowingMode=fullscreen mActivityType=undefined} s.5 ?spn ?gid}
06-12 17:38:03.778  1944  2417 I ActivityManager: Override config changes=8 {1.0 ?mcc?mnc [pt_BR] ldltr sw360dp w360dp h648dp 480dpi nrml long port finger -keyb/v/h -nav/h winConfig={ mBounds=Rect(0, 0 - 1080, 2160) mAppBounds=Rect(0, 0 - 1080, 2016) mWindowingMode=fullscreen mActivityType=undefined} s.5 ?spn ?gid} for displayId=0
06-12 17:38:03.795  1944  1944 I SystemServer: StartWifiScanning
06-12 17:38:03.796  1944  1944 I SystemServiceManager: Starting com.android.server.wifi.scanner.WifiScanningService
06-12 17:38:03.799  1944  1944 I SystemServer: StartWifiP2P
06-12 17:38:03.799  1944  1944 I SystemServiceManager: Starting com.android.server.wifi.p2p.WifiP2pService
06-12 17:38:03.815  1944  1944 I SystemServer: StartEthernet
06-12 17:38:03.816  1944  1944 I SystemServiceManager: Starting com.android.server.ethernet.EthernetService
06-12 17:38:03.818  1944  1944 I SystemServer: StartConnectivityService
06-12 17:38:03.822  1944  1944 D ConnectivityService: ConnectivityService starting up
06-12 17:38:03.824  1944  1944 D ConnectivityService: wifiOnly=false
06-12 17:38:03.825  1944  1944 E ConnectivityService: Ignoring protectedNetwork 14
06-12 17:38:03.842  1944  1944 I SystemServer: StartNsdService
06-12 17:38:03.844  1944  1944 D NsdService: Network service discovery is enabled
06-12 17:38:03.847  1944  1944 I SystemServer: StartSystemUpdateManagerService
06-12 17:38:03.847  1944  1944 I SystemUpdateManagerService: No existing info file /data/system/system-update-info.xml
06-12 17:38:03.848  1944  1944 I SystemServer: StartUpdateLockService
06-12 17:38:03.850  1944  1944 I SystemServer: StartNotificationManager
06-12 17:38:03.850  1944  1944 I SystemServiceManager: Starting com.android.server.notification.NotificationManagerService
06-12 17:38:03.864  1944  1944 D ConditionProviders.SCP: new ScheduleConditionProvider()
06-12 17:38:03.875  1944  1944 E RankingHelper: createDefaultChannelIfNeeded - Exception: android.content.pm.PackageManager$NameNotFoundException: com.google.android.music
06-12 17:38:03.886  1944  1944 E RankingHelper: createDefaultChannelIfNeeded - Exception: android.content.pm.PackageManager$NameNotFoundException: com.google.android.videos
06-12 17:38:03.893  1944  1944 I NotificationListeners: Read notification listener permissions from xml
06-12 17:38:03.894  1944  1944 I ConditionProviders:  Allowing condition provider com.motorola.motodisplay/com.motorola.motodisplay.notification.DisplayNotifListenerService
06-12 17:38:03.894  1944  1944 I NotificationListeners:  Allowing notification listener com.motorola.motodisplay/com.motorola.motodisplay.notification.DisplayNotifListenerService
06-12 17:38:03.894  1944  1944 I ConditionProviders:  Allowing condition provider com.motorola.launcher3/com.android.launcher3.notification.NotificationListener
06-12 17:38:03.894  1944  1944 I NotificationListeners:  Allowing notification listener com.motorola.launcher3/com.android.launcher3.notification.NotificationListener
06-12 17:38:03.894  1944  1944 I ConditionProviders:  Allowing condition provider com.google.android.setupwizard/com.google.android.setupwizard.predeferred.NotificationConsolidatorService
06-12 17:38:03.894  1944  1944 I NotificationListeners:  Allowing notification listener com.google.android.setupwizard/com.google.android.setupwizard.predeferred.NotificationConsolidatorService
06-12 17:38:03.895  1944  1944 I ConditionProviders:  Allowing condition provider com.google.android.apps.restore/com.google.android.apps.pixelmigrate.component.NotificationConsolidatorService
06-12 17:38:03.895  1944  1944 I NotificationListeners:  Allowing notification listener com.google.android.apps.restore/com.google.android.apps.pixelmigrate.component.NotificationConsolidatorService
06-12 17:38:03.895  1944  1944 I NotificationAssistants: Read notification assistant permissions from xml
06-12 17:38:03.895  1944  1944 I ConditionProviders: Read condition provider permissions from xml
06-12 17:38:03.895  1944  1944 I ConditionProviders: Read condition provider permissions from xml
06-12 17:38:03.904  1944  1944 I SystemServer: StartDeviceMonitor
06-12 17:38:03.905  1944  1944 I SystemServiceManager: Starting com.android.server.storage.DeviceStorageMonitorService
06-12 17:38:03.907  1944  1944 I SystemServer: StartLocationManagerService
06-12 17:38:03.909  1944  1944 I SystemServer: StartCountryDetectorService
06-12 17:38:03.910  1944  1944 I SystemServer: StartSearchManagerService
06-12 17:38:03.910  1944  1944 I SystemServiceManager: Starting com.android.server.search.SearchManagerService$Lifecycle
06-12 17:38:03.912  1944  1944 I SystemServer: Starting Checkin Mot Service
06-12 17:38:03.912  1944  1944 I SystemServer: StartWallpaperManagerService
06-12 17:38:03.912  1944  1944 I SystemServiceManager: Starting com.android.server.wallpaper.WallpaperManagerService$Lifecycle
06-12 17:38:03.914  1944  1944 I SystemServer: StartAudioService
06-12 17:38:03.915  1944  1944 I SystemServiceManager: Starting com.android.server.audio.AudioService$Lifecycle
06-12 17:38:03.965  1944  1944 I SystemServer: StartDockObserver
06-12 17:38:03.965  1944  1944 I SystemServiceManager: Starting com.android.server.DockObserver
06-12 17:38:03.966  1944  1944 W DockObserver: This kernel does not have dock station support
06-12 17:38:03.967  1944  1944 I SystemServer: StartWiredAccessoryManager
06-12 17:38:03.968  1944  1944 W WiredAccessoryManager: This kernel does not have usb audio support
06-12 17:38:03.968  1944  1944 W WiredAccessoryManager: This kernel does not have HDMI audio support
06-12 17:38:03.968  1944  1944 I SystemServer: StartMidiManager
06-12 17:38:03.968  1944  1944 I SystemServiceManager: Starting com.android.server.midi.MidiService$Lifecycle
06-12 17:38:03.970  1944  1944 I SystemServer: StartUsbService
06-12 17:38:03.971  1944  1944 I SystemServiceManager: Starting com.android.server.usb.UsbService$Lifecycle
06-12 17:38:03.976  1944  1944 I UsbDeviceManager: USB GADGET HAL not present in the device
06-12 17:38:03.976  1944  1944 I UsbDeviceManager: java.util.NoSuchElementException
06-12 17:38:03.976  1944  1944 I UsbDeviceManager: 	at android.os.HwBinder.getService(Native Method)
06-12 17:38:03.976  1944  1944 I UsbDeviceManager: 	at android.hardware.usb.gadget.V1_0.IUsbGadget.getService(IUsbGadget.java:40)
06-12 17:38:03.976  1944  1944 I UsbDeviceManager: 	at android.hardware.usb.gadget.V1_0.IUsbGadget.getService(IUsbGadget.java:44)
06-12 17:38:03.976  1944  1944 I UsbDeviceManager: 	at com.android.server.usb.UsbDeviceManager.<init>(UsbDeviceManager.java:286)
06-12 17:38:03.976  1944  1944 I UsbDeviceManager: 	at com.android.server.usb.UsbService.<init>(UsbService.java:144)
06-12 17:38:03.976  1944  1944 I UsbDeviceManager: 	at com.android.server.usb.UsbService$Lifecycle.onStart(UsbService.java:74)
06-12 17:38:03.976  1944  1944 I UsbDeviceManager: 	at com.android.server.SystemServiceManager.startService(SystemServiceManager.java:126)
06-12 17:38:03.976  1944  1944 I UsbDeviceManager: 	at com.android.server.SystemServiceManager.startService(SystemServiceManager.java:113)
06-12 17:38:03.976  1944  1944 I UsbDeviceManager: 	at com.android.server.SystemServiceManager.startService(SystemServiceManager.java:72)
06-12 17:38:03.976  1944  1944 I UsbDeviceManager: 	at com.android.server.SystemServer.startOtherServices(SystemServer.java:1348)
06-12 17:38:03.976  1944  1944 I UsbDeviceManager: 	at com.android.server.SystemServer.run(SystemServer.java:442)
06-12 17:38:03.976  1944  1944 I UsbDeviceManager: 	at com.android.server.SystemServer.main(SystemServer.java:305)
06-12 17:38:03.976  1944  1944 I UsbDeviceManager: 	at java.lang.reflect.Method.invoke(Native Method)
06-12 17:38:03.976  1944  1944 I UsbDeviceManager: 	at com.android.internal.os.RuntimeInit$MethodAndArgsCaller.run(RuntimeInit.java:493)
06-12 17:38:03.976  1944  1944 I UsbDeviceManager: 	at com.android.internal.os.ZygoteInit.main(ZygoteInit.java:850)
06-12 17:38:03.976  1944  1944 E UsbDeviceManager: Failed to open control for mtp
06-12 17:38:03.977  1944  1944 E UsbDeviceManager: Failed to open control for mtp
06-12 17:38:03.999  1944  2186 I UsbPortManager: Usb hal service started android.hardware.usb@1.0::IUsb default
06-12 17:38:04.005  1944  1944 I SystemServer: StartSerialService
06-12 17:38:04.006  1944  1944 I SystemServer: StartHardwarePropertiesManagerService
06-12 17:38:04.009  1944  1944 I SystemServer: StartTwilightService
06-12 17:38:04.009  1944  1944 I SystemServiceManager: Starting com.android.server.twilight.TwilightService
06-12 17:38:04.010  1944  1944 I SystemServer: StartNightDisplay
06-12 17:38:04.010  1944  1944 I SystemServiceManager: Starting com.android.server.display.ColorDisplayService
06-12 17:38:04.011  1944  1944 I SystemServer: StartJobScheduler
06-12 17:38:04.011  1944  1944 I SystemServiceManager: Starting com.android.server.job.JobSchedulerService
06-12 17:38:04.016  1944  1944 D JobStore: Start tag: job-info
06-12 17:38:04.040  1944  1944 I JobStore: Read 48 jobs
06-12 17:38:04.048  1944  1944 I SystemServer: StartSoundTrigger
06-12 17:38:04.048  1944  1944 I SystemServiceManager: Starting com.android.server.soundtrigger.SoundTriggerService
06-12 17:38:04.049  1944  1944 I SystemServer: StartTrustManager
06-12 17:38:04.049  1944  1944 I SystemServiceManager: Starting com.android.server.trust.TrustManagerService
06-12 17:38:04.052  1944  1944 I SystemServer: StartBackupManager
06-12 17:38:04.052  1944  1944 I SystemServiceManager: Starting com.android.server.backup.BackupManagerService$Lifecycle
06-12 17:38:04.055  1944  1944 I SystemServer: StartAppWidgerService
06-12 17:38:04.055  1944  1944 I SystemServiceManager: Starting com.android.server.appwidget.AppWidgetService
06-12 17:38:04.061  1944  1944 I SystemServer: StartVoiceRecognitionManager
06-12 17:38:04.061  1944  1944 I SystemServiceManager: Starting com.android.server.voiceinteraction.VoiceInteractionManagerService
06-12 17:38:04.063  1944  1944 I SystemServer: StartGestureLauncher
06-12 17:38:04.063  1944  1944 I SystemServiceManager: Starting com.android.server.GestureLauncherService
06-12 17:38:04.064  1944  1944 I SystemServer: StartSensorNotification
06-12 17:38:04.064  1944  1944 I SystemServiceManager: Starting com.android.server.SensorNotificationService
06-12 17:38:04.064  1944  1944 I SystemServer: StartContextHubSystemService
06-12 17:38:04.064  1944  1944 I SystemServiceManager: Starting com.android.server.ContextHubSystemService
06-12 17:38:04.065  1944  1944 I SystemServer: StartDiskStatsService
06-12 17:38:04.068  1944  1944 I SystemServer: StartTimeZoneRulesManagerService
06-12 17:38:04.069  1944  1944 I SystemServiceManager: Starting com.android.server.timezone.RulesManagerService$Lifecycle
06-12 17:38:04.071  1944  1944 D timezone.PackageTracker: Update app com.android.timezone.updater is valid.
06-12 17:38:04.072  1944  1944 D timezone.PackageTracker: Data app com.motorola.timezonedata is valid.
06-12 17:38:04.073  1944  1944 D timezone.TimeZoneUpdateIdler: schedule() called: minimumDelayMillis=360000
06-12 17:38:04.074  1944  1944 I timezone.PackageTracker: Time zone updater / data package tracking enabled
06-12 17:38:04.075  1944  1944 I SystemServer: StartNetworkTimeUpdateService
06-12 17:38:04.077  1944  1944 I SystemServer: StartCommonTimeManagementService
06-12 17:38:04.079  1944  1944 I SystemServer: CertBlacklister
06-12 17:38:04.080  1944  1944 I SystemServer: StartEmergencyAffordanceService
06-12 17:38:04.080  1944  1944 I SystemServiceManager: Starting com.android.server.emergency.EmergencyAffordanceService
06-12 17:38:04.080  1944  1944 I SystemServer: StartDreamManager
06-12 17:38:04.080  1944  1944 I SystemServiceManager: Starting com.android.server.dreams.DreamManagerService
06-12 17:38:04.082  1944  1944 I SystemServer: AddGraphicsStatsService
06-12 17:38:04.085  1944  1944 I SystemServer: StartPrintManager
06-12 17:38:04.086  1944  1944 I SystemServiceManager: Starting com.android.server.print.PrintManagerService
06-12 17:38:04.088  1944  1944 I SystemServer: StartCompanionDeviceManager
06-12 17:38:04.089  1944  1944 I SystemServiceManager: Starting com.android.server.companion.CompanionDeviceManagerService
06-12 17:38:04.091  1944  1944 I SystemServer: StartRestrictionManager
06-12 17:38:04.091  1944  1944 I SystemServiceManager: Starting com.android.server.restrictions.RestrictionsManagerService
06-12 17:38:04.093  1944  1944 I SystemServer: StartMediaSessionService
06-12 17:38:04.093  1944  1944 I SystemServiceManager: Starting com.android.server.media.MediaSessionService
06-12 17:38:04.098  1944  1944 I SystemServer: StartMediaUpdateService
06-12 17:38:04.098  1944  1944 I SystemServiceManager: Starting com.android.server.media.MediaUpdateService
06-12 17:38:04.098  1944  1944 I SystemServer: StartMediaResourceMonitor
06-12 17:38:04.098  1944  1944 I SystemServiceManager: Starting com.android.server.media.MediaResourceMonitorService
06-12 17:38:04.099  1944  1944 I SystemServer: StartMediaRouterService
06-12 17:38:04.101  1944  1944 I SystemServer: StartFingerprintSensor
06-12 17:38:04.101  1944  1944 I SystemServiceManager: Starting com.android.server.fingerprint.FingerprintService
06-12 17:38:04.110  1944  2148 V FingerprintService: mDaemon was null, reconnect to fingerprint
06-12 17:38:04.110  1944  1944 I SystemServer: StartBackgroundDexOptService
06-12 17:38:04.111  1944  1944 I SystemServer: StartPruneInstantAppsJobService
06-12 17:38:04.112  1944  1944 I SystemServer: StartShortcutServiceLifecycle
06-12 17:38:04.112  1944  1944 I SystemServiceManager: Starting com.android.server.pm.ShortcutService$Lifecycle
06-12 17:38:04.113  1944  2148 V FingerprintService: Fingerprint HAL id: 2812907952
06-12 17:38:04.117  1944  1944 I SystemServer: StartLauncherAppsService
06-12 17:38:04.117  1944  1944 I SystemServiceManager: Starting com.android.server.pm.LauncherAppsService
06-12 17:38:04.119  1944  1944 I SystemServer: StartCrossProfileAppsService
06-12 17:38:04.119  1944  1944 I SystemServiceManager: Starting com.android.server.pm.CrossProfileAppsService
06-12 17:38:04.121  1944  1944 I SystemServiceManager: Starting com.motorola.server.MotoPersDataBlockService
06-12 17:38:04.122  1944  1944 I SystemServer: StartMediaProjectionManager
06-12 17:38:04.123  1944  1944 I SystemServiceManager: Starting com.android.server.media.projection.MediaProjectionManagerService
06-12 17:38:04.127  1944  1944 I SystemServer: StartSliceManagerService
06-12 17:38:04.127  1944  1944 I SystemServiceManager: Starting com.android.server.slice.SliceManagerService$Lifecycle
06-12 17:38:04.130  1944  2148 V FingerprintService: Enumerating user(0)
06-12 17:38:04.131  1944  2148 V FingerprintService: starting client InternalEnumerateClient(android), initiatedByClient = true
06-12 17:38:04.131  1944  1944 I SystemServer: StartCameraServiceProxy
06-12 17:38:04.131  1944  1944 I SystemServiceManager: Starting com.android.server.camera.CameraServiceProxy
06-12 17:38:04.135  1944  1944 I SystemServer: StartStatsCompanionService
06-12 17:38:04.135  1944  1944 I SystemServiceManager: Starting com.android.server.stats.StatsCompanionService$Lifecycle
06-12 17:38:04.137  1944  1944 E KernelUidCpuFreqTimeReader: Failed to read /proc/uid_time_in_state: java.io.FileNotFoundException: /proc/uid_time_in_state (No such file or directory)
06-12 17:38:04.138  1944  1944 I SystemServer: StartJitCompilation
06-12 17:38:04.138  1944  1944 I SystemServer: StartMmsService
06-12 17:38:04.138  1944  1944 I SystemServiceManager: Starting com.android.server.MmsServiceBroker
06-12 17:38:04.140  1944  1944 I SystemServer: StartAutoFillService
06-12 17:38:04.141  1944  1944 I SystemServiceManager: Starting com.android.server.autofill.AutofillManagerService
06-12 17:38:04.142  1944  1944 I AutofillManagerService: Setting debug to false
06-12 17:38:04.145  1944  1944 I SystemServer: MakeVibratorServiceReady
06-12 17:38:04.147  1944  1944 I SystemServer: MakeLockSettingsServiceReady
06-12 17:38:04.164  1944  1944 I SyntheticPasswordManager: Device does not support weaver
06-12 17:38:04.166  1944  1944 I LockSettingsService: Device doesn't implement AuthSecret HAL
06-12 17:38:04.168  1944  1944 E LockSettingsStorage: Cannot read file java.io.FileNotFoundException: /data/system/gatekeeper.password.key: open failed: ENOENT (No such file or directory)
06-12 17:38:04.168  1944  1944 E LockSettingsStorage: Cannot read file java.io.FileNotFoundException: /data/system/password.key: open failed: ENOENT (No such file or directory)
06-12 17:38:04.169  1944  1944 E LockSettingsStorage: Cannot read file java.io.FileNotFoundException: /data/system/gatekeeper.pattern.key: open failed: ENOENT (No such file or directory)
06-12 17:38:04.169  1944  1944 E LockSettingsStorage: Cannot read file java.io.FileNotFoundException: /data/system/gatekeeper.gesture.key: open failed: ENOENT (No such file or directory)
06-12 17:38:04.169  1944  1944 E LockSettingsStorage: Cannot read file java.io.FileNotFoundException: /data/system/gesture.key: open failed: ENOENT (No such file or directory)
06-12 17:38:04.170  1944  1944 I SystemServer: StartBootPhaseLockSettingsReady
06-12 17:38:04.170  1944  1944 I SystemServiceManager: Starting phase 480
06-12 17:38:04.212  1944  1944 I DevicePolicyManager: Set ro.device_owner property to false
06-12 17:38:04.216  1944  1944 I SystemServer: StartBootPhaseSystemServicesReady
06-12 17:38:04.216  1944  1944 I SystemServiceManager: Starting phase 500
06-12 17:38:04.218  1944  1944 D AppStandbyController: Setting app idle enabled state
06-12 17:38:04.223  1944  1944 I VrManagerService: No default vr listener service found.
06-12 17:38:04.235  1944  1944 I WifiService: WifiService starting up with Wi-Fi enabled
06-12 17:38:04.249  1944  1944 D WifiService: setWifiEnabled: true pid=1944, uid=1000, package=android
06-12 17:38:04.258  1944  2441 D ConnectivityService: Got NetworkFactory Messenger for Ethernet
06-12 17:38:04.271  1944  1944 I SystemServer: MakeWindowManagerServiceReady
06-12 17:38:04.276  1944  1944 D StatusBarManagerService: showing navigation bar...
06-12 17:38:04.281  1944  1944 I SystemServer: MakePowerManagerServiceReady
06-12 17:38:04.294  1944  2183 W KeyguardServiceDelegate: onScreenTurningOn(): no keyguard service!
06-12 17:38:04.295  1944  1944 I SystemServer: MakePackageManagerServiceReady
06-12 17:38:04.305  1052  1052 E android.hardware.wifi@1.0-service:  User build,dont Start logging service.
06-12 17:38:04.343  1944  1944 V UserDataPreparer: Found /data/user_de/0 with serial number 0
06-12 17:38:04.343  1944  1944 V UserDataPreparer: Found /data/user/0 with serial number 0
06-12 17:38:04.343  1944  1944 V UserDataPreparer: Found /data/system_de/0 with serial number 0
06-12 17:38:04.343  1944  1944 V UserDataPreparer: Found /data/system_ce/0 with serial number 0
06-12 17:38:04.343  1944  1944 V UserDataPreparer: Found /data/misc_ce/0 with serial number 0
06-12 17:38:04.349  1944  1944 I SystemServer: MakeDisplayManagerServiceReady
06-12 17:38:04.349  1944  1944 I SystemServer: StartDeviceSpecificServices
06-12 17:38:04.349  1944  1944 I SystemServer: StartBootPhaseDeviceSpecificServicesReady
06-12 17:38:04.350  1944  1944 I SystemServiceManager: Starting phase 520
06-12 17:38:04.351  1944  1944 W UsageStatsService: Event reported without a package name
06-12 17:38:04.355  1944  1944 I ActivityManager: System now ready
06-12 17:38:04.359  1944  1944 I ActivityManager: Config changes=100 {1.0 ?mcc?mnc [pt_BR] ldltr sw360dp w360dp h648dp 480dpi nrml long port finger -keyb/v/h -nav/h winConfig={ mBounds=Rect(0, 0 - 0, 0) mAppBounds=Rect(0, 0 - 1080, 2016) mWindowingMode=fullscreen mActivityType=undefined} s.6 ?spn ?gid}
06-12 17:38:04.360  1944  1944 I ActivityManager: Override config changes=100 {1.0 ?mcc?mnc [pt_BR] ldltr sw360dp w360dp h648dp 480dpi nrml long port finger -keyb/v/h -nav/h winConfig={ mBounds=Rect(0, 0 - 1080, 2160) mAppBounds=Rect(0, 0 - 1080, 2016) mWindowingMode=fullscreen mActivityType=undefined} s.6 ?spn ?gid} for displayId=0
06-12 17:38:04.366  1944  2174 I ActivityManager: Config changes=100 {1.0 ?mcc?mnc [pt_BR] ldltr sw360dp w360dp h648dp 480dpi nrml long port finger -keyb/v/h -nav/h winConfig={ mBounds=Rect(0, 0 - 0, 0) mAppBounds=Rect(0, 0 - 1080, 2016) mWindowingMode=fullscreen mActivityType=undefined} s.7 ?spn ?gid}
06-12 17:38:04.367  1944  2174 I ActivityManager: Override config changes=100 {1.0 ?mcc?mnc [pt_BR] ldltr sw360dp w360dp h648dp 480dpi nrml long port finger -keyb/v/h -nav/h winConfig={ mBounds=Rect(0, 0 - 1080, 2160) mAppBounds=Rect(0, 0 - 1080, 2016) mWindowingMode=fullscreen mActivityType=undefined} s.7 ?spn ?gid} for displayId=0
06-12 17:38:04.370  1944  1944 I SystemServer: Making services ready
06-12 17:38:04.370  1944  1944 I SystemServer: StartActivityManagerReadyPhase
06-12 17:38:04.370  1944  1944 I SystemServiceManager: Starting phase 550
06-12 17:38:04.373  1944  1944 W ActivityManager: Too early to start/bind service in system_server: Phase=550 ComponentInfo{com.android.server.telecom/com.android.server.telecom.components.TelecomService}
06-12 17:38:04.374  1944  1944 W ActivityManager: Too early to start/bind service in system_server: Phase=550 ComponentInfo{com.android.server.telecom/com.android.server.telecom.components.TelecomService}
06-12 17:38:04.757  1944  1944 W SystemServiceManager: Service com.android.server.content.ContentService$Lifecycle took 383 ms in onBootPhase
06-12 17:38:04.839  1944  1944 W SystemServiceManager: Service com.android.server.InputMethodManagerService$Lifecycle took 80 ms in onBootPhase
06-12 17:38:04.840  1944  2429 D StorageManagerService: Thinking about init, mSystemReady=true, mDaemonConnected=true
06-12 17:38:04.840  1944  2429 D StorageManagerService: Setting up emulation state, initlocked=false
06-12 17:38:04.840   886   886 D vold    : e4crypt_unlock_user_key 0 serial=0 token_present=0
06-12 17:38:04.841  1944  2429 D StorageManagerService: Thinking about reset, mSystemReady=true, mDaemonConnected=true
06-12 17:38:04.842  1944  2153 I ActivityManager: Force stopping com.android.providers.media appid=10029 user=-1: vold reset
06-12 17:38:04.843  1944  2129 V StorageManagerService: Found primary storage at VolumeInfo{emulated}:
06-12 17:38:04.843  1944  2129 V StorageManagerService:     type=EMULATED diskId=null partGuid= mountFlags=0 mountUserId=-1 
06-12 17:38:04.843  1944  2129 V StorageManagerService:     state=UNMOUNTED 
06-12 17:38:04.843  1944  2129 V StorageManagerService:     fsType=null fsUuid=null fsLabel=null 
06-12 17:38:04.843  1944  2129 V StorageManagerService:     path=null internalPath=null 
06-12 17:38:04.847   886   886 V vold    : sdcardfs: Waiting for sdcard exit...
06-12 17:38:04.849  1944  2155 I ActivityManager: Start proc 2465:com.google.android.inputmethod.latin/u0a129 for service com.google.android.inputmethod.latin/com.android.inputmethod.latin.LatinIME
06-12 17:38:04.852  1944  1944 I SystemServer: StartObservingNativeCrashes
06-12 17:38:04.853  1944  2288 I SystemServer: WebViewFactoryPreparation
06-12 17:38:04.853  1944  1944 I SystemServer: StartSystemUI
06-12 17:38:04.854  1944  2186 I UsbPortManager: ClientCallback: otg_default
06-12 17:38:04.855  1944  2172 I UsbPortManager: USB port added: port=UsbPort{id=otg_default, supportedModes=dual}, status=UsbPortStatus{connected=true, currentMode=ufp, currentPowerRole=sink, currentDataRole=device, supportedRoleCombinations=[sink:device]}, canChangeMode=false, canChangePowerRole=false, canChangeDataRole=false
06-12 17:38:04.855  1944  2449 D BluetoothManagerService: Trying to bind to profile: 1, while Bluetooth was disabled
06-12 17:38:04.857   886   886 V vold    : sdcardfs: Waiting for sdcard exit...
06-12 17:38:04.857  1944  1944 I SystemServer: MakeNetworkManagementServiceReady
06-12 17:38:04.858  1944  1944 D NetworkManagement: enabling FW Policy deny
06-12 17:38:04.863  1944  1944 D NetworkManagement: enabling bandwidth control
06-12 17:38:04.864  2467  2467 W sdcard  : Device explicitly enabled sdcardfs
06-12 17:38:04.867   886   886 V vold    : sdcardfs: Waiting for sdcard exit...
06-12 17:38:04.873  1944  2155 I ActivityManager: Start proc 2475:com.android.systemui/u0a46 for service com.android.systemui/.SystemUIService
06-12 17:38:04.893  1944  1944 I SystemServer: MakeIpSecServiceReady
06-12 17:38:04.895  1944  1944 D IpSecService: IpSecService is ready
06-12 17:38:04.896  1944  1944 I SystemServer: MakeNetworkStatsServiceReady
06-12 17:38:04.940  1944  2155 W ActivityManager: Slow operation: 61ms so far, now at startProcess: returned from zygote!
06-12 17:38:04.944  1944  1944 I SystemServer: MakeConnectivityServiceReady
06-12 17:38:04.953  1944  2433 W NetworkPolicy: setRestrictBackgroundUL: already false
06-12 17:38:04.954  1944  2155 W ActivityManager: Slow operation: 74ms so far, now at startProcess: done updating battery stats
06-12 17:38:04.954  1944  2155 W ActivityManager: Slow operation: 75ms so far, now at startProcess: building log message
06-12 17:38:04.954  1944  2155 I ActivityManager: Start proc 2494:WebViewLoader-armeabi-v7a/1037 [android.webkit.WebViewLibraryLoader$RelroFileCreator] for 
06-12 17:38:04.954  1944  2155 W ActivityManager: Slow operation: 75ms so far, now at startProcess: starting to update pids map
06-12 17:38:04.954  1944  2155 W ActivityManager: Slow operation: 75ms so far, now at startProcess: done updating pids map
06-12 17:38:05.007  1944  1944 I SystemServer: MakeNetworkPolicyServiceReady
06-12 17:38:05.119  1944  2129 I ActivityManager: Process WebViewLoader-armeabi-v7a (pid 2494) has died: psvc PER 
06-12 17:38:05.162  1944  1944 I SystemServer: StartWatchdog
06-12 17:38:05.575  1944  2529 W ActivityManager: Unable to start service Intent { act=android.intent.action.QUICKSTEP_SERVICE pkg=com.motorola.launcher3 } U=0: not found
06-12 17:38:05.804  1944  2529 D ConnectivityService: requestNetwork for uid/pid:10046/2475 NetworkRequest [ TRACK_DEFAULT id=7, [ Capabilities: INTERNET&NOT_RESTRICTED&TRUSTED Unwanted:  Uid: 10046] ]
06-12 17:38:05.852  1944  2130 I StatusBarManagerService: registerStatusBar bar=com.android.internal.statusbar.IStatusBar$Stub$Proxy@8149328
06-12 17:38:06.212  1944  2276 I PackageManager: Deferred reconcileAppsData finished 258 packages
06-12 17:38:06.213  1944  1944 I SystemServer: PhaseThirdPartyAppsCanStart
06-12 17:38:06.213  1944  1944 I SystemServiceManager: Starting phase 600
06-12 17:38:06.216  1944  1944 V WallpaperManagerService: bindWallpaperComponentLocked: componentName=ComponentInfo{com.android.systemui/com.android.systemui.ImageWallpaper}
06-12 17:38:06.286  1944  1944 I StatsCompanionService: Told statsd that StatsCompanionService is alive.
06-12 17:38:06.287  1944  1944 I SystemServer: MakeLocationServiceReady
06-12 17:38:06.304  1944  1944 W LocationProviderProxy-network: Odd, no component found for service com.android.location.service.v3.NetworkLocationProvider
06-12 17:38:06.309  1944  1944 W GeocoderProxy: Odd, no component found for service com.android.location.service.GeocodeProvider
06-12 17:38:06.312  1944  1944 W GeofenceProxy: Odd, no component found for service com.android.location.service.GeofenceProvider
06-12 17:38:06.313  1944  1944 D LocationManagerService: Hardware Activity-Recognition not supported.
06-12 17:38:06.314  1944  1944 W ActivityRecognitionProxy: Odd, no component found for service com.android.location.service.ActivityRecognitionProvider
06-12 17:38:06.316  1944  2153 W BroadcastQueue: Background execution not allowed: receiving Intent { act=android.location.PROVIDERS_CHANGED flg=0x10 } to com.google.android.gms/.chimera.GmsIntentOperationService$PersistentTrustedReceiver
06-12 17:38:06.317  1944  2153 W BroadcastQueue: Background execution not allowed: receiving Intent { act=android.location.MODE_CHANGED flg=0x10 } to com.google.android.gms/.chimera.GmsIntentOperationService$PersistentTrustedReceiver
06-12 17:38:06.319  1944  1944 I SystemServer: MakeCountryDetectionServiceReady
06-12 17:38:06.319  1944  1944 I SystemServer: MakeNetworkTimeUpdateReady
06-12 17:38:06.320  1944  1944 D ConnectivityService: requestNetwork for uid/pid:1000/1944 NetworkRequest [ TRACK_DEFAULT id=9, [ Capabilities: INTERNET&NOT_RESTRICTED&TRUSTED Unwanted:  Uid: 1000] ]
06-12 17:38:06.321  1944  1944 I SystemServer: MakeCommonTimeManagementServiceReady
06-12 17:38:06.322  1944  1944 I SystemServer: MakeInputManagerServiceReady
06-12 17:38:06.323  1944  1944 I SystemServer: MakeTelephonyRegistryReady
06-12 17:38:06.323  1944  1944 I SystemServer: MakeMediaRouterServiceReady
06-12 17:38:06.324  1944  1944 I SystemServer: MakeMmsServiceReady
06-12 17:38:06.324  1944  1944 I MmsServiceBroker: Delay connecting to MmsService until an API is called
06-12 17:38:06.324  1944  1944 I SystemServer: IncidentDaemonReady
06-12 17:38:06.325  1944  1944 I SystemServiceManager: Calling onStartUser u0
06-12 17:38:06.328  1944  1944 W VoiceInteractionManagerService: no available voice recognition services found for user 0
06-12 17:38:06.336  1944  1944 I ActivityManager: START u0 {act=android.intent.action.MAIN cat=[android.intent.category.HOME] flg=0x10000100 cmp=com.android.settings/.FallbackHome} from uid 0
06-12 17:38:06.530  1944  1944 I ActivityManager: Loaded persisted task ids for user 0
06-12 17:38:06.681  1944  2155 W ActivityManager: Slow operation: 351ms so far, now at startProcess: asking zygote to start proc
06-12 17:38:06.682  2475  2610 E ActivityThread: Failed to find provider info for com.android.contacts
06-12 17:38:06.682  1944  1944 D SystemServerInitThreadPool: Shutdown successful
06-12 17:38:06.683  1944  2154 W Looper  : Slow dispatch took 352ms android.ui h=com.android.server.am.ActivityManagerService$UiHandler c=null m=53
06-12 17:38:06.686  1944  1944 W Looper  : Slow delivery took 4090ms main h=android.os.Handler c=com.android.server.-$$Lambda$BatteryService$2x73lvpB0jctMSVP4qb9sHAqRPw@87b7cf6 m=0
06-12 17:38:06.686  1944  2151 W LocationProviderProxy-network: Odd, no component found for service com.android.location.service.v3.NetworkLocationProvider
06-12 17:38:06.687  1944  2151 W GeocoderProxy: Odd, no component found for service com.android.location.service.GeocodeProvider
06-12 17:38:06.687  1944  2151 W GeofenceProxy: Odd, no component found for service com.android.location.service.GeofenceProvider
06-12 17:38:06.688  1944  2151 W ActivityRecognitionProxy: Odd, no component found for service com.android.location.service.ActivityRecognitionProvider
06-12 17:38:06.698  1944  2155 W ActivityManager: Slow operation: 367ms so far, now at startProcess: returned from zygote!
06-12 17:38:06.708  1944  2155 W ActivityManager: Slow operation: 377ms so far, now at startProcess: done updating battery stats
06-12 17:38:06.708  1944  2155 W ActivityManager: Slow operation: 378ms so far, now at startProcess: building log message
06-12 17:38:06.708  1944  2155 I ActivityManager: Start proc 2617:.dataservices/1000 for added application .dataservices
06-12 17:38:06.708  1944  2155 W ActivityManager: Slow operation: 378ms so far, now at startProcess: starting to update pids map
06-12 17:38:06.708  1944  2155 W ActivityManager: Slow operation: 378ms so far, now at startProcess: done updating pids map
06-12 17:38:06.708  1944  2155 W ActivityManager: Slow operation: 377ms so far, now at startProcess: asking zygote to start proc
06-12 17:38:06.720  1944  2155 W ActivityManager: Slow operation: 389ms so far, now at startProcess: returned from zygote!
06-12 17:38:06.744  1944  2155 W ActivityManager: Slow operation: 413ms so far, now at startProcess: done updating battery stats
06-12 17:38:06.744  1944  2155 W ActivityManager: Slow operation: 413ms so far, now at startProcess: building log message
06-12 17:38:06.744  1944  2155 I ActivityManager: Start proc 2622:com.qualcomm.qti.telephonyservice/1001 for added application com.qualcomm.qti.telephonyservice
06-12 17:38:06.744  1944  2155 W ActivityManager: Slow operation: 413ms so far, now at startProcess: starting to update pids map
06-12 17:38:06.744  1944  2155 W ActivityManager: Slow operation: 413ms so far, now at startProcess: done updating pids map
06-12 17:38:06.745  1944  2155 W ActivityManager: Slow operation: 413ms so far, now at startProcess: asking zygote to start proc
06-12 17:38:06.746  1944  1944 V SettingsProvider: Notifying for 0: content://settings/global/wifi_country_code
06-12 17:38:06.747  1944  1944 D ConditionProviders.SCP: onConnected
06-12 17:38:06.748  1944  1944 V SettingsProvider: Notifying for 0: content://settings/global/zen_settings_updated
06-12 17:38:06.749  1944  1944 D ConditionProviders: Subscribing to condition://android/event?userId=-10000&calendar=&reply=1 with ComponentInfo{android/com.android.server.notification.EventConditionProvider}
06-12 17:38:06.749  1944  1944 D ConditionProviders: Subscribing to condition://android/schedule?days=1.2.3.4.5.6.7&start=22.0&end=7.0&exitAtAlarm=true with ComponentInfo{android/com.android.server.notification.ScheduleConditionProvider}
06-12 17:38:06.751  1944  1944 V FingerprintService: Done with client: android
06-12 17:38:06.751  1944  1944 V FingerprintService: setNavigationState: true
06-12 17:38:06.753  1944  1944 V FingerprintService: clearEnumerateState()
06-12 17:38:06.756  1944  1944 V SettingsProvider: Notifying for 0: content://settings/secure/location_providers_allowed
06-12 17:38:06.757  1944  1944 V SettingsProvider: Notifying for 0: content://settings/global/location_global_kill_switch
06-12 17:38:06.759  1944  1944 W ActivityThread: serviceCreate starts in 2386 ms, CreateServiceData = CreateServiceData{token=ServiceRecord{c5e823 u0 com.android.server.telecom/.components.TelecomService} className=com.android.server.telecom.components.TelecomService packageName=com.android.server.telecom intent=null}
06-12 17:38:06.764  1944  2155 W ActivityManager: Slow operation: 432ms so far, now at startProcess: returned from zygote!
06-12 17:38:06.764  1944  2155 W ActivityManager: Slow operation: 432ms so far, now at startProcess: done updating battery stats
06-12 17:38:06.764  1944  2155 W ActivityManager: Slow operation: 432ms so far, now at startProcess: building log message
06-12 17:38:06.764  1944  2155 I ActivityManager: Start proc 2633:com.dolby.daxservice/u0a135 for added application com.dolby.daxservice
06-12 17:38:06.764  1944  2155 W ActivityManager: Slow operation: 432ms so far, now at startProcess: starting to update pids map
06-12 17:38:06.764  1944  2155 W ActivityManager: Slow operation: 432ms so far, now at startProcess: done updating pids map
06-12 17:38:06.764  1944  2155 W ActivityManager: Slow operation: 431ms so far, now at startProcess: asking zygote to start proc
06-12 17:38:06.779  1944  2155 W ActivityManager: Slow operation: 446ms so far, now at startProcess: returned from zygote!
06-12 17:38:06.779  1944  2155 W ActivityManager: Slow operation: 446ms so far, now at startProcess: done updating battery stats
06-12 17:38:06.779  1944  2155 W ActivityManager: Slow operation: 446ms so far, now at startProcess: building log message
06-12 17:38:06.779  1944  2155 I ActivityManager: Start proc 2644:com.motorola.android.nativedropboxagent/1007 for added application com.motorola.android.nativedropboxagent
06-12 17:38:06.779  1944  2155 W ActivityManager: Slow operation: 446ms so far, now at startProcess: starting to update pids map
