06-12 17:20:36.105   964   964 I Zygote  : Process 4253 exited due to signal (9)
06-12 17:20:36.115  3231  4212 I PeopleChimeraService: onService. callbacks = ahtn@b8eacd6, request = com.google.android.gms.common.internal.GetServiceRequest@7ecfb57
06-12 17:20:36.124  3231  4212 I PeopleChimeraService: onService. callbacks = ahtn@e4f832d, request = com.google.android.gms.common.internal.GetServiceRequest@3a0c062
06-12 17:20:36.135  2959  2982 W ProviderHelper: Unknown dynamite feature providerinstaller.dynamite
06-12 17:20:36.160  4967  5003 W ProviderInstaller: Failed to load providerinstaller module: No acceptable module com.google.android.gms.providerinstaller.dynamite found. Local version is 0 and remote version is 0.
06-12 17:20:36.191  1885  2125 I ActivityManager: Start proc 5011:com.google.android.deskclock/u0a91 for broadcast com.google.android.deskclock/com.android.deskclock.AlarmInitReceiver
06-12 17:20:36.193  4967  5003 I ndroid.contact: The ClassLoaderContext is a special shared library.
06-12 17:20:36.195  4967  5003 I chatty  : uid=10106(com.google.android.contacts) identical 1 line
06-12 17:20:36.197  4967  5003 I ndroid.contact: The ClassLoaderContext is a special shared library.
06-12 17:20:36.198  1892  1893 D LSPosed : zygisk_main.cpp:362#void lspd::CompanionEntry(int): Got cache with fd=7 size=12
06-12 17:20:36.198  5011  5011 D LSPosed : symbol_cache.cpp:55#void lspd::InitSymbolCache(lspd::SymbolCache *): InitSymbolCache
06-12 17:20:36.198  5011  5011 D LSPosed : symbol_cache.cpp:57#void lspd::InitSymbolCache(lspd::SymbolCache *): Already initialized
06-12 17:20:36.262  5011  5011 E droid.deskcloc: Not starting debugger since process cannot load the jdwp agent.
06-12 17:20:36.265  5011  5011 D LSPosed : magisk_loader.cpp:231#void lspd::MagiskLoader::OnNativeForkAndSpecializePost(JNIEnv *, jstring): skipped com.google.android.deskclock
06-12 17:20:36.291  4967  5003 I ndroid.contact: Waiting for a blocking GC AddRemoveAppImageSpace
06-12 17:20:36.304  4967  5003 I ndroid.contact: WaitForGcToComplete blocked AddRemoveAppImageSpace on AddRemoveAppImageSpace for 13.323ms
06-12 17:20:36.310  5011  5011 I droid.deskcloc: The ClassLoaderContext is a special shared library.
06-12 17:20:36.327  4967  5003 V NativeCrypto: Registering com/google/android/gms/org/conscrypt/NativeCrypto's 295 native methods...
06-12 17:20:36.346  1030  1205 W qti_sensors_hal: processReportInd: lux: 34, ch0: 786, ch1: 1201
06-12 17:20:36.362  4967  5003 D NetworkSecurityConfig: No Network Security Config specified, using platform default
06-12 17:20:36.365  4967  5003 I ProviderInstaller: Installed default security provider GmsCore_OpenSSL
06-12 17:20:36.400  2959  2982 I FontLog : Received query Google Sans, URI content://com.google.android.gms.fonts [CONTEXT service_id=132 ]
06-12 17:20:36.402  2959  2982 I FontLog : Query [Google Sans] resolved to {Google Sans, wdth 100.0, wght 400, ital 0.0, bestEffort false} [CONTEXT service_id=132 ]
06-12 17:20:36.406  2959  2982 I FontLog : Font PFD returned from cache for {Google Sans, wdth 100.0, wght 400, ital 0.0, bestEffort false} [CONTEXT service_id=132 ]
06-12 17:20:36.410  2959  2982 I FontLog : Fetch {Google Sans, wdth 100.0, wght 400, ital 0.0, bestEffort false} end status Status{statusCode=SUCCESS, resolution=null} [CONTEXT service_id=132 ]
06-12 17:20:36.420  2959  2982 I FontLog : Pulling font file for id = 2, cache size = 2 [CONTEXT service_id=132 ]
06-12 17:20:36.454  5011  5031 I GAv4    : Google Analytics 214.0.10 is starting up. To enable debug logging on a device run:
06-12 17:20:36.454  5011  5031 I GAv4    :   adb shell setprop log.tag.GAv4 DEBUG
06-12 17:20:36.454  5011  5031 I GAv4    :   adb logcat -s GAv4
06-12 17:20:36.462  2959  2982 I FontLog : Received query Google Sans Text, URI content://com.google.android.gms.fonts [CONTEXT service_id=132 ]
06-12 17:20:36.463  2959  2982 I FontLog : Query [Google Sans Text] resolved to {Google Sans Text, wdth 100.0, wght 400, ital 0.0, bestEffort false} [CONTEXT service_id=132 ]
06-12 17:20:36.465  2959  2982 I FontLog : Font PFD returned from cache for {Google Sans Text, wdth 100.0, wght 400, ital 0.0, bestEffort false} [CONTEXT service_id=132 ]
06-12 17:20:36.465  2959  2982 I FontLog : Fetch {Google Sans Text, wdth 100.0, wght 400, ital 0.0, bestEffort false} end status Status{statusCode=SUCCESS, resolution=null} [CONTEXT service_id=132 ]
06-12 17:20:36.470  2959  2979 I FontLog : Pulling font file for id = 3, cache size = 3 [CONTEXT service_id=132 ]
06-12 17:20:36.474  5011  5011 I AlarmClock: AlarmInitReceiver android.intent.action.BOOT_COMPLETED
06-12 17:20:36.479  5011  5011 I AlarmClock: AnalogAppWidgetProvider: AnalogAppWidgetProvider processing Intent { act=android.intent.action.BOOT_COMPLETED flg=0x9000010 cmp=com.google.android.deskclock/com.android.alarmclock.AnalogAppWidgetProvider (has extras) } 
06-12 17:20:36.481  5011  5011 I AlarmClock: LegacyAnalogAppWidgetController: widget count: 0
06-12 17:20:36.503  2959  2979 I FontLog : Received query Google Sans:500, URI content://com.google.android.gms.fonts [CONTEXT service_id=132 ]
06-12 17:20:36.504  2959  2979 I FontLog : Query [Google Sans:500] resolved to {Google Sans, wdth 100.0, wght 500, ital 0.0, bestEffort false} [CONTEXT service_id=132 ]
06-12 17:20:36.504  2403  2403 I GoogleInputMethodService: GoogleInputMethodService.updateDeviceLockedStatus():2100 checkRepeatedly = true, unlocked = false
06-12 17:20:36.508  5011  5034 W GAv4    : AnalyticsReceiver is not registered or is disabled. Register the receiver for reliable dispatching on non-Google Play devices. See http://goo.gl/8Rd3yj for instructions.
06-12 17:20:36.513  5011  5034 W GAv4    : CampaignTrackingReceiver is not registered, not exported or is disabled. Installation campaign tracking is not possible. See http://goo.gl/8Rd3yj for instructions.
06-12 17:20:36.515  5011  5034 W GAv4    : AnalyticsService not registered in the app manifest. Hits might not be delivered reliably. See http://goo.gl/8Rd3yj for instructions.
06-12 17:20:36.515  2959  2979 I FontLog : Font PFD returned from cache for {Google Sans, wdth 100.0, wght 500, ital 0.0, bestEffort false} [CONTEXT service_id=132 ]
06-12 17:20:36.516  2959  2979 I FontLog : Fetch {Google Sans, wdth 100.0, wght 500, ital 0.0, bestEffort false} end status Status{statusCode=SUCCESS, resolution=null} [CONTEXT service_id=132 ]
06-12 17:20:36.518  4967  5001 W ndroid.contact: Unsupported class loader
06-12 17:20:36.521  4967  5001 W ndroid.contact: Skipping duplicate class check due to unsupported classloader
06-12 17:20:36.537  2959  4499 I FontLog : Pulling font file for id = 4, cache size = 4 [CONTEXT service_id=132 ]
06-12 17:20:36.551  3151  3480 I GnpSdk  : [GrowthKitBootCompletedListener] GrowthKit enabled by flag, registered to Phenotype and schedule jobs.
06-12 17:20:36.553  2959  4499 I FontLog : Received query Google Sans Display, URI content://com.google.android.gms.fonts [CONTEXT service_id=132 ]
06-12 17:20:36.555  2959  4499 I FontLog : Query [Google Sans Display] resolved to {Google Sans Display, wdth 100.0, wght 400, ital 0.0, bestEffort false} [CONTEXT service_id=132 ]
06-12 17:20:36.557  2959  4499 I FontLog : Font PFD returned from cache for {Google Sans Display, wdth 100.0, wght 400, ital 0.0, bestEffort false} [CONTEXT service_id=132 ]
06-12 17:20:36.558  2959  4499 I FontLog : Fetch {Google Sans Display, wdth 100.0, wght 400, ital 0.0, bestEffort false} end status Status{statusCode=SUCCESS, resolution=null} [CONTEXT service_id=132 ]
06-12 17:20:36.564  3151  3603 W DynamiteModule: Local module descriptor class for com.google.android.gms.providerinstaller.dynamite not found.
06-12 17:20:36.565  2959  2979 I FontLog : Pulling font file for id = 5, cache size = 5 [CONTEXT service_id=132 ]
06-12 17:20:36.574  4967  5001 W ndroid.contact: Unsupported class loader
06-12 17:20:36.580  2959  2979 W ProviderHelper: Unknown dynamite feature providerinstaller.dynamite
06-12 17:20:36.582  4967  5001 W ndroid.contact: Skipping duplicate class check due to unsupported classloader
06-12 17:20:36.585  3151  3603 I DynamiteModule: Considering local module com.google.android.gms.providerinstaller.dynamite:0 and remote module com.google.android.gms.providerinstaller.dynamite:0
06-12 17:20:36.585  3151  3603 W ProviderInstaller: Failed to load providerinstaller module: No acceptable module com.google.android.gms.providerinstaller.dynamite found. Local version is 0 and remote version is 0.
06-12 17:20:36.609  3151  3603 I .android.diale: The ClassLoaderContext is a special shared library.
06-12 17:20:36.611  3151  3603 I chatty  : uid=10085(com.google.android.dialer) identical 1 line
06-12 17:20:36.615  3151  3603 I .android.diale: The ClassLoaderContext is a special shared library.
06-12 17:20:36.629  1885  3242 D ConnectivityService: requestNetwork for uid/pid:10085/3151 NetworkRequest [ TRACK_DEFAULT id=26, [ Capabilities: INTERNET&NOT_RESTRICTED&TRUSTED Unwanted:  Uid: 10085] ]
06-12 17:20:36.631  2598  2598 D PhoneSwitcherNetworkRequstListener: got request NetworkRequest [ TRACK_DEFAULT id=26, [ Capabilities: INTERNET&NOT_RESTRICTED&TRUSTED Unwanted:  Uid: 10085] ] with score 60
06-12 17:20:36.631  3151  3608 I DialerRestartCompletedReceiver: com.android.dialer.businessvoice.verifiedcall.impl.registration.RestartCompletedReceiver.lambda$enqueueWorker$2:105 Enqueued worker: CONSTELLATION_SYNC
06-12 17:20:36.647  4967  5001 I cr_CronetLibraryLoader: Cronet version: 101.0.4951.41, arch: armv7l
06-12 17:20:36.670  1885  2996 D ConnectivityService: requestNetwork for uid/pid:10106/4967 NetworkRequest [ TRACK_DEFAULT id=27, [ Capabilities: INTERNET&NOT_RESTRICTED&TRUSTED Unwanted:  Uid: 10106] ]
06-12 17:20:36.671  2598  2598 D PhoneSwitcherNetworkRequstListener: got request NetworkRequest [ TRACK_DEFAULT id=27, [ Capabilities: INTERNET&NOT_RESTRICTED&TRUSTED Unwanted:  Uid: 10106] ] with score 60
06-12 17:20:36.694  3151  3479 I DialerRestartCompletedReceiver: com.android.dialer.businessvoice.verifiedcall.impl.registration.RestartCompletedReceiver.lambda$enqueueWorker$2:105 Enqueued worker: REGISTRATION
06-12 17:20:36.698  3151  3151 I DialerVoicemailPowerCycleReceiver: com.android.voicemail.VoicemailPowerCycleReceiver.onReceive:42 onReceive with intent action: android.intent.action.BOOT_COMPLETED
06-12 17:20:36.701  3151  3151 I DialerDialerVisualVoicemailService: com.android.voicemail.impl.DialerVisualVoicemailService.onBoot:227 onBoot [CONTEXT enable_persistent_logger=true ]
06-12 17:20:36.702  2959  2978 I .gms.persisten: Background concurrent copying GC freed 67114(4MB) AllocSpace objects, 12(304KB) LOS objects, 49% free, 5MB/10MB, paused 193us total 284.941ms
06-12 17:20:36.720  3151  3603 I .android.diale: Waiting for a blocking GC AddRemoveAppImageSpace
06-12 17:20:36.729  3151  3151 I DialerStatusCheckJobService: com.android.voicemail.impl.StatusCheckJobService.onStartJob:100 attempting to reactivate ComponentInfo{com.android.phone/com.android.services.telephony.TelephonyConnectionService}, ***, UserHandle{0} [CONTEXT enable_persistent_logger=true ]
06-12 17:20:36.735  1885  2125 I ActivityManager: Start proc 5053:com.google.android.gm/u0a111 for broadcast com.google.android.gm/.GoogleMailDeviceStartupReceiver
06-12 17:20:36.740  3151  3151 I DialerConstellationSyncWorker: com.android.dialer.businessvoice.control.worker.ConstellationSyncWorker.startWork:66 starting work
06-12 17:20:36.741  1892  1893 D LSPosed : zygisk_main.cpp:362#void lspd::CompanionEntry(int): Got cache with fd=7 size=12
06-12 17:20:36.743  5053  5053 D LSPosed : symbol_cache.cpp:55#void lspd::InitSymbolCache(lspd::SymbolCache *): InitSymbolCache
06-12 17:20:36.743  5053  5053 D LSPosed : symbol_cache.cpp:57#void lspd::InitSymbolCache(lspd::SymbolCache *): Already initialized
06-12 17:20:36.744  3151  3607 I DialerCountryCodeProvider: com.android.dialer.businessvoice.verifiedcall.impl.i18n.CountryCodeProvider.getSimCountryCodeInternal:83 returning Redacted-2-chars
06-12 17:20:36.753  1885  2356 I PowerManagerService: Waking up from dozing (uid=1000 reason=android.policy:POWER)...
06-12 17:20:36.753  1885  1885 W UsageStatsService: Event reported without a package name
06-12 17:20:36.755  1044  1044 E QTI PowerHAL: Failed to acquire lock.
06-12 17:20:36.755  1044  1044 I QTI PowerHAL: Got set_interactive hint
06-12 17:20:36.756  1044  1044 I QTI PowerHAL: Got set_interactive hint on= 1, count= 3
06-12 17:20:36.757  1044  1044 E QTI PowerHAL: Error opening /sys/kernel/hbtp/display_pwr: No such file or directory
06-12 17:20:36.759  1885  2148 D AutomaticBrightnessController: Need to updateAutoBrightness due to light sensor on. 
06-12 17:20:36.761  1885  2148 I DreamManagerService: Gently waking up from dream.
06-12 17:20:36.761  1885  2142 I DreamManagerService: Performing gentle wake from dream.
06-12 17:20:36.762  2692  2692 I MotoDisplay: Request System UI to turn display ON.
06-12 17:20:36.762  2412  2557 I MotoDisplayManager: MotoDisplayCallback requestHide
06-12 17:20:36.762  1885  2996 I DreamManagerService: Leaving dreamland.
06-12 17:20:36.763  1885  2142 I DreamManagerService: Performing gentle wake from dream.
06-12 17:20:36.763  1885  2142 I DreamController: Stopping dream: name=ComponentInfo{com.android.systemui/com.android.systemui.doze.DozeService}, isTest=false, canDoze=true, userId=0
06-12 17:20:36.766  1061  1101 E ANDR-PERF-MPCTL: Invalid profile no. 0, total profiles 0 only
06-12 17:20:36.768  1885  3242 W ActivityManager: Background start not allowed: service Intent { cmp=com.motorola.faceunlock/.service.CameraFaceUnlockService } to com.motorola.faceunlock/.service.CameraFaceUnlockService from pid=2412 uid=10046 pkg=com.android.systemui startFg?=false
06-12 17:20:36.769  2412  2557 D KeyguardUpdateMonitor: FaceUnlockService can not be started
06-12 17:20:36.770  1885  1885 V SettingsProvider: Notifying for 0: content://settings/system/screen_brightness
06-12 17:20:36.778  3151  3151 I DialerVvmDailyWorker: com.android.dialer.voicemail.service.receivers.VvmDailyWorker.startWork:106 startWork
06-12 17:20:36.779  3151  3151 I DialerRestVoicemailEnabledFn: com.android.dialer.voicemail.service.impl.vvmclients.rest.RestVoicemailEnabledFn.isEnabled:32 unsupported SDK [CONTEXT ratelimit_period="1 MINUTES" ]
06-12 17:20:36.779  3151  3490 I DialerCachedVerifiedNumberProvider: com.android.dialer.businessvoice.verifiedcall.impl.constellation.CachedVerifiedNumberProvider.refreshConstellationInfo:189 Retrieving constellation info and refreshing the cache.
06-12 17:20:36.782  4713  4713 D CmdCenter: - RowBuilder2: setUseWhiteRes useOrNot = true
06-12 17:20:36.786  1051  2238 D audio_hw_primary: adev_set_parameters: enter: screen_state=on
06-12 17:20:36.786  1051  2238 V msm8974_platform: platform_set_parameters: enter: screen_state=on
06-12 17:20:36.786  1051  2238 V msm8974_platform: platform_set_parameters: exit with code(0)
06-12 17:20:36.787  1051  2238 D mot_vr_audio_hw: adev_set_parameters: screen_state=on
06-12 17:20:36.792  1885  1885 V FingerprintService: setNavigationState: true
06-12 17:20:36.795  3231  3231 D BoundBrokerSvc: onBind: Intent { act=com.google.android.gms.constellation.service.START pkg=com.google.android.gms }
06-12 17:20:36.795  3231  3231 D BoundBrokerSvc: Loading bound service for intent: Intent { act=com.google.android.gms.constellation.service.START pkg=com.google.android.gms }
06-12 17:20:36.799  2412  2412 D StatusBar: disable<e i a s b H R c s > disable2<q i n >
06-12 17:20:36.800  2412  2412 D StatusBar: disable<e i a s b H R c s > disable2<q i n >
06-12 17:20:36.800  3151  3478 I WM-WorkerWrapper: Worker result SUCCESS for Work [ id=7dbd68cb-8f9d-438b-a274-43016e9462ed, tags={ com.google.apps.tiktok.contrib.work.TikTokListenableWorker, VvmDailyWorkerTag, TikTokWorker#com.android.dialer.voicemail.service.receivers.VvmDailyWorker } ]
06-12 17:20:36.801  2403  3137 I DeviceStatusMonitor: DeviceStatusMonitor.handleBroadcast():123 onReceive() : Action = android.intent.action.SCREEN_ON
06-12 17:20:36.802  2403  3137 I DeviceStatusMonitor: DeviceStatusMonitor.updateCountryInfo():139 updateCountryInfo(), notifyAnyway = false
06-12 17:20:36.804  2412  2412 I MotoDisplayManager: mMotoDisplayService.hide com.android.systemui.doze.IMotoDisplay$Stub$Proxy@da1871b
06-12 17:20:36.809  2692  3647 D ADSPD_HIDL_LIB: adspd_ultrasound_connect_ver: ret 0
06-12 17:20:36.829  2558  2656 I QCNEJ   : |QCNEJ/CndHalConnector| -> SND notifyScreenStateChanged(true)
06-12 17:20:36.831  5053  5053 E ogle.android.g: Not starting debugger since process cannot load the jdwp agent.
06-12 17:20:36.831  2558  2656 I QCNEJ   : |QCNEJ/CndHalConnector| -> SND notifyScreenStateChanged(false)
06-12 17:20:36.834  5053  5053 D LSPosed : magisk_loader.cpp:231#void lspd::MagiskLoader::OnNativeForkAndSpecializePost(JNIEnv *, jstring): skipped com.google.android.gm
06-12 17:20:36.839  2692  3647 D ADSPD_HIDL_LIB: adspd_ultrasound_connect_ver: ret 0
06-12 17:20:36.839  2692  3647 I MotoDisplay: Releasing wakelock: MotoDisplayUltrasoundWakeLock
06-12 17:20:36.850  2997  2997 E NfcService: screen state android.intent.action.SCREEN_ON
06-12 17:20:36.852  2997  2997 E NfcService: screen state on
06-12 17:20:36.852  2997  2997 I libnfc_nci: [INFO:NativeMposManager.cpp(72)] nativeNfcMposManager_doGetEtsiReaederState: Enter 
06-12 17:20:36.852  2997  2997 E libnfc_nci: [ERROR:NativeMposManager.cpp(76)] nativeNfcMposManager_doGetEtsiReaederState: ETSI_READER not available. Returning
06-12 17:20:36.852  2997  2997 E NfcService: screen state 4
06-12 17:20:36.852  2997  2997 E NfcService: screen state mScreenState 2
06-12 17:20:36.852  2997  2997 E libnfc_nci: [ERROR:NativeNfcManager.cpp(6011)] nfcManager_doSetScreenOrPowerState: Enter
06-12 17:20:36.852  2997  2997 I libnfc_nci: [INFO:NativeNfcManager.cpp(5796)] nfcManager_doSetScreenState: Enter state = 4
06-12 17:20:36.852  2997  2997 I libnfc_nci: [INFO:TransactionController.cpp(206)] transactionAttempt: Transaction attempted : 15 when barrier is: 1
06-12 17:20:36.852  2997  2997 I libnfc_nci: [INFO:TransactionController.cpp(130)] transactionLiveLockable: Performing check for long duration transaction
06-12 17:20:36.852  2997  2997 I libnfc_nci: [INFO:TransactionController.cpp(223)] transactionAttempt: Transaction granted : 15 
06-12 17:20:36.852  2997  2997 I libnfc_nci: [INFO:TransactionController.cpp(228)] transactionAttempt: Transaction granted : 15 and barrier is: 0
06-12 17:20:36.852  2997  2997 I libnfc_nci: [INFO:NativeNfcManager.cpp(5228)] startRfDiscovery: is start=0
06-12 17:20:36.852  2997  2997 I libnfc_nci: [INFO:NativeNfcTag.cpp(2625)] nativeNfcTag_acquireRfInterfaceMutexLock: try to acquire lock
06-12 17:20:36.853  2997  2997 I libnfc_nci: [INFO:NativeNfcTag.cpp(2628)] nativeNfcTag_acquireRfInterfaceMutexLock: sRfInterfaceMutex lock
06-12 17:20:36.853  1885  3521 I chatty  : uid=1000(system) IzatProvider expire 9 lines
06-12 17:20:36.853  1059  1059 V LocSvc_HIDL_IzatSubscription: [screenStatusUpdate][575] [HS] <<<<= [HC]
06-12 17:20:36.854  2692  2692 I MotoDisplay: onDestroy
06-12 17:20:36.854  1152  1152 D         : GetInstance NFC config control: property value 
06-12 17:20:36.854  2692  2692 I MotoDisplay: Releasing wakelock: MotoDisplayWakeLock
06-12 17:20:36.854  1152  3415 E NxpTml  : _i2c_write() errno : 5
06-12 17:20:36.854  1152  3415 E NxpTml  : PN54X - Error in I2C Write.....
06-12 17:20:36.854  1152  3417 E NxpHal  : write error status = 0x1ff
06-12 17:20:36.855  1152  1152 E NxpHal  : write_unlocked failed - PN54X Maybe in Standby Mode - Retry
06-12 17:20:36.865  2997  3359 I libnfc_nci: [INFO:NativeNfcManager.cpp(793)] nfaConnectionCallback: Connection Event = 31
06-12 17:20:36.865  2997  3359 I libnfc_nci: [INFO:NativeNfcManager.cpp(822)] nfaConnectionCallback: NFA_RF_DISCOVERY_STOPPED_EVT: status = 0x0
06-12 17:20:36.865  2997  3359 I libnfc_nci: [INFO:NativeNfcManager.cpp(5280)] notifyPollingEventwhileNfcOff: sDiscCmdwhleNfcOff=0
06-12 17:20:36.865  2997  3359 I libnfc_nci: [INFO:NativeNfcTag.cpp(921)] getReconnectState = 0x0
06-12 17:20:36.865  2997  2997 I libnfc_nci: [INFO:NativeNfcTag.cpp(2643)] nativeNfcTag_releaseRfInterfaceMutexLock: sRfInterfaceMutex unlock
06-12 17:20:36.865  2997  2997 I libnfc_nci: [INFO:NativeNfcManager.cpp(5253)] startRfDiscovery: is exit=0
06-12 17:20:36.866  2997  3359 I libnfc_nci: [INFO:NativeNfcManager.cpp(793)] nfaConnectionCallback: Connection Event = 1
06-12 17:20:36.866  2997  3359 I libnfc_nci: [INFO:NativeNfcManager.cpp(806)] nfaConnectionCallback: NFA_POLL_DISABLED_EVT: status = 0x3
06-12 17:20:36.866  2997  2997 I libnfc_nci: [INFO:NativeNxpFeature.cpp(331)] SetScreenState: enter
06-12 17:20:36.866  2997  2997 I libnfc_nci: [INFO:NativeNxpFeature.cpp(340)] Screen ON-locked
06-12 17:20:36.866  2997  2997 I libnfc_nci: [INFO:NativeNxpFeature.cpp(352)] SetScreenState: Success NFA_SendRawVsCommand
06-12 17:20:36.866  1152  1152 D         : GetInstance NFC config control: property value 
06-12 17:20:36.871  2997  3359 I libnfc_nci: [INFO:NativeNxpFeature.cpp(110)] NxpResponse_SetDhlf_Cb Received length data = 0x4 status = 0x0
06-12 17:20:36.872  2692  2692 I MotoDisplay: finishScreen
06-12 17:20:36.872  2692  2692 I MotoDisplay: onDestroy
06-12 17:20:36.874  2997  2997 I libnfc_nci: [INFO:NativeNfcManager.cpp(5943)] Start RF discovery
06-12 17:20:36.874  2997  2997 I libnfc_nci: [INFO:NativeNfcManager.cpp(5228)] startRfDiscovery: is start=1
06-12 17:20:36.874  2997  2997 I libnfc_nci: [INFO:NativeNfcTag.cpp(2625)] nativeNfcTag_acquireRfInterfaceMutexLock: try to acquire lock
06-12 17:20:36.874  2997  2997 I libnfc_nci: [INFO:NativeNfcTag.cpp(2628)] nativeNfcTag_acquireRfInterfaceMutexLock: sRfInterfaceMutex lock
06-12 17:20:36.875  1152  1152 D         : GetInstance NFC config control: property value 
06-12 17:20:36.883  1152  1152 D         : GetInstance NFC config control: property value 
06-12 17:20:36.888  3151  3603 I .android.diale: WaitForGcToComplete blocked AddRemoveAppImageSpace on HeapTrim for 167.767ms
06-12 17:20:36.888  2997  3359 I libnfc_nci: [INFO:NativeNfcManager.cpp(793)] nfaConnectionCallback: Connection Event = 30
06-12 17:20:36.889  2997  3359 I libnfc_nci: [INFO:NativeNfcManager.cpp(814)] nfaConnectionCallback: NFA_RF_DISCOVERY_STARTED_EVT: status = 0x0
06-12 17:20:36.889  2997  2997 I libnfc_nci: [INFO:NativeNfcTag.cpp(2643)] nativeNfcTag_releaseRfInterfaceMutexLock: sRfInterfaceMutex unlock
06-12 17:20:36.890  2997  2997 I libnfc_nci: [INFO:NativeNfcManager.cpp(5253)] startRfDiscovery: is exit=1
06-12 17:20:36.890  2997  2997 I libnfc_nci: [INFO:NativeNfcManager.cpp(5726)] StoreScreenState: enter
06-12 17:20:36.890  2997  2997 I libnfc_nci: [INFO:NativeNfcManager.cpp(5729)] StoreScreenState: exit
06-12 17:20:36.890  2997  2997 I libnfc_nci: [INFO:NativeNfcManager.cpp(5954)] nfcManager_doSetScreenState: auto_num : 0  sAutonomousSet : 0  sRfFieldOff : 1
06-12 17:20:36.890  2997  2997 I libnfc_nci: [INFO:NativeNfcManager.cpp(5976)] Not sending AUTONOMOUS command state is 4
06-12 17:20:36.890  2997  2997 I libnfc_nci: [INFO:TransactionController.cpp(250)] transactionEnd: Enter
06-12 17:20:36.890  2997  2997 I libnfc_nci: [INFO:TransactionController.cpp(256)] transactionEnd: Transaction control timer killed
06-12 17:20:36.890  2997  2997 I libnfc_nci: [INFO:TransactionController.cpp(261)] transactionEnd: Transaction ended : 15 
06-12 17:20:36.890  2997  2997 I libnfc_nci: [INFO:NativeNfcManager.cpp(5991)] nfcManager_doSetScreenState: Exit
06-12 17:20:36.893  2997  2997 I libnfc_nci: [INFO:NativeNfcManager.cpp(2806)] storeLastDiscoveryParams: enter
06-12 17:20:36.893  2997  2997 I libnfc_nci: [INFO:TransactionController.cpp(206)] transactionAttempt: Transaction attempted : 8 when barrier is: 1
06-12 17:20:36.893  2997  2997 I libnfc_nci: [INFO:TransactionController.cpp(130)] transactionLiveLockable: Performing check for long duration transaction
06-12 17:20:36.893  2997  2997 I libnfc_nci: [INFO:TransactionController.cpp(223)] transactionAttempt: Transaction granted : 8 
06-12 17:20:36.893  2997  2997 I libnfc_nci: [INFO:TransactionController.cpp(228)] transactionAttempt: Transaction granted : 8 and barrier is: 0
06-12 17:20:36.893  2997  2997 I libnfc_nci: [INFO:NativeNfcManager.cpp(2925)] nfcManager_enableDiscovery: enter; tech_mask = 01
06-12 17:20:36.893  2997  2997 I libnfc_nci: [INFO:NativeNfcManager.cpp(2937)] nfcManager_enableDiscovery: sIsSecElemSelected=0
06-12 17:20:36.893  2997  2997 I libnfc_nci: [INFO:PowerSwitch.cpp(173)] PowerSwitch::setLevel: level=PS-FULL (1)
06-12 17:20:36.893  2997  2997 I libnfc_nci: [INFO:NativeNfcManager.cpp(5228)] startRfDiscovery: is start=0
06-12 17:20:36.893  2997  2997 I libnfc_nci: [INFO:NativeNfcTag.cpp(2625)] nativeNfcTag_acquireRfInterfaceMutexLock: try to acquire lock
06-12 17:20:36.893  2997  2997 I libnfc_nci: [INFO:NativeNfcTag.cpp(2628)] nativeNfcTag_acquireRfInterfaceMutexLock: sRfInterfaceMutex lock
06-12 17:20:36.894  1152  1152 D         : GetInstance NFC config control: property value 
06-12 17:20:36.895  3231  3231 D BoundBrokerSvc: onBind: Intent { act=com.google.android.gms.common.BIND_SHARED_PREFS pkg=com.google.android.gms }
06-12 17:20:36.895  3231  3231 D BoundBrokerSvc: Loading bound service for intent: Intent { act=com.google.android.gms.common.BIND_SHARED_PREFS pkg=com.google.android.gms }
06-12 17:20:36.902  2997  3359 I libnfc_nci: [INFO:NativeNfcManager.cpp(793)] nfaConnectionCallback: Connection Event = 31
06-12 17:20:36.902  2997  3359 I libnfc_nci: [INFO:NativeNfcManager.cpp(822)] nfaConnectionCallback: NFA_RF_DISCOVERY_STOPPED_EVT: status = 0x0
06-12 17:20:36.902  2997  3359 I libnfc_nci: [INFO:NativeNfcManager.cpp(5280)] notifyPollingEventwhileNfcOff: sDiscCmdwhleNfcOff=0
06-12 17:20:36.902  2997  3359 I libnfc_nci: [INFO:NativeNfcTag.cpp(921)] getReconnectState = 0x0
06-12 17:20:36.902  2997  2997 I libnfc_nci: [INFO:NativeNfcTag.cpp(2643)] nativeNfcTag_releaseRfInterfaceMutexLock: sRfInterfaceMutex unlock
06-12 17:20:36.902  2997  2997 I libnfc_nci: [INFO:NativeNfcManager.cpp(5253)] startRfDiscovery: is exit=0
06-12 17:20:36.902  2997  2997 I libnfc_nci: [INFO:NativeNfcManager.cpp(2948)] nfcManager_enableDiscovery:UICC_LISTEN_MASK=0x07;
06-12 17:20:36.902  2997  2997 I libnfc_nci: [INFO:NativeNfcManager.cpp(2953)] nfcManager_enableDiscovery: Disable p2pListening
06-12 17:20:36.902  2997  2997 I libnfc_nci: [INFO:PeerToPeer.cpp(1144)] PeerToPeer::enableP2pListening: enter isEnable: 0  mIsP2pListening: 0
06-12 17:20:36.902  2997  2997 I libnfc_nci: [INFO:PeerToPeer.cpp(1168)] PeerToPeer::enableP2pListening: exit; mIsP2pListening: 0
06-12 17:20:36.902  2997  2997 I libnfc_nci: [INFO:NativeNfcTag.cpp(2625)] nativeNfcTag_acquireRfInterfaceMutexLock: try to acquire lock
06-12 17:20:36.902  2997  2997 I libnfc_nci: [INFO:NativeNfcTag.cpp(2628)] nativeNfcTag_acquireRfInterfaceMutexLock: sRfInterfaceMutex lock
06-12 17:20:36.902  2997  2997 I libnfc_nci: [INFO:NativeNfcManager.cpp(5433)] stopPolling_rfDiscoveryDisabled: disable polling
06-12 17:20:36.903  2997  3359 I libnfc_nci: [INFO:NativeNfcManager.cpp(793)] nfaConnectionCallback: Connection Event = 1
06-12 17:20:36.903  2997  3359 I libnfc_nci: [INFO:NativeNfcManager.cpp(806)] nfaConnectionCallback: NFA_POLL_DISABLED_EVT: status = 0x3
06-12 17:20:36.903  2997  2997 I libnfc_nci: [INFO:NativeNfcTag.cpp(2643)] nativeNfcTag_releaseRfInterfaceMutexLock: sRfInterfaceMutex unlock
06-12 17:20:36.903  2997  2997 I libnfc_nci: [INFO:NativeNfcTag.cpp(2625)] nativeNfcTag_acquireRfInterfaceMutexLock: try to acquire lock
06-12 17:20:36.903  2997  2997 I libnfc_nci: [INFO:NativeNfcTag.cpp(2628)] nativeNfcTag_acquireRfInterfaceMutexLock: sRfInterfaceMutex lock
06-12 17:20:36.903  2997  2997 I libnfc_nci: [INFO:NativeNfcManager.cpp(5410)] startPolling_rfDiscoveryDisabled: enable polling
06-12 17:20:36.903  2997  2997 I libnfc_nci: [INFO:NativeNfcManager.cpp(5414)] startPolling_rfDiscoveryDisabled: wait for enable event
06-12 17:20:36.903  2997  3359 I libnfc_nci: [INFO:NativeNfcManager.cpp(793)] nfaConnectionCallback: Connection Event = 0
06-12 17:20:36.903  2997  3359 I libnfc_nci: [INFO:NativeNfcManager.cpp(798)] nfaConnectionCallback: NFA_POLL_ENABLED_EVT: status = 0x0
06-12 17:20:36.903  2997  2997 I libnfc_nci: [INFO:NativeNfcTag.cpp(2643)] nativeNfcTag_releaseRfInterfaceMutexLock: sRfInterfaceMutex unlock
06-12 17:20:36.903  2997  2997 I libnfc_nci: [INFO:NativeNfcManager.cpp(2961)] nfcManager_enableDiscovery: Enable p2pListening
06-12 17:20:36.903  2997  2997 I libnfc_nci: [INFO:NativeNfcManager.cpp(3037)] nfcManager_enableDiscovery: restart UICC listen mode (07)
06-12 17:20:36.903  2997  2997 I libnfc_nci: [INFO:NativeNfcManager.cpp(3040)] nfcManager_enableDiscovery: [listen1]uicc slot: 1
06-12 17:20:36.903  2997  2997 I libnfc_nci: [INFO:SecureElement.cpp(3062)] SecureElement::getEseHandleFromGenericId: enter; ESE-ID = 0x02
06-12 17:20:36.903  2997  2997 I libnfc_nci: [INFO:SecureElement.cpp(3083)] SecureElement::getEseHandleFromGenericId: enter; ESE-Handle = 0x402
06-12 17:20:36.903  2997  3359 I libnfc_nci: [INFO:NativeNfcManager.cpp(793)] nfaConnectionCallback: Connection Event = 29
06-12 17:20:36.904  2997  3359 I libnfc_nci: [INFO:NativeNfcManager.cpp(1408)] nfaConnectionCallback: NFA_CE_UICC_LISTEN_CONFIGURED_EVT : status = 0x0
06-12 17:20:36.904  2997  3359 I libnfc_nci: [INFO:NativeNfcManager.cpp(793)] nfaConnectionCallback: Connection Event = 29
06-12 17:20:36.904  2997  3359 I libnfc_nci: [INFO:NativeNfcManager.cpp(1408)] nfaConnectionCallback: NFA_CE_UICC_LISTEN_CONFIGURED_EVT : status = 0x0
06-12 17:20:36.904  2997  2997 I libnfc_nci: [INFO:NativeNfcManager.cpp(3073)] nfcManager_enableDiscovery: [listen2]uicc slot: 1
06-12 17:20:36.904  2997  2997 I libnfc_nci: [INFO:SecureElement.cpp(3062)] SecureElement::getEseHandleFromGenericId: enter; ESE-ID = 0x02
06-12 17:20:36.904  2997  2997 I libnfc_nci: [INFO:SecureElement.cpp(3083)] SecureElement::getEseHandleFromGenericId: enter; ESE-Handle = 0x402
06-12 17:20:36.904  2997  2997 I libnfc_nci: [INFO:NativeNfcManager.cpp(3088)] nfcManager_enableDiscovery: Disable p2pListening
06-12 17:20:36.905  2997  2997 I libnfc_nci: [INFO:PeerToPeer.cpp(1144)] PeerToPeer::enableP2pListening: enter isEnable: 0  mIsP2pListening: 0
06-12 17:20:36.905  2997  2997 I libnfc_nci: [INFO:PeerToPeer.cpp(1168)] PeerToPeer::enableP2pListening: exit; mIsP2pListening: 0
06-12 17:20:36.906  2997  3359 I libnfc_nci: [INFO:NativeNfcManager.cpp(793)] nfaConnectionCallback: Connection Event = 29
06-12 17:20:36.906  3231  3231 D BoundBrokerSvc: onUnbind: Intent { act=com.google.android.gms.common.BIND_SHARED_PREFS pkg=com.google.android.gms }
06-12 17:20:36.906  2997  3359 I libnfc_nci: [INFO:NativeNfcManager.cpp(1408)] nfaConnectionCallback: NFA_CE_UICC_LISTEN_CONFIGURED_EVT : status = 0x0
06-12 17:20:36.908  2997  3359 I libnfc_nci: [INFO:NativeNfcManager.cpp(793)] nfaConnectionCallback: Connection Event = 29
06-12 17:20:36.908  2997  3359 I libnfc_nci: [INFO:NativeNfcManager.cpp(1408)] nfaConnectionCallback: NFA_CE_UICC_LISTEN_CONFIGURED_EVT : status = 0x0
06-12 17:20:36.908  2997  2997 I libnfc_nci: [INFO:NativeNfcManager.cpp(5228)] startRfDiscovery: is start=1
06-12 17:20:36.909  2997  2997 I libnfc_nci: [INFO:NativeNfcTag.cpp(2625)] nativeNfcTag_acquireRfInterfaceMutexLock: try to acquire lock
06-12 17:20:36.909  2997  2997 I libnfc_nci: [INFO:NativeNfcTag.cpp(2628)] nativeNfcTag_acquireRfInterfaceMutexLock: sRfInterfaceMutex lock
06-12 17:20:36.909  2692  2692 E MotoDisplay: receiver is already disconnected
06-12 17:20:36.909  1152  1152 D         : GetInstance NFC config control: property value 
06-12 17:20:36.913  1080  2651 W SurfaceFlinger: Attempting to destroy on removed layer: 5dcb705 AOD#0
06-12 17:20:36.913  1152  1152 D         : GetInstance NFC config control: property value 
06-12 17:20:36.919  2997  3359 I libnfc_nci: [INFO:NativeNfcManager.cpp(793)] nfaConnectionCallback: Connection Event = 30
06-12 17:20:36.919  2997  3359 I libnfc_nci: [INFO:NativeNfcManager.cpp(814)] nfaConnectionCallback: NFA_RF_DISCOVERY_STARTED_EVT: status = 0x0
06-12 17:20:36.919  2997  2997 I libnfc_nci: [INFO:NativeNfcTag.cpp(2643)] nativeNfcTag_releaseRfInterfaceMutexLock: sRfInterfaceMutex unlock
06-12 17:20:36.919  2997  2997 I libnfc_nci: [INFO:NativeNfcManager.cpp(5253)] startRfDiscovery: is exit=1
06-12 17:20:36.919  5053  5053 I ogle.android.g: The ClassLoaderContext is a special shared library.
06-12 17:20:36.919  2997  2997 I libnfc_nci: [INFO:PowerSwitch.cpp(277)] PowerSwitch::setModeOn(activated=0x1) : mCurrActivity=0x1
06-12 17:20:36.919  2997  2997 I libnfc_nci: [INFO:TransactionController.cpp(250)] transactionEnd: Enter
06-12 17:20:36.919  2997  2997 I libnfc_nci: [INFO:TransactionController.cpp(256)] transactionEnd: Transaction control timer killed
06-12 17:20:36.919  2997  2997 I libnfc_nci: [INFO:TransactionController.cpp(261)] transactionEnd: Transaction ended : 8 
06-12 17:20:36.919  2997  2997 I libnfc_nci: [INFO:NativeNfcManager.cpp(3140)] nfcManager_enableDiscovery: exit
06-12 17:20:36.959  3231  3668 I constellation: [event_manager] Starting session. sessionId: 1232a5d0-78f0-4caf-9df3-9407595f8ece from trigger: 7
06-12 17:20:36.963  3151  3603 V NativeCrypto: Registering com/google/android/gms/org/conscrypt/NativeCrypto's 295 native methods...
06-12 17:20:36.964  3231  3231 D BoundBrokerSvc: onBind: Intent { act=com.google.android.gms.common.BIND_SHARED_PREFS pkg=com.google.android.gms }
06-12 17:20:36.964  3231  3231 D BoundBrokerSvc: Loading bound service for intent: Intent { act=com.google.android.gms.common.BIND_SHARED_PREFS pkg=com.google.android.gms }
06-12 17:20:36.966  5053  5053 W ogle.android.g: JIT profile information will not be recorded: profile file does not exits.
06-12 17:20:36.966  5053  5053 I chatty  : uid=10111(com.google.android.gm) identical 704 lines
06-12 17:20:36.969  3231  3231 D BoundBrokerSvc: onUnbind: Intent { act=com.google.android.gms.common.BIND_SHARED_PREFS pkg=com.google.android.gms }
06-12 17:20:36.975  3231  3231 D BoundBrokerSvc: onBind: Intent { act=com.google.android.gms.common.BIND_SHARED_PREFS pkg=com.google.android.gms }
06-12 17:20:36.975  3231  3231 D BoundBrokerSvc: Loading bound service for intent: Intent { act=com.google.android.gms.common.BIND_SHARED_PREFS pkg=com.google.android.gms }
06-12 17:20:36.979  3231  3231 D BoundBrokerSvc: onUnbind: Intent { act=com.google.android.gms.common.BIND_SHARED_PREFS pkg=com.google.android.gms }
06-12 17:20:36.992  3151  3603 D NetworkSecurityConfig: No Network Security Config specified, using platform default
06-12 17:20:36.993  3151  3603 I ProviderInstaller: Installed default security provider GmsCore_OpenSSL
06-12 17:20:37.022  3151  3480 W .android.diale: Unsupported class loader
06-12 17:20:37.025  3151  3480 W .android.diale: Skipping duplicate class check due to unsupported classloader
06-12 17:20:37.027  3151  3480 I DynamiteModule: Considering local module com.google.android.gms.cronet_dynamite:0 and remote module com.google.android.gms.cronet_dynamite:1411
06-12 17:20:37.027  3151  3480 I DynamiteModule: Selected remote version of com.google.android.gms.cronet_dynamite, version >= 1411
06-12 17:20:37.027  3151  3480 V DynamiteModule: Dynamite loader version >= 2, using loadModule2NoCrashUtils
06-12 17:20:37.034  1885  3241 D NotificationListeners: Disabling component com.motorola.motodisplay/.notification.DisplayNotifListenerService
06-12 17:20:37.039  1885  2996 D NotificationListeners: Enabling component com.motorola.motodisplay/.notification.DisplayNotifListenerService
06-12 17:20:37.040  1885  2996 V NotificationListeners: binding: Intent { act=android.service.notification.NotificationListenerService cmp=com.motorola.motodisplay/.notification.DisplayNotifListenerService (has extras) }
06-12 17:20:37.044  2692  2692 I MotoDisplay: onListenerDisconnected - DisplayNotificationListenerService
06-12 17:20:37.044  2692  2692 E MotoDisplay: receiver is already disconnected
06-12 17:20:37.050  2692  2692 I MotoDisplay: onListenerConnected - DisplayNotificationListenerService - retrieving notifications
06-12 17:20:37.053  3231  3668 I constellation: [verification_manager] No cached state for EXTERNAL_CONSENT_ACTIVITY_STATE
06-12 17:20:37.059  3231  3668 I constellation: [verification_manager] No cached state for ON_DEMAND_CONSENT_STATE
06-12 17:20:37.065  3231  3668 I constellation: [verification_manager] No cached state for ON_DEMAND_CONSENT_V2_STATE
06-12 17:20:37.070  3231  3231 D BoundBrokerSvc: onBind: Intent { act=com.google.android.gms.common.BIND_SHARED_PREFS pkg=com.google.android.gms }
06-12 17:20:37.070  3231  3231 D BoundBrokerSvc: Loading bound service for intent: Intent { act=com.google.android.gms.common.BIND_SHARED_PREFS pkg=com.google.android.gms }
06-12 17:20:37.075  3231  3231 D BoundBrokerSvc: onUnbind: Intent { act=com.google.android.gms.common.BIND_SHARED_PREFS pkg=com.google.android.gms }
06-12 17:20:37.076  3151  3480 W .android.diale: Unsupported class loader
06-12 17:20:37.079  3151  3480 W .android.diale: Skipping duplicate class check due to unsupported classloader
06-12 17:20:37.083  3231  3231 D BoundBrokerSvc: onBind: Intent { act=com.google.android.gms.common.BIND_SHARED_PREFS pkg=com.google.android.gms }
06-12 17:20:37.083  3231  3231 D BoundBrokerSvc: Loading bound service for intent: Intent { act=com.google.android.gms.common.BIND_SHARED_PREFS pkg=com.google.android.gms }
06-12 17:20:37.088  3231  3231 D BoundBrokerSvc: onUnbind: Intent { act=com.google.android.gms.common.BIND_SHARED_PREFS pkg=com.google.android.gms }
06-12 17:20:37.096  3231  3231 D BoundBrokerSvc: onBind: Intent { act=com.google.android.gms.common.BIND_SHARED_PREFS pkg=com.google.android.gms }
06-12 17:20:37.097  3231  3231 D BoundBrokerSvc: Loading bound service for intent: Intent { act=com.google.android.gms.common.BIND_SHARED_PREFS pkg=com.google.android.gms }
06-12 17:20:37.102  3231  3231 D BoundBrokerSvc: onUnbind: Intent { act=com.google.android.gms.common.BIND_SHARED_PREFS pkg=com.google.android.gms }
06-12 17:20:37.114  3231  3231 D BoundBrokerSvc: onBind: Intent { act=com.google.android.gms.common.BIND_SHARED_PREFS pkg=com.google.android.gms }
06-12 17:20:37.114  3231  3231 D BoundBrokerSvc: Loading bound service for intent: Intent { act=com.google.android.gms.common.BIND_SHARED_PREFS pkg=com.google.android.gms }
06-12 17:20:37.118  3231  3231 D BoundBrokerSvc: onUnbind: Intent { act=com.google.android.gms.common.BIND_SHARED_PREFS pkg=com.google.android.gms }
06-12 17:20:37.162  1885  2125 I ActivityManager: Start proc 5079:com.google.android.gms.unstable/u0a31 for service com.google.android.gms/.droidguard.DroidGuardService
06-12 17:20:37.166  1892  1893 D LSPosed : zygisk_main.cpp:362#void lspd::CompanionEntry(int): Got cache with fd=7 size=12
06-12 17:20:37.167  5079  5079 D LSPosed : symbol_cache.cpp:55#void lspd::InitSymbolCache(lspd::SymbolCache *): InitSymbolCache
06-12 17:20:37.167  5079  5079 D LSPosed : symbol_cache.cpp:57#void lspd::InitSymbolCache(lspd::SymbolCache *): Already initialized
06-12 17:20:37.167  3151  3480 I cr_CronetLibraryLoader: Cronet version: 101.0.4951.41, arch: armv7l
06-12 17:20:37.173  1885  3241 D ConnectivityService: requestNetwork for uid/pid:10085/3151 NetworkRequest [ TRACK_DEFAULT id=29, [ Capabilities: INTERNET&NOT_RESTRICTED&TRUSTED Unwanted:  Uid: 10085] ]
06-12 17:20:37.175  2598  2598 D PhoneSwitcherNetworkRequstListener: got request NetworkRequest [ TRACK_DEFAULT id=29, [ Capabilities: INTERNET&NOT_RESTRICTED&TRUSTED Unwanted:  Uid: 10085] ] with score 60
06-12 17:20:37.229  5079  5079 E id.gms.unstabl: Not starting debugger since process cannot load the jdwp agent.
06-12 17:20:37.231  5079  5079 D LSPosed : magisk_loader.cpp:231#void lspd::MagiskLoader::OnNativeForkAndSpecializePost(JNIEnv *, jstring): skipped com.google.android.gms.unstable
06-12 17:20:37.270  5079  5079 I id.gms.unstabl: The ClassLoaderContext is a special shared library.
06-12 17:20:37.272  5079  5079 I chatty  : uid=10031(com.google.android.gms) identical 10 lines
06-12 17:20:37.278  1885  3003 I ActivityManager: Killing 4373:com.sonymobile.androidapp.audiorecorder/u0a173 (adj 906): empty #17
06-12 17:20:37.301   964   964 I Zygote  : Process 4373 exited due to signal (9)
06-12 17:20:37.308  1030  1658 D NativeSensors: CapSensor:  mPendingEvent.distance=1.000000
06-12 17:20:37.320  5053  5053 D ActivityThread: Loading provider com.google.android.gm.sapi: com.google.android.gm.sapi.SapiUiProvider
06-12 17:20:37.467  1885  2229 D BatteryService: uevent={POWER_SUPPLY_VOLTAGE_NOW=3848701, POWER_SUPPLY_CHARGE_RATE=Normal, POWER_SUPPLY_HEALTH=Good, POWER_SUPPLY_CURRENT_NOW=128478, POWER_SUPPLY_PRESENT=1, SUBSYSTEM=power_supply, POWER_SUPPLY_TEMP=257, SEQNUM=4001, ACTION=change, POWER_SUPPLY_NAME=battery, POWER_SUPPLY_STATUS=Charging, POWER_SUPPLY_CHARGE_COUNTER=465592, POWER_SUPPLY_CAPACITY=44, DEVPATH=/devices/soc/qpnp-smbcharger-17/power_supply/battery}
06-12 17:20:37.471  4713  4713 D CmdCenter: - RowBuilder2: setUseWhiteRes useOrNot = true
06-12 17:20:37.472  5053  5115 I chatty  : uid=10111(com.google.android.gm) expire 3 lines
06-12 17:20:37.506  2403  2403 I GoogleInputMethodService: GoogleInputMethodService.updateDeviceLockedStatus():2100 checkRepeatedly = true, unlocked = false
06-12 17:20:37.547  5079  5124 I chatty  : uid=10031(com.google.android.gms) expire 1 line
06-12 17:20:37.548  5079  5125 I chatty  : uid=10031(com.google.android.gms) expire 1 line
06-12 17:20:37.678  1885  3241 D ConnectivityService: requestNetwork for uid/pid:10085/3151 NetworkRequest [ TRACK_DEFAULT id=31, [ Capabilities: INTERNET&NOT_RESTRICTED&TRUSTED Unwanted:  Uid: 10085] ]
06-12 17:20:37.685  2598  2598 D PhoneSwitcherNetworkRequstListener: got request NetworkRequest [ TRACK_DEFAULT id=31, [ Capabilities: INTERNET&NOT_RESTRICTED&TRUSTED Unwanted:  Uid: 10085] ] with score 60
06-12 17:20:37.712  5079  5098 I chatty  : uid=10031(com.google.android.gms) expire 1 line
06-12 17:20:37.719  5079  5103 I chatty  : uid=10031(com.google.android.gms) expire 2 lines
06-12 17:20:37.950  3231  3231 I chatty  : uid=10031(com.google.android.gms) expire 62 lines
06-12 17:20:38.049  5053  5135 I chatty  : uid=10111(com.google.android.gm) expire 1 line
06-12 17:20:38.068  4781  4795 I .apps.turbo:aa: Waiting for a blocking GC ProfileSaver
06-12 17:20:38.092  5053  5158 I chatty  : uid=10111(com.google.android.gm) expire 6 lines
06-12 17:20:38.111  3231  3504 I chatty  : uid=10031(com.google.android.gms) lowpool[2] expire 10 lines
06-12 17:20:38.239  1885  2356 D WindowManager: powerPress: eventTime=65433 interactive=true count=1 beganFromNonInteractive=false mShortPressOnPowerBehavior=1
06-12 17:20:38.239  1885  2356 I PowerManagerService: Going to sleep due to power button (uid 1000)...
06-12 17:20:38.239  1885  1885 W UsageStatsService: Event reported without a package name
06-12 17:20:38.255  5053  5065 I chatty  : uid=10111(com.google.android.gm) expire 2 lines
06-12 17:20:38.265  5053  5137 I chatty  : uid=10111(com.google.android.gm) expire 3 lines
06-12 17:20:38.267  5053  5139 I chatty  : uid=10111(com.google.android.gm) expire 6 lines
06-12 17:20:38.297  2959  3493 I chatty  : uid=10031(com.google.android.gms) highpool[1] expire 1 line
06-12 17:20:38.332  1885  2371 I chatty  : uid=1000(system) WifiStateMachin expire 6 lines
06-12 17:20:38.418  2959  4499 I chatty  : uid=10031(com.google.android.gms) Binder:2959_8 expire 6 lines
06-12 17:20:38.420  3231  3255 I chatty  : uid=10031(com.google.android.gms) HeapTaskDaemon expire 4 lines
06-12 17:20:38.456  2959  3482 I chatty  : uid=10031(com.google.android.gms) Binder:2959_6 expire 5 lines
06-12 17:20:38.465  3231  4212 I chatty  : uid=10031(com.google.android.gms) Binder:3231_7 expire 2 lines
06-12 17:20:38.490  4808  4823 I .apps.turbo:ss: Waiting for a blocking GC ProfileSaver
06-12 17:20:38.502  4808  4823 I .apps.turbo:ss: WaitForGcToComplete blocked ProfileSaver on AddRemoveAppImageSpace for 13.576ms
06-12 17:20:38.508  2403  2403 I GoogleInputMethodService: GoogleInputMethodService.updateDeviceLockedStatus():2100 checkRepeatedly = true, unlocked = false
06-12 17:20:38.517  1885  2148 I DisplayPowerController: Blocking screen off
06-12 17:20:38.518  1885  2148 I DisplayPowerController: Unblocked screen off after 0 ms
06-12 17:20:38.524  1885  2130 W KernelCpuProcReader: File not exist: /proc/uid_cpupower/concurrent_active_time
06-12 17:20:38.525  1885  2130 W KernelCpuProcReader: File not exist: /proc/uid_cpupower/concurrent_policy_time
06-12 17:20:38.549  1885  1885 I chatty  : uid=1000 system_server expire 8 lines
06-12 17:20:38.554  1885  2144 I DisplayManagerService: Display device changed state: "Tela integrada", OFF
06-12 17:20:38.554  1080  1080 D SurfaceFlinger: Set power mode=0, type=0 flinger=0xa8fe0000
06-12 17:20:38.555  1040  1040 I SDM     : DisplayBase::SetDisplayState: Set state = 0, display 0
06-12 17:20:38.561  4179  4252 V MediaProvider: pruneThumbnails 
06-12 17:20:38.562  1885  2356 I chatty  : uid=1000(system) InputReader expire 5 lines
06-12 17:20:38.567  4179  4252 V MediaProvider: /pruneDeadThumbnailFiles... 
06-12 17:20:38.573  4179  4252 D MediaProvider: channel Media
06-12 17:20:38.573  2412  2412 D StatusBar: disable<e i a s b H R c s > disable2<q i n >
06-12 17:20:38.573  2412  2412 D StatusBar: disable<e i a s b H R c s > disable2<q i n >
06-12 17:20:38.590  5053  5155 I chatty  : uid=10111(com.google.android.gm) expire 1 line
06-12 17:20:38.598  5053  5161 I chatty  : uid=10111(com.google.android.gm) expire 5 lines
06-12 17:20:38.643  4080  4381 I BugleRcsEngine: [223] axbb.l: Reinitialize CSLib Flags: com.google.android.ims.library
06-12 17:20:38.681  1885  2123 I ActivityManager: Waited long enough for: ServiceRecord{e099349 u0 com.motorola.actions/.foc.gesture.service.FlashOnChopService}
06-12 17:20:38.700  4220  4220 I Finsky:background: [2] ltk.onDestroy(8): IPC-SERVER: Stopping gRPC host service...
06-12 17:20:38.705  1885  3240 I ActivityManager: Killing 2840:com.google.android.marvin.talkback/u0a141 (adj 906): empty #17
06-12 17:20:38.705  1885  2126 I chatty  : uid=1000(system) ActivityManager expire 42 lines
06-12 17:20:38.723  4179  4252 W MediaScanner: Error opening directory '/oem/media/', skipping: No such file or directory.
06-12 17:20:38.723  4179  4252 W MediaScanner: Error opening directory '/product/media/', skipping: No such file or directory.
06-12 17:20:38.723  4179  4252 W MediaScanner: Error opening directory '/oem/reteu/media/', skipping: No such file or directory.
06-12 17:20:38.726   964   964 I Zygote  : Process 2840 exited due to signal (9)
06-12 17:20:38.736  1080  1080 D SurfaceFlinger: Finished set power mode=0, type=0
06-12 17:20:38.737  4179  4252 V MediaProvider: pruneThumbnails 
06-12 17:20:38.738  1885  2397 I chatty  : uid=1000(system) PhotonicModulat expire 2 lines
06-12 17:20:38.739  4179  4252 V MediaProvider: /pruneDeadThumbnailFiles... 
06-12 17:20:38.739  1044  1044 E QTI PowerHAL: Failed to acquire lock.
06-12 17:20:38.739  1044  1044 I QTI PowerHAL: Got set_interactive hint
06-12 17:20:38.740  1061  1101 E ANDR-PERF-MPCTL: Invalid profile no. 0, total profiles 0 only
06-12 17:20:38.740  1044  1044 I QTI PowerHAL: Got set_interactive hint on= 0, count= 4
06-12 17:20:38.740  1044  1044 E QTI PowerHAL: Error opening /sys/kernel/hbtp/display_pwr: No such file or directory
06-12 17:20:38.740  1885  2148 I DreamManagerService: Entering dreamland.
06-12 17:20:38.741  1885  2148 I PowerManagerService: Dozing...
06-12 17:20:38.741  1885  2142 I DreamController: Starting dream: name=ComponentInfo{com.android.systemui/com.android.systemui.doze.DozeService}, isTest=false, canDoze=true, userId=0
06-12 17:20:38.751  5053  5159 I chatty  : uid=10111(com.google.android.gm) expire 6 lines
06-12 17:20:38.762  2412  2412 D StatusBar: disable<e i a s b H R c s > disable2<q i n >
06-12 17:20:38.762  2412  2412 D StatusBar: disable<e i a s b H R c s > disable2<q i n >
06-12 17:20:38.776  3231  3668 I chatty  : uid=10031(com.google.android.gms) expire 4 lines
06-12 17:20:38.781  3151  3491 W DialerVerifiedNumberProvider: com.android.dialer.businessvoice.verifiedcall.impl.constellation.VerifiedNumberProvider.lambda$getConstellationResponse$1:150 Failed to get constellation token because there is no consent.
06-12 17:20:38.781  3151  3491 W DialerVerifiedNumberProvider: lvc: 5001: 
06-12 17:20:38.781  3151  3491 W DialerVerifiedNumberProvider: 	at lza.e(PG:1)
06-12 17:20:38.781  3151  3491 W DialerVerifiedNumberProvider: 	at lxo.e(PG:2)
06-12 17:20:38.781  3151  3491 W DialerVerifiedNumberProvider: 	at mad.a(Unknown Source:2)
06-12 17:20:38.781  3151  3491 W DialerVerifiedNumberProvider: 	at mar.dj(PG:9)
06-12 17:20:38.781  3151  3491 W DialerVerifiedNumberProvider: 	at lnu.onTransact(PG:4)
06-12 17:20:38.781  3151  3491 W DialerVerifiedNumberProvider: 	at android.os.Binder.execTransact(Binder.java:735)
06-12 17:20:38.795  3151  3479 I DialerConstellationSyncWorker: com.android.dialer.businessvoice.control.worker.ConstellationSyncWorker.lambda$syncConstellation$2:118 Constellation token refreshed
06-12 17:20:38.798  3151  3480 I WM-WorkerWrapper: Worker result SUCCESS for Work [ id=55584794-1b88-42e1-8caa-8ba64e66dbe8, tags={ com.google.apps.tiktok.contrib.work.TikTokListenableWorker, TikTokWorker#com.android.dialer.businessvoice.control.worker.ConstellationSyncWorker } ]
06-12 17:20:38.816  1885  3243 I ActivityManager: Killing 4488:com.android.hotwordenrollment.okgoogle/u0a6 (adj 906): empty #17
06-12 17:20:38.818  2412  2412 D StatusBar: disable<e i a s b H R c s > disable2<q i n >
06-12 17:20:38.827  2412  2412 I chatty  : uid=10046(com.android.systemui) identical 4 lines
06-12 17:20:38.827  2412  2412 D StatusBar: disable<e i a s b H R c s > disable2<q i n >
