06-12 17:38:23.596  4075  4173 E TraceManager: boai: Starting new trace SharedStorageProvider#call when already associated with a trace. For more help, see http://go/tiktok-tracing#fixing-duplicate-trace-issues
06-12 17:38:23.596  4075  4173 E TraceManager: 	at bodx.g(PG:6)
06-12 17:38:23.596  4075  4173 E TraceManager: 	at bodx.c(PG:2)
06-12 17:38:23.596  4075  4173 E TraceManager: 	at bodx.b(PG:2)
06-12 17:38:23.596  4075  4173 E TraceManager: 	at bodk.j(PG:1)
06-12 17:38:23.596  4075  4173 E TraceManager: 	at aced.call(PG:7)
06-12 17:38:23.596  4075  4173 E TraceManager: 	at accr.call(PG:1)
06-12 17:38:23.596  4075  4173 E TraceManager: 	at android.content.ContentProvider$Transport.call(ContentProvider.java:403)
06-12 17:38:23.596  4075  4173 E TraceManager: 	at android.content.ContentResolver.call(ContentResolver.java:1756)
06-12 17:38:23.596  4075  4173 E TraceManager: 	at ayxm.h(PG:9)
06-12 17:38:23.596  4075  4173 E TraceManager: 	at ayxm.k(PG:3)
06-12 17:38:23.596  4075  4173 E TraceManager: 	at ayxk.b(PG:1)
06-12 17:38:23.596  4075  4173 E TraceManager: 	at aydn.d(PG:2)
06-12 17:38:23.596  4075  4173 E TraceManager: 	at aydn.D(PG:1)
06-12 17:38:23.596  4075  4173 E TraceManager: 	at ahcq.j(PG:32)
06-12 17:38:23.596  4075  4173 E TraceManager: 	at ahcq.i(PG:1)
06-12 17:38:23.596  4075  4173 E TraceManager: 	at ahcm.run(Unknown Source:4)
06-12 17:38:23.596  4075  4173 E TraceManager: 	at boei.run(PG:2)
06-12 17:38:23.596  4075  4173 E TraceManager: 	at java.util.concurrent.Executors$RunnableAdapter.call(Executors.java:458)
06-12 17:38:23.596  4075  4173 E TraceManager: 	at bsqs.a(PG:1)
06-12 17:38:23.596  4075  4173 E TraceManager: 	at bspu.run(PG:4)
06-12 17:38:23.596  4075  4173 E TraceManager: 	at bsqt.run(PG:1)
06-12 17:38:23.596  4075  4173 E TraceManager: 	at bcrs.run(PG:1)
06-12 17:38:23.596  4075  4173 E TraceManager: 	at java.util.concurrent.ThreadPoolExecutor.runWorker(ThreadPoolExecutor.java:1167)
06-12 17:38:23.596  4075  4173 E TraceManager: 	at java.util.concurrent.ThreadPoolExecutor$Worker.run(ThreadPoolExecutor.java:641)
06-12 17:38:23.596  4075  4173 E TraceManager: 	at bcqx.run(PG:2)
06-12 17:38:23.596  4075  4173 E TraceManager: 	at bcrd.run(PG:4)
06-12 17:38:23.596  4075  4173 E TraceManager: 	at java.lang.Thread.run(Thread.java:764)
06-12 17:38:23.596  4075  4173 E TraceManager: 	Suppressed: bofb: 
06-12 17:38:23.596  4075  4173 E TraceManager: 		at tk_trace.ReceiverDoInBackground(Unknown Source:0)
06-12 17:38:23.596  4075  4173 E TraceManager: 		at tk_trace.PhoneBootAndPackageReplacedReceiver Receive broadcast(Unknown Source:0)
06-12 17:38:23.597  4075  4173 I BugleRcsEngine: [197] aydn.d: No RCS Configuration was found in Bugle for simID: redacted-pii:sim_id[chars:20]
06-12 17:38:23.598  4075  4173 I BugleRcsProvisioning: RcsAvailabilityUpdaterLocal: updateRcsAvailability, currentAvailability: 9, newAvailability: 9, hint: BOOT_COMPLETE
06-12 17:38:23.601  4075  4168 I BugleRcsProvisioning: RcsProvisioningTrigger: onRcsAvailabilityUpdate : availability is updated to RCS is disabled due to SIM absent, lastAvailability is null, simId hash = 1163447020026550233, isPev3Enabled = true
06-12 17:38:23.605  3695  3928 I MediaCodec: (0xa7626400) stop
06-12 17:38:23.605  4075  4168 I BugleRcsEngine: [195] ayay.g: RcsProvisioningManager: Receive onRcsAvailabilityUpdate, SIM = redacted-pii:sim_id[chars:20], availability = RcsAvailability{mAvailability=DISABLED_SIM_ABSENT (RCS is disabled due to SIM absent)}
06-12 17:38:23.610  4075  4168 I BugleRcsProvisioning: RcsProvisioningTrigger: onRcsAvailabilityUpdate : isPreviousDisabled = true, isCurrentDisabled = true
06-12 17:38:23.613  4075  4173 I BugleRcsEngine: [197] ayau.a: RcsProvisioningManager: AvailabilityObserver.onUpdate : Notify RcsAvailabilityListener akwi@3a84ec2 onRcsAvailabilityUpdate, SIM = redacted-pii:sim_id[chars:20], availability = 9
06-12 17:38:23.614  4075  4217 I BugleTransport: isChatAvailable: RcsAvailability is DISABLED_SIM_ABSENT (RCS is disabled due to SIM absent)
06-12 17:38:23.614  4075  4173 I BugleRcsEngine: [197] aydn.g: No RCS Configuration was found in Bugle for simID: redacted-pii:sim_id[chars:20]
06-12 17:38:23.614  4075  4195 E TraceManager: Duplicate trace
06-12 17:38:23.614  4075  4195 E TraceManager: boai: Starting new trace SharedStorageProvider#call when already associated with a trace. For more help, see http://go/tiktok-tracing#fixing-duplicate-trace-issues
06-12 17:38:23.614  4075  4195 E TraceManager: 	at bodx.g(PG:6)
06-12 17:38:23.614  4075  4195 E TraceManager: 	at bodx.c(PG:2)
06-12 17:38:23.614  4075  4195 E TraceManager: 	at bodx.b(PG:2)
06-12 17:38:23.614  4075  4195 E TraceManager: 	at bodk.j(PG:1)
06-12 17:38:23.614  4075  4195 E TraceManager: 	at aced.call(PG:7)
06-12 17:38:23.614  4075  4195 E TraceManager: 	at accr.call(PG:1)
06-12 17:38:23.614  4075  4195 E TraceManager: 	at android.content.ContentProvider$Transport.call(ContentProvider.java:403)
06-12 17:38:23.614  4075  4195 E TraceManager: 	at android.content.ContentResolver.call(ContentResolver.java:1756)
06-12 17:38:23.614  4075  4195 E TraceManager: 	at ayxm.h(PG:9)
06-12 17:38:23.614  4075  4195 E TraceManager: 	at ayxm.k(PG:3)
06-12 17:38:23.614  4075  4195 E TraceManager: 	at ayxk.b(PG:1)
06-12 17:38:23.614  4075  4195 E TraceManager: 	at ahbo.aE(PG:5)
06-12 17:38:23.614  4075  4195 E TraceManager: 	at ahbo.K(PG:2)
06-12 17:38:23.614  4075  4195 E TraceManager: 	at afme.e(PG:1)
06-12 17:38:23.614  4075  4195 E TraceManager: 	at afma.call(Unknown Source:2)
06-12 17:38:23.614  4075  4195 E TraceManager: 	at bogf.a(PG:1)
06-12 17:38:23.614  4075  4195 E TraceManager: 	at boel.a(PG:2)
06-12 17:38:23.614  4075  4195 E TraceManager: 	at bsqr.a(PG:1)
06-12 17:38:23.614  4075  4195 E TraceManager: 	at bspu.run(PG:4)
06-12 17:38:23.614  4075  4195 E TraceManager: 	at bsqt.run(PG:1)
06-12 17:38:23.614  4075  4195 E TraceManager: 	at bcrs.run(PG:1)
06-12 17:38:23.614  4075  4195 E TraceManager: 	at java.util.concurrent.ThreadPoolExecutor.runWorker(ThreadPoolExecutor.java:1167)
06-12 17:38:23.614  4075  4195 E TraceManager: 	at java.util.concurrent.ThreadPoolExecutor$Worker.run(ThreadPoolExecutor.java:641)
06-12 17:38:23.614  4075  4195 E TraceManager: 	at bcqv.run(PG:2)
06-12 17:38:23.614  4075  4195 E TraceManager: 	at bcrd.run(PG:4)
06-12 17:38:23.614  4075  4195 E TraceManager: 	at java.lang.Thread.run(Thread.java:764)
06-12 17:38:23.614  4075  4195 E TraceManager: 	Suppressed: bofb: 
06-12 17:38:23.614  4075  4195 E TraceManager: 		at tk_trace.ChatTransportController#onRcsAvailabilityUpdate(Unknown Source:0)
06-12 17:38:23.614  4075  4195 W BugleAction: Null config in BugleSharedPrefs
06-12 17:38:23.614  4075  4195 W BugleAction: Failed to get msisdn from Bugle
06-12 17:38:23.615  4075  4195 W BugleAction: Failed to get msisdn from RcsProfileService
06-12 17:38:23.616  4075  4179 I Bugle   : CountryCodeDetector: updateMainDeviceCountry from default subscription network country. detected country: br
06-12 17:38:23.617  4075  4195 W BugleAction: blrp: Jibe SDK Service not available. Is the Jibe SDK service running? Did you call connect() and wait for the notification before calling an API function?
06-12 17:38:23.617  4075  4195 W BugleAction: 	at blrh.b(PG:2)
06-12 17:38:23.617  4075  4195 W BugleAction: 	at com.google.android.rcs.client.profile.RcsProfileService.g(PG:1)
06-12 17:38:23.617  4075  4195 W BugleAction: 	at com.google.android.rcs.client.profile.RcsProfileService.getMsisdn(PG:1)
06-12 17:38:23.617  4075  4195 W BugleAction: 	at ahbo.aE(PG:16)
06-12 17:38:23.617  4075  4195 W BugleAction: 	at ahbo.K(PG:2)
06-12 17:38:23.617  4075  4195 W BugleAction: 	at afme.e(PG:1)
06-12 17:38:23.617  4075  4195 W BugleAction: 	at afma.call(Unknown Source:2)
06-12 17:38:23.617  4075  4195 W BugleAction: 	at bogf.a(PG:1)
06-12 17:38:23.617  4075  4195 W BugleAction: 	at boel.a(PG:2)
06-12 17:38:23.617  4075  4195 W BugleAction: 	at bsqr.a(PG:1)
06-12 17:38:23.617  4075  4195 W BugleAction: 	at bspu.run(PG:4)
06-12 17:38:23.617  4075  4195 W BugleAction: 	at bsqt.run(PG:1)
06-12 17:38:23.617  4075  4195 W BugleAction: 	at bcrs.run(PG:1)
06-12 17:38:23.617  4075  4195 W BugleAction: 	at java.util.concurrent.ThreadPoolExecutor.runWorker(ThreadPoolExecutor.java:1167)
06-12 17:38:23.617  4075  4195 W BugleAction: 	at java.util.concurrent.ThreadPoolExecutor$Worker.run(ThreadPoolExecutor.java:641)
06-12 17:38:23.617  4075  4195 W BugleAction: 	at bcqv.run(PG:2)
06-12 17:38:23.617  4075  4195 W BugleAction: 	at bcrd.run(PG:4)
06-12 17:38:23.617  4075  4195 W BugleAction: 	at java.lang.Thread.run(Thread.java:764)
06-12 17:38:23.617  4075  4195 W Bugle   : SubscriptionMetadataUtils get: invalid subId = -2
06-12 17:38:23.617  4075  4179 I BugleRcsEngine: [199] axbb.l: Reinitialize CSLib Flags: com.google.android.ims.library
06-12 17:38:23.617  3695  3928 I MediaCodec: (0xa7626400) release
06-12 17:38:23.617  4075  4195 W Bugle   : SubscriptionMetadataUtils get: invalid subId = -2
06-12 17:38:23.625  4075  4195 W Bugle   : SubscriptionMetadataUtils get: invalid subId = -2
06-12 17:38:23.625  4075  4195 W Bugle   : SubscriptionUtilsAsOfLMR1: getSelfRawNumber: subInfo is null for subscription{id:-1}
06-12 17:38:23.632  4075  4168 I BugleRcsEngine: [195] aydn.d: No RCS Configuration was found in Bugle for simID: redacted-pii:sim_id[chars:20]
06-12 17:38:23.634  4980  4980 E roid.apps.turb: Not starting debugger since process cannot load the jdwp agent.
06-12 17:38:23.641  4980  4980 D LSPosed : magisk_loader.cpp:231#void lspd::MagiskLoader::OnNativeForkAndSpecializePost(JNIEnv *, jstring): skipped com.google.android.apps.turbo
06-12 17:38:23.642  4075  4195 W BugleAction: No default number, returning empty msisdn
06-12 17:38:23.646  4075  4193 I BugleTransport: isChatAvailable: false, enabledTransport: 1
06-12 17:38:23.652  4075  4195 I RcsClientLib: Connecting RcsEngineLifecycleService
06-12 17:38:23.663  4075  4195 I RcsClientLib: shouldUseCarrierServicesJibeService: true, CarrierServices rcs service found: true
06-12 17:38:23.666  4075  4075 I RcsClientLib: com.google.android.rcs.client.lifecycle.RcsEngineLifecycleService connected
06-12 17:38:23.679  3854  4281 I CarrierServices: [202] czj.handleMessage: RCS engine STOP RCS stack
06-12 17:38:23.681  4075  4741 I RcsClientLib: Disconnecting RcsEngineLifecycleService
06-12 17:38:23.713  3419  4957 I Finsky  : [222] fos.i(1): Completed 0 account content syncs with 0 successful.
06-12 17:38:23.714  3419  3419 I Finsky  : [2] ContentSyncJob.a(1): [ContentSync] Installation state replication succeeded.
06-12 17:38:23.714  3419  3419 I Finsky  : [2] rmh.r(4): SCH: jobFinished: 12-1. TimeElapsed: 2767ms.
06-12 17:38:23.722  4075  4179 W BugleDataModel: ExpireWapPushSiMessageHandler:no WAP Push SI messages.
06-12 17:38:23.728  3854  4281 I CarrierServices: [202] cvv.f: No RCS Configuration was found in Bugle for simID: redacted-pii:sim_id[chars:20]
06-12 17:38:23.746  4980  4980 I roid.apps.turb: The ClassLoaderContext is a special shared library.
06-12 17:38:23.762  3419  3419 I Finsky  : [2] rcv.accept(15): SCH: Job 37-53 starting
06-12 17:38:23.769  4075  4173 D MddListenableWorkerFactory: createWorker for class: com.google.android.apps.messaging.shared.datamodel.workqueue.WorkQueueWorkerShim
06-12 17:38:23.792  4075  4173 I WM-WorkerWrapper: Worker result SUCCESS for Work [ id=89a543fc-b153-4dd1-a506-ac05784a23f1, tags={ com.google.android.apps.messaging.shared.datamodel.workqueue.WorkQueueWorkerShim, expire_wap_push_si_message- } ]
06-12 17:38:23.810  3419  3815 I Finsky  : [163] rml.a(64): SCH: Satisfied jobs for 9797 are: 37-53
06-12 17:38:23.849  2653  2944 D TelephonyProvider: subIdString = 1 subId = 1
06-12 17:38:23.864  3419  3843 I Finsky  : [166] gzi.a(13): Get APN successfully: [OH3F5q280PEpz7dm0L-7I9XrLfJ2pQ3EPhaOlXjE76M]
06-12 17:38:23.919  1944  3302 D ConnectivityService: requestNetwork for uid/pid:10130/4075 NetworkRequest [ TRACK_DEFAULT id=28, [ Capabilities: INTERNET&NOT_RESTRICTED&TRUSTED Unwanted:  Uid: 10130] ]
06-12 17:38:23.921  1944  2436 D WIFI_UT : got request NetworkRequest [ TRACK_DEFAULT id=28, [ Capabilities: INTERNET&NOT_RESTRICTED&TRUSTED Unwanted:  Uid: 10130] ] with score 60
06-12 17:38:23.923  2653  2653 D PhoneSwitcherNetworkRequstListener: got request NetworkRequest [ TRACK_DEFAULT id=28, [ Capabilities: INTERNET&NOT_RESTRICTED&TRUSTED Unwanted:  Uid: 10130] ] with score 60
06-12 17:38:23.924  1944  2457 D Ethernet: got request NetworkRequest [ TRACK_DEFAULT id=28, [ Capabilities: INTERNET&NOT_RESTRICTED&TRUSTED Unwanted:  Uid: 10130] ] with score 60
06-12 17:38:23.925  1944  2436 D WIFI    : got request NetworkRequest [ TRACK_DEFAULT id=28, [ Capabilities: INTERNET&NOT_RESTRICTED&TRUSTED Unwanted:  Uid: 10130] ] with score 60
06-12 17:38:23.939  3419  4582 E PhenotypeCombinedFlags: Config package com.google.android.gms.phenotype cannot use PROCESS_STABLE backing without declarative registration. See go/phenotype-android-integration#phenotype for more information. This will lead to stale flags.
06-12 17:38:23.940  3419  3935 I Finsky  : [172] pjk.h(7): Already at the latest configurations for experiment package com.google.android.finsky.stable.
06-12 17:38:23.941  3419  3867 I Finsky  : [168] pjk.h(1): Triggered update for experiment package com.google.android.finsky.regular.
06-12 17:38:23.944  3419  4582 E PhenotypeCombinedFlags: Config package com.google.android.gms.phenotype cannot use PROCESS_STABLE backing without declarative registration. See go/phenotype-android-integration#phenotype for more information. This will lead to stale flags.
06-12 17:38:23.954  3419  3843 I Finsky  : [166] iav.d(68): System was updated or GL extensions were already cached.
06-12 17:38:24.025  3419  3935 I Finsky  : [172] wyr.apply(9): [PLUS] Adding payload
06-12 17:38:24.075  3419  3935 I chatty  : uid=10038(com.android.vending) bgExecutor #3 identical 13 lines
06-12 17:38:24.077  3419  3935 I Finsky  : [172] wyr.apply(9): [PLUS] Adding payload
06-12 17:38:24.080  3419  3935 I Finsky  : [172] wyt.g(10): [PLUS] Triggering sync due to NOW urgency payload
06-12 17:38:24.096  3419  3843 I Finsky  : [166] wzb.a(1): [PLUS] Syncing for users with urgency above: NOW
06-12 17:38:24.134  3419  3935 I Finsky  : [172] sff.a(23): [PLUS] Syncing 0 train(s)
06-12 17:38:24.139  3419  3935 I Finsky  : [172] soq.a(26): [PLUS] Sync complete, number synced: 0, number failed: 0
06-12 17:38:24.142  4685  4685 W InputEventReceiver: Attempted to finish an input event but the input event receiver has already been disposed.
06-12 17:38:24.143  3419  3935 I Finsky  : [172] rmh.r(4): SCH: jobFinished: 37-53. TimeElapsed: 374ms.
06-12 17:38:24.152  1951  1952 D LSPosed : zygisk_main.cpp:362#void lspd::CompanionEntry(int): Got cache with fd=7 size=12
06-12 17:38:24.154  5014  5014 D LSPosed : symbol_cache.cpp:55#void lspd::InitSymbolCache(lspd::SymbolCache *): InitSymbolCache
06-12 17:38:24.154  5014  5014 D LSPosed : symbol_cache.cpp:57#void lspd::InitSymbolCache(lspd::SymbolCache *): Already initialized
06-12 17:38:24.166  1944  2155 I ActivityManager: Start proc 5014:com.google.android.apps.turbo:aab/u0a77 for broadcast com.google.android.apps.turbo/com.google.android.libraries.smartbattery.appusage.library.BootReceiver
06-12 17:38:24.205  3821  4674 D MotoApp : display_place: 1
06-12 17:38:24.205  3821  4674 D MotoApp : fillContentValue: no suggestion icon
06-12 17:38:24.205  3821  4674 I chatty  : uid=10061(com.motorola.moto) identical 4 lines
06-12 17:38:24.205  3821  4674 D MotoApp : fillContentValue: no suggestion icon
06-12 17:38:24.226  1078  1157 W SurfaceFlinger: Attempting to set client state on removed layer: Ajuda#0
06-12 17:38:24.226  1078  1157 W SurfaceFlinger: Attempting to destroy on removed layer: Ajuda#0
06-12 17:38:24.234  5014  5014 E .apps.turbo:aa: Not starting debugger since process cannot load the jdwp agent.
06-12 17:38:24.245  5014  5014 D LSPosed : magisk_loader.cpp:231#void lspd::MagiskLoader::OnNativeForkAndSpecializePost(JNIEnv *, jstring): skipped com.google.android.apps.turbo:aab
06-12 17:38:24.250  1078  2805 W SurfaceFlinger: Attempting to set client state on removed layer: Dim Layer for - Task=199#0
06-12 17:38:24.250  1078  2805 W SurfaceFlinger: Attempting to destroy on removed layer: Dim Layer for - Task=199#0
06-12 17:38:24.285  3419  3843 I Finsky  : [166] rge.accept(45): SCH: Scheduling phonesky job Id: 1-1337, CT: 1655064882117, Constraints: [{ L: 33811324, D: 77011324, C: 1, I: 1, N: 1 }]
06-12 17:38:24.288  3419  3843 I Finsky  : [166] rge.accept(45): SCH: Scheduling phonesky job Id: 34-41, CT: 1655064912189, Constraints: [{ L: 79199787, D: 1375199787, C: 1, I: 1, N: 1 }]
06-12 17:38:24.314  5014  5014 I .apps.turbo:aa: The ClassLoaderContext is a special shared library.
06-12 17:38:24.365  3419  3935 I Finsky  : [172] rgc.apply(60): SCH: Scheduling 1 system job(s)
06-12 17:38:24.366  3419  3935 I Finsky  : [172] rgc.apply(66): SCH: Scheduling system job Id: 9816, L: 32389076, D: 75589076, C: false, I: false, N: 1
06-12 17:38:24.383  3419  3867 I Finsky  : [168] pjk.h(7): Already at the latest configurations for experiment package com.google.android.finsky.regular.
06-12 17:38:24.383  3419  3906 I Finsky  : [170] pjk.h(1): Triggered update for experiment package com.google.android.finsky.regular.
06-12 17:38:24.395  3419  3479 I android.vendin: Background concurrent copying GC freed 104501(5MB) AllocSpace objects, 12(564KB) LOS objects, 49% free, 9MB/19MB, paused 3.179ms total 159.511ms
06-12 17:38:24.433  3419  4657 I Finsky  : [216] roa.a(16): SCH: job service finished with id 9797.
06-12 17:38:24.436  3419  3843 I Finsky  : [166] rge.accept(45): SCH: Scheduling phonesky job Id: 26-1414141414, CT: 1655065805686, Constraints: [{ L: 43199999, D: 44099999, C: 1, I: 1, N: 0 }]
06-12 17:38:24.437  3419  3843 I Finsky  : [166] rge.accept(45): SCH: Scheduling phonesky job Id: 29-29, CT: 1655066293194, Constraints: [{ L: 30000, D: 60000, C: 1, I: 1, N: 0 }]
06-12 17:38:24.486  3419  3935 I Finsky  : [172] rgc.apply(60): SCH: Scheduling 1 system job(s)
06-12 17:38:24.492  3419  3935 I Finsky  : [172] rgc.apply(66): SCH: Scheduling system job Id: 9818, L: 18707, D: 48707, C: false, I: false, N: 0
06-12 17:38:24.537  3419  4657 I Finsky  : [216] roa.a(16): SCH: job service finished with id 9800.
06-12 17:38:24.586  3419  3906 I Finsky  : [170] pjk.h(7): Already at the latest configurations for experiment package com.google.android.finsky.regular.
06-12 17:38:24.628  5014  5014 W Turbo.InferAppBucketsJob: Models given by config: 1
06-12 17:38:24.645  5014  5039 W Turbo.UpdatePhenotypeFlagsJob: Daily P/H flag update running.
06-12 17:38:24.647  5014  5039 W Turbo.PhenotypeManager: Committing phenotype flags.
06-12 17:38:24.649  1944  2155 I ActivityManager: Start proc 5040:com.google.android.apps.turbo:ssb/u0a77 for broadcast com.google.android.apps.turbo/com.google.android.libraries.smartbattery.brightness.library.BootReceiver
06-12 17:38:24.652  1951  1952 D LSPosed : zygisk_main.cpp:362#void lspd::CompanionEntry(int): Got cache with fd=7 size=12
06-12 17:38:24.653  5040  5040 D LSPosed : symbol_cache.cpp:55#void lspd::InitSymbolCache(lspd::SymbolCache *): InitSymbolCache
06-12 17:38:24.653  5040  5040 D LSPosed : symbol_cache.cpp:57#void lspd::InitSymbolCache(lspd::SymbolCache *): Already initialized
06-12 17:38:24.705  5040  5040 E .apps.turbo:ss: Not starting debugger since process cannot load the jdwp agent.
06-12 17:38:24.709  5040  5040 D LSPosed : magisk_loader.cpp:231#void lspd::MagiskLoader::OnNativeForkAndSpecializePost(JNIEnv *, jstring): skipped com.google.android.apps.turbo:ssb
06-12 17:38:24.741  5014  5014 W Turbo.PhenotypeManager: Finished committing phenotype flags.
06-12 17:38:24.741  5040  5040 I .apps.turbo:ss: The ClassLoaderContext is a special shared library.
06-12 17:38:24.756  1063  1106 E ANDR-PERF-MPCTL: Invalid profile no. 0, total profiles 0 only
06-12 17:38:24.934  2465  2465 I GoogleInputMethodService: GoogleInputMethodService.onFinishInput():3204 
06-12 17:38:24.938  2465  2465 I GoogleInputMethodService: GoogleInputMethodService.updateDeviceLockedStatus():2100 checkRepeatedly = false, unlocked = true
06-12 17:38:24.939  2465  2465 I GoogleInputMethodService: GoogleInputMethodService.onStartInput():1903 onStartInput(EditorInfo{inputType=0x0(NULL) imeOptions=0x0 privateImeOptions=null actionName=UNSPECIFIED actionLabel=null actionId=0 initialSelStart=-1 initialSelEnd=-1 initialCapsMode=0x0 hintText=null label=null packageName=com.android.settings fieldId=-1 fieldName=null extras=null}, false)
06-12 17:38:24.941  1944  2279 I ActivityManager: Killing 2956:com.google.android.deskclock/u0a91 (adj 906): empty #17
06-12 17:38:24.943  1944  2156 W libprocessgroup: kill(-2956, 9) failed: No such process
06-12 17:38:24.943  2465  2465 I GoogleInputMethodService: GoogleInputMethodService.updateDeviceLockedStatus():2100 checkRepeatedly = true, unlocked = true
06-12 17:38:24.950  1944  2279 I ActivityManager: Killing 3727:com.anydesk.anydeskandroid/u0a168 (adj 906): empty #17
06-12 17:38:24.951  1944  2279 I ActivityManager: Killing 3441:com.android.keychain/1000 (adj 906): empty #18
06-12 17:38:24.956  1944  2156 W libprocessgroup: kill(-2956, 9) failed: No such process
06-12 17:38:24.968  1944  2155 I ActivityManager: Start proc 5069:com.google.android.apps.wallpaper/u0a89 for broadcast com.google.android.apps.wallpaper/.module.GoogleAlarmInitializer
06-12 17:38:24.969  1944  2156 W libprocessgroup: kill(-2956, 9) failed: No such process
06-12 17:38:24.982  1944  2156 W libprocessgroup: kill(-2956, 9) failed: No such process
06-12 17:38:24.984  1951  1952 D LSPosed : zygisk_main.cpp:362#void lspd::CompanionEntry(int): Got cache with fd=7 size=12
06-12 17:38:24.985  5069  5069 D LSPosed : symbol_cache.cpp:55#void lspd::InitSymbolCache(lspd::SymbolCache *): InitSymbolCache
06-12 17:38:24.985  5069  5069 D LSPosed : symbol_cache.cpp:57#void lspd::InitSymbolCache(lspd::SymbolCache *): Already initialized
06-12 17:38:24.996  1944  2156 W libprocessgroup: kill(-2956, 9) failed: No such process
06-12 17:38:25.000   966   966 I Zygote  : Process 3441 exited due to signal (9)
06-12 17:38:25.002  1944  3307 D ConnectivityService: ConnectivityService NetworkRequestInfo binderDied(NetworkRequest [ TRACK_DEFAULT id=18, [ Capabilities: INTERNET&NOT_RESTRICTED&TRUSTED Unwanted:  Uid: 10168] ], android.os.BinderProxy@f80a8f)
06-12 17:38:25.003  1944  2441 D ConnectivityService: releasing NetworkRequest [ TRACK_DEFAULT id=18, [ Capabilities: INTERNET&NOT_RESTRICTED&TRUSTED Unwanted:  Uid: 10168] ] (release request)
06-12 17:38:25.009  1944  2164 E BatteryExternalStatsWorker: no controller energy info supplied for bluetooth
06-12 17:38:25.009  1944  2156 W libprocessgroup: kill(-2956, 9) failed: No such process
06-12 17:38:25.012   966   966 I Zygote  : Process 3727 exited due to signal (9)
06-12 17:38:25.018   966   966 I Zygote  : Process 2956 exited due to signal (9)
06-12 17:38:25.019  1944  2164 W KernelCpuProcReader: File not exist: /proc/uid_cpupower/concurrent_active_time
06-12 17:38:25.019  1944  2164 W KernelCpuProcReader: File not exist: /proc/uid_cpupower/concurrent_policy_time
06-12 17:38:25.025  1944  2156 W libprocessgroup: kill(-2956, 9) failed: No such process
06-12 17:38:25.025  1944  2156 I libprocessgroup: Successfully killed process cgroup uid 10091 pid 2956 in 83ms
06-12 17:38:25.026  1944  2156 W libprocessgroup: kill(-3727, 9) failed: No such process
06-12 17:38:25.026  1944  2156 I libprocessgroup: Successfully killed process cgroup uid 10168 pid 3727 in 0ms
06-12 17:38:25.026  1944  2156 W libprocessgroup: kill(-3441, 9) failed: No such process
06-12 17:38:25.026  1944  2156 I libprocessgroup: Successfully killed process cgroup uid 1000 pid 3441 in 0ms
06-12 17:38:25.053  5069  5069 E .apps.wallpape: Not starting debugger since process cannot load the jdwp agent.
06-12 17:38:25.056  5069  5069 D LSPosed : magisk_loader.cpp:231#void lspd::MagiskLoader::OnNativeForkAndSpecializePost(JNIEnv *, jstring): skipped com.google.android.apps.wallpaper
06-12 17:38:25.059  3419  3843 I Finsky  : [166] xzj.b(1): Restoring notifications
06-12 17:38:25.069  3419  3843 I Finsky  : [166] xzj.b(4): Done restoring notifications
06-12 17:38:25.107  5069  5069 I .apps.wallpape: The ClassLoaderContext is a special shared library.
06-12 17:38:25.116  5069  5069 I .apps.wallpape: The ClassLoaderContext is a special shared library.
06-12 17:38:25.118  3419  3906 I Finsky  : [170] par.n(8): Invalidating cached PackageState for com.android.vending
06-12 17:38:25.132  3419  4692 I Finsky  : [218] jrb.run(39): Wrote row to frosting DB: 1088
06-12 17:38:25.184  1944  3127 I ActivityManager: Killing 3324:com.android.printspooler/u0a124 (adj 906): empty #17
06-12 17:38:25.185  1944  2156 W libprocessgroup: kill(-3324, 9) failed: No such process
06-12 17:38:25.199  1944  2156 W libprocessgroup: kill(-3324, 9) failed: No such process
06-12 17:38:25.207   966   966 I Zygote  : Process 3324 exited due to signal (9)
06-12 17:38:25.210  1944  2155 I ActivityManager: Start proc 5088:com.google.android.calendar/u0a92 for broadcast com.google.android.calendar/com.google.android.apps.calendar.sync.SyncOnUnlockReceiver
06-12 17:38:25.211  1951  1952 D LSPosed : zygisk_main.cpp:362#void lspd::CompanionEntry(int): Got cache with fd=7 size=12
06-12 17:38:25.211  5088  5088 D LSPosed : symbol_cache.cpp:55#void lspd::InitSymbolCache(lspd::SymbolCache *): InitSymbolCache
06-12 17:38:25.211  5088  5088 D LSPosed : symbol_cache.cpp:57#void lspd::InitSymbolCache(lspd::SymbolCache *): Already initialized
06-12 17:38:25.212  1944  2156 W libprocessgroup: kill(-3324, 9) failed: No such process
06-12 17:38:25.212  1944  2156 I libprocessgroup: Successfully killed process cgroup uid 10124 pid 3324 in 27ms
06-12 17:38:25.212  3419  3867 I Finsky  : [168] fdt.run(7): Component class com.google.android.finsky.wearsupport.WearSupportService disabled via PackageManager.
06-12 17:38:25.213  3419  3867 I Finsky  : [168] fdt.run(7): Component class com.google.android.finsky.wearsupport.WearChangeListenerService disabled via PackageManager.
06-12 17:38:25.279  5088  5088 E ndroid.calenda: Not starting debugger since process cannot load the jdwp agent.
06-12 17:38:25.283  5088  5088 D LSPosed : magisk_loader.cpp:231#void lspd::MagiskLoader::OnNativeForkAndSpecializePost(JNIEnv *, jstring): skipped com.google.android.calendar
06-12 17:38:25.331  1063  1106 E ANDR-PERF-MPCTL: Invalid profile no. 0, total profiles 0 only
06-12 17:38:25.336  5088  5088 I ndroid.calenda: The ClassLoaderContext is a special shared library.
06-12 17:38:25.351  3419  3935 W Finsky  : [172] qml.a(5): PreloadClasses: Unable to load [androidx.compose.foundation.lazy.LazyListScopeImpl$items$1, androidx.compose.foundation.lazy.LazyListScopeImpl$items$1$1, androidx.compose.foundation.gestures.TapGestureDetectorKt$awaitFirstDown$1, androidx.compose.material.DefaultButtonElevation$elevation$1$invokeSuspend$$inlined$collect$1]
06-12 17:38:25.393  1944  3092 I ActivityManager: START u0 {flg=0x8000 cmp=com.android.settings/.Settings$SystemDashboardActivity (has extras)} from uid 1000
06-12 17:38:25.625  5088  5110 W ndroid.calenda: Accessing hidden field Ljava/util/Collections$SynchronizedCollection;->mutex:Ljava/lang/Object; (dark greylist, reflection)
06-12 17:38:25.625  5088  5110 W ndroid.calenda: Accessing hidden method Ljava/util/Collections$SynchronizedSet;-><init>(Ljava/util/Set;Ljava/lang/Object;)V (dark greylist, reflection)
06-12 17:38:25.625  5088  5110 W ndroid.calenda: Accessing hidden method Ljava/util/Collections$SynchronizedCollection;-><init>(Ljava/util/Collection;Ljava/lang/Object;)V (dark greylist, reflection)
06-12 17:38:25.703  1944  3092 I SystemUpdateManagerService: No existing info file /data/system/system-update-info.xml
06-12 17:38:25.840  1944  2290 D BatteryService: uevent={POWER_SUPPLY_VOLTAGE_NOW=3889595, POWER_SUPPLY_CHARGE_RATE=Normal, POWER_SUPPLY_HEALTH=Good, POWER_SUPPLY_CURRENT_NOW=117644, POWER_SUPPLY_PRESENT=1, SUBSYSTEM=power_supply, POWER_SUPPLY_TEMP=257, SEQNUM=3994, ACTION=change, POWER_SUPPLY_NAME=battery, POWER_SUPPLY_STATUS=Charging, POWER_SUPPLY_CHARGE_COUNTER=539297, POWER_SUPPLY_CAPACITY=55, DEVPATH=/devices/soc/qpnp-smbcharger-17/power_supply/battery}
06-12 17:38:25.888  1944  2174 I LaunchCheckinHandler: Displayed com.android.settings/.Settings$SystemDashboardActivity,wp,ca,479
06-12 17:38:25.889  1944  2174 I ActivityManager: Displayed com.android.settings/.Settings$SystemDashboardActivity: +472ms
06-12 17:38:25.889  2465  2465 I GoogleInputMethodService: GoogleInputMethodService.onFinishInput():3204 
06-12 17:38:25.891  2465  2465 I GoogleInputMethodService: GoogleInputMethodService.updateDeviceLockedStatus():2100 checkRepeatedly = false, unlocked = true
06-12 17:38:25.891  2465  2465 I GoogleInputMethodService: GoogleInputMethodService.onStartInput():1903 onStartInput(EditorInfo{inputType=0x0(NULL) imeOptions=0x0 privateImeOptions=null actionName=UNSPECIFIED actionLabel=null actionId=0 initialSelStart=-1 initialSelEnd=-1 initialCapsMode=0x0 hintText=null label=null packageName=com.android.settings fieldId=-1 fieldName=null extras=null}, false)
06-12 17:38:25.892  2465  2465 I GoogleInputMethodService: GoogleInputMethodService.updateDeviceLockedStatus():2100 checkRepeatedly = true, unlocked = true
06-12 17:38:26.141  5088  5155 I c.abnx  : Obtained writable database SQLiteDatabase/188304090 instance with path /data/user/0/com.google.android.calendar/databases/cal_v2a
06-12 17:38:26.148  5088  5149 I c.abmf  : The schema version is 19, the database version is 19, and there are 0 migrations
06-12 17:38:26.298  5088  5088 W GnpSdk  : Failed to get GrowthKitJobScheduler in GrowthKitBootCompletedBroadcastReceiver So GrowthKit failed to schedule jobs after package replaced / boot completed.
06-12 17:38:26.298  5088  5088 W GnpSdk  : java.lang.NullPointerException: Unable to get GrowthKit Component from host app: com.google.android.calendar
06-12 17:38:26.298  5088  5088 W GnpSdk  : 	at cal.tfl.a(PG:12)
06-12 17:38:26.298  5088  5088 W GnpSdk  : 	at com.google.android.libraries.internal.growth.growthkit.inject.GrowthKitBootCompletedBroadcastReceiver.onReceive(PG:1)
06-12 17:38:26.298  5088  5088 W GnpSdk  : 	at android.app.ActivityThread.handleReceiver(ActivityThread.java:3596)
06-12 17:38:26.298  5088  5088 W GnpSdk  : 	at android.app.ActivityThread.access$1300(ActivityThread.java:213)
06-12 17:38:26.298  5088  5088 W GnpSdk  : 	at android.app.ActivityThread$H.handleMessage(ActivityThread.java:1818)
06-12 17:38:26.298  5088  5088 W GnpSdk  : 	at android.os.Handler.dispatchMessage(Handler.java:106)
06-12 17:38:26.298  5088  5088 W GnpSdk  : 	at android.os.Looper.loop(Looper.java:193)
06-12 17:38:26.298  5088  5088 W GnpSdk  : 	at android.app.ActivityThread.main(ActivityThread.java:6923)
06-12 17:38:26.298  5088  5088 W GnpSdk  : 	at java.lang.reflect.Method.invoke(Native Method)
06-12 17:38:26.298  5088  5088 W GnpSdk  : 	at com.android.internal.os.RuntimeInit$MethodAndArgsCaller.run(RuntimeInit.java:493)
06-12 17:38:26.298  5088  5088 W GnpSdk  : 	at com.android.internal.os.ZygoteInit.main(ZygoteInit.java:870)
06-12 17:38:26.410  3032  3049 I chatty  : uid=10031(com.google.android.gms) HeapTaskDaemon expire 1 line
06-12 17:38:26.413  1944  2155 I ActivityManager: Start proc 5167:com.google.android.configupdater/u0a36 for broadcast com.google.android.configupdater/.MainReceiver
06-12 17:38:26.416  1951  1952 D LSPosed : zygisk_main.cpp:362#void lspd::CompanionEntry(int): Got cache with fd=7 size=12
06-12 17:38:26.416  5167  5167 D LSPosed : symbol_cache.cpp:55#void lspd::InitSymbolCache(lspd::SymbolCache *): InitSymbolCache
06-12 17:38:26.416  5167  5167 D LSPosed : symbol_cache.cpp:57#void lspd::InitSymbolCache(lspd::SymbolCache *): Already initialized
06-12 17:38:26.448  3032  3032 I chatty  : uid=10031 com.google.android.gms.persistent expire 2 lines
06-12 17:38:26.454  3342  3342 I chatty  : uid=10031(com.google.android.gms) expire 6 lines
06-12 17:38:26.465  5088  5165 W DynamiteModule: Local module descriptor class for com.google.android.gms.providerinstaller.dynamite not found.
06-12 17:38:26.467  5167  5167 E d.configupdate: Not starting debugger since process cannot load the jdwp agent.
06-12 17:38:26.470  5167  5167 D LSPosed : magisk_loader.cpp:231#void lspd::MagiskLoader::OnNativeForkAndSpecializePost(JNIEnv *, jstring): skipped com.google.android.configupdater
06-12 17:38:26.472  3032  3051 I chatty  : uid=10031(com.google.android.gms) Binder:3032_2 expire 8 lines
06-12 17:38:26.475  5088  5165 W ProviderInstaller: Failed to load providerinstaller module: No acceptable module com.google.android.gms.providerinstaller.dynamite found. Local version is 0 and remote version is 0.
06-12 17:38:26.491  5088  5165 I ndroid.calenda: The ClassLoaderContext is a special shared library.
06-12 17:38:26.493  5088  5165 I chatty  : uid=10092(com.google.android.calendar) identical 1 line
06-12 17:38:26.495  5088  5165 I ndroid.calenda: The ClassLoaderContext is a special shared library.
06-12 17:38:26.505  5167  5167 I d.configupdate: The ClassLoaderContext is a special shared library.
06-12 17:38:26.513  5167  5167 I d.configupdate: The ClassLoaderContext is a special shared library.
06-12 17:38:26.569  5167  5167 E ConfigUpdater: ignoring update request
06-12 17:38:26.570  2653  4402 D QImsService: ImsConfigImplOem : [0] getImsSupportedServicesInCache: 0xfffffffc
06-12 17:38:26.570  2653  4402 D QImsService: ImsConfigImplOem : [0] sendQcRilOemHookMsg: Outgoing Data is 0005003000000000
06-12 17:38:26.572  5167  5167 E ConfigUpdater: ignoring update request
06-12 17:38:26.577  5167  5167 E ConfigUpdater: ignoring update request
06-12 17:38:26.579  2653  4402 D QImsService: ImsConfigImplOem : [0] ITelephony.sendOemRilRequestRaw returns -2
06-12 17:38:26.580  2653  4402 E QImsService: ImsConfigImplOem : [0] getImsSupportedServices: java.lang.Exception: ITelephony.sendOemRilRequestRaw returns -2
06-12 17:38:26.582  5167  5167 E ConfigUpdater: ignoring update request
06-12 17:38:26.597  5167  5167 I chatty  : uid=10036(com.google.android.configupdater) identical 5 lines
06-12 17:38:26.602  5167  5167 E ConfigUpdater: ignoring update request
06-12 17:38:26.612  5088  5165 V NativeCrypto: Registering com/google/android/gms/org/conscrypt/NativeCrypto's 295 native methods...
06-12 17:38:26.621  1951  1952 D LSPosed : zygisk_main.cpp:362#void lspd::CompanionEntry(int): Got cache with fd=7 size=12
06-12 17:38:26.621  5207  5207 D LSPosed : symbol_cache.cpp:55#void lspd::InitSymbolCache(lspd::SymbolCache *): InitSymbolCache
06-12 17:38:26.621  5207  5207 D LSPosed : symbol_cache.cpp:57#void lspd::InitSymbolCache(lspd::SymbolCache *): Already initialized
06-12 17:38:26.623  1944  2155 I ActivityManager: Start proc 5207:com.google.android.contacts/u0a106 for broadcast com.google.android.contacts/com.google.android.apps.contacts.receiver.OnBootOrUpgradeReceiver
06-12 17:38:26.643  5088  5165 D NetworkSecurityConfig: No Network Security Config specified, using platform default
06-12 17:38:26.645  5088  5165 I ProviderInstaller: Installed default security provider GmsCore_OpenSSL
06-12 17:38:26.670  5207  5207 E ndroid.contact: Not starting debugger since process cannot load the jdwp agent.
06-12 17:38:26.673  5207  5207 D LSPosed : magisk_loader.cpp:231#void lspd::MagiskLoader::OnNativeForkAndSpecializePost(JNIEnv *, jstring): skipped com.google.android.contacts
06-12 17:38:26.708  5207  5207 I ndroid.contact: The ClassLoaderContext is a special shared library.
06-12 17:38:26.778  5207  5207 W ndroid.contact: Unknown chunk type '200'.
06-12 17:38:27.013  3342  3398 I chatty  : uid=10031(com.google.android.gms) Binder:3342_1 expire 3 lines
06-12 17:38:27.025  5207  5241 W DynamiteModule: Local module descriptor class for com.google.android.gms.providerinstaller.dynamite not found.
06-12 17:38:27.040  5207  5241 W ProviderInstaller: Failed to load providerinstaller module: No acceptable module com.google.android.gms.providerinstaller.dynamite found. Local version is 0 and remote version is 0.
06-12 17:38:27.074  5207  5241 I ndroid.contact: The ClassLoaderContext is a special shared library.
06-12 17:38:27.081  5207  5241 I chatty  : uid=10106(com.google.android.contacts) identical 1 line
06-12 17:38:27.084  5207  5241 I ndroid.contact: The ClassLoaderContext is a special shared library.
06-12 17:38:27.137  1944  3113 I ActivityManager: Killing 4294:com.google.android.apps.translate/u0a226 (adj 906): empty #17
06-12 17:38:27.139  1944  2156 W libprocessgroup: kill(-4294, 9) failed: No such process
06-12 17:38:27.155  1944  2156 W libprocessgroup: kill(-4294, 9) failed: No such process
06-12 17:38:27.161  1951  1952 D LSPosed : zygisk_main.cpp:362#void lspd::CompanionEntry(int): Got cache with fd=7 size=12
06-12 17:38:27.162  1944  2155 I ActivityManager: Start proc 5251:com.google.android.deskclock/u0a91 for broadcast com.google.android.deskclock/com.android.deskclock.AlarmInitReceiver
06-12 17:38:27.163  5251  5251 D LSPosed : symbol_cache.cpp:55#void lspd::InitSymbolCache(lspd::SymbolCache *): InitSymbolCache
06-12 17:38:27.163  5251  5251 D LSPosed : symbol_cache.cpp:57#void lspd::InitSymbolCache(lspd::SymbolCache *): Already initialized
06-12 17:38:27.169  1944  2156 W libprocessgroup: kill(-4294, 9) failed: No such process
06-12 17:38:27.182  1944  2156 W libprocessgroup: kill(-4294, 9) failed: No such process
06-12 17:38:27.187   966   966 I Zygote  : Process 4294 exited due to signal (9)
06-12 17:38:27.194  5207  5241 I ndroid.contact: Waiting for a blocking GC AddRemoveAppImageSpace
06-12 17:38:27.197  1944  2156 W libprocessgroup: kill(-4294, 9) failed: No such process
06-12 17:38:27.198  1944  2156 I libprocessgroup: Successfully killed process cgroup uid 10226 pid 4294 in 58ms
06-12 17:38:27.213  5251  5251 E droid.deskcloc: Not starting debugger since process cannot load the jdwp agent.
06-12 17:38:27.215  5251  5251 D LSPosed : magisk_loader.cpp:231#void lspd::MagiskLoader::OnNativeForkAndSpecializePost(JNIEnv *, jstring): skipped com.google.android.deskclock
06-12 17:38:27.240  5207  5241 I ndroid.contact: WaitForGcToComplete blocked AddRemoveAppImageSpace on AddRemoveAppImageSpace for 46.201ms
06-12 17:38:27.245  5251  5251 I droid.deskcloc: The ClassLoaderContext is a special shared library.
06-12 17:38:27.265  5207  5241 V NativeCrypto: Registering com/google/android/gms/org/conscrypt/NativeCrypto's 295 native methods...
06-12 17:38:27.297  5207  5241 D NetworkSecurityConfig: No Network Security Config specified, using platform default
06-12 17:38:27.301  5207  5241 I ProviderInstaller: Installed default security provider GmsCore_OpenSSL
06-12 17:38:27.331  3032  4468 I chatty  : uid=10031(com.google.android.gms) Binder:3032_8 expire 8 lines
06-12 17:38:27.343  3032  3051 I chatty  : uid=10031(com.google.android.gms) Binder:3032_2 expire 2 lines
06-12 17:38:27.367  5251  5272 I GAv4    : Google Analytics 214.0.10 is starting up. To enable debug logging on a device run:
06-12 17:38:27.367  5251  5272 I GAv4    :   adb shell setprop log.tag.GAv4 DEBUG
06-12 17:38:27.367  5251  5272 I GAv4    :   adb logcat -s GAv4
06-12 17:38:27.377  3032  3452 I chatty  : uid=10031(com.google.android.gms) Binder:3032_5 expire 5 lines
06-12 17:38:27.383  5251  5274 W GAv4    : AnalyticsReceiver is not registered or is disabled. Register the receiver for reliable dispatching on non-Google Play devices. See http://goo.gl/8Rd3yj for instructions.
06-12 17:38:27.385  5251  5251 I AlarmClock: AlarmInitReceiver android.intent.action.BOOT_COMPLETED
06-12 17:38:27.387  5251  5274 W GAv4    : CampaignTrackingReceiver is not registered, not exported or is disabled. Installation campaign tracking is not possible. See http://goo.gl/8Rd3yj for instructions.
06-12 17:38:27.388  5251  5274 W GAv4    : AnalyticsService not registered in the app manifest. Hits might not be delivered reliably. See http://goo.gl/8Rd3yj for instructions.
06-12 17:38:27.391  5251  5251 I AlarmClock: AnalogAppWidgetProvider: AnalogAppWidgetProvider processing Intent { act=android.intent.action.BOOT_COMPLETED flg=0x9000010 cmp=com.google.android.deskclock/com.android.alarmclock.AnalogAppWidgetProvider (has extras) } 
06-12 17:38:27.395  5251  5251 I AlarmClock: LegacyAnalogAppWidgetController: widget count: 0
06-12 17:38:27.414  5207  5269 W ndroid.contact: Unsupported class loader
06-12 17:38:27.417  5207  5269 W ndroid.contact: Skipping duplicate class check due to unsupported classloader
06-12 17:38:27.424  3068  3186 I GnpSdk  : [GrowthKitBootCompletedListener] GrowthKit enabled by flag, registered to Phenotype and schedule jobs.
06-12 17:38:27.440  3068  4300 W DynamiteModule: Local module descriptor class for com.google.android.gms.providerinstaller.dynamite not found.
06-12 17:38:27.454  3068  4300 I DynamiteModule: Considering local module com.google.android.gms.providerinstaller.dynamite:0 and remote module com.google.android.gms.providerinstaller.dynamite:0
06-12 17:38:27.454  3068  4300 W ProviderInstaller: Failed to load providerinstaller module: No acceptable module com.google.android.gms.providerinstaller.dynamite found. Local version is 0 and remote version is 0.
06-12 17:38:27.467  5207  5269 W ndroid.contact: Unsupported class loader
06-12 17:38:27.469  3068  4300 I .android.diale: The ClassLoaderContext is a special shared library.
06-12 17:38:27.470  5207  5269 W ndroid.contact: Skipping duplicate class check due to unsupported classloader
06-12 17:38:27.471  3068  4300 I .android.diale: The ClassLoaderContext is a special shared library.
06-12 17:38:27.474  3068  4300 I .android.diale: The ClassLoaderContext is a special shared library.
06-12 17:38:27.501  1944  3602 D ConnectivityService: requestNetwork for uid/pid:10085/3068 NetworkRequest [ TRACK_DEFAULT id=29, [ Capabilities: INTERNET&NOT_RESTRICTED&TRUSTED Unwanted:  Uid: 10085] ]
06-12 17:38:27.502  1944  2436 D WIFI_UT : got request NetworkRequest [ TRACK_DEFAULT id=29, [ Capabilities: INTERNET&NOT_RESTRICTED&TRUSTED Unwanted:  Uid: 10085] ] with score 60
06-12 17:38:27.502  2653  2653 D PhoneSwitcherNetworkRequstListener: got request NetworkRequest [ TRACK_DEFAULT id=29, [ Capabilities: INTERNET&NOT_RESTRICTED&TRUSTED Unwanted:  Uid: 10085] ] with score 60
06-12 17:38:27.503  3068  3242 I DialerRestartCompletedReceiver: com.android.dialer.businessvoice.verifiedcall.impl.registration.RestartCompletedReceiver.lambda$enqueueWorker$2:105 Enqueued worker: CONSTELLATION_SYNC
06-12 17:38:27.503  1944  2436 D WIFI    : got request NetworkRequest [ TRACK_DEFAULT id=29, [ Capabilities: INTERNET&NOT_RESTRICTED&TRUSTED Unwanted:  Uid: 10085] ] with score 60
06-12 17:38:27.504  1944  2457 D Ethernet: got request NetworkRequest [ TRACK_DEFAULT id=29, [ Capabilities: INTERNET&NOT_RESTRICTED&TRUSTED Unwanted:  Uid: 10085] ] with score 60
06-12 17:38:27.532  5207  5269 I cr_CronetLibraryLoader: Cronet version: 101.0.4951.41, arch: armv7l
06-12 17:38:27.532  3068  3582 I DialerRestartCompletedReceiver: com.android.dialer.businessvoice.verifiedcall.impl.registration.RestartCompletedReceiver.lambda$enqueueWorker$2:105 Enqueued worker: REGISTRATION
06-12 17:38:27.535  3068  3068 I DialerVoicemailPowerCycleReceiver: com.android.voicemail.VoicemailPowerCycleReceiver.onReceive:42 onReceive with intent action: android.intent.action.BOOT_COMPLETED
06-12 17:38:27.539  3068  3068 I DialerDialerVisualVoicemailService: com.android.voicemail.impl.DialerVisualVoicemailService.onBoot:227 onBoot [CONTEXT enable_persistent_logger=true ]
06-12 17:38:27.543  1944  3602 D ConnectivityService: requestNetwork for uid/pid:10106/5207 NetworkRequest [ TRACK_DEFAULT id=30, [ Capabilities: INTERNET&NOT_RESTRICTED&TRUSTED Unwanted:  Uid: 10106] ]
06-12 17:38:27.545  1944  2436 D WIFI_UT : got request NetworkRequest [ TRACK_DEFAULT id=30, [ Capabilities: INTERNET&NOT_RESTRICTED&TRUSTED Unwanted:  Uid: 10106] ] with score 60
06-12 17:38:27.545  2653  2653 D PhoneSwitcherNetworkRequstListener: got request NetworkRequest [ TRACK_DEFAULT id=30, [ Capabilities: INTERNET&NOT_RESTRICTED&TRUSTED Unwanted:  Uid: 10106] ] with score 60
06-12 17:38:27.545  1944  2457 D Ethernet: got request NetworkRequest [ TRACK_DEFAULT id=30, [ Capabilities: INTERNET&NOT_RESTRICTED&TRUSTED Unwanted:  Uid: 10106] ] with score 60
06-12 17:38:27.546  1944  2436 D WIFI    : got request NetworkRequest [ TRACK_DEFAULT id=30, [ Capabilities: INTERNET&NOT_RESTRICTED&TRUSTED Unwanted:  Uid: 10106] ] with score 60
06-12 17:38:27.553  3068  3068 I DialerConstellationSyncWorker: com.android.dialer.businessvoice.control.worker.ConstellationSyncWorker.startWork:66 starting work
06-12 17:38:27.563  3068  3580 I DialerCountryCodeProvider: com.android.dialer.businessvoice.verifiedcall.impl.i18n.CountryCodeProvider.getSimCountryCodeInternal:83 returning Redacted-2-chars
06-12 17:38:27.563  3068  3068 I DialerStatusCheckJobService: com.android.voicemail.impl.StatusCheckJobService.onStartJob:100 attempting to reactivate ComponentInfo{com.android.phone/com.android.services.telephony.TelephonyConnectionService}, ***, UserHandle{0} [CONTEXT enable_persistent_logger=true ]
06-12 17:38:27.572  3068  3242 I DialerCachedVerifiedNumberProvider: com.android.dialer.businessvoice.verifiedcall.impl.constellation.CachedVerifiedNumberProvider.refreshConstellationInfo:189 Retrieving constellation info and refreshing the cache.
06-12 17:38:27.576  3068  4300 I .android.diale: Waiting for a blocking GC AddRemoveAppImageSpace
06-12 17:38:27.582  1944  2155 I ActivityManager: Start proc 5284:com.google.android.gm/u0a111 for broadcast com.google.android.gm/.GoogleMailDeviceStartupReceiver
06-12 17:38:27.589  1951  1952 D LSPosed : zygisk_main.cpp:362#void lspd::CompanionEntry(int): Got cache with fd=7 size=12
06-12 17:38:27.589  5284  5284 D LSPosed : symbol_cache.cpp:55#void lspd::InitSymbolCache(lspd::SymbolCache *): InitSymbolCache
06-12 17:38:27.590  5284  5284 D LSPosed : symbol_cache.cpp:57#void lspd::InitSymbolCache(lspd::SymbolCache *): Already initialized
06-12 17:38:27.603  3342  3342 I chatty  : uid=10031(com.google.android.gms) expire 24 lines
06-12 17:38:27.607  3068  3068 I DialerVvmDailyWorker: com.android.dialer.voicemail.service.receivers.VvmDailyWorker.startWork:106 startWork
06-12 17:38:27.607  3068  3068 I DialerRestVoicemailEnabledFn: com.android.dialer.voicemail.service.impl.vvmclients.rest.RestVoicemailEnabledFn.isEnabled:32 unsupported SDK [CONTEXT ratelimit_period="1 MINUTES" ]
06-12 17:38:27.619  3068  3188 I WM-WorkerWrapper: Worker result SUCCESS for Work [ id=12cd7acd-6f9a-4b89-966b-2db8c927b8cf, tags={ com.google.apps.tiktok.contrib.work.TikTokListenableWorker, VvmDailyWorkerTag, TikTokWorker#com.android.dialer.voicemail.service.receivers.VvmDailyWorker } ]
06-12 17:38:27.628  3068  4300 I .android.diale: WaitForGcToComplete blocked AddRemoveAppImageSpace on HeapTrim for 51.847ms
06-12 17:38:27.646  5284  5284 E ogle.android.g: Not starting debugger since process cannot load the jdwp agent.
06-12 17:38:27.650  5284  5284 D LSPosed : magisk_loader.cpp:231#void lspd::MagiskLoader::OnNativeForkAndSpecializePost(JNIEnv *, jstring): skipped com.google.android.gm
06-12 17:38:27.654  3068  4300 V NativeCrypto: Registering com/google/android/gms/org/conscrypt/NativeCrypto's 295 native methods...
06-12 17:38:27.673  1944  2153 I ActivityManager: Waited long enough for: ServiceRecord{85e4920 u0 com.motorola.actions/.foc.gesture.service.FlashOnChopService}
06-12 17:38:27.684  3068  4300 D NetworkSecurityConfig: No Network Security Config specified, using platform default
06-12 17:38:27.685  3068  4300 I ProviderInstaller: Installed default security provider GmsCore_OpenSSL
06-12 17:38:27.692  5284  5284 I ogle.android.g: The ClassLoaderContext is a special shared library.
06-12 17:38:27.719  3068  3204 W .android.diale: Unsupported class loader
06-12 17:38:27.721  3068  3204 W .android.diale: Skipping duplicate class check due to unsupported classloader
06-12 17:38:27.722  3342  5293 I chatty  : uid=10031(com.google.android.gms) expire 4 lines
06-12 17:38:27.723  3068  3204 I DynamiteModule: Considering local module com.google.android.gms.cronet_dynamite:0 and remote module com.google.android.gms.cronet_dynamite:1411
06-12 17:38:27.724  3068  3204 I DynamiteModule: Selected remote version of com.google.android.gms.cronet_dynamite, version >= 1411
06-12 17:38:27.724  3068  3204 V DynamiteModule: Dynamite loader version >= 2, using loadModule2NoCrashUtils
06-12 17:38:27.769  3068  3204 W .android.diale: Unsupported class loader
06-12 17:38:27.772  3068  3204 W .android.diale: Skipping duplicate class check due to unsupported classloader
06-12 17:38:27.773  5284  5284 W ogle.android.g: JIT profile information will not be recorded: profile file does not exits.
06-12 17:38:27.773  5284  5284 I chatty  : uid=10111(com.google.android.gm) identical 127 lines
06-12 17:38:27.833  3068  3204 I cr_CronetLibraryLoader: Cronet version: 101.0.4951.41, arch: armv7l
06-12 17:38:27.848  1944  3602 D ConnectivityService: requestNetwork for uid/pid:10085/3068 NetworkRequest [ TRACK_DEFAULT id=32, [ Capabilities: INTERNET&NOT_RESTRICTED&TRUSTED Unwanted:  Uid: 10085] ]
06-12 17:38:27.849  1944  2436 D WIFI_UT : got request NetworkRequest [ TRACK_DEFAULT id=32, [ Capabilities: INTERNET&NOT_RESTRICTED&TRUSTED Unwanted:  Uid: 10085] ] with score 60
06-12 17:38:27.849  1944  2457 D Ethernet: got request NetworkRequest [ TRACK_DEFAULT id=32, [ Capabilities: INTERNET&NOT_RESTRICTED&TRUSTED Unwanted:  Uid: 10085] ] with score 60
